0
[phase] N=6 omega=0.01 arch=pinn  ->  results/analysis/2026-07-11_pinn_ansatz_v3/pinn_convbf_s0_w0p01
0
[phase] warm-started from results/analysis/2026-07-11_pinn_ansatz_v3/pinn_convbf_s0_w0p1/checkpoint.pt (omega 0.1 -> 0.01)
[phase] params=105,136 device=cuda:0 ref_energy=0.69036
[adam 00000] E=1.674009 var=5.3923e-02 sig=1.198 acc~0.5 n=2048 |dx|/ell=0.0976
[adam 00093] E=1.336499 var=4.5102e-02 sig=1.397 acc~0.5 n=2048 |dx|/ell=0.1395
[adam 00186] E=0.784677 var=4.2904e-03 sig=2.000 acc~0.5 n=2048 |dx|/ell=0.1498
[seg 1/4] step=187 E_raw=0.78693 (+13.983%) var=4.951e-03 kappa(S)=9.78e+11 rank=273 cos_sr=0.980 cos_plain=0.126
[adam 00000] E=0.782507 var=4.5144e-03 sig=2.000 acc~0.5 n=2048 |dx|/ell=0.1498
[adam 00142] E=0.754433 var=2.9570e-03 sig=2.000 acc~0.5 n=2048 |dx|/ell=0.1446
[adam 00284] E=0.734384 var=2.1260e-03 sig=2.000 acc~0.5 n=2048 |dx|/ell=0.1410
[seg 2/4] step=472 E_raw=0.73452 (+6.396%) var=2.049e-03 kappa(S)=9.36e+11 rank=266 cos_sr=0.988 cos_plain=0.554
[adam 00000] E=0.733183 var=1.8986e-03 sig=2.000 acc~0.5 n=2048 |dx|/ell=0.1410
[adam 00358] E=0.703033 var=3.7972e-04 sig=2.000 acc~0.5 n=2048 |dx|/ell=0.1395
[adam 00716] E=0.697975 var=1.9495e-04 sig=2.000 acc~0.5 n=2048 |dx|/ell=0.1401
[seg 3/4] step=1189 E_raw=0.69758 (+1.046%) var=1.950e-04 kappa(S)=9.91e+11 rank=333 cos_sr=0.843 cos_plain=0.048
[adam 00000] E=0.699173 var=2.1623e-04 sig=2.000 acc~0.5 n=2048 |dx|/ell=0.1400
[adam 00905] E=0.694808 var=1.0514e-04 sig=2.000 acc~0.5 n=2048 |dx|/ell=0.1387
[adam 01810] E=0.694940 var=1.0343e-04 sig=2.000 acc~0.5 n=2048 |dx|/ell=0.1376
[seg 4/4] step=3000 E_raw=0.69460 (+0.622%) var=1.244e-04 kappa(S)=9.84e+11 rank=372 cos_sr=0.601 cos_plain=0.080
[phase] training done in 130.5 min
[adam 00000] E=0.695938 var=1.2512e-04 sig=2.000 acc~0.5 n=4096 |dx|/ell=0.1376
[adam 00125] E=0.694876 var=9.4440e-05 sig=2.000 acc~0.5 n=4096 |dx|/ell=0.1377
[adam 00250] E=0.694686 var=1.0329e-04 sig=2.000 acc~0.5 n=4096 |dx|/ell=0.1376
[adam 00375] E=0.694760 var=9.8054e-05 sig=2.000 acc~0.5 n=4096 |dx|/ell=0.1377
[adam 00499] E=0.694753 var=9.5227e-05 sig=2.000 acc~0.5 n=4096 |dx|/ell=0.1377
[sr 0000] E=0.695290 (+0.714%) var=1.279e-04 |dθ|=8.93e-03 |g|=3.29e-03 damp=1.0e-03 lr=2.00e-01 |dx|/ell=0.1377
[sr 0050] E=0.693966 (+0.522%) var=1.220e-04 |dθ|=5.88e-03 |g|=8.81e-03 damp=7.9e-04 lr=1.48e-01 |dx|/ell=0.1378
[sr 0100] E=0.694474 (+0.596%) var=1.186e-04 |dθ|=3.46e-03 |g|=8.41e-03 damp=6.3e-04 lr=1.10e-01 |dx|/ell=0.1379
[sr 0150] E=0.694495 (+0.599%) var=1.159e-04 |dθ|=2.03e-03 |g|=6.11e-03 damp=5.0e-04 lr=8.13e-02 |dx|/ell=0.1379
[sr 0200] E=0.694677 (+0.625%) var=1.092e-04 |dθ|=1.20e-03 |g|=4.42e-03 damp=4.0e-04 lr=6.02e-02 |dx|/ell=0.1379
[sr 0250] E=0.694356 (+0.579%) var=1.107e-04 |dθ|=7.03e-04 |g|=1.56e-03 damp=3.2e-04 lr=4.46e-02 |dx|/ell=0.1379
[sr 0300] E=0.694735 (+0.634%) var=1.163e-04 |dθ|=4.14e-04 |g|=2.03e-03 damp=2.5e-04 lr=3.30e-02 |dx|/ell=0.1379
[sr 0350] E=0.694363 (+0.580%) var=1.167e-04 |dθ|=2.43e-04 |g|=1.54e-03 damp=2.0e-04 lr=2.45e-02 |dx|/ell=0.1379
[sr 0400] E=0.694462 (+0.594%) var=1.125e-04 |dθ|=1.43e-04 |g|=7.03e-03 damp=1.6e-04 lr=1.81e-02 |dx|/ell=0.1379
[sr 0450] E=0.694794 (+0.642%) var=1.081e-04 |dθ|=8.41e-05 |g|=3.46e-03 damp=1.3e-04 lr=1.34e-02 |dx|/ell=0.1379
[sr 0499] E=0.694196 (+0.556%) var=1.105e-04 |dθ|=5.00e-05 |g|=9.37e-03 damp=1.0e-04 lr=1.00e-02 |dx|/ell=0.1379
[phase] summary:
{
  "N": 6,
  "omega": 0.01,
  "arch": "pinn",
  "n_params": 105136,
  "final": {
    "E_mean": 0.6943989532972441,
    "E_mean_raw": 0.694270989268988,
    "E_stderr": 0.00014440253445535293,
    "var_EL": 0.00010848771731018711,
    "n_samples": 8192,
    "frac_clipped": 0.007568359375,
    "ref_energy": 0.69036,
    "error_pct": 0.5850503066869648,
    "error_sigma": 27.97009978029792
  },
  "energy_raw": 0.694270989268988,
  "error_pct_raw": 0.5665144662187888,
  "energy_zv": 0.6931899428712595,
  "error_pct_zv": 0.4099227752563131,
  "zv_n_points": 5,
  "spectrum": {
    "lam_max": 233.39973647617936,
    "lam_min_supported": 2.362435454544596e-10,
    "effective_rank": 1.0953015321777986,
    "numerical_rank": 432,
    "condition_number": 987962384441.8282,
    "n_params": 105136,
    "n_samples": 2048
  },
  "alignment": {
    "cos_sr": 0.5207510108785284,
    "cos_plain": 0.014636387705104108,
    "rep_fraction": 0.5207510108785284,
    "ntk_condition": 9791736760.493332,
    "ntk_eff_rank": 1.095301524789931,
    "ntk_numerical_rank": 249
  },
  "n_align_samples": 2048
}
