0
[phase] N=6 omega=1.0 arch=deepset_big  ->  /itf-fi-ml/home/aleksns/Thesis/results/analysis/2026-07-02_overnight/A_deepset_nobf_s1_w1p0
0
[phase] params=34,354 device=cuda:0 ref_energy=20.15932
[adam 00000] E=23.027871 var=8.6015e+00 sig=0.224 acc~0.5 n=2048
[adam 00015] E=20.223428 var=3.0535e-01 sig=0.268 acc~0.5 n=2048
[adam 00030] E=20.224697 var=2.3555e-01 sig=0.277 acc~0.5 n=2048
[seg 1/4] step=31 E_raw=20.22059 (+0.317%) var=2.869e-01 kappa(S)=6.01e+11 rank=1023 cos_sr=0.939 cos_plain=0.130
[adam 00000] E=20.210997 var=2.2897e-01 sig=0.281 acc~0.5 n=2048
[adam 00023] E=20.216466 var=2.2018e-01 sig=0.278 acc~0.5 n=2048
[adam 00046] E=20.189759 var=1.4685e-01 sig=0.280 acc~0.5 n=2048
[seg 2/4] step=78 E_raw=20.15842 (+0.001%) var=1.865e-01 kappa(S)=9.20e+11 rank=1023 cos_sr=0.929 cos_plain=0.188
[adam 00000] E=20.176047 var=1.5141e-01 sig=0.285 acc~0.5 n=2048
[adam 00060] E=20.177265 var=1.2554e-01 sig=0.281 acc~0.5 n=2048
[adam 00119] E=20.186035 var=9.1139e-02 sig=0.280 acc~0.5 n=2048
[seg 3/4] step=198 E_raw=20.17949 (+0.116%) var=1.194e-01 kappa(S)=9.96e+11 rank=971 cos_sr=0.865 cos_plain=0.274
[adam 00000] E=20.189577 var=9.8646e-02 sig=0.284 acc~0.5 n=2048
[adam 00151] E=20.177164 var=1.0065e-01 sig=0.279 acc~0.5 n=2048
[adam 00301] E=20.173611 var=9.4873e-02 sig=0.281 acc~0.5 n=2048
[seg 4/4] step=500 E_raw=20.17369 (+0.089%) var=1.196e-01 kappa(S)=9.91e+11 rank=999 cos_sr=0.904 cos_plain=0.184
[phase] training done in 4.5 min
[adam 00000] E=20.177923 var=1.0459e-01 sig=0.283 acc~0.5 n=4096
[adam 00030] E=20.169392 var=9.5875e-02 sig=0.280 acc~0.5 n=4096
[adam 00060] E=20.181189 var=9.2439e-02 sig=0.279 acc~0.5 n=4096
[adam 00090] E=20.177413 var=8.0264e-02 sig=0.280 acc~0.5 n=4096
[adam 00119] E=20.174592 var=8.6524e-02 sig=0.280 acc~0.5 n=4096
[sr 0000] E=20.188779 (+0.146%) var=1.007e-01 |dθ|=1.00e-02 |g|=5.56e-02 damp=1.0e-03 lr=2.00e-01
[sr 0020] E=20.172983 (+0.068%) var=1.018e-01 |dθ|=5.87e-03 |g|=5.96e-02 damp=7.9e-04 lr=1.48e-01
[sr 0040] E=20.176854 (+0.087%) var=9.797e-02 |dθ|=3.45e-03 |g|=8.06e-02 damp=6.3e-04 lr=1.10e-01
[sr 0060] E=20.178089 (+0.093%) var=9.549e-02 |dθ|=2.02e-03 |g|=4.26e-02 damp=5.0e-04 lr=8.11e-02
[sr 0080] E=20.164562 (+0.026%) var=1.010e-01 |dθ|=1.19e-03 |g|=1.19e-01 damp=4.0e-04 lr=6.00e-02
[sr 0100] E=20.175453 (+0.080%) var=9.256e-02 |dθ|=6.98e-04 |g|=8.35e-02 damp=3.1e-04 lr=4.44e-02
[sr 0120] E=20.190029 (+0.152%) var=1.007e-01 |dθ|=4.10e-04 |g|=3.06e-02 damp=2.5e-04 lr=3.28e-02
[sr 0140] E=20.168359 (+0.045%) var=1.009e-01 |dθ|=2.41e-04 |g|=3.46e-02 damp=2.0e-04 lr=2.43e-02
[sr 0160] E=20.183215 (+0.119%) var=1.012e-01 |dθ|=1.41e-04 |g|=8.30e-02 damp=1.6e-04 lr=1.80e-02
[sr 0180] E=20.179598 (+0.101%) var=9.358e-02 |dθ|=8.29e-05 |g|=7.77e-02 damp=1.2e-04 lr=1.33e-02
[sr 0199] E=20.184501 (+0.125%) var=9.776e-02 |dθ|=5.00e-05 |g|=9.04e-02 damp=1.0e-04 lr=1.00e-02
[phase] summary:
{
  "N": 6,
  "omega": 1.0,
  "arch": "deepset_big",
  "n_params": 34354,
  "final": {
    "E_mean": 20.176648319613793,
    "E_mean_raw": 20.17676981947804,
    "E_stderr": 0.0032679757234193143,
    "var_EL": 0.10042995910827913,
    "n_samples": 8192,
    "frac_clipped": 0.0079345703125,
    "ref_energy": 20.15932,
    "error_pct": 0.08595686567697884,
    "error_sigma": 5.3024627721718645
  },
  "energy_raw": 20.17676981947804,
  "error_pct_raw": 0.0865595639041315,
  "energy_zv": 20.147178942834792,
  "error_pct_zv": -0.0602255292599611,
  "zv_n_points": 5,
  "spectrum": {
    "lam_max": 34.088950545973354,
    "lam_min_supported": 3.420737468536804e-11,
    "effective_rank": 3.071726964472263,
    "numerical_rank": 1383,
    "condition_number": 996538052379.5256,
    "n_params": 34354,
    "n_samples": 2048
  },
  "alignment": {
    "cos_sr": 0.785448073323214,
    "cos_plain": 0.0580294050769484,
    "rep_fraction": 0.785448073323214,
    "ntk_condition": 9949656595.854801,
    "ntk_eff_rank": 3.0717269251918236,
    "ntk_numerical_rank": 692
  },
  "n_align_samples": 2048
}
