0
[phase] N=2 omega=0.5 arch=pinn  ->  results/analysis/2026-08-28_N2_colloc_extra/base_N2_s0_w0p5
0
[phase] params=236,336 device=cuda:0 ref_energy=1.65977
[adam 00000] E=1.811567 var=3.2415e-01 sig=0.726 acc~0.5 n=512 |dx|/ell=0.1082 sat=0.00 com_kill=0.60
[adam 00031] E=1.694156 var=6.4896e-02 sig=0.817 acc~0.5 n=512 |dx|/ell=0.5472 sat=0.35 com_kill=0.07
[adam 00061] E=1.656558 var=1.6233e-02 sig=0.822 acc~0.5 n=512 |dx|/ell=0.5389 sat=0.26 com_kill=0.06
[seg 1/12] step=62 E_raw=1.67357 (+0.695%) var=2.284e-02 kappa(S)=9.38e+11 rank=492 cos_sr=0.999 cos_plain=0.357
[adam 00000] E=1.669264 var=1.9075e-02 sig=0.816 acc~0.5 n=512 |dx|/ell=0.5226 sat=0.31 com_kill=0.10
[adam 00013] E=1.655764 var=8.6350e-03 sig=0.823 acc~0.5 n=512 |dx|/ell=0.5121 sat=0.26 com_kill=0.11
[adam 00025] E=1.666120 var=4.5728e-03 sig=0.829 acc~0.5 n=512 |dx|/ell=0.5060 sat=0.23 com_kill=0.09
[seg 2/12] step=88 E_raw=1.66491 (+0.302%) var=4.683e-03 kappa(S)=9.20e+11 rank=506 cos_sr=1.000 cos_plain=0.189
[adam 00000] E=1.658717 var=4.6885e-03 sig=0.824 acc~0.5 n=512 |dx|/ell=0.5248 sat=0.20 com_kill=0.05
[adam 00019] E=1.657971 var=2.7719e-03 sig=0.826 acc~0.5 n=512 |dx|/ell=0.4874 sat=0.13 com_kill=0.08
[adam 00037] E=1.659620 var=1.5497e-03 sig=0.826 acc~0.5 n=512 |dx|/ell=0.4755 sat=0.11 com_kill=0.10
[seg 3/12] step=126 E_raw=1.65955 (-0.029%) var=1.461e-03 kappa(S)=8.78e+11 rank=507 cos_sr=0.999 cos_plain=0.214
[adam 00000] E=1.658259 var=1.2721e-03 sig=0.819 acc~0.5 n=512 |dx|/ell=0.4680 sat=0.14 com_kill=0.13
[adam 00026] E=1.659769 var=1.0591e-03 sig=0.821 acc~0.5 n=512 |dx|/ell=0.4655 sat=0.06 com_kill=0.09
[adam 00052] E=1.658729 var=5.9787e-04 sig=0.820 acc~0.5 n=512 |dx|/ell=0.4368 sat=0.05 com_kill=0.09
[seg 4/12] step=179 E_raw=1.66037 (+0.036%) var=6.198e-04 kappa(S)=9.72e+11 rank=506 cos_sr=1.000 cos_plain=0.228
[adam 00000] E=1.660881 var=5.4029e-04 sig=0.821 acc~0.5 n=512 |dx|/ell=0.4681 sat=0.03 com_kill=0.05
[adam 00037] E=1.659533 var=3.5007e-04 sig=0.825 acc~0.5 n=512 |dx|/ell=0.4310 sat=0.04 com_kill=0.09
[adam 00074] E=1.660384 var=1.1241e-04 sig=0.826 acc~0.5 n=512 |dx|/ell=0.4251 sat=0.03 com_kill=0.08
[seg 5/12] step=254 E_raw=1.66022 (+0.027%) var=1.050e-04 kappa(S)=8.70e+11 rank=503 cos_sr=1.000 cos_plain=0.130
[adam 00000] E=1.660890 var=9.6814e-05 sig=0.818 acc~0.5 n=512 |dx|/ell=0.4016 sat=0.05 com_kill=0.15
[adam 00054] E=1.659709 var=8.9987e-05 sig=0.822 acc~0.5 n=512 |dx|/ell=0.4139 sat=0.01 com_kill=0.08
[adam 00107] E=1.659490 var=4.0684e-05 sig=0.821 acc~0.5 n=512 |dx|/ell=0.4184 sat=0.02 com_kill=0.08
[seg 6/12] step=362 E_raw=1.66001 (+0.013%) var=4.373e-05 kappa(S)=8.98e+11 rank=509 cos_sr=1.000 cos_plain=0.274
[adam 00000] E=1.659774 var=3.8591e-05 sig=0.822 acc~0.5 n=512 |dx|/ell=0.4000 sat=0.00 com_kill=0.07
[adam 00076] E=1.659695 var=2.1285e-05 sig=0.827 acc~0.5 n=512 |dx|/ell=0.4125 sat=0.01 com_kill=0.07
[adam 00151] E=1.659217 var=1.6399e-05 sig=0.821 acc~0.5 n=512 |dx|/ell=0.4056 sat=0.01 com_kill=0.08
[seg 7/12] step=514 E_raw=1.65959 (-0.015%) var=1.669e-05 kappa(S)=9.94e+11 rank=502 cos_sr=1.000 cos_plain=0.216
[adam 00000] E=1.659336 var=1.3615e-05 sig=0.820 acc~0.5 n=512 |dx|/ell=0.4200 sat=0.02 com_kill=0.09
[adam 00109] E=1.659956 var=1.6066e-05 sig=0.824 acc~0.5 n=512 |dx|/ell=0.4079 sat=0.01 com_kill=0.07
[adam 00217] E=1.659574 var=1.0308e-05 sig=0.825 acc~0.5 n=512 |dx|/ell=0.4109 sat=0.01 com_kill=0.07
[seg 8/12] step=732 E_raw=1.65967 (-0.014%) var=1.214e-05 kappa(S)=9.12e+11 rank=506 cos_sr=1.000 cos_plain=0.172
[adam 00000] E=1.659593 var=1.0622e-05 sig=0.820 acc~0.5 n=512 |dx|/ell=0.4194 sat=0.01 com_kill=0.05
[adam 00154] E=1.659627 var=1.0654e-05 sig=0.821 acc~0.5 n=512 |dx|/ell=0.4042 sat=0.01 com_kill=0.07
[adam 00308] E=1.659392 var=8.1352e-06 sig=0.823 acc~0.5 n=512 |dx|/ell=0.3978 sat=0.01 com_kill=0.07
[seg 9/12] step=1041 E_raw=1.66009 (+0.002%) var=7.251e-06 kappa(S)=9.34e+11 rank=503 cos_sr=1.000 cos_plain=0.281
[adam 00000] E=1.659786 var=6.5289e-06 sig=0.820 acc~0.5 n=512 |dx|/ell=0.3998 sat=0.02 com_kill=0.10
[adam 00220] E=1.659466 var=6.6688e-06 sig=0.822 acc~0.5 n=512 |dx|/ell=0.3963 sat=0.00 com_kill=0.06
[adam 00440] E=1.659625 var=6.6483e-06 sig=0.821 acc~0.5 n=512 |dx|/ell=0.3998 sat=0.01 com_kill=0.06
[seg 10/12] step=1482 E_raw=1.65977 (-0.001%) var=4.967e-06 kappa(S)=9.45e+11 rank=504 cos_sr=0.999 cos_plain=0.216
[adam 00000] E=1.659808 var=5.1501e-06 sig=0.809 acc~0.5 n=512 |dx|/ell=0.4067 sat=0.01 com_kill=0.05
[adam 00313] E=1.659890 var=7.4383e-06 sig=0.821 acc~0.5 n=512 |dx|/ell=0.4019 sat=0.00 com_kill=0.06
[adam 00625] E=1.659746 var=8.9710e-06 sig=0.818 acc~0.5 n=512 |dx|/ell=0.4012 sat=0.01 com_kill=0.06
[seg 11/12] step=2108 E_raw=1.65970 (-0.004%) var=5.310e-06 kappa(S)=9.66e+11 rank=500 cos_sr=0.999 cos_plain=0.546
[adam 00000] E=1.659785 var=5.1079e-06 sig=0.822 acc~0.5 n=512 |dx|/ell=0.3938 sat=0.00 com_kill=0.04
[adam 00446] E=1.659896 var=2.2444e-06 sig=0.825 acc~0.5 n=512 |dx|/ell=0.3990 sat=0.00 com_kill=0.06
[adam 00891] E=1.659683 var=1.9156e-06 sig=0.829 acc~0.5 n=512 |dx|/ell=0.4061 sat=0.00 com_kill=0.05
[seg 12/12] step=3000 E_raw=1.65960 (-0.011%) var=3.090e-06 kappa(S)=9.47e+11 rank=501 cos_sr=0.998 cos_plain=0.365
[phase] training done in 18.9 min
[adam 00000] E=1.659701 var=3.1505e-06 sig=0.819 acc~0.5 n=4096 |dx|/ell=0.3956 sat=0.00 com_kill=0.05
[adam 00125] E=1.659798 var=1.4416e-06 sig=0.823 acc~0.5 n=4096 |dx|/ell=0.3949 sat=0.01 com_kill=0.06
[adam 00250] E=1.659796 var=1.3949e-06 sig=0.824 acc~0.5 n=4096 |dx|/ell=0.3994 sat=0.01 com_kill=0.06
[adam 00375] E=1.659796 var=1.2101e-06 sig=0.825 acc~0.5 n=4096 |dx|/ell=0.3961 sat=0.00 com_kill=0.05
[adam 00499] E=1.659778 var=1.1871e-06 sig=0.823 acc~0.5 n=4096 |dx|/ell=0.4038 sat=0.00 com_kill=0.05
[phase] summary:
{
  "N": 2,
  "omega": 0.5,
  "arch": "pinn",
  "n_params": 236336,
  "final": {
    "E_mean": 1.659763123048016,
    "E_mean_raw": 1.6597394390633862,
    "E_stderr": 1.2740813224023737e-05,
    "var_EL": 1.331542231718391e-06,
    "n_samples": 8192,
    "frac_clipped": 0.0047607421875,
    "ref_energy": 1.65977,
    "error_pct": -0.00041433162328934834,
    "error_sigma": -0.539757695443068
  },
  "energy_raw": 1.6597394390633862,
  "error_pct_raw": -0.0018412753944100284,
  "energy_zv": 1.6597258947824267,
  "error_pct_zv": -0.0026573089990332213,
  "zv_n_points": 6,
  "spectrum": {
    "lam_max": 1.9638216565169166,
    "lam_min_supported": 1.976965573607261e-12,
    "effective_rank": 3.131558418622776,
    "numerical_rank": 1032,
    "condition_number": 993351468904.7612,
    "n_params": 236336,
    "n_samples": 2048
  },
  "alignment": {
    "cos_sr": 0.9927967584054066,
    "cos_plain": 0.1732522863671271,
    "rep_fraction": 0.9927967584054066,
    "ntk_condition": 9887852287.606697,
    "ntk_eff_rank": 3.1315583929182225,
    "ntk_numerical_rank": 630
  },
  "n_align_samples": 2048,
  "exact": {
    "energy": 1.659772146588871,
    "cusp_slope": 0.9993131343097087,
    "overlap_sq": 0.9999997979601974
  }
}
