0
[phase] N=2 omega=0.1 arch=pinn  ->  /itf-fi-ml/home/aleksns/Thesis/results/analysis/2026-08-05_paradigm_optimizer/base_N2_s0_w0p1
0
[phase] params=236,336 device=cuda:0 ref_energy=0.44079
[adam 00000] E=0.573068 var=4.3466e-02 sig=1.512 acc~0.5 n=2048 |dx|/ell=0.0450 sat=0.00 com_kill=0.62
[adam 00031] E=0.519969 var=2.3275e-02 sig=1.606 acc~0.5 n=2048 |dx|/ell=0.2474 sat=0.41 com_kill=0.10
[adam 00061] E=0.502482 var=2.7190e-02 sig=1.691 acc~0.5 n=2048 |dx|/ell=0.1718 sat=0.58 com_kill=0.41
[seg 1/12] step=62 E_raw=0.49595 (+12.515%) var=2.555e-02 kappa(S)=9.98e+11 rank=721 cos_sr=1.000 cos_plain=0.741
[adam 00000] E=0.500290 var=2.4280e-02 sig=1.706 acc~0.5 n=2048 |dx|/ell=0.2026 sat=0.55 com_kill=0.30
[adam 00013] E=0.494011 var=2.0219e-02 sig=1.719 acc~0.5 n=2048 |dx|/ell=0.1834 sat=0.58 com_kill=0.37
[adam 00025] E=0.486517 var=1.7740e-02 sig=1.742 acc~0.5 n=2048 |dx|/ell=0.1830 sat=0.57 com_kill=0.37
[seg 2/12] step=88 E_raw=0.48875 (+10.881%) var=1.858e-02 kappa(S)=1.00e+12 rank=749 cos_sr=1.000 cos_plain=0.742
[adam 00000] E=0.490491 var=1.7561e-02 sig=1.752 acc~0.5 n=2048 |dx|/ell=0.1790 sat=0.55 com_kill=0.39
[adam 00019] E=0.478339 var=1.3920e-02 sig=1.780 acc~0.5 n=2048 |dx|/ell=0.1944 sat=0.55 com_kill=0.33
[adam 00037] E=0.463949 var=1.0263e-02 sig=1.816 acc~0.5 n=2048 |dx|/ell=0.2010 sat=0.57 com_kill=0.31
[seg 3/12] step=126 E_raw=0.46244 (+4.913%) var=1.001e-02 kappa(S)=9.92e+11 rank=789 cos_sr=1.000 cos_plain=0.668
[adam 00000] E=0.464043 var=9.6084e-03 sig=1.813 acc~0.5 n=2048 |dx|/ell=0.1786 sat=0.59 com_kill=0.39
[adam 00026] E=0.449752 var=4.5364e-03 sig=1.875 acc~0.5 n=2048 |dx|/ell=0.2076 sat=0.55 com_kill=0.29
[adam 00052] E=0.442014 var=2.0263e-03 sig=1.924 acc~0.5 n=2048 |dx|/ell=0.2026 sat=0.55 com_kill=0.30
[seg 4/12] step=179 E_raw=0.44987 (+1.622%) var=2.950e-03 kappa(S)=9.90e+11 rank=881 cos_sr=1.000 cos_plain=0.425
[adam 00000] E=0.440930 var=1.9072e-03 sig=1.913 acc~0.5 n=2048 |dx|/ell=0.1953 sat=0.52 com_kill=0.32
[adam 00037] E=0.440538 var=7.5449e-04 sig=1.941 acc~0.5 n=2048 |dx|/ell=0.2299 sat=0.53 com_kill=0.21
[adam 00074] E=0.441182 var=2.2295e-04 sig=1.875 acc~0.5 n=2048 |dx|/ell=0.1873 sat=0.39 com_kill=0.29
[seg 5/12] step=254 E_raw=0.44134 (+0.057%) var=3.412e-04 kappa(S)=9.93e+11 rank=1002 cos_sr=1.000 cos_plain=0.188
[adam 00000] E=0.440617 var=2.2780e-04 sig=1.853 acc~0.5 n=2048 |dx|/ell=0.1981 sat=0.39 com_kill=0.27
[adam 00054] E=0.440645 var=2.1733e-05 sig=1.836 acc~0.5 n=2048 |dx|/ell=0.1517 sat=0.31 com_kill=0.40
[adam 00107] E=0.440730 var=1.1137e-05 sig=1.832 acc~0.5 n=2048 |dx|/ell=0.1498 sat=0.30 com_kill=0.41
[seg 6/12] step=362 E_raw=0.44054 (-0.035%) var=1.282e-05 kappa(S)=9.84e+11 rank=946 cos_sr=1.000 cos_plain=0.095
[adam 00000] E=0.440797 var=1.1177e-05 sig=1.822 acc~0.5 n=2048 |dx|/ell=0.1749 sat=0.25 com_kill=0.31
[adam 00076] E=0.440778 var=6.3600e-06 sig=1.837 acc~0.5 n=2048 |dx|/ell=0.1417 sat=0.22 com_kill=0.43
[adam 00151] E=0.440917 var=3.1237e-06 sig=1.831 acc~0.5 n=2048 |dx|/ell=0.1494 sat=0.20 com_kill=0.39
[seg 7/12] step=514 E_raw=0.44073 (+0.015%) var=4.267e-06 kappa(S)=9.93e+11 rank=902 cos_sr=0.999 cos_plain=0.108
[adam 00000] E=0.440809 var=3.0319e-06 sig=1.822 acc~0.5 n=2048 |dx|/ell=0.1579 sat=0.22 com_kill=0.37
[adam 00109] E=0.440876 var=1.3923e-06 sig=1.833 acc~0.5 n=2048 |dx|/ell=0.1436 sat=0.15 com_kill=0.40
[adam 00217] E=0.440891 var=8.6267e-07 sig=1.829 acc~0.5 n=2048 |dx|/ell=0.1423 sat=0.13 com_kill=0.39
[seg 8/12] step=732 E_raw=0.44096 (+0.040%) var=9.501e-07 kappa(S)=9.48e+11 rank=871 cos_sr=0.999 cos_plain=0.211
[adam 00000] E=0.440889 var=9.3142e-07 sig=1.827 acc~0.5 n=2048 |dx|/ell=0.1689 sat=0.12 com_kill=0.28
[adam 00154] E=0.440905 var=7.0439e-07 sig=1.837 acc~0.5 n=2048 |dx|/ell=0.1409 sat=0.07 com_kill=0.39
[adam 00308] E=0.440888 var=4.1795e-07 sig=1.832 acc~0.5 n=2048 |dx|/ell=0.1409 sat=0.06 com_kill=0.38
[seg 9/12] step=1041 E_raw=0.44082 (+0.017%) var=4.921e-07 kappa(S)=9.83e+11 rank=869 cos_sr=0.998 cos_plain=0.169
[adam 00000] E=0.440893 var=3.7972e-07 sig=1.822 acc~0.5 n=2048 |dx|/ell=0.1351 sat=0.05 com_kill=0.41
[adam 00220] E=0.440857 var=2.9953e-07 sig=1.831 acc~0.5 n=2048 |dx|/ell=0.1368 sat=0.03 com_kill=0.39
[adam 00440] E=0.440880 var=2.4460e-07 sig=1.831 acc~0.5 n=2048 |dx|/ell=0.1430 sat=0.03 com_kill=0.35
[seg 10/12] step=1482 E_raw=0.44084 (+0.014%) var=2.498e-07 kappa(S)=9.99e+11 rank=853 cos_sr=0.999 cos_plain=0.284
[adam 00000] E=0.440885 var=2.6378e-07 sig=1.824 acc~0.5 n=2048 |dx|/ell=0.1203 sat=0.04 com_kill=0.47
[adam 00313] E=0.440854 var=1.7094e-07 sig=1.828 acc~0.5 n=2048 |dx|/ell=0.1419 sat=0.01 com_kill=0.34
[adam 00625] E=0.440849 var=1.0982e-07 sig=1.836 acc~0.5 n=2048 |dx|/ell=0.1347 sat=0.01 com_kill=0.39
[seg 11/12] step=2108 E_raw=0.44086 (+0.018%) var=1.233e-07 kappa(S)=9.83e+11 rank=829 cos_sr=0.996 cos_plain=0.119
[adam 00000] E=0.440849 var=1.0502e-07 sig=1.829 acc~0.5 n=2048 |dx|/ell=0.1362 sat=0.01 com_kill=0.36
[adam 00446] E=0.440832 var=7.4289e-08 sig=1.833 acc~0.5 n=2048 |dx|/ell=0.1433 sat=0.01 com_kill=0.32
[adam 00891] E=0.440829 var=5.9719e-08 sig=1.834 acc~0.5 n=2048 |dx|/ell=0.1373 sat=0.01 com_kill=0.35
[seg 12/12] step=3000 E_raw=0.44078 (+0.008%) var=9.418e-08 kappa(S)=9.94e+11 rank=830 cos_sr=0.993 cos_plain=0.076
[phase] training done in 50.5 min
[adam 00000] E=0.440828 var=7.0805e-08 sig=1.816 acc~0.5 n=4096 |dx|/ell=0.1359 sat=0.01 com_kill=0.36
[adam 00125] E=0.440835 var=4.4227e-08 sig=1.831 acc~0.5 n=4096 |dx|/ell=0.1354 sat=0.01 com_kill=0.37
[adam 00250] E=0.440832 var=4.6089e-08 sig=1.830 acc~0.5 n=4096 |dx|/ell=0.1372 sat=0.01 com_kill=0.35
[adam 00375] E=0.440822 var=3.7203e-08 sig=1.835 acc~0.5 n=4096 |dx|/ell=0.1402 sat=0.01 com_kill=0.34
[adam 00499] E=0.440833 var=3.8920e-08 sig=1.829 acc~0.5 n=4096 |dx|/ell=0.1365 sat=0.00 com_kill=0.36
[phase] summary:
{
  "N": 2,
  "omega": 0.1,
  "arch": "pinn",
  "n_params": 236336,
  "final": {
    "E_mean": 0.44083506847836995,
    "E_mean_raw": 0.4408054963873994,
    "E_stderr": 2.857624895785867e-06,
    "var_EL": 5.304643786848617e-08,
    "n_samples": 8192,
    "frac_clipped": 0.0257568359375,
    "ref_energy": 0.44079,
    "error_pct": 0.010224478406936684,
    "error_sigma": 15.771306596747038
  },
  "energy_raw": 0.4408054963873994,
  "error_pct_raw": 0.0035155941376605808,
  "energy_zv": 0.4407955398345967,
  "error_pct_zv": 0.001256796795904717,
  "zv_n_points": 6,
  "spectrum": {
    "lam_max": 3.6581283166446688,
    "lam_min_supported": 3.6685050922720555e-12,
    "effective_rank": 2.164512734216766,
    "numerical_rank": 1104,
    "condition_number": 997171388517.561,
    "n_params": 236336,
    "n_samples": 2048
  },
  "alignment": {
    "cos_sr": 0.9889017767718007,
    "cos_plain": 0.12621579304141442,
    "rep_fraction": 0.9889017767718007,
    "ntk_condition": 9997393234.819508,
    "ntk_eff_rank": 2.1645127091859537,
    "ntk_numerical_rank": 672
  },
  "n_align_samples": 2048,
  "exact": {
    "energy": 0.4407918872067004,
    "cusp_slope": 0.9990470286486856,
    "overlap_sq": 0.9999992483341124
  }
}
