0
[phase] N=2 omega=0.1 arch=pinn  ->  /itf-fi-ml/home/aleksns/Thesis/results/analysis/2026-08-05_paradigm_optimizer/base_N2_s1_w0p1
0
[phase] params=236,336 device=cuda:0 ref_energy=0.44079
[adam 00000] E=0.588149 var=4.2915e-02 sig=1.501 acc~0.5 n=2048 |dx|/ell=0.0439 sat=0.00 com_kill=0.57
[adam 00031] E=0.513069 var=2.3071e-02 sig=1.612 acc~0.5 n=2048 |dx|/ell=0.2625 sat=0.58 com_kill=0.09
[adam 00061] E=0.500862 var=2.3483e-02 sig=1.690 acc~0.5 n=2048 |dx|/ell=0.1772 sat=0.61 com_kill=0.40
[seg 1/12] step=62 E_raw=0.50109 (+13.680%) var=2.257e-02 kappa(S)=9.85e+11 rank=760 cos_sr=1.000 cos_plain=0.777
[adam 00000] E=0.502941 var=2.3530e-02 sig=1.684 acc~0.5 n=2048 |dx|/ell=0.1660 sat=0.61 com_kill=0.43
[adam 00013] E=0.491286 var=1.9276e-02 sig=1.718 acc~0.5 n=2048 |dx|/ell=0.1828 sat=0.59 com_kill=0.37
[adam 00025] E=0.486663 var=1.8821e-02 sig=1.735 acc~0.5 n=2048 |dx|/ell=0.1779 sat=0.60 com_kill=0.39
[seg 2/12] step=88 E_raw=0.48819 (+10.753%) var=1.957e-02 kappa(S)=9.72e+11 rank=739 cos_sr=1.000 cos_plain=0.790
[adam 00000] E=0.485380 var=1.7700e-02 sig=1.721 acc~0.5 n=2048 |dx|/ell=0.2053 sat=0.57 com_kill=0.29
[adam 00019] E=0.476361 var=1.4465e-02 sig=1.753 acc~0.5 n=2048 |dx|/ell=0.1732 sat=0.56 com_kill=0.40
[adam 00037] E=0.474923 var=1.2048e-02 sig=1.774 acc~0.5 n=2048 |dx|/ell=0.1864 sat=0.58 com_kill=0.37
[seg 3/12] step=126 E_raw=0.47598 (+7.983%) var=1.245e-02 kappa(S)=9.90e+11 rank=781 cos_sr=1.000 cos_plain=0.733
[adam 00000] E=0.474303 var=1.1617e-02 sig=1.786 acc~0.5 n=2048 |dx|/ell=0.2116 sat=0.54 com_kill=0.27
[adam 00026] E=0.463762 var=8.7339e-03 sig=1.816 acc~0.5 n=2048 |dx|/ell=0.1923 sat=0.59 com_kill=0.35
[adam 00052] E=0.451902 var=4.2560e-03 sig=1.846 acc~0.5 n=2048 |dx|/ell=0.1854 sat=0.56 com_kill=0.37
[seg 4/12] step=179 E_raw=0.45322 (+2.819%) var=5.142e-03 kappa(S)=9.93e+11 rank=867 cos_sr=1.000 cos_plain=0.676
[adam 00000] E=0.450226 var=3.8718e-03 sig=1.839 acc~0.5 n=2048 |dx|/ell=0.1539 sat=0.58 com_kill=0.48
[adam 00037] E=0.442205 var=1.1948e-03 sig=1.900 acc~0.5 n=2048 |dx|/ell=0.2033 sat=0.54 com_kill=0.29
[adam 00074] E=0.439924 var=5.0770e-04 sig=1.895 acc~0.5 n=2048 |dx|/ell=0.1927 sat=0.51 com_kill=0.32
[seg 5/12] step=254 E_raw=0.44343 (+0.407%) var=7.165e-04 kappa(S)=8.93e+11 rank=1016 cos_sr=1.000 cos_plain=0.306
[adam 00000] E=0.441594 var=4.7273e-04 sig=1.878 acc~0.5 n=2048 |dx|/ell=0.2452 sat=0.50 com_kill=0.16
[adam 00054] E=0.440387 var=5.2399e-05 sig=1.853 acc~0.5 n=2048 |dx|/ell=0.1562 sat=0.41 com_kill=0.41
[adam 00107] E=0.440288 var=3.2059e-05 sig=1.846 acc~0.5 n=2048 |dx|/ell=0.1682 sat=0.40 com_kill=0.36
[seg 6/12] step=362 E_raw=0.44115 (-0.022%) var=4.148e-05 kappa(S)=9.79e+11 rank=982 cos_sr=1.000 cos_plain=0.128
[adam 00000] E=0.440243 var=3.0399e-05 sig=1.829 acc~0.5 n=2048 |dx|/ell=0.1193 sat=0.43 com_kill=0.55
[adam 00076] E=0.440504 var=1.7488e-05 sig=1.845 acc~0.5 n=2048 |dx|/ell=0.1603 sat=0.30 com_kill=0.38
[adam 00151] E=0.440602 var=8.8560e-06 sig=1.835 acc~0.5 n=2048 |dx|/ell=0.1644 sat=0.29 com_kill=0.36
[seg 7/12] step=514 E_raw=0.44071 (-0.089%) var=1.192e-05 kappa(S)=9.82e+11 rank=954 cos_sr=1.000 cos_plain=0.196
[adam 00000] E=0.440491 var=8.8331e-06 sig=1.829 acc~0.5 n=2048 |dx|/ell=0.1864 sat=0.26 com_kill=0.25
[adam 00109] E=0.440597 var=2.6673e-06 sig=1.839 acc~0.5 n=2048 |dx|/ell=0.1609 sat=0.19 com_kill=0.33
[adam 00217] E=0.440753 var=1.0525e-06 sig=1.834 acc~0.5 n=2048 |dx|/ell=0.1627 sat=0.17 com_kill=0.33
[seg 8/12] step=732 E_raw=0.44083 (+0.000%) var=1.477e-06 kappa(S)=9.94e+11 rank=917 cos_sr=0.999 cos_plain=0.106
[adam 00000] E=0.440787 var=1.0102e-06 sig=1.830 acc~0.5 n=2048 |dx|/ell=0.1348 sat=0.21 com_kill=0.46
[adam 00154] E=0.440758 var=5.5470e-07 sig=1.841 acc~0.5 n=2048 |dx|/ell=0.1591 sat=0.07 com_kill=0.30
[adam 00308] E=0.440771 var=2.8145e-07 sig=1.833 acc~0.5 n=2048 |dx|/ell=0.1610 sat=0.07 com_kill=0.29
[seg 9/12] step=1041 E_raw=0.44067 (+0.001%) var=3.614e-07 kappa(S)=9.89e+11 rank=870 cos_sr=0.995 cos_plain=0.055
[adam 00000] E=0.440789 var=3.0435e-07 sig=1.819 acc~0.5 n=2048 |dx|/ell=0.1824 sat=0.04 com_kill=0.20
[adam 00220] E=0.440793 var=2.4929e-07 sig=1.835 acc~0.5 n=2048 |dx|/ell=0.1634 sat=0.03 com_kill=0.25
[adam 00440] E=0.440781 var=1.2720e-07 sig=1.836 acc~0.5 n=2048 |dx|/ell=0.1656 sat=0.03 com_kill=0.24
[seg 10/12] step=1482 E_raw=0.44082 (+0.004%) var=1.667e-07 kappa(S)=9.74e+11 rank=846 cos_sr=0.997 cos_plain=0.081
[adam 00000] E=0.440791 var=1.2433e-07 sig=1.817 acc~0.5 n=2048 |dx|/ell=0.1700 sat=0.04 com_kill=0.23
[adam 00313] E=0.440785 var=9.6989e-08 sig=1.832 acc~0.5 n=2048 |dx|/ell=0.1669 sat=0.05 com_kill=0.24
[adam 00625] E=0.440814 var=8.8869e-08 sig=1.829 acc~0.5 n=2048 |dx|/ell=0.1628 sat=0.03 com_kill=0.23
[seg 11/12] step=2108 E_raw=0.44080 (+0.007%) var=1.295e-07 kappa(S)=9.86e+11 rank=857 cos_sr=0.997 cos_plain=0.129
[adam 00000] E=0.440803 var=1.1232e-07 sig=1.816 acc~0.5 n=2048 |dx|/ell=0.1505 sat=0.07 com_kill=0.32
[adam 00446] E=0.440808 var=5.1808e-08 sig=1.832 acc~0.5 n=2048 |dx|/ell=0.1632 sat=0.02 com_kill=0.23
[adam 00891] E=0.440812 var=3.4019e-08 sig=1.832 acc~0.5 n=2048 |dx|/ell=0.1621 sat=0.02 com_kill=0.24
[seg 12/12] step=3000 E_raw=0.44083 (+0.007%) var=5.273e-08 kappa(S)=9.82e+11 rank=855 cos_sr=0.994 cos_plain=0.121
[phase] training done in 56.1 min
[adam 00000] E=0.440812 var=3.5233e-08 sig=1.819 acc~0.5 n=4096 |dx|/ell=0.1640 sat=0.02 com_kill=0.23
[adam 00125] E=0.440809 var=2.8425e-08 sig=1.832 acc~0.5 n=4096 |dx|/ell=0.1649 sat=0.02 com_kill=0.23
[adam 00250] E=0.440807 var=2.9961e-08 sig=1.832 acc~0.5 n=4096 |dx|/ell=0.1633 sat=0.03 com_kill=0.23
[adam 00375] E=0.440813 var=2.9606e-08 sig=1.837 acc~0.5 n=4096 |dx|/ell=0.1682 sat=0.02 com_kill=0.21
[adam 00499] E=0.440809 var=2.7899e-08 sig=1.835 acc~0.5 n=4096 |dx|/ell=0.1563 sat=0.02 com_kill=0.26
[phase] summary:
{
  "N": 2,
  "omega": 0.1,
  "arch": "pinn",
  "n_params": 236336,
  "final": {
    "E_mean": 0.44081075895264954,
    "E_mean_raw": 0.44078548566677345,
    "E_stderr": 2.129218294166322e-06,
    "var_EL": 3.818233277700293e-08,
    "n_samples": 8192,
    "frac_clipped": 0.033203125,
    "ref_energy": 0.44079,
    "error_pct": 0.0047094881121451096,
    "error_sigma": 9.749565230770493
  },
  "energy_raw": 0.44078548566677345,
  "error_pct_raw": -0.0010241460165993936,
  "energy_zv": 0.44078353251976166,
  "error_pct_zv": -0.0014672474961680347,
  "zv_n_points": 6,
  "spectrum": {
    "lam_max": 3.195443785830928,
    "lam_min_supported": 3.226903404893817e-12,
    "effective_rank": 2.1387802000736147,
    "numerical_rank": 1152,
    "condition_number": 990250833348.4113,
    "n_params": 236336,
    "n_samples": 2048
  },
  "alignment": {
    "cos_sr": 0.9685116829478038,
    "cos_plain": 0.037302312801183124,
    "rep_fraction": 0.9685116829478038,
    "ntk_condition": 9951744440.614063,
    "ntk_eff_rank": 2.138780174918114,
    "ntk_numerical_rank": 719
  },
  "n_align_samples": 2048,
  "exact": {
    "energy": 0.4407918872067004,
    "cusp_slope": 0.9990470286486856,
    "overlap_sq": 0.9999993212159279
  }
}
