0
[phase] N=12 omega=1.0 arch=deepset_big  ->  results/analysis/2026-08-28_N12_w1_deepset_fast
0
[phase] params=216,757 device=cuda:0 ref_energy=65.7001
[adam 00000] E=80.610307 var=4.5721e+01 sig=0.126 acc~0.5 n=512 |dx|/ell=0.0011 sat=0.00 com_kill=0.03
[adam 00008] E=80.162005 var=4.1813e+01 sig=0.125 acc~0.5 n=512 |dx|/ell=0.0133 sat=0.00 com_kill=0.02
[adam 00015] E=77.915661 var=3.6915e+01 sig=0.127 acc~0.5 n=512 |dx|/ell=0.0449 sat=0.10 com_kill=0.03
[seg 1/12] step=16 E_raw=77.48572 (+17.939%) var=3.408e+01 kappa(S)=2.53e+08 rank=511 cos_sr=1.000 cos_plain=0.872
[adam 00000] E=76.904476 var=3.2411e+01 sig=0.132 acc~0.5 n=512 |dx|/ell=0.0494 sat=0.10 com_kill=0.02
[adam 00003] E=76.617385 var=3.0750e+01 sig=0.132 acc~0.5 n=512 |dx|/ell=0.0594 sat=0.40 com_kill=0.03
[adam 00006] E=75.756225 var=2.7182e+01 sig=0.131 acc~0.5 n=512 |dx|/ell=0.0628 sat=0.60 com_kill=0.03
[seg 2/12] step=23 E_raw=75.33076 (+14.659%) var=2.991e+01 kappa(S)=1.68e+08 rank=511 cos_sr=1.000 cos_plain=0.848
[adam 00000] E=75.813043 var=2.6548e+01 sig=0.135 acc~0.5 n=512 |dx|/ell=0.0642 sat=0.63 com_kill=0.02
[adam 00005] E=75.004026 var=2.6897e+01 sig=0.133 acc~0.5 n=512 |dx|/ell=0.0638 sat=0.58 com_kill=0.02
[adam 00009] E=74.828951 var=2.5699e+01 sig=0.133 acc~0.5 n=512 |dx|/ell=0.0636 sat=0.57 com_kill=0.02
[seg 3/12] step=33 E_raw=74.01849 (+12.661%) var=2.155e+01 kappa(S)=2.29e+08 rank=511 cos_sr=1.000 cos_plain=0.804
[adam 00000] E=74.287370 var=2.4327e+01 sig=0.138 acc~0.5 n=512 |dx|/ell=0.0620 sat=0.58 com_kill=0.05
[adam 00007] E=73.675837 var=2.1361e+01 sig=0.137 acc~0.5 n=512 |dx|/ell=0.0643 sat=0.58 com_kill=0.02
[adam 00013] E=73.022519 var=2.0485e+01 sig=0.138 acc~0.5 n=512 |dx|/ell=0.0638 sat=0.56 com_kill=0.02
[seg 4/12] step=47 E_raw=72.29400 (+10.036%) var=1.904e+01 kappa(S)=2.27e+08 rank=511 cos_sr=1.000 cos_plain=0.790
[adam 00000] E=72.664816 var=1.9776e+01 sig=0.143 acc~0.5 n=512 |dx|/ell=0.0637 sat=0.56 com_kill=0.03
[adam 00009] E=72.175597 var=1.6741e+01 sig=0.141 acc~0.5 n=512 |dx|/ell=0.0641 sat=0.53 com_kill=0.02
[adam 00018] E=71.101310 var=1.2985e+01 sig=0.142 acc~0.5 n=512 |dx|/ell=0.0644 sat=0.54 com_kill=0.02
[seg 5/12] step=66 E_raw=70.55883 (+7.395%) var=1.481e+01 kappa(S)=2.16e+08 rank=511 cos_sr=1.000 cos_plain=0.684
[adam 00000] E=70.254103 var=1.2246e+01 sig=0.146 acc~0.5 n=512 |dx|/ell=0.0648 sat=0.58 com_kill=0.03
[adam 00014] E=69.409653 var=8.5639e+00 sig=0.149 acc~0.5 n=512 |dx|/ell=0.0630 sat=0.41 com_kill=0.02
[adam 00028] E=68.192314 var=5.9215e+00 sig=0.155 acc~0.5 n=512 |dx|/ell=0.0630 sat=0.44 com_kill=0.02
[seg 6/12] step=95 E_raw=67.87565 (+3.311%) var=6.244e+00 kappa(S)=1.97e+08 rank=511 cos_sr=1.000 cos_plain=0.554
[adam 00000] E=67.755741 var=5.6765e+00 sig=0.160 acc~0.5 n=512 |dx|/ell=0.0628 sat=0.44 com_kill=0.02
[adam 00020] E=66.875803 var=3.4105e+00 sig=0.166 acc~0.5 n=512 |dx|/ell=0.0620 sat=0.41 com_kill=0.03
[adam 00039] E=66.173658 var=1.5548e+00 sig=0.172 acc~0.5 n=512 |dx|/ell=0.0490 sat=0.29 com_kill=0.19
[seg 7/12] step=135 E_raw=66.16517 (+0.708%) var=1.877e+00 kappa(S)=1.10e+08 rank=511 cos_sr=1.000 cos_plain=0.314
[adam 00000] E=66.082508 var=1.5441e+00 sig=0.176 acc~0.5 n=512 |dx|/ell=0.0320 sat=0.40 com_kill=0.51
[adam 00029] E=65.947154 var=1.0813e+00 sig=0.178 acc~0.5 n=512 |dx|/ell=0.0404 sat=0.14 com_kill=0.28
[adam 00057] E=65.848944 var=8.2082e-01 sig=0.175 acc~0.5 n=512 |dx|/ell=0.0279 sat=0.01 com_kill=0.48
[seg 8/12] step=193 E_raw=65.92392 (+0.341%) var=8.496e-01 kappa(S)=1.45e+08 rank=511 cos_sr=1.000 cos_plain=0.117
[adam 00000] E=65.914085 var=1.0502e+00 sig=0.176 acc~0.5 n=512 |dx|/ell=0.0446 sat=0.02 com_kill=0.16
[adam 00041] E=65.868254 var=8.5261e-01 sig=0.176 acc~0.5 n=512 |dx|/ell=0.0205 sat=0.00 com_kill=0.62
[adam 00081] E=65.831632 var=8.9074e-01 sig=0.174 acc~0.5 n=512 |dx|/ell=0.0248 sat=0.00 com_kill=0.46
[seg 9/12] step=275 E_raw=65.79173 (+0.140%) var=1.003e+00 kappa(S)=1.27e+08 rank=511 cos_sr=1.000 cos_plain=0.168
[adam 00000] E=65.810588 var=8.3180e-01 sig=0.178 acc~0.5 n=512 |dx|/ell=0.0213 sat=0.00 com_kill=0.57
[adam 00059] E=65.872158 var=7.3291e-01 sig=0.173 acc~0.5 n=512 |dx|/ell=0.0268 sat=0.00 com_kill=0.29
[adam 00117] E=65.867774 var=7.2937e-01 sig=0.175 acc~0.5 n=512 |dx|/ell=0.0215 sat=0.00 com_kill=0.50
[seg 10/12] step=393 E_raw=65.87267 (+0.262%) var=7.711e-01 kappa(S)=5.38e+07 rank=511 cos_sr=1.000 cos_plain=0.096
[adam 00000] E=65.783630 var=7.6066e-01 sig=0.177 acc~0.5 n=512 |dx|/ell=0.0176 sat=0.00 com_kill=0.59
[adam 00084] E=65.786372 var=7.1809e-01 sig=0.175 acc~0.5 n=512 |dx|/ell=0.0259 sat=0.00 com_kill=0.30
[adam 00167] E=65.802432 var=5.8612e-01 sig=0.174 acc~0.5 n=512 |dx|/ell=0.0278 sat=0.00 com_kill=0.29
[seg 11/12] step=561 E_raw=65.80380 (+0.159%) var=6.876e-01 kappa(S)=3.00e+07 rank=511 cos_sr=1.000 cos_plain=0.094
[adam 00000] E=65.779346 var=7.5723e-01 sig=0.176 acc~0.5 n=512 |dx|/ell=0.0277 sat=0.00 com_kill=0.23
[adam 00119] E=65.809375 var=5.7331e-01 sig=0.176 acc~0.5 n=512 |dx|/ell=0.0274 sat=0.00 com_kill=0.16
[adam 00238] E=65.746414 var=3.4369e-01 sig=0.175 acc~0.5 n=512 |dx|/ell=0.0332 sat=0.00 com_kill=0.03
[seg 12/12] step=800 E_raw=65.75279 (+0.064%) var=3.836e-01 kappa(S)=9.86e+06 rank=511 cos_sr=1.000 cos_plain=0.146
[phase] training done in 166.5 min
Traceback (most recent call last):
  File "/itf-fi-ml/home/aleksns/Thesis/scripts/run_phase_analysis.py", line 552, in <module>
    main()
  File "/itf-fi-ml/home/aleksns/Thesis/scripts/run_phase_analysis.py", line 286, in main
    train_vmc_adam(
  File "/itf-fi-ml/home/aleksns/Thesis/src/analysis/train.py", line 218, in train_vmc_adam
    logpsi = system.log_psi(xb)  # requires grad wrt params
             ^^^^^^^^^^^^^^^^^^
  File "/itf-fi-ml/home/aleksns/Thesis/src/analysis/system.py", line 126, in log_psi
    logpsi, _ = psi_fn(
                ^^^^^^^
  File "/itf-fi-ml/home/aleksns/Thesis/src/utils.py", line 57, in wrapper
    return fn(*args, **kwargs)
           ^^^^^^^^^^^^^^^^^^^
  File "/itf-fi-ml/home/aleksns/Thesis/src/functions/Neural_Networks.py", line 1635, in psi_fn
    x_eff = x_batch + (backflow_net(x_batch, spin=spin_bn) if backflow_net is not None else 0.0)
                       ^^^^^^^^^^^^^^^^^^^^^^^^^^^^^^^^^^^
  File "/itf-fi-ml/home/aleksns/.local/lib/python3.11/site-packages/torch/nn/modules/module.py", line 1736, in _wrapped_call_impl
    return self._call_impl(*args, **kwargs)
           ^^^^^^^^^^^^^^^^^^^^^^^^^^^^^^^^
  File "/itf-fi-ml/home/aleksns/.local/lib/python3.11/site-packages/torch/nn/modules/module.py", line 1747, in _call_impl
    return forward_call(*args, **kwargs)
           ^^^^^^^^^^^^^^^^^^^^^^^^^^^^^
  File "/itf-fi-ml/home/aleksns/Thesis/src/PINN.py", line 631, in forward
    h_e_new = self.edge_update(edge_update_in)  # (B,N,N,edge_hidden)
              ^^^^^^^^^^^^^^^^^^^^^^^^^^^^^^^^
  File "/itf-fi-ml/home/aleksns/.local/lib/python3.11/site-packages/torch/nn/modules/module.py", line 1736, in _wrapped_call_impl
    return self._call_impl(*args, **kwargs)
           ^^^^^^^^^^^^^^^^^^^^^^^^^^^^^^^^
  File "/itf-fi-ml/home/aleksns/.local/lib/python3.11/site-packages/torch/nn/modules/module.py", line 1747, in _call_impl
    return forward_call(*args, **kwargs)
           ^^^^^^^^^^^^^^^^^^^^^^^^^^^^^
  File "/itf-fi-ml/home/aleksns/.local/lib/python3.11/site-packages/torch/nn/modules/container.py", line 250, in forward
    input = module(input)
            ^^^^^^^^^^^^^
  File "/itf-fi-ml/home/aleksns/.local/lib/python3.11/site-packages/torch/nn/modules/module.py", line 1736, in _wrapped_call_impl
    return self._call_impl(*args, **kwargs)
           ^^^^^^^^^^^^^^^^^^^^^^^^^^^^^^^^
  File "/itf-fi-ml/home/aleksns/.local/lib/python3.11/site-packages/torch/nn/modules/module.py", line 1747, in _call_impl
    return forward_call(*args, **kwargs)
           ^^^^^^^^^^^^^^^^^^^^^^^^^^^^^
  File "/itf-fi-ml/home/aleksns/.local/lib/python3.11/site-packages/torch/nn/modules/activation.py", line 432, in forward
    return F.silu(input, inplace=self.inplace)
           ^^^^^^^^^^^^^^^^^^^^^^^^^^^^^^^^^^^
  File "/itf-fi-ml/home/aleksns/.local/lib/python3.11/site-packages/torch/nn/functional.py", line 2380, in silu
    return torch._C._nn.silu(input)
           ^^^^^^^^^^^^^^^^^^^^^^^^
torch.OutOfMemoryError: CUDA out of memory. Tried to allocate 576.00 MiB. GPU 0 has a total capacity of 10.57 GiB of which 429.06 MiB is free. Process 1656182 has 2.74 GiB memory in use. Including non-PyTorch memory, this process has 7.41 GiB memory in use. Of the allocated memory 7.13 GiB is allocated by PyTorch, and 50.05 MiB is reserved by PyTorch but unallocated. If reserved but unallocated memory is large try setting PYTORCH_CUDA_ALLOC_CONF=expandable_segments:True to avoid fragmentation.  See documentation for Memory Management  (https://pytorch.org/docs/stable/notes/cuda.html#environment-variables)
