0
[phase] N=12 omega=1.0 arch=deepset_big  ->  results/analysis/2026-08-28_N12_w1_deepset_fast2
0
[phase] params=216,757 device=cuda:0 ref_energy=65.7001
[adam 00000] E=80.610307 var=4.5721e+01 sig=0.126 acc~0.5 n=512 |dx|/ell=0.0011 sat=0.00 com_kill=0.03
[adam 00004] E=80.395315 var=4.3385e+01 sig=0.125 acc~0.5 n=512 |dx|/ell=0.0060 sat=0.00 com_kill=0.03
[adam 00008] E=80.162005 var=4.1813e+01 sig=0.125 acc~0.5 n=512 |dx|/ell=0.0133 sat=0.00 com_kill=0.02
[seg 1/12] step=9 E_raw=78.96926 (+20.197%) var=4.223e+01 kappa(S)=5.32e+07 rank=255 cos_sr=1.000 cos_plain=0.879
[adam 00000] E=78.922676 var=3.9698e+01 sig=0.129 acc~0.5 n=512 |dx|/ell=0.0168 sat=0.00 com_kill=0.02
[adam 00002] E=78.810464 var=3.9907e+01 sig=0.128 acc~0.5 n=512 |dx|/ell=0.0256 sat=0.00 com_kill=0.04
[adam 00003] E=78.668093 var=3.6944e+01 sig=0.128 acc~0.5 n=512 |dx|/ell=0.0308 sat=0.00 com_kill=0.05
[seg 2/12] step=13 E_raw=77.54771 (+18.033%) var=4.176e+01 kappa(S)=3.38e+07 rank=255 cos_sr=1.000 cos_plain=0.847
[adam 00000] E=77.227356 var=3.7726e+01 sig=0.131 acc~0.5 n=512 |dx|/ell=0.0366 sat=0.01 com_kill=0.02
[adam 00002] E=76.913929 var=3.6087e+01 sig=0.130 acc~0.5 n=512 |dx|/ell=0.0472 sat=0.08 com_kill=0.01
[adam 00004] E=76.961020 var=3.3700e+01 sig=0.130 acc~0.5 n=512 |dx|/ell=0.0562 sat=0.22 com_kill=0.02
[seg 3/12] step=18 E_raw=76.68755 (+16.724%) var=3.201e+01 kappa(S)=1.22e+07 rank=255 cos_sr=1.000 cos_plain=0.870
[adam 00000] E=76.464484 var=3.4400e+01 sig=0.134 acc~0.5 n=512 |dx|/ell=0.0583 sat=0.33 com_kill=0.03
[adam 00004] E=76.481606 var=2.9965e+01 sig=0.133 acc~0.5 n=512 |dx|/ell=0.0613 sat=0.50 com_kill=0.03
[adam 00007] E=75.537741 var=2.6345e+01 sig=0.132 acc~0.5 n=512 |dx|/ell=0.0640 sat=0.61 com_kill=0.02
[seg 4/12] step=26 E_raw=75.43379 (+14.815%) var=2.372e+01 kappa(S)=1.47e+07 rank=255 cos_sr=1.000 cos_plain=0.853
[adam 00000] E=75.060581 var=2.6340e+01 sig=0.136 acc~0.5 n=512 |dx|/ell=0.0634 sat=0.63 com_kill=0.04
[adam 00005] E=74.832280 var=2.2508e+01 sig=0.135 acc~0.5 n=512 |dx|/ell=0.0631 sat=0.57 com_kill=0.03
[adam 00010] E=74.354464 var=2.4604e+01 sig=0.135 acc~0.5 n=512 |dx|/ell=0.0644 sat=0.57 com_kill=0.01
[seg 5/12] step=37 E_raw=74.02756 (+12.675%) var=2.361e+01 kappa(S)=1.72e+07 rank=255 cos_sr=1.000 cos_plain=0.822
[adam 00000] E=73.795885 var=2.4271e+01 sig=0.139 acc~0.5 n=512 |dx|/ell=0.0644 sat=0.61 com_kill=0.02
[adam 00008] E=73.245781 var=1.9511e+01 sig=0.138 acc~0.5 n=512 |dx|/ell=0.0647 sat=0.58 com_kill=0.01
[adam 00015] E=72.278741 var=1.6743e+01 sig=0.139 acc~0.5 n=512 |dx|/ell=0.0642 sat=0.57 com_kill=0.02
[seg 6/12] step=53 E_raw=71.79190 (+9.272%) var=1.856e+01 kappa(S)=1.72e+07 rank=255 cos_sr=1.000 cos_plain=0.759
[adam 00000] E=72.154717 var=1.8439e+01 sig=0.144 acc~0.5 n=512 |dx|/ell=0.0653 sat=0.60 com_kill=0.01
[adam 00011] E=71.345739 var=1.3226e+01 sig=0.144 acc~0.5 n=512 |dx|/ell=0.0642 sat=0.52 com_kill=0.02
[adam 00022] E=69.855347 var=1.0399e+01 sig=0.147 acc~0.5 n=512 |dx|/ell=0.0649 sat=0.52 com_kill=0.01
[seg 7/12] step=76 E_raw=69.81032 (+6.256%) var=1.015e+01 kappa(S)=1.77e+07 rank=255 cos_sr=1.000 cos_plain=0.665
[adam 00000] E=69.785588 var=1.0506e+01 sig=0.152 acc~0.5 n=512 |dx|/ell=0.0635 sat=0.51 com_kill=0.03
[adam 00016] E=68.363798 var=6.9210e+00 sig=0.154 acc~0.5 n=512 |dx|/ell=0.0640 sat=0.47 com_kill=0.02
[adam 00031] E=67.335776 var=4.4584e+00 sig=0.161 acc~0.5 n=512 |dx|/ell=0.0625 sat=0.46 com_kill=0.04
[seg 8/12] step=108 E_raw=67.17571 (+2.246%) var=5.105e+00 kappa(S)=1.74e+07 rank=255 cos_sr=1.000 cos_plain=0.670
[adam 00000] E=67.069841 var=3.9982e+00 sig=0.168 acc~0.5 n=512 |dx|/ell=0.0618 sat=0.41 com_kill=0.04
[adam 00023] E=66.365587 var=2.1216e+00 sig=0.172 acc~0.5 n=512 |dx|/ell=0.0538 sat=0.23 com_kill=0.11
[adam 00046] E=65.916121 var=1.1447e+00 sig=0.177 acc~0.5 n=512 |dx|/ell=0.0467 sat=0.18 com_kill=0.21
[seg 9/12] step=155 E_raw=66.00101 (+0.458%) var=1.153e+00 kappa(S)=1.12e+07 rank=255 cos_sr=1.000 cos_plain=0.133
[adam 00000] E=65.952960 var=1.1246e+00 sig=0.177 acc~0.5 n=512 |dx|/ell=0.0553 sat=0.16 com_kill=0.07
[adam 00033] E=65.893799 var=8.6547e-01 sig=0.175 acc~0.5 n=512 |dx|/ell=0.0311 sat=0.07 com_kill=0.43
[adam 00065] E=65.860179 var=8.9622e-01 sig=0.175 acc~0.5 n=512 |dx|/ell=0.0356 sat=0.00 com_kill=0.27
[seg 10/12] step=221 E_raw=65.86126 (+0.249%) var=1.002e+00 kappa(S)=1.05e+07 rank=255 cos_sr=1.000 cos_plain=0.114
[adam 00000] E=65.788086 var=8.8418e-01 sig=0.179 acc~0.5 n=512 |dx|/ell=0.0218 sat=0.00 com_kill=0.58
[adam 00047] E=65.847342 var=7.6578e-01 sig=0.174 acc~0.5 n=512 |dx|/ell=0.0304 sat=0.00 com_kill=0.31
[adam 00093] E=65.823347 var=8.7040e-01 sig=0.174 acc~0.5 n=512 |dx|/ell=0.0284 sat=0.02 com_kill=0.40
[seg 11/12] step=315 E_raw=65.82950 (+0.197%) var=8.135e-01 kappa(S)=1.17e+07 rank=255 cos_sr=1.000 cos_plain=0.156
[adam 00000] E=65.859477 var=7.9462e-01 sig=0.177 acc~0.5 n=512 |dx|/ell=0.0324 sat=0.01 com_kill=0.33
[adam 00067] E=65.747407 var=7.3148e-01 sig=0.175 acc~0.5 n=512 |dx|/ell=0.0223 sat=0.00 com_kill=0.39
[adam 00134] E=65.788283 var=7.4796e-01 sig=0.174 acc~0.5 n=512 |dx|/ell=0.0235 sat=0.00 com_kill=0.34
[seg 12/12] step=450 E_raw=65.76967 (+0.106%) var=7.472e-01 kappa(S)=5.58e+06 rank=255 cos_sr=1.000 cos_plain=0.143
[phase] training done in 45.2 min
[phase] summary:
{
  "N": 12,
  "omega": 1.0,
  "arch": "deepset_big",
  "n_params": 216757,
  "final": {
    "E_mean": 65.77739764242624,
    "E_mean_raw": 65.77739764242624,
    "E_stderr": 0.046194933771607924,
    "var_EL": 0.6786249393576809,
    "n_samples": 256,
    "frac_clipped": 0.0,
    "ref_energy": 65.7001,
    "error_pct": 0.11765224470926383,
    "error_sigma": 1.6732926343914212
  },
  "energy_raw": 65.77739764242624,
  "error_pct_raw": 0.11765224470926383,
  "energy_zv": 65.42862624930225,
  "error_pct_zv": -0.4132014269350448,
  "zv_n_points": 6,
  "spectrum": {
    "lam_max": 354.2505930963543,
    "lam_min_supported": 0.000552052554284674,
    "effective_rank": 4.480782915031579,
    "numerical_rank": 127,
    "condition_number": 641697.2267348297,
    "n_params": 216757,
    "n_samples": 128
  },
  "alignment": {
    "cos_sr": 0.9999999999999998,
    "cos_plain": 0.2834274038227422,
    "rep_fraction": 0.9999999999999998,
    "ntk_condition": 641697.2267351093,
    "ntk_eff_rank": 4.48078291503158,
    "ntk_numerical_rank": 127
  },
  "n_align_samples": 128
}
