[08-10 20:45:02] 12 groups x 4 cells over 4 free GPUs [0, 1, 2, 3]
[08-10 20:45:02] GPU0 start group N=2 s0 w1
[08-10 20:45:02] GPU1 start group N=2 s0 w0p1
[08-10 20:45:02] GPU2 start group N=2 s0 w0p01
[08-10 20:45:02] GPU3 start group N=2 s1 w1
[08-10 21:53:02] done: base_N2_s0_w0p1 (attempt 1)
[08-10 21:53:02] done: base_N2_s0_w1 (attempt 1)
[08-10 21:53:02] done: base_N2_s1_w1 (attempt 1)
[08-10 21:55:02] done: base_N2_s0_w0p01 (attempt 1)
[08-10 22:21:02] done: N2_s0_w0p1_vmc_adam (attempt 1)
[08-10 22:21:02] done: N2_s0_w1_vmc_adam (attempt 1)
[08-10 22:21:02] done: N2_s1_w1_vmc_adam (attempt 1)
[08-10 22:23:02] done: N2_s0_w0p01_vmc_adam (attempt 1)
[08-10 22:23:02] FAILED N2_s0_w0p1_vmc_sr attempt 1 (OOM)
[08-10 22:23:02] FAILED N2_s0_w1_vmc_sr attempt 1 (OOM)
[08-10 22:23:02] FAILED N2_s1_w1_vmc_sr attempt 1 (OOM)
[08-10 22:25:02] FAILED N2_s0_w0p01_vmc_sr attempt 1 (OOM)
[08-10 22:25:02] FAILED N2_s0_w0p1_vmc_sr attempt 2 (OOM)
[08-10 22:25:02] FAILED N2_s0_w1_vmc_sr attempt 2 (OOM)
[08-10 22:25:02] FAILED N2_s1_w1_vmc_sr attempt 2 (OOM)
[08-10 22:27:02] FAILED N2_s0_w0p1_vmc_sr attempt 3 (OOM)
[08-10 22:27:02] GIVING UP on N2_s0_w0p1_vmc_sr
[08-10 22:27:02] FAILED N2_s0_w0p01_vmc_sr attempt 2 (OOM)
[08-10 22:27:02] FAILED N2_s0_w1_vmc_sr attempt 3 (OOM)
[08-10 22:27:02] GIVING UP on N2_s0_w1_vmc_sr
[08-10 22:27:02] FAILED N2_s1_w1_vmc_sr attempt 3 (OOM)
[08-10 22:27:02] GIVING UP on N2_s1_w1_vmc_sr
[08-10 22:29:02] FAILED N2_s0_w0p01_vmc_sr attempt 3 (OOM)
[08-10 22:29:02] GIVING UP on N2_s0_w0p01_vmc_sr
[08-10 22:33:02] done: N2_s0_w0p1_colloc_adam (attempt 1)
[08-10 22:33:02] done: N2_s0_w1_colloc_adam (attempt 1)
[08-10 22:33:02] done: N2_s1_w1_colloc_adam (attempt 1)
[08-10 22:35:02] done: N2_s0_w0p01_colloc_adam (attempt 1)
[08-10 23:30:12] 12 groups x 4 cells over 4 free GPUs [0, 1, 2, 3]
[08-10 23:30:12] GPU0 start group N=2 s0 w1
[08-10 23:30:12] GPU1 start group N=2 s0 w0p1
[08-10 23:30:12] GPU2 start group N=2 s0 w0p01
[08-10 23:30:12] GPU3 start group N=2 s1 w1
[08-10 23:30:12] skip (done): base_N2_s0_w1
[08-10 23:30:12] skip (done): base_N2_s0_w0p1
[08-10 23:30:12] skip (done): base_N2_s0_w0p01
[08-10 23:30:12] skip (done): base_N2_s1_w1
[08-10 23:30:12] skip (done): N2_s0_w1_vmc_adam
[08-10 23:30:12] skip (done): N2_s0_w0p1_vmc_adam
[08-10 23:30:12] skip (done): N2_s0_w0p01_vmc_adam
[08-10 23:30:12] skip (done): N2_s1_w1_vmc_adam
[08-11 01:50:12] done: N2_s1_w1_vmc_sr (attempt 1)
[08-11 01:50:12] skip (done): N2_s1_w1_colloc_adam
[08-11 01:52:12] done: N2_s0_w0p1_vmc_sr (attempt 1)
[08-11 01:52:12] skip (done): N2_s0_w0p1_colloc_adam
[08-11 01:54:12] done: N2_s0_w1_vmc_sr (attempt 1)
[08-11 01:54:12] skip (done): N2_s0_w1_colloc_adam
[08-11 01:54:12] done: N2_s0_w0p01_vmc_sr (attempt 1)
[08-11 01:54:12] skip (done): N2_s0_w0p01_colloc_adam
[08-11 03:58:14] done: N2_s1_w1_colloc_sr (attempt 1)
[08-11 03:58:14] GPU3 start group N=2 s1 w0p1
[08-11 04:02:14] done: N2_s0_w0p1_colloc_sr (attempt 1)
[08-11 04:02:14] GPU1 start group N=2 s1 w0p01
[08-11 04:06:14] done: N2_s0_w0p01_colloc_sr (attempt 1)
[08-11 04:06:14] done: N2_s0_w1_colloc_sr (attempt 1)
[08-11 04:06:14] GPU2 start group N=6 s0 w1
[08-11 04:06:14] GPU0 start group N=6 s0 w0p1
[08-11 05:14:15] done: base_N2_s1_w0p1 (attempt 1)
[08-11 05:18:15] done: base_N2_s1_w0p01 (attempt 1)
[08-11 05:44:16] done: N2_s1_w0p1_vmc_adam (attempt 1)
[08-11 05:48:16] done: N2_s1_w0p01_vmc_adam (attempt 1)
[08-11 08:10:17] done: N2_s1_w0p1_vmc_sr (attempt 1)
[08-11 08:16:17] done: N2_s1_w0p01_vmc_sr (attempt 1)
[08-11 08:16:17] done: N2_s1_w0p1_colloc_adam (attempt 1)
[08-11 08:22:17] done: N2_s1_w0p01_colloc_adam (attempt 1)
[08-11 09:12:17] done: base_N6_s0_w0p1 (attempt 1)
[08-11 09:12:17] done: base_N6_s0_w1 (attempt 1)
[08-11 10:56:18] done: N2_s1_w0p1_colloc_sr (attempt 1)
[08-11 10:56:18] GPU3 start group N=6 s0 w0p01
[08-11 11:22:18] done: N2_s1_w0p01_colloc_sr (attempt 1)
[08-11 11:22:18] GPU1 start group N=6 s1 w1
[08-11 11:30:19] done: N6_s0_w1_vmc_adam (attempt 1)
[08-11 11:48:19] done: N6_s0_w0p1_vmc_adam (attempt 1)
[08-11 16:38:24] done: base_N6_s0_w0p01 (attempt 1)
[08-11 17:10:24] done: base_N6_s1_w1 (attempt 1)
[08-11 17:40:25] STALL (120m): killing N6_s0_w1_vmc_sr attempt 1
[08-11 17:40:25] FAILED N6_s0_w1_vmc_sr attempt 1
[08-11 18:04:25] STALL (121m): killing N6_s0_w0p1_vmc_sr attempt 1
[08-11 18:04:25] FAILED N6_s0_w0p1_vmc_sr attempt 1
[08-11 18:56:26] done: N6_s0_w0p01_vmc_adam (attempt 1)
[08-11 19:26:27] done: N6_s1_w1_vmc_adam (attempt 1)
[08-11 23:56:31] STALL (121m): killing N6_s0_w1_vmc_sr attempt 2
[08-11 23:56:31] FAILED N6_s0_w1_vmc_sr attempt 2
[08-12 00:12:32] STALL (120m): killing N6_s0_w0p1_vmc_sr attempt 2
[08-12 00:12:32] FAILED N6_s0_w0p1_vmc_sr attempt 2
[08-12 01:00:33] STALL (121m): killing N6_s0_w0p01_vmc_sr attempt 1
[08-12 01:00:33] FAILED N6_s0_w0p01_vmc_sr attempt 1
[08-12 01:34:33] STALL (120m): killing N6_s1_w1_vmc_sr attempt 1
[08-12 01:34:33] FAILED N6_s1_w1_vmc_sr attempt 1
[08-12 04:12:33] done: N6_s0_w1_vmc_sr (attempt 3)
[08-12 04:28:33] done: N6_s0_w0p1_vmc_sr (attempt 3)
[08-12 04:38:33] done: N6_s0_w1_colloc_adam (attempt 1)
[08-12 04:54:33] done: N6_s0_w0p1_colloc_adam (attempt 1)
[08-12 06:58:33] STALL (121m): killing N6_s0_w0p01_vmc_sr attempt 2
[08-12 06:58:33] FAILED N6_s0_w0p01_vmc_sr attempt 2
[08-12 07:36:33] STALL (120m): killing N6_s1_w1_vmc_sr attempt 2
[08-12 07:36:33] FAILED N6_s1_w1_vmc_sr attempt 2
[08-12 11:04:33] done: N6_s0_w0p01_vmc_sr (attempt 3)
[08-12 11:28:34] done: N6_s0_w0p01_colloc_adam (attempt 1)
[08-12 11:48:34] done: N6_s1_w1_vmc_sr (attempt 3)
[08-12 12:14:34] done: N6_s1_w1_colloc_adam (attempt 1)
[08-12 12:24:34] done: N6_s0_w1_colloc_sr (attempt 1)
[08-12 12:24:34] GPU2 start group N=6 s1 w0p1
[08-12 12:40:34] done: N6_s0_w0p1_colloc_sr (attempt 1)
[08-12 12:40:34] GPU0 start group N=6 s1 w0p01
[08-12 17:30:20] done: base_N6_s1_w0p1 (attempt 1)
[08-12 17:46:20] done: base_N6_s1_w0p01 (attempt 1)
[08-12 19:04:20] done: N6_s0_w0p01_colloc_sr (attempt 1)
[08-12 19:30:20] done: N6_s1_w0p1_vmc_adam (attempt 1)
[08-12 19:44:20] done: N6_s1_w0p01_vmc_adam (attempt 1)
[08-12 19:58:20] done: N6_s1_w1_colloc_sr (attempt 1)
[08-13 01:36:21] STALL (121m): killing N6_s1_w0p1_vmc_sr attempt 1
[08-13 01:36:21] FAILED N6_s1_w0p1_vmc_sr attempt 1
[08-13 01:50:21] STALL (121m): killing N6_s1_w0p01_vmc_sr attempt 1
[08-13 01:50:21] FAILED N6_s1_w0p01_vmc_sr attempt 1
[08-13 07:40:21] STALL (121m): killing N6_s1_w0p1_vmc_sr attempt 2
[08-13 07:40:21] FAILED N6_s1_w0p1_vmc_sr attempt 2
[08-13 08:16:21] STALL (121m): killing N6_s1_w0p01_vmc_sr attempt 2
[08-13 08:16:21] FAILED N6_s1_w0p01_vmc_sr attempt 2
[08-13 11:54:22] done: N6_s1_w0p1_vmc_sr (attempt 3)
[08-13 12:20:22] done: N6_s1_w0p1_colloc_adam (attempt 1)
[08-13 14:14:22] done: N6_s1_w0p01_vmc_sr (attempt 3)
[08-13 14:40:22] done: N6_s1_w0p01_colloc_adam (attempt 1)
[08-13 20:06:22] done: N6_s1_w0p1_colloc_sr (attempt 1)
[08-13 22:26:22] done: N6_s1_w0p01_colloc_sr (attempt 1)
[08-13 22:26:22] === PARADIGM/OPTIMIZER CAMPAIGN COMPLETE ===
