0
[phase] N=6 omega=0.1 arch=pinn  ->  /itf-fi-ml/home/aleksns/Thesis/results/analysis/2026-08-05_paradigm_optimizer/base_N6_s0_w0p1
0
[phase] params=236,336 device=cuda:0 ref_energy=3.55385
[adam 00000] E=5.520532 var=7.2529e-01 sig=0.578 acc~0.5 n=2048 |dx|/ell=0.0705 sat=0.00 com_kill=0.41
[adam 00031] E=4.981907 var=5.1915e-01 sig=0.606 acc~0.5 n=2048 |dx|/ell=0.2661 sat=0.38 com_kill=0.02
[adam 00061] E=4.910911 var=4.7786e-01 sig=0.615 acc~0.5 n=2048 |dx|/ell=0.2665 sat=0.34 com_kill=0.02
[seg 1/12] step=62 E_raw=4.94692 (+39.199%) var=4.870e-01 kappa(S)=5.66e+10 rank=1023 cos_sr=1.000 cos_plain=0.594
[adam 00000] E=4.908884 var=4.7068e-01 sig=0.625 acc~0.5 n=2048 |dx|/ell=0.2736 sat=0.40 com_kill=0.02
[adam 00013] E=4.896525 var=4.6411e-01 sig=0.618 acc~0.5 n=2048 |dx|/ell=0.2658 sat=0.33 com_kill=0.02
[adam 00025] E=4.888022 var=4.6695e-01 sig=0.618 acc~0.5 n=2048 |dx|/ell=0.2750 sat=0.42 com_kill=0.02
[seg 2/12] step=88 E_raw=4.88080 (+37.338%) var=5.130e-01 kappa(S)=2.90e+10 rank=1023 cos_sr=1.000 cos_plain=0.656
[adam 00000] E=4.897641 var=4.6145e-01 sig=0.631 acc~0.5 n=2048 |dx|/ell=0.2685 sat=0.37 com_kill=0.03
[adam 00019] E=4.812936 var=4.5797e-01 sig=0.623 acc~0.5 n=2048 |dx|/ell=0.2700 sat=0.37 com_kill=0.02
[adam 00037] E=4.766158 var=4.2128e-01 sig=0.625 acc~0.5 n=2048 |dx|/ell=0.2716 sat=0.42 com_kill=0.02
[seg 3/12] step=126 E_raw=4.80386 (+35.148%) var=4.117e-01 kappa(S)=5.75e+09 rank=1023 cos_sr=1.000 cos_plain=0.551
[adam 00000] E=4.791920 var=4.5271e-01 sig=0.635 acc~0.5 n=2048 |dx|/ell=0.2684 sat=0.39 com_kill=0.03
[adam 00026] E=4.729618 var=4.1154e-01 sig=0.633 acc~0.5 n=2048 |dx|/ell=0.2755 sat=0.44 com_kill=0.02
[adam 00052] E=4.655222 var=4.0178e-01 sig=0.640 acc~0.5 n=2048 |dx|/ell=0.2730 sat=0.41 com_kill=0.01
[seg 4/12] step=179 E_raw=4.67756 (+31.407%) var=4.039e-01 kappa(S)=6.91e+08 rank=1023 cos_sr=1.000 cos_plain=0.610
[adam 00000] E=4.657980 var=4.1894e-01 sig=0.653 acc~0.5 n=2048 |dx|/ell=0.2590 sat=0.37 com_kill=0.04
[adam 00037] E=4.549220 var=3.5382e-01 sig=0.661 acc~0.5 n=2048 |dx|/ell=0.2737 sat=0.41 com_kill=0.02
[adam 00074] E=4.398827 var=3.1934e-01 sig=0.683 acc~0.5 n=2048 |dx|/ell=0.2814 sat=0.43 com_kill=0.02
[seg 5/12] step=254 E_raw=4.42906 (+24.291%) var=3.745e-01 kappa(S)=1.18e+08 rank=1023 cos_sr=1.000 cos_plain=0.763
[adam 00000] E=4.409312 var=3.1078e-01 sig=0.695 acc~0.5 n=2048 |dx|/ell=0.2758 sat=0.40 com_kill=0.02
[adam 00054] E=4.152144 var=2.2696e-01 sig=0.726 acc~0.5 n=2048 |dx|/ell=0.2792 sat=0.37 com_kill=0.02
[adam 00107] E=3.743591 var=1.0130e-01 sig=0.848 acc~0.5 n=2048 |dx|/ell=0.2295 sat=0.12 com_kill=0.07
[seg 6/12] step=362 E_raw=3.73956 (+4.782%) var=1.032e-01 kappa(S)=1.53e+08 rank=1023 cos_sr=1.000 cos_plain=0.290
[adam 00000] E=3.744409 var=9.6038e-02 sig=0.859 acc~0.5 n=2048 |dx|/ell=0.1858 sat=0.09 com_kill=0.23
[adam 00076] E=3.600955 var=1.7430e-02 sig=0.903 acc~0.5 n=2048 |dx|/ell=0.1714 sat=0.00 com_kill=0.08
[adam 00151] E=3.580018 var=9.6987e-03 sig=0.894 acc~0.5 n=2048 |dx|/ell=0.1501 sat=0.00 com_kill=0.09
[seg 7/12] step=514 E_raw=3.58611 (+0.890%) var=1.051e-02 kappa(S)=4.03e+06 rank=1023 cos_sr=1.000 cos_plain=0.198
[adam 00000] E=3.580708 var=9.7991e-03 sig=0.906 acc~0.5 n=2048 |dx|/ell=0.1452 sat=0.00 com_kill=0.13
[adam 00109] E=3.569380 var=5.3379e-03 sig=0.887 acc~0.5 n=2048 |dx|/ell=0.1152 sat=0.00 com_kill=0.10
[adam 00217] E=3.566653 var=5.0314e-03 sig=0.887 acc~0.5 n=2048 |dx|/ell=0.1150 sat=0.00 com_kill=0.10
[seg 8/12] step=732 E_raw=3.56809 (+0.402%) var=5.106e-03 kappa(S)=3.05e+06 rank=1023 cos_sr=1.000 cos_plain=0.126
[adam 00000] E=3.568606 var=4.9951e-03 sig=0.899 acc~0.5 n=2048 |dx|/ell=0.1347 sat=0.00 com_kill=0.04
[adam 00154] E=3.561814 var=3.9081e-03 sig=0.889 acc~0.5 n=2048 |dx|/ell=0.1071 sat=0.00 com_kill=0.04
[adam 00308] E=3.564065 var=3.6359e-03 sig=0.887 acc~0.5 n=2048 |dx|/ell=0.1162 sat=0.00 com_kill=0.04
[seg 9/12] step=1041 E_raw=3.56366 (+0.276%) var=3.981e-03 kappa(S)=2.23e+06 rank=1023 cos_sr=1.000 cos_plain=0.156
[adam 00000] E=3.562835 var=3.6827e-03 sig=0.894 acc~0.5 n=2048 |dx|/ell=0.1158 sat=0.00 com_kill=0.05
[adam 00220] E=3.560693 var=3.3806e-03 sig=0.883 acc~0.5 n=2048 |dx|/ell=0.1294 sat=0.00 com_kill=0.02
[adam 00440] E=3.558474 var=2.8358e-03 sig=0.882 acc~0.5 n=2048 |dx|/ell=0.1266 sat=0.00 com_kill=0.02
[seg 10/12] step=1482 E_raw=3.56225 (+0.233%) var=3.432e-03 kappa(S)=1.27e+06 rank=1023 cos_sr=1.000 cos_plain=0.219
[adam 00000] E=3.561853 var=3.1388e-03 sig=0.888 acc~0.5 n=2048 |dx|/ell=0.1508 sat=0.00 com_kill=0.02
[adam 00313] E=3.561238 var=2.7300e-03 sig=0.883 acc~0.5 n=2048 |dx|/ell=0.1436 sat=0.00 com_kill=0.02
[adam 00625] E=3.557238 var=1.9082e-03 sig=0.889 acc~0.5 n=2048 |dx|/ell=0.1423 sat=0.00 com_kill=0.02
[seg 11/12] step=2108 E_raw=3.55697 (+0.089%) var=2.240e-03 kappa(S)=8.73e+05 rank=1023 cos_sr=1.000 cos_plain=0.119
[adam 00000] E=3.558476 var=2.1956e-03 sig=0.897 acc~0.5 n=2048 |dx|/ell=0.1524 sat=0.00 com_kill=0.03
[adam 00446] E=3.554567 var=9.0614e-04 sig=0.896 acc~0.5 n=2048 |dx|/ell=0.1454 sat=0.00 com_kill=0.03
[adam 00891] E=3.552312 var=7.6886e-04 sig=0.898 acc~0.5 n=2048 |dx|/ell=0.1553 sat=0.00 com_kill=0.02
[seg 12/12] step=3000 E_raw=3.55355 (-0.012%) var=8.760e-04 kappa(S)=6.75e+05 rank=1023 cos_sr=1.000 cos_plain=0.193
[phase] training done in 227.1 min
[adam 00000] E=3.553377 var=7.2641e-04 sig=0.901 acc~0.5 n=4096 |dx|/ell=0.1569 sat=0.00 com_kill=0.02
[adam 00125] E=3.553284 var=6.6154e-04 sig=0.893 acc~0.5 n=4096 |dx|/ell=0.1627 sat=0.00 com_kill=0.02
[adam 00250] E=3.553065 var=6.6836e-04 sig=0.895 acc~0.5 n=4096 |dx|/ell=0.1684 sat=0.00 com_kill=0.02
[adam 00375] E=3.552974 var=6.8355e-04 sig=0.895 acc~0.5 n=4096 |dx|/ell=0.1644 sat=0.00 com_kill=0.02
[adam 00499] E=3.553341 var=6.6958e-04 sig=0.895 acc~0.5 n=4096 |dx|/ell=0.1678 sat=0.00 com_kill=0.02
[phase] summary:
{
  "N": 6,
  "omega": 0.1,
  "arch": "pinn",
  "n_params": 236336,
  "final": {
    "E_mean": 3.552891432754668,
    "E_mean_raw": 3.5534844766286575,
    "E_stderr": 0.00028411860781127904,
    "var_EL": 0.0008210467207726649,
    "n_samples": 8192,
    "frac_clipped": 0.0113525390625,
    "ref_energy": 3.55385,
    "error_pct": -0.02697264221428242,
    "error_sigma": -3.373827757064711
  },
  "energy_raw": 3.5534844766286575,
  "error_pct_raw": -0.01028527853856121,
  "energy_zv": 3.550304780290478,
  "error_pct_zv": -0.09975715659135981,
  "zv_n_points": 6,
  "spectrum": {
    "lam_max": 52.253341059025225,
    "lam_min_supported": 1.1039198604301948e-05,
    "effective_rank": 7.659818177829751,
    "numerical_rank": 2047,
    "condition_number": 4733436.088255739,
    "n_params": 236336,
    "n_samples": 2048
  },
  "alignment": {
    "cos_sr": 1.0,
    "cos_plain": 0.08250302645334237,
    "rep_fraction": 1.0,
    "ntk_condition": 4733436.088255377,
    "ntk_eff_rank": 7.659818177829754,
    "ntk_numerical_rank": 2047
  },
  "n_align_samples": 2048
}
