0
[phase] N=6 omega=1.0 arch=pinn  ->  /itf-fi-ml/home/aleksns/Thesis/results/analysis/2026-08-05_paradigm_optimizer/base_N6_s0_w1
0
[phase] params=236,336 device=cuda:0 ref_energy=20.15932
[adam 00000] E=21.741731 var=4.8446e+00 sig=0.244 acc~0.5 n=2048 |dx|/ell=0.2733 sat=0.00 com_kill=0.32
[adam 00031] E=20.364264 var=8.8401e-01 sig=0.283 acc~0.5 n=2048 |dx|/ell=0.5167 sat=0.00 com_kill=0.02
[adam 00061] E=20.292309 var=4.8252e-01 sig=0.281 acc~0.5 n=2048 |dx|/ell=0.5156 sat=0.00 com_kill=0.00
[seg 1/12] step=62 E_raw=20.29934 (+0.692%) var=5.273e-01 kappa(S)=8.69e+09 rank=1023 cos_sr=1.000 cos_plain=0.123
[adam 00000] E=20.309756 var=5.2041e-01 sig=0.282 acc~0.5 n=2048 |dx|/ell=0.4877 sat=0.00 com_kill=0.01
[adam 00013] E=20.310284 var=5.1629e-01 sig=0.281 acc~0.5 n=2048 |dx|/ell=0.5109 sat=0.00 com_kill=0.01
[adam 00025] E=20.271857 var=3.8627e-01 sig=0.281 acc~0.5 n=2048 |dx|/ell=0.4986 sat=0.00 com_kill=0.00
[seg 2/12] step=88 E_raw=20.26155 (+0.507%) var=4.009e-01 kappa(S)=2.24e+09 rank=1023 cos_sr=1.000 cos_plain=0.129
[adam 00000] E=20.247178 var=3.9939e-01 sig=0.284 acc~0.5 n=2048 |dx|/ell=0.5029 sat=0.00 com_kill=0.00
[adam 00019] E=20.211276 var=3.6456e-01 sig=0.281 acc~0.5 n=2048 |dx|/ell=0.4867 sat=0.00 com_kill=0.00
[adam 00037] E=20.232758 var=3.2515e-01 sig=0.281 acc~0.5 n=2048 |dx|/ell=0.4715 sat=0.00 com_kill=0.00
[seg 3/12] step=126 E_raw=20.25719 (+0.485%) var=3.113e-01 kappa(S)=3.51e+09 rank=1023 cos_sr=1.000 cos_plain=0.088
[adam 00000] E=20.243662 var=3.1562e-01 sig=0.283 acc~0.5 n=2048 |dx|/ell=0.5000 sat=0.00 com_kill=0.00
[adam 00026] E=20.247847 var=2.9397e-01 sig=0.282 acc~0.5 n=2048 |dx|/ell=0.4681 sat=0.00 com_kill=0.00
[adam 00052] E=20.218618 var=2.8378e-01 sig=0.281 acc~0.5 n=2048 |dx|/ell=0.4485 sat=0.00 com_kill=0.00
[seg 4/12] step=179 E_raw=20.22940 (+0.348%) var=2.763e-01 kappa(S)=1.20e+09 rank=1023 cos_sr=1.000 cos_plain=0.088
[adam 00000] E=20.204260 var=2.8604e-01 sig=0.283 acc~0.5 n=2048 |dx|/ell=0.4768 sat=0.00 com_kill=0.00
[adam 00037] E=20.212217 var=2.5222e-01 sig=0.281 acc~0.5 n=2048 |dx|/ell=0.4203 sat=0.00 com_kill=0.01
[adam 00074] E=20.208145 var=2.7132e-01 sig=0.280 acc~0.5 n=2048 |dx|/ell=0.3926 sat=0.00 com_kill=0.01
[seg 5/12] step=254 E_raw=20.18673 (+0.141%) var=2.848e-01 kappa(S)=9.82e+08 rank=1023 cos_sr=1.000 cos_plain=0.066
[adam 00000] E=20.217579 var=2.7476e-01 sig=0.282 acc~0.5 n=2048 |dx|/ell=0.3969 sat=0.00 com_kill=0.01
[adam 00054] E=20.208466 var=2.6270e-01 sig=0.280 acc~0.5 n=2048 |dx|/ell=0.3656 sat=0.00 com_kill=0.01
[adam 00107] E=20.231238 var=2.6378e-01 sig=0.279 acc~0.5 n=2048 |dx|/ell=0.3326 sat=0.00 com_kill=0.02
[seg 6/12] step=362 E_raw=20.20815 (+0.268%) var=2.963e-01 kappa(S)=5.92e+08 rank=1023 cos_sr=1.000 cos_plain=0.075
[adam 00000] E=20.205148 var=2.3159e-01 sig=0.283 acc~0.5 n=2048 |dx|/ell=0.2955 sat=0.00 com_kill=0.02
[adam 00076] E=20.206432 var=2.2045e-01 sig=0.278 acc~0.5 n=2048 |dx|/ell=0.2865 sat=0.00 com_kill=0.03
[adam 00151] E=20.178865 var=1.9259e-01 sig=0.278 acc~0.5 n=2048 |dx|/ell=0.2702 sat=0.00 com_kill=0.05
[seg 7/12] step=514 E_raw=20.17710 (+0.095%) var=2.234e-01 kappa(S)=2.50e+08 rank=1023 cos_sr=1.000 cos_plain=0.123
[adam 00000] E=20.179614 var=1.9086e-01 sig=0.281 acc~0.5 n=2048 |dx|/ell=0.2103 sat=0.00 com_kill=0.07
[adam 00109] E=20.170506 var=1.5023e-01 sig=0.278 acc~0.5 n=2048 |dx|/ell=0.2252 sat=0.00 com_kill=0.09
[adam 00217] E=20.175212 var=1.1651e-01 sig=0.278 acc~0.5 n=2048 |dx|/ell=0.1880 sat=0.00 com_kill=0.11
[seg 8/12] step=732 E_raw=20.17483 (+0.079%) var=1.426e-01 kappa(S)=8.23e+07 rank=1023 cos_sr=1.000 cos_plain=0.083
[adam 00000] E=20.162685 var=1.1468e-01 sig=0.280 acc~0.5 n=2048 |dx|/ell=0.1788 sat=0.00 com_kill=0.14
[adam 00154] E=20.170576 var=8.2801e-02 sig=0.278 acc~0.5 n=2048 |dx|/ell=0.1433 sat=0.00 com_kill=0.29
[adam 00308] E=20.155886 var=6.1387e-02 sig=0.279 acc~0.5 n=2048 |dx|/ell=0.1025 sat=0.00 com_kill=0.47
[seg 9/12] step=1041 E_raw=20.17325 (+0.052%) var=7.418e-02 kappa(S)=3.69e+07 rank=1023 cos_sr=1.000 cos_plain=0.146
[adam 00000] E=20.154929 var=6.2539e-02 sig=0.281 acc~0.5 n=2048 |dx|/ell=0.1022 sat=0.00 com_kill=0.51
[adam 00220] E=20.158457 var=5.3456e-02 sig=0.279 acc~0.5 n=2048 |dx|/ell=0.0773 sat=0.00 com_kill=0.68
[adam 00440] E=20.146226 var=4.4602e-02 sig=0.280 acc~0.5 n=2048 |dx|/ell=0.0745 sat=0.00 com_kill=0.75
[seg 10/12] step=1482 E_raw=20.15555 (-0.018%) var=4.762e-02 kappa(S)=2.30e+07 rank=1023 cos_sr=1.000 cos_plain=0.094
[adam 00000] E=20.161003 var=4.4109e-02 sig=0.280 acc~0.5 n=2048 |dx|/ell=0.0811 sat=0.00 com_kill=0.72
[adam 00313] E=20.156853 var=3.8395e-02 sig=0.279 acc~0.5 n=2048 |dx|/ell=0.0737 sat=0.00 com_kill=0.79
[adam 00625] E=20.156613 var=3.7467e-02 sig=0.279 acc~0.5 n=2048 |dx|/ell=0.0778 sat=0.00 com_kill=0.79
[seg 11/12] step=2108 E_raw=20.15684 (-0.026%) var=4.226e-02 kappa(S)=1.06e+07 rank=1023 cos_sr=1.000 cos_plain=0.069
[adam 00000] E=20.158936 var=3.3623e-02 sig=0.282 acc~0.5 n=2048 |dx|/ell=0.0688 sat=0.00 com_kill=0.82
[adam 00446] E=20.148482 var=2.5937e-02 sig=0.278 acc~0.5 n=2048 |dx|/ell=0.0780 sat=0.00 com_kill=0.82
[adam 00891] E=20.161213 var=2.3317e-02 sig=0.279 acc~0.5 n=2048 |dx|/ell=0.0768 sat=0.00 com_kill=0.84
[seg 12/12] step=3000 E_raw=20.15478 (-0.012%) var=2.690e-02 kappa(S)=6.20e+06 rank=1023 cos_sr=1.000 cos_plain=0.140
[phase] training done in 227.3 min
[adam 00000] E=20.157926 var=2.3399e-02 sig=0.281 acc~0.5 n=4096 |dx|/ell=0.0755 sat=0.00 com_kill=0.84
[adam 00125] E=20.154802 var=2.1244e-02 sig=0.278 acc~0.5 n=4096 |dx|/ell=0.0782 sat=0.00 com_kill=0.83
[adam 00250] E=20.155175 var=2.2322e-02 sig=0.279 acc~0.5 n=4096 |dx|/ell=0.0812 sat=0.00 com_kill=0.82
[adam 00375] E=20.157341 var=2.0333e-02 sig=0.279 acc~0.5 n=4096 |dx|/ell=0.0861 sat=0.00 com_kill=0.81
[adam 00499] E=20.156988 var=2.1184e-02 sig=0.279 acc~0.5 n=4096 |dx|/ell=0.0839 sat=0.00 com_kill=0.81
[phase] summary:
{
  "N": 6,
  "omega": 1.0,
  "arch": "pinn",
  "n_params": 236336,
  "final": {
    "E_mean": 20.158427217128313,
    "E_mean_raw": 20.15895890002876,
    "E_stderr": 0.00203720110530314,
    "var_EL": 0.026592464719692874,
    "n_samples": 8192,
    "frac_clipped": 0.0152587890625,
    "ref_energy": 20.15932,
    "error_pct": -0.004428635845295446,
    "error_sigma": -0.4382399309345386
  },
  "energy_raw": 20.15895890002876,
  "error_pct_raw": -0.0017912309107648901,
  "energy_zv": 20.15165836188221,
  "error_pct_zv": -0.0380054392598167,
  "zv_n_points": 6,
  "spectrum": {
    "lam_max": 42.87115536553929,
    "lam_min_supported": 1.131432005173474e-06,
    "effective_rank": 4.030297392007375,
    "numerical_rank": 2047,
    "condition_number": 37891057.67691817,
    "n_params": 236336,
    "n_samples": 2048
  },
  "alignment": {
    "cos_sr": 1.0,
    "cos_plain": 0.05520319558317023,
    "rep_fraction": 1.0,
    "ntk_condition": 37891057.67463968,
    "ntk_eff_rank": 4.030297392007373,
    "ntk_numerical_rank": 2047
  },
  "n_align_samples": 2048
}
