0
[phase] N=2 omega=0.5 arch=pinn  ->  results/analysis/2026-08-28_n2_colloc_extra/base_N2_s0_w0p5
0
[phase] params=236,336 device=cuda:0 ref_energy=1.65977
[adam 00000] E=1.831871 var=3.5080e-01 sig=0.721 acc~0.5 n=2048 |dx|/ell=0.1076 sat=0.00 com_kill=0.60
[adam 00031] E=1.679666 var=4.9571e-02 sig=0.812 acc~0.5 n=2048 |dx|/ell=0.5195 sat=0.34 com_kill=0.11
[adam 00061] E=1.661311 var=1.8317e-02 sig=0.822 acc~0.5 n=2048 |dx|/ell=0.5315 sat=0.27 com_kill=0.07
[seg 1/12] step=62 E_raw=1.66480 (+0.203%) var=2.139e-02 kappa(S)=9.91e+11 rank=806 cos_sr=0.999 cos_plain=0.312
[adam 00000] E=1.657477 var=1.7130e-02 sig=0.822 acc~0.5 n=2048 |dx|/ell=0.4788 sat=0.34 com_kill=0.18
[adam 00013] E=1.660956 var=9.7125e-03 sig=0.823 acc~0.5 n=2048 |dx|/ell=0.5077 sat=0.28 com_kill=0.10
[adam 00025] E=1.662037 var=4.5945e-03 sig=0.827 acc~0.5 n=2048 |dx|/ell=0.5056 sat=0.24 com_kill=0.10
[seg 2/12] step=88 E_raw=1.66825 (+0.505%) var=5.077e-03 kappa(S)=9.68e+11 rank=830 cos_sr=0.999 cos_plain=0.173
[adam 00000] E=1.660924 var=4.8950e-03 sig=0.826 acc~0.5 n=2048 |dx|/ell=0.4775 sat=0.21 com_kill=0.13
[adam 00019] E=1.658925 var=1.8478e-03 sig=0.826 acc~0.5 n=2048 |dx|/ell=0.4720 sat=0.14 com_kill=0.11
[adam 00037] E=1.660017 var=1.1189e-03 sig=0.826 acc~0.5 n=2048 |dx|/ell=0.4734 sat=0.14 com_kill=0.11
[seg 3/12] step=126 E_raw=1.66018 (+0.008%) var=1.410e-03 kappa(S)=1.00e+12 rank=832 cos_sr=1.000 cos_plain=0.216
[adam 00000] E=1.658836 var=1.0990e-03 sig=0.819 acc~0.5 n=2048 |dx|/ell=0.4432 sat=0.18 com_kill=0.17
[adam 00026] E=1.659785 var=9.9289e-04 sig=0.824 acc~0.5 n=2048 |dx|/ell=0.4574 sat=0.07 com_kill=0.10
[adam 00052] E=1.659686 var=6.2309e-04 sig=0.823 acc~0.5 n=2048 |dx|/ell=0.4443 sat=0.07 com_kill=0.11
[seg 4/12] step=179 E_raw=1.66097 (+0.067%) var=6.824e-04 kappa(S)=9.88e+11 rank=870 cos_sr=1.000 cos_plain=0.233
[adam 00000] E=1.660302 var=5.4175e-04 sig=0.817 acc~0.5 n=2048 |dx|/ell=0.4593 sat=0.05 com_kill=0.09
[adam 00037] E=1.661179 var=3.9781e-04 sig=0.823 acc~0.5 n=2048 |dx|/ell=0.4238 sat=0.03 com_kill=0.11
[adam 00074] E=1.659497 var=1.6419e-04 sig=0.823 acc~0.5 n=2048 |dx|/ell=0.4213 sat=0.03 com_kill=0.11
[seg 5/12] step=254 E_raw=1.65991 (+0.009%) var=1.451e-04 kappa(S)=9.87e+11 rank=843 cos_sr=1.000 cos_plain=0.221
[adam 00000] E=1.660426 var=1.5049e-04 sig=0.819 acc~0.5 n=2048 |dx|/ell=0.4073 sat=0.05 com_kill=0.13
[adam 00054] E=1.659752 var=6.6113e-05 sig=0.824 acc~0.5 n=2048 |dx|/ell=0.4144 sat=0.02 com_kill=0.11
[adam 00107] E=1.659735 var=3.5035e-05 sig=0.824 acc~0.5 n=2048 |dx|/ell=0.4194 sat=0.03 com_kill=0.11
[seg 6/12] step=362 E_raw=1.65946 (-0.012%) var=3.802e-05 kappa(S)=9.83e+11 rank=823 cos_sr=1.000 cos_plain=0.123
[adam 00000] E=1.659644 var=3.1893e-05 sig=0.817 acc~0.5 n=2048 |dx|/ell=0.4298 sat=0.02 com_kill=0.07
[adam 00076] E=1.659783 var=2.7778e-05 sig=0.823 acc~0.5 n=2048 |dx|/ell=0.4101 sat=0.01 com_kill=0.08
[adam 00151] E=1.659796 var=1.6593e-05 sig=0.825 acc~0.5 n=2048 |dx|/ell=0.4134 sat=0.01 com_kill=0.09
[seg 7/12] step=514 E_raw=1.65938 (-0.024%) var=1.850e-05 kappa(S)=9.82e+11 rank=821 cos_sr=1.000 cos_plain=0.155
[adam 00000] E=1.659895 var=1.8066e-05 sig=0.821 acc~0.5 n=2048 |dx|/ell=0.4219 sat=0.01 com_kill=0.07
[adam 00109] E=1.659503 var=1.2667e-05 sig=0.825 acc~0.5 n=2048 |dx|/ell=0.3990 sat=0.01 com_kill=0.07
[adam 00217] E=1.659686 var=8.2105e-06 sig=0.823 acc~0.5 n=2048 |dx|/ell=0.3995 sat=0.00 com_kill=0.08
[seg 8/12] step=732 E_raw=1.65983 (-0.008%) var=1.063e-05 kappa(S)=9.96e+11 rank=816 cos_sr=1.000 cos_plain=0.177
[adam 00000] E=1.659652 var=8.3253e-06 sig=0.822 acc~0.5 n=2048 |dx|/ell=0.4099 sat=0.01 com_kill=0.05
[adam 00154] E=1.659605 var=6.8758e-06 sig=0.826 acc~0.5 n=2048 |dx|/ell=0.3881 sat=0.00 com_kill=0.08
[adam 00308] E=1.659646 var=5.3035e-06 sig=0.822 acc~0.5 n=2048 |dx|/ell=0.3880 sat=0.00 com_kill=0.08
[seg 9/12] step=1041 E_raw=1.65986 (-0.009%) var=6.932e-06 kappa(S)=9.90e+11 rank=813 cos_sr=1.000 cos_plain=0.153
[adam 00000] E=1.659611 var=4.4408e-06 sig=0.823 acc~0.5 n=2048 |dx|/ell=0.3978 sat=0.00 com_kill=0.06
[adam 00220] E=1.659654 var=4.4150e-06 sig=0.823 acc~0.5 n=2048 |dx|/ell=0.3862 sat=0.01 com_kill=0.08
[adam 00440] E=1.659745 var=2.9809e-06 sig=0.825 acc~0.5 n=2048 |dx|/ell=0.3943 sat=0.01 com_kill=0.08
[seg 10/12] step=1482 E_raw=1.65986 (-0.003%) var=4.034e-06 kappa(S)=9.63e+11 rank=806 cos_sr=0.999 cos_plain=0.203
[adam 00000] E=1.659651 var=3.3914e-06 sig=0.818 acc~0.5 n=2048 |dx|/ell=0.3964 sat=0.00 com_kill=0.06
[adam 00313] E=1.659745 var=2.9730e-06 sig=0.822 acc~0.5 n=2048 |dx|/ell=0.3932 sat=0.00 com_kill=0.07
[adam 00625] E=1.659764 var=2.0347e-06 sig=0.828 acc~0.5 n=2048 |dx|/ell=0.3893 sat=0.01 com_kill=0.08
[seg 11/12] step=2108 E_raw=1.65977 (-0.000%) var=2.409e-06 kappa(S)=9.82e+11 rank=791 cos_sr=0.997 cos_plain=0.371
[adam 00000] E=1.659755 var=2.4892e-06 sig=0.821 acc~0.5 n=2048 |dx|/ell=0.4105 sat=0.00 com_kill=0.05
[adam 00446] E=1.659704 var=1.8819e-06 sig=0.824 acc~0.5 n=2048 |dx|/ell=0.3964 sat=0.00 com_kill=0.06
[adam 00891] E=1.659817 var=2.8046e-06 sig=0.828 acc~0.5 n=2048 |dx|/ell=0.3954 sat=0.00 com_kill=0.06
[seg 12/12] step=3000 E_raw=1.65976 (-0.004%) var=2.370e-06 kappa(S)=9.83e+11 rank=791 cos_sr=0.999 cos_plain=0.583
[phase] training done in 59.0 min
[adam 00000] E=1.659712 var=2.1752e-06 sig=0.819 acc~0.5 n=4096 |dx|/ell=0.3912 sat=0.01 com_kill=0.07
[adam 00125] E=1.659810 var=1.0700e-06 sig=0.824 acc~0.5 n=4096 |dx|/ell=0.3884 sat=0.00 com_kill=0.07
[adam 00250] E=1.659805 var=1.0622e-06 sig=0.825 acc~0.5 n=4096 |dx|/ell=0.4007 sat=0.01 com_kill=0.06
[adam 00375] E=1.659786 var=9.9329e-07 sig=0.824 acc~0.5 n=4096 |dx|/ell=0.3920 sat=0.01 com_kill=0.06
[adam 00499] E=1.659773 var=1.0301e-06 sig=0.824 acc~0.5 n=4096 |dx|/ell=0.3958 sat=0.01 com_kill=0.06
[phase] summary:
{
  "N": 2,
  "omega": 0.5,
  "arch": "pinn",
  "n_params": 236336,
  "final": {
    "E_mean": 1.6597850323678116,
    "E_mean_raw": 1.6597674402775517,
    "E_stderr": 1.1586043876308554e-05,
    "var_EL": 1.254876309337217e-06,
    "n_samples": 8192,
    "frac_clipped": 0.0115966796875,
    "ref_energy": 1.65977,
    "error_pct": 0.0009056898131452198,
    "error_sigma": 1.2974547629997322
  },
  "energy_raw": 1.6597674402775517,
  "error_pct_raw": -0.0001542215155247681,
  "energy_zv": 1.6597692278894771,
  "error_pct_zv": -4.651912752073277e-05,
  "zv_n_points": 6,
  "spectrum": {
    "lam_max": 1.9728001483938173,
    "lam_min_supported": 1.974317363005319e-12,
    "effective_rank": 3.159379834460247,
    "numerical_rank": 1070,
    "condition_number": 999231524455.0187,
    "n_params": 236336,
    "n_samples": 2048
  },
  "alignment": {
    "cos_sr": 0.9915715376186762,
    "cos_plain": 0.158087745360511,
    "rep_fraction": 0.9915715376186762,
    "ntk_condition": 9980271974.07175,
    "ntk_eff_rank": 3.1593798079664133,
    "ntk_numerical_rank": 662
  },
  "n_align_samples": 2048,
  "exact": {
    "energy": 1.659772146588871,
    "cusp_slope": 0.9993131343097087,
    "overlap_sq": 0.9999998765626562
  }
}
