0
[phase] N=2 omega=0.001 arch=pinn  ->  results/analysis/2026-08-28_n2_colloc_extra/base_N2_s0_w0p001
0
[phase] params=236,336 device=cuda:0 ref_energy=0.013778
[adam 00000] E=0.039113 var=1.1230e-04 sig=2.000 acc~0.5 n=2048 |dx|/ell=0.0040 sat=0.00 com_kill=0.66
[adam 00031] E=0.039227 var=1.0669e-04 sig=2.000 acc~0.5 n=2048 |dx|/ell=0.0206 sat=0.22 com_kill=0.18
[adam 00061] E=0.038778 var=1.2285e-04 sig=2.000 acc~0.5 n=2048 |dx|/ell=0.0104 sat=0.89 com_kill=0.67
[seg 1/12] step=62 E_raw=0.03850 (+179.409%) var=1.322e-04 kappa(S)=9.71e+11 rank=382 cos_sr=0.943 cos_plain=0.192
[adam 00000] E=0.038603 var=1.2513e-04 sig=2.000 acc~0.5 n=2048 |dx|/ell=0.0135 sat=0.86 com_kill=0.57
[adam 00013] E=0.039048 var=1.1286e-04 sig=2.000 acc~0.5 n=2048 |dx|/ell=0.0108 sat=0.83 com_kill=0.65
[adam 00025] E=0.038810 var=1.0951e-04 sig=2.000 acc~0.5 n=2048 |dx|/ell=0.0129 sat=0.81 com_kill=0.58
[seg 2/12] step=88 E_raw=0.03889 (+182.319%) var=1.098e-04 kappa(S)=9.90e+11 rank=461 cos_sr=0.956 cos_plain=0.153
[adam 00000] E=0.038818 var=1.1375e-04 sig=2.000 acc~0.5 n=2048 |dx|/ell=0.0071 sat=0.89 com_kill=0.78
[adam 00019] E=0.038661 var=1.1121e-04 sig=2.000 acc~0.5 n=2048 |dx|/ell=0.0109 sat=0.83 com_kill=0.65
[adam 00037] E=0.039027 var=1.0521e-04 sig=2.000 acc~0.5 n=2048 |dx|/ell=0.0116 sat=0.83 com_kill=0.63
[seg 3/12] step=126 E_raw=0.03850 (+179.719%) var=1.174e-04 kappa(S)=9.79e+11 rank=468 cos_sr=0.932 cos_plain=0.178
[adam 00000] E=0.038468 var=1.2077e-04 sig=2.000 acc~0.5 n=2048 |dx|/ell=0.0149 sat=0.78 com_kill=0.52
[adam 00026] E=0.038422 var=1.1574e-04 sig=2.000 acc~0.5 n=2048 |dx|/ell=0.0116 sat=0.83 com_kill=0.64
[adam 00052] E=0.038415 var=1.1004e-04 sig=2.000 acc~0.5 n=2048 |dx|/ell=0.0112 sat=0.83 com_kill=0.65
[seg 4/12] step=179 E_raw=0.03809 (+177.468%) var=1.244e-04 kappa(S)=9.85e+11 rank=463 cos_sr=0.890 cos_plain=0.112
[adam 00000] E=0.037828 var=1.2418e-04 sig=2.000 acc~0.5 n=2048 |dx|/ell=0.0091 sat=0.87 com_kill=0.72
[adam 00037] E=0.037734 var=1.1599e-04 sig=2.000 acc~0.5 n=2048 |dx|/ell=0.0130 sat=0.82 com_kill=0.60
[adam 00074] E=0.038252 var=1.1187e-04 sig=2.000 acc~0.5 n=2048 |dx|/ell=0.0115 sat=0.80 com_kill=0.65
[seg 5/12] step=254 E_raw=0.03830 (+178.095%) var=1.151e-04 kappa(S)=9.92e+11 rank=458 cos_sr=0.935 cos_plain=0.122
[adam 00000] E=0.037463 var=1.2676e-04 sig=2.000 acc~0.5 n=2048 |dx|/ell=0.0079 sat=0.87 com_kill=0.76
[adam 00054] E=0.038001 var=1.1089e-04 sig=2.000 acc~0.5 n=2048 |dx|/ell=0.0128 sat=0.83 com_kill=0.62
[adam 00107] E=0.037215 var=1.1926e-04 sig=2.000 acc~0.5 n=2048 |dx|/ell=0.0136 sat=0.81 com_kill=0.60
[seg 6/12] step=362 E_raw=0.03804 (+176.067%) var=1.074e-04 kappa(S)=9.60e+11 rank=447 cos_sr=0.943 cos_plain=0.049
[adam 00000] E=0.037394 var=1.2014e-04 sig=2.000 acc~0.5 n=2048 |dx|/ell=0.0187 sat=0.79 com_kill=0.45
[adam 00076] E=0.037547 var=1.0768e-04 sig=2.000 acc~0.5 n=2048 |dx|/ell=0.0126 sat=0.80 com_kill=0.64
[adam 00151] E=0.037442 var=1.0434e-04 sig=2.000 acc~0.5 n=2048 |dx|/ell=0.0155 sat=0.79 com_kill=0.57
[seg 7/12] step=514 E_raw=0.03760 (+172.882%) var=1.046e-04 kappa(S)=9.81e+11 rank=499 cos_sr=0.963 cos_plain=0.073
[adam 00000] E=0.037209 var=1.1444e-04 sig=2.000 acc~0.5 n=2048 |dx|/ell=0.0103 sat=0.84 com_kill=0.72
[adam 00109] E=0.036982 var=1.0966e-04 sig=2.000 acc~0.5 n=2048 |dx|/ell=0.0139 sat=0.82 com_kill=0.63
[adam 00217] E=0.036113 var=9.5122e-05 sig=2.000 acc~0.5 n=2048 |dx|/ell=0.0170 sat=0.80 com_kill=0.56
[seg 8/12] step=732 E_raw=0.03591 (+160.599%) var=9.485e-05 kappa(S)=9.72e+11 rank=530 cos_sr=0.982 cos_plain=0.192
[adam 00000] E=0.034863 var=1.1350e-04 sig=2.000 acc~0.5 n=2048 |dx|/ell=0.0136 sat=0.86 com_kill=0.65
[adam 00154] E=0.033311 var=8.8088e-05 sig=2.000 acc~0.5 n=2048 |dx|/ell=0.0174 sat=0.83 com_kill=0.58
[adam 00308] E=0.025143 var=1.8570e-05 sig=2.000 acc~0.5 n=2048 |dx|/ell=0.0023 sat=1.00 com_kill=0.95
[seg 9/12] step=1041 E_raw=0.02415 (+75.525%) var=5.123e-05 kappa(S)=9.77e+11 rank=279 cos_sr=0.967 cos_plain=0.203
[adam 00000] E=0.026396 var=1.2104e-04 sig=2.000 acc~0.5 n=2048 |dx|/ell=0.0176 sat=0.98 com_kill=0.60
[adam 00220] E=0.016849 var=4.4493e-06 sig=2.000 acc~0.5 n=2048 |dx|/ell=0.0221 sat=0.67 com_kill=0.50
[adam 00440] E=0.014815 var=2.7678e-06 sig=2.000 acc~0.5 n=2048 |dx|/ell=0.0293 sat=0.71 com_kill=0.36
[seg 10/12] step=1482 E_raw=0.01493 (+6.457%) var=1.713e-06 kappa(S)=9.99e+11 rank=941 cos_sr=1.000 cos_plain=0.259
[adam 00000] E=0.021872 var=8.4497e-05 sig=2.000 acc~0.5 n=2048 |dx|/ell=0.0371 sat=0.85 com_kill=0.22
[adam 00313] E=0.013985 var=6.3102e-07 sig=2.000 acc~0.5 n=2048 |dx|/ell=0.0193 sat=0.66 com_kill=0.58
[adam 00625] E=0.013842 var=3.9937e-07 sig=2.000 acc~0.5 n=2048 |dx|/ell=0.0250 sat=0.55 com_kill=0.45
[seg 11/12] step=2108 E_raw=0.01415 (+0.679%) var=4.529e-07 kappa(S)=8.26e+11 rank=1020 cos_sr=0.999 cos_plain=0.367
[adam 00000] E=0.015888 var=9.7511e-06 sig=2.000 acc~0.5 n=2048 |dx|/ell=0.0373 sat=0.72 com_kill=0.23
[adam 00446] E=0.013807 var=1.0469e-07 sig=2.000 acc~0.5 n=2048 |dx|/ell=0.0221 sat=0.45 com_kill=0.51
[adam 00891] E=0.013799 var=4.2416e-08 sig=2.000 acc~0.5 n=2048 |dx|/ell=0.0187 sat=0.44 com_kill=0.59
[seg 12/12] step=3000 E_raw=0.01383 (+0.049%) var=7.435e-08 kappa(S)=1.69e+11 rank=1023 cos_sr=1.000 cos_plain=0.161
[phase] training done in 57.3 min
[adam 00000] E=0.013947 var=2.4690e-07 sig=2.000 acc~0.5 n=4096 |dx|/ell=0.0282 sat=0.41 com_kill=0.36
[adam 00125] E=0.013807 var=4.2695e-08 sig=2.000 acc~0.5 n=4096 |dx|/ell=0.0194 sat=0.44 com_kill=0.58
[adam 00250] E=0.013809 var=3.5736e-08 sig=2.000 acc~0.5 n=4096 |dx|/ell=0.0207 sat=0.44 com_kill=0.55
[adam 00375] E=0.013799 var=3.4643e-08 sig=2.000 acc~0.5 n=4096 |dx|/ell=0.0186 sat=0.43 com_kill=0.59
[adam 00499] E=0.013796 var=3.6248e-08 sig=2.000 acc~0.5 n=4096 |dx|/ell=0.0194 sat=0.43 com_kill=0.58
[phase] summary:
{
  "N": 2,
  "omega": 0.001,
  "arch": "pinn",
  "n_params": 236336,
  "final": {
    "E_mean": 0.013790580639151503,
    "E_mean_raw": 0.013836517196727497,
    "E_stderr": 3.5998247588062674e-06,
    "var_EL": 5.646585588577989e-08,
    "n_samples": 8192,
    "frac_clipped": 0.04541015625,
    "ref_energy": 0.013778,
    "error_pct": 0.09130961787997126,
    "error_sigma": 3.494792106400837
  },
  "energy_raw": 0.013836517196727497,
  "error_pct_raw": 0.42471473891345907,
  "energy_zv": 0.013908349908097273,
  "error_pct_zv": 0.9460727834030543,
  "zv_n_points": 6,
  "spectrum": {
    "lam_max": 39.86226488351671,
    "lam_min_supported": 4.05942411217936e-11,
    "effective_rank": 1.833154574851103,
    "numerical_rank": 2002,
    "condition_number": 981968470944.4188,
    "n_params": 236336,
    "n_samples": 2048
  },
  "alignment": {
    "cos_sr": 0.9999924157715909,
    "cos_plain": 0.2627517675305711,
    "rep_fraction": 0.9999924157715909,
    "ntk_condition": 9996639412.045141,
    "ntk_eff_rank": 1.833154548761353,
    "ntk_numerical_rank": 1655
  },
  "n_align_samples": 2048,
  "exact": {
    "energy": 0.013767837349343108,
    "cusp_slope": 0.992862092756613,
    "overlap_sq": 0.9897145565732222
  }
}
