0
[phase] N=2 omega=0.5 arch=pinn  ->  results/analysis/2026-08-28_n2_colloc_extra/base_N2_s1_w0p5
0
[phase] params=236,336 device=cuda:0 ref_energy=1.65977
[adam 00000] E=1.957924 var=4.7013e-01 sig=0.692 acc~0.5 n=2048 |dx|/ell=0.0961 sat=0.00 com_kill=0.58
[adam 00031] E=1.668382 var=7.4411e-02 sig=0.816 acc~0.5 n=2048 |dx|/ell=0.6031 sat=0.58 com_kill=0.06
[adam 00061] E=1.666762 var=3.9447e-02 sig=0.825 acc~0.5 n=2048 |dx|/ell=0.5885 sat=0.51 com_kill=0.06
[seg 1/12] step=62 E_raw=1.68149 (+1.101%) var=4.706e-02 kappa(S)=9.72e+11 rank=742 cos_sr=0.998 cos_plain=0.319
[adam 00000] E=1.673481 var=4.1060e-02 sig=0.816 acc~0.5 n=2048 |dx|/ell=0.6025 sat=0.46 com_kill=0.03
[adam 00013] E=1.664376 var=2.4547e-02 sig=0.828 acc~0.5 n=2048 |dx|/ell=0.5705 sat=0.44 com_kill=0.07
[adam 00025] E=1.664057 var=1.3935e-02 sig=0.824 acc~0.5 n=2048 |dx|/ell=0.5245 sat=0.28 com_kill=0.09
[seg 2/12] step=88 E_raw=1.65866 (+0.004%) var=1.331e-02 kappa(S)=9.99e+11 rank=753 cos_sr=1.000 cos_plain=0.371
[adam 00000] E=1.661977 var=1.1563e-02 sig=0.812 acc~0.5 n=2048 |dx|/ell=0.5443 sat=0.30 com_kill=0.06
[adam 00019] E=1.664060 var=3.9299e-03 sig=0.824 acc~0.5 n=2048 |dx|/ell=0.5070 sat=0.26 com_kill=0.11
[adam 00037] E=1.662347 var=1.3397e-03 sig=0.826 acc~0.5 n=2048 |dx|/ell=0.4881 sat=0.24 com_kill=0.14
[seg 3/12] step=126 E_raw=1.66095 (+0.161%) var=1.972e-03 kappa(S)=9.94e+11 rank=748 cos_sr=1.000 cos_plain=0.299
[adam 00000] E=1.664403 var=1.5579e-03 sig=0.825 acc~0.5 n=2048 |dx|/ell=0.4871 sat=0.21 com_kill=0.13
[adam 00026] E=1.662176 var=8.9698e-04 sig=0.826 acc~0.5 n=2048 |dx|/ell=0.4719 sat=0.14 com_kill=0.13
[adam 00052] E=1.662392 var=4.6091e-04 sig=0.822 acc~0.5 n=2048 |dx|/ell=0.4628 sat=0.13 com_kill=0.15
[seg 4/12] step=179 E_raw=1.65990 (+0.113%) var=5.170e-04 kappa(S)=9.71e+11 rank=770 cos_sr=1.000 cos_plain=0.206
[adam 00000] E=1.662401 var=4.5662e-04 sig=0.818 acc~0.5 n=2048 |dx|/ell=0.4681 sat=0.09 com_kill=0.12
[adam 00037] E=1.660536 var=3.9068e-04 sig=0.825 acc~0.5 n=2048 |dx|/ell=0.4507 sat=0.05 com_kill=0.13
[adam 00074] E=1.659771 var=1.7168e-04 sig=0.823 acc~0.5 n=2048 |dx|/ell=0.4414 sat=0.05 com_kill=0.13
[seg 5/12] step=254 E_raw=1.66013 (+0.014%) var=1.950e-04 kappa(S)=9.80e+11 rank=790 cos_sr=1.000 cos_plain=0.194
[adam 00000] E=1.660071 var=1.6425e-04 sig=0.819 acc~0.5 n=2048 |dx|/ell=0.4723 sat=0.04 com_kill=0.08
[adam 00054] E=1.659113 var=1.1482e-04 sig=0.826 acc~0.5 n=2048 |dx|/ell=0.4351 sat=0.01 com_kill=0.11
[adam 00107] E=1.659484 var=5.4061e-05 sig=0.826 acc~0.5 n=2048 |dx|/ell=0.4312 sat=0.01 com_kill=0.11
[seg 6/12] step=362 E_raw=1.65936 (-0.029%) var=5.943e-05 kappa(S)=1.00e+12 rank=779 cos_sr=1.000 cos_plain=0.196
[adam 00000] E=1.659565 var=5.4297e-05 sig=0.815 acc~0.5 n=2048 |dx|/ell=0.4354 sat=0.01 com_kill=0.09
[adam 00076] E=1.659297 var=4.4571e-05 sig=0.827 acc~0.5 n=2048 |dx|/ell=0.4082 sat=0.00 com_kill=0.11
[adam 00151] E=1.659338 var=2.3867e-05 sig=0.825 acc~0.5 n=2048 |dx|/ell=0.4086 sat=0.00 com_kill=0.10
[seg 7/12] step=514 E_raw=1.66009 (-0.007%) var=3.030e-05 kappa(S)=9.97e+11 rank=771 cos_sr=1.000 cos_plain=0.142
[adam 00000] E=1.659368 var=2.5328e-05 sig=0.816 acc~0.5 n=2048 |dx|/ell=0.4164 sat=0.01 com_kill=0.11
[adam 00109] E=1.659576 var=1.9109e-05 sig=0.825 acc~0.5 n=2048 |dx|/ell=0.4003 sat=0.00 com_kill=0.09
[adam 00217] E=1.659477 var=1.1960e-05 sig=0.825 acc~0.5 n=2048 |dx|/ell=0.3919 sat=0.00 com_kill=0.10
[seg 8/12] step=732 E_raw=1.65977 (-0.017%) var=1.629e-05 kappa(S)=9.77e+11 rank=789 cos_sr=1.000 cos_plain=0.109
[adam 00000] E=1.659563 var=1.1369e-05 sig=0.821 acc~0.5 n=2048 |dx|/ell=0.3891 sat=0.00 com_kill=0.08
[adam 00154] E=1.659624 var=1.2398e-05 sig=0.828 acc~0.5 n=2048 |dx|/ell=0.4032 sat=0.00 com_kill=0.10
[adam 00308] E=1.659908 var=7.7336e-06 sig=0.823 acc~0.5 n=2048 |dx|/ell=0.3983 sat=0.00 com_kill=0.09
[seg 9/12] step=1041 E_raw=1.65978 (+0.003%) var=8.705e-06 kappa(S)=9.88e+11 rank=779 cos_sr=0.999 cos_plain=0.124
[adam 00000] E=1.659841 var=6.7306e-06 sig=0.817 acc~0.5 n=2048 |dx|/ell=0.3618 sat=0.00 com_kill=0.14
[adam 00220] E=1.659768 var=6.3483e-06 sig=0.825 acc~0.5 n=2048 |dx|/ell=0.3963 sat=0.00 com_kill=0.08
[adam 00440] E=1.659756 var=4.6305e-06 sig=0.825 acc~0.5 n=2048 |dx|/ell=0.3945 sat=0.00 com_kill=0.08
[seg 10/12] step=1482 E_raw=1.65973 (-0.005%) var=6.734e-06 kappa(S)=9.78e+11 rank=768 cos_sr=0.999 cos_plain=0.104
[adam 00000] E=1.659708 var=4.4936e-06 sig=0.819 acc~0.5 n=2048 |dx|/ell=0.4149 sat=0.00 com_kill=0.05
[adam 00313] E=1.659898 var=3.9136e-06 sig=0.823 acc~0.5 n=2048 |dx|/ell=0.3892 sat=0.00 com_kill=0.05
[adam 00625] E=1.659957 var=2.8422e-06 sig=0.823 acc~0.5 n=2048 |dx|/ell=0.3939 sat=0.00 com_kill=0.06
[seg 11/12] step=2108 E_raw=1.65996 (+0.011%) var=4.374e-06 kappa(S)=9.79e+11 rank=775 cos_sr=0.999 cos_plain=0.151
[adam 00000] E=1.659914 var=3.1399e-06 sig=0.819 acc~0.5 n=2048 |dx|/ell=0.3852 sat=0.00 com_kill=0.06
[adam 00446] E=1.659870 var=2.5384e-06 sig=0.826 acc~0.5 n=2048 |dx|/ell=0.3785 sat=0.00 com_kill=0.05
[adam 00891] E=1.659957 var=4.9308e-06 sig=0.824 acc~0.5 n=2048 |dx|/ell=0.3797 sat=0.00 com_kill=0.05
[seg 12/12] step=3000 E_raw=1.65977 (+0.004%) var=5.051e-06 kappa(S)=9.74e+11 rank=756 cos_sr=1.000 cos_plain=0.404
[phase] training done in 57.3 min
[adam 00000] E=1.659834 var=3.9449e-06 sig=0.821 acc~0.5 n=4096 |dx|/ell=0.3765 sat=0.00 com_kill=0.05
[adam 00125] E=1.659858 var=1.5258e-06 sig=0.825 acc~0.5 n=4096 |dx|/ell=0.3844 sat=0.00 com_kill=0.04
[adam 00250] E=1.659834 var=1.4863e-06 sig=0.821 acc~0.5 n=4096 |dx|/ell=0.3829 sat=0.00 com_kill=0.05
[adam 00375] E=1.659856 var=1.4426e-06 sig=0.825 acc~0.5 n=4096 |dx|/ell=0.3904 sat=0.00 com_kill=0.05
[adam 00499] E=1.659821 var=1.2527e-06 sig=0.826 acc~0.5 n=4096 |dx|/ell=0.3870 sat=0.00 com_kill=0.05
[phase] summary:
{
  "N": 2,
  "omega": 0.5,
  "arch": "pinn",
  "n_params": 236336,
  "final": {
    "E_mean": 1.6598130921284788,
    "E_mean_raw": 1.6597521024710606,
    "E_stderr": 1.6687582760718515e-05,
    "var_EL": 1.7759993505681992e-06,
    "n_samples": 8192,
    "frac_clipped": 0.0166015625,
    "ref_energy": 1.65977,
    "error_pct": 0.002596271078454305,
    "error_sigma": 2.582287027231834
  },
  "energy_raw": 1.6597521024710606,
  "error_pct_raw": -0.001078313798859223,
  "energy_zv": 1.659816325917226,
  "error_pct_zv": 0.002791104624501382,
  "zv_n_points": 6,
  "spectrum": {
    "lam_max": 1.669290379928588,
    "lam_min_supported": 1.6784117709193592e-12,
    "effective_rank": 3.4847530538708007,
    "numerical_rank": 988,
    "condition_number": 994565462928.2212,
    "n_params": 236336,
    "n_samples": 2048
  },
  "alignment": {
    "cos_sr": 0.9977704043475467,
    "cos_plain": 0.07395846174838358,
    "rep_fraction": 0.9977704043475467,
    "ntk_condition": 9998941156.14686,
    "ntk_eff_rank": 3.4847530306982923,
    "ntk_numerical_rank": 614
  },
  "n_align_samples": 2048,
  "exact": {
    "energy": 1.659772146588871,
    "cusp_slope": 0.9993131343097087,
    "overlap_sq": 0.9999998636801951
  }
}
