0
[phase] N=2 omega=0.001 arch=pinn  ->  results/analysis/2026-08-28_n2_colloc_extra/base_N2_s1_w0p001
0
[phase] params=236,336 device=cuda:0 ref_energy=0.013778
[adam 00000] E=0.038648 var=1.2162e-04 sig=2.000 acc~0.5 n=2048 |dx|/ell=0.0043 sat=0.00 com_kill=0.60
[adam 00031] E=0.038414 var=1.2229e-04 sig=2.000 acc~0.5 n=2048 |dx|/ell=0.0236 sat=0.30 com_kill=0.11
[adam 00061] E=0.038883 var=1.1276e-04 sig=2.000 acc~0.5 n=2048 |dx|/ell=0.0122 sat=0.87 com_kill=0.61
[seg 1/12] step=62 E_raw=0.03829 (+177.884%) var=1.266e-04 kappa(S)=9.99e+11 rank=449 cos_sr=0.950 cos_plain=0.175
[adam 00000] E=0.038683 var=1.1601e-04 sig=2.000 acc~0.5 n=2048 |dx|/ell=0.0065 sat=0.90 com_kill=0.79
[adam 00013] E=0.038656 var=1.2008e-04 sig=2.000 acc~0.5 n=2048 |dx|/ell=0.0112 sat=0.86 com_kill=0.64
[adam 00025] E=0.038722 var=1.1492e-04 sig=2.000 acc~0.5 n=2048 |dx|/ell=0.0099 sat=0.86 com_kill=0.69
[seg 2/12] step=88 E_raw=0.03869 (+180.789%) var=1.229e-04 kappa(S)=9.83e+11 rank=430 cos_sr=0.966 cos_plain=0.186
[adam 00000] E=0.038478 var=1.1751e-04 sig=2.000 acc~0.5 n=2048 |dx|/ell=0.0156 sat=0.82 com_kill=0.50
[adam 00019] E=0.038466 var=1.1169e-04 sig=2.000 acc~0.5 n=2048 |dx|/ell=0.0105 sat=0.85 com_kill=0.67
[adam 00037] E=0.038846 var=1.0562e-04 sig=2.000 acc~0.5 n=2048 |dx|/ell=0.0102 sat=0.84 com_kill=0.68
[seg 3/12] step=126 E_raw=0.03839 (+178.609%) var=1.191e-04 kappa(S)=9.92e+11 rank=477 cos_sr=0.948 cos_plain=0.183
[adam 00000] E=0.038208 var=1.2044e-04 sig=2.000 acc~0.5 n=2048 |dx|/ell=0.0103 sat=0.85 com_kill=0.68
[adam 00026] E=0.038653 var=1.0650e-04 sig=2.000 acc~0.5 n=2048 |dx|/ell=0.0112 sat=0.80 com_kill=0.65
[adam 00052] E=0.038249 var=1.1239e-04 sig=2.000 acc~0.5 n=2048 |dx|/ell=0.0117 sat=0.85 com_kill=0.64
[seg 4/12] step=179 E_raw=0.03820 (+177.221%) var=1.170e-04 kappa(S)=9.86e+11 rank=479 cos_sr=0.955 cos_plain=0.130
[adam 00000] E=0.038348 var=1.1885e-04 sig=2.000 acc~0.5 n=2048 |dx|/ell=0.0081 sat=0.86 com_kill=0.75
[adam 00037] E=0.038271 var=1.1120e-04 sig=2.000 acc~0.5 n=2048 |dx|/ell=0.0107 sat=0.83 com_kill=0.67
[adam 00074] E=0.037616 var=1.1325e-04 sig=2.000 acc~0.5 n=2048 |dx|/ell=0.0116 sat=0.83 com_kill=0.65
[seg 5/12] step=254 E_raw=0.03744 (+172.684%) var=1.293e-04 kappa(S)=9.99e+11 rank=462 cos_sr=0.873 cos_plain=0.126
[adam 00000] E=0.038458 var=1.1070e-04 sig=2.000 acc~0.5 n=2048 |dx|/ell=0.0178 sat=0.77 com_kill=0.46
[adam 00054] E=0.037534 var=1.1667e-04 sig=2.000 acc~0.5 n=2048 |dx|/ell=0.0108 sat=0.81 com_kill=0.68
[adam 00107] E=0.038485 var=1.0106e-04 sig=2.000 acc~0.5 n=2048 |dx|/ell=0.0119 sat=0.82 com_kill=0.65
[seg 6/12] step=362 E_raw=0.03715 (+169.911%) var=1.295e-04 kappa(S)=9.76e+11 rank=486 cos_sr=0.927 cos_plain=0.082
[adam 00000] E=0.037624 var=1.1615e-04 sig=2.000 acc~0.5 n=2048 |dx|/ell=0.0103 sat=0.83 com_kill=0.70
[adam 00076] E=0.037337 var=1.1145e-04 sig=2.000 acc~0.5 n=2048 |dx|/ell=0.0146 sat=0.78 com_kill=0.58
[adam 00151] E=0.037104 var=1.0773e-04 sig=2.000 acc~0.5 n=2048 |dx|/ell=0.0161 sat=0.79 com_kill=0.55
[seg 7/12] step=514 E_raw=0.03666 (+166.091%) var=1.183e-04 kappa(S)=9.75e+11 rank=505 cos_sr=0.942 cos_plain=0.080
[adam 00000] E=0.036841 var=1.1621e-04 sig=2.000 acc~0.5 n=2048 |dx|/ell=0.0099 sat=0.84 com_kill=0.73
[adam 00109] E=0.036967 var=1.0264e-04 sig=2.000 acc~0.5 n=2048 |dx|/ell=0.0125 sat=0.83 com_kill=0.67
[adam 00217] E=0.035924 var=9.5556e-05 sig=2.000 acc~0.5 n=2048 |dx|/ell=0.0141 sat=0.79 com_kill=0.63
[seg 8/12] step=732 E_raw=0.03551 (+157.762%) var=9.829e-05 kappa(S)=9.70e+11 rank=549 cos_sr=0.978 cos_plain=0.371
[adam 00000] E=0.035392 var=1.0565e-04 sig=2.000 acc~0.5 n=2048 |dx|/ell=0.0093 sat=0.87 com_kill=0.76
[adam 00154] E=0.033009 var=8.9721e-05 sig=2.000 acc~0.5 n=2048 |dx|/ell=0.0190 sat=0.82 com_kill=0.54
[adam 00308] E=0.033414 var=4.4497e-05 sig=2.000 acc~0.5 n=2048 |dx|/ell=0.0000 sat=1.00 com_kill=1.00
[seg 9/12] step=1041 E_raw=0.02702 (+96.126%) var=4.249e-05 kappa(S)=9.95e+11 rank=342 cos_sr=0.974 cos_plain=0.216
[adam 00000] E=0.025316 var=9.5937e-05 sig=2.000 acc~0.5 n=2048 |dx|/ell=0.0000 sat=1.00 com_kill=1.00
[adam 00220] E=0.017879 var=8.3305e-06 sig=2.000 acc~0.5 n=2048 |dx|/ell=0.0000 sat=1.00 com_kill=1.00
[adam 00440] E=0.014404 var=1.1883e-06 sig=2.000 acc~0.5 n=2048 |dx|/ell=0.0000 sat=1.00 com_kill=1.00
[seg 10/12] step=1482 E_raw=0.01607 (+6.410%) var=2.688e-06 kappa(S)=9.97e+11 rank=349 cos_sr=0.994 cos_plain=0.621
[adam 00000] E=0.021912 var=7.8980e-05 sig=2.000 acc~0.5 n=2048 |dx|/ell=0.0000 sat=1.00 com_kill=1.00
[adam 00313] E=0.013970 var=3.1667e-07 sig=2.000 acc~0.5 n=2048 |dx|/ell=0.0000 sat=1.00 com_kill=1.00
[adam 00625] E=0.013893 var=2.5052e-07 sig=2.000 acc~0.5 n=2048 |dx|/ell=0.0000 sat=1.00 com_kill=1.00
[seg 11/12] step=2108 E_raw=0.01414 (+0.864%) var=3.649e-07 kappa(S)=9.49e+11 rank=322 cos_sr=1.000 cos_plain=0.351
[adam 00000] E=0.015138 var=5.2493e-06 sig=2.000 acc~0.5 n=2048 |dx|/ell=0.0000 sat=1.00 com_kill=1.00
[adam 00446] E=0.013801 var=1.1758e-07 sig=2.000 acc~0.5 n=2048 |dx|/ell=0.0000 sat=1.00 com_kill=1.00
[adam 00891] E=0.013790 var=4.7678e-08 sig=2.000 acc~0.5 n=2048 |dx|/ell=0.0000 sat=1.00 com_kill=1.00
[seg 12/12] step=3000 E_raw=0.01382 (-0.042%) var=8.006e-08 kappa(S)=9.89e+11 rank=299 cos_sr=1.000 cos_plain=0.204
[phase] training done in 56.7 min
[adam 00000] E=0.013938 var=3.0584e-07 sig=2.000 acc~0.5 n=4096 |dx|/ell=0.0000 sat=1.00 com_kill=1.00
[adam 00125] E=0.013780 var=4.8330e-08 sig=2.000 acc~0.5 n=4096 |dx|/ell=0.0000 sat=1.00 com_kill=1.00
[adam 00250] E=0.013777 var=4.4581e-08 sig=2.000 acc~0.5 n=4096 |dx|/ell=0.0000 sat=1.00 com_kill=1.00
[adam 00375] E=0.013780 var=3.7571e-08 sig=2.000 acc~0.5 n=4096 |dx|/ell=0.0000 sat=1.00 com_kill=1.00
[adam 00499] E=0.013779 var=3.0431e-08 sig=2.000 acc~0.5 n=4096 |dx|/ell=0.0000 sat=1.00 com_kill=1.00
[phase] summary:
{
  "N": 2,
  "omega": 0.001,
  "arch": "pinn",
  "n_params": 236336,
  "final": {
    "E_mean": 0.013772478410105603,
    "E_mean_raw": 0.013821882137363586,
    "E_stderr": 2.242807420182915e-06,
    "var_EL": 4.691969688558311e-08,
    "n_samples": 8192,
    "frac_clipped": 0.0526123046875,
    "ref_energy": 0.013778,
    "error_pct": -0.04007540930756909,
    "error_sigma": -2.4619099458599747
  },
  "energy_raw": 0.013821882137363586,
  "error_pct_raw": 0.3184942470865588,
  "energy_zv": 0.014675302527483178,
  "error_pct_zv": 6.512574593432848,
  "zv_n_points": 6,
  "spectrum": {
    "lam_max": 30.12506736978042,
    "lam_min_supported": 3.0916838194004187e-11,
    "effective_rank": 1.5654500468197832,
    "numerical_rank": 334,
    "condition_number": 974390304103.6934,
    "n_params": 236336,
    "n_samples": 2048
  },
  "alignment": {
    "cos_sr": 0.9999879876543435,
    "cos_plain": 0.18838249738171803,
    "rep_fraction": 0.9999879876543435,
    "ntk_condition": 9159327755.53507,
    "ntk_eff_rank": 1.5654500402108862,
    "ntk_numerical_rank": 207
  },
  "n_align_samples": 2048,
  "exact": {
    "energy": 0.013767837349343108,
    "cusp_slope": 0.992862092756613,
    "overlap_sq": 0.990798909919842
  }
}
