0
[phase] N=2 omega=0.001 arch=pinn  ->  results/analysis/2026-08-28_n2_colloc_extra/N2_s1_w0p001_colloc_sr
0
/itf-fi-ml/home/aleksns/Thesis/scripts/run_phase_analysis.py:178: FutureWarning: You are using `torch.load` with `weights_only=False` (the current default value), which uses the default pickle module implicitly. It is possible to construct malicious pickle data which will execute arbitrary code during unpickling (See https://github.com/pytorch/pytorch/blob/main/SECURITY.md#untrusted-models for more details). In a future release, the default value for `weights_only` will be flipped to `True`. This limits the functions that could be executed during unpickling. Arbitrary objects will no longer be allowed to be loaded via this mode unless they are explicitly allowlisted by the user via `torch.serialization.add_safe_globals`. We recommend you start setting `weights_only=True` for any use case where you don't have full control of the loaded file. Please open an issue on GitHub for any issues related to this experimental feature.
  ck = torch.load(a.init, map_location=sysm.device)
[phase] warm-started from results/analysis/2026-08-28_n2_colloc_extra/base_N2_s1_w0p001/checkpoint.pt (omega 0.001 -> 0.001)
[phase] params=236,336 device=cuda:0 ref_energy=0.013778
[colloc-sr 00000] E_weak=0.015343 ESS=0.345 |dθ|=3.66e-03
[colloc-sr 00037] E_weak=0.015305 ESS=0.346 |dθ|=3.39e-03
[colloc-sr 00074] E_weak=0.015023 ESS=0.349 |dθ|=2.63e-03
[seg 1/5] step=75 E_raw=0.01385 (+0.032%) var=5.670e-08 kappa(S)=9.82e+11 rank=296 cos_sr=1.000 cos_plain=0.187
[colloc-sr 00000] E_weak=0.015354 ESS=0.340 |dθ|=2.96e-03
[colloc-sr 00042] E_weak=0.014833 ESS=0.343 |dθ|=2.79e-03
[colloc-sr 00083] E_weak=0.015074 ESS=0.349 |dθ|=2.65e-03
[seg 2/5] step=159 E_raw=0.01383 (+0.011%) var=5.236e-08 kappa(S)=9.80e+11 rank=294 cos_sr=1.000 cos_plain=0.214
[colloc-sr 00000] E_weak=0.015116 ESS=0.339 |dθ|=2.56e-03
[colloc-sr 00088] E_weak=0.015047 ESS=0.349 |dθ|=2.58e-03
[colloc-sr 00175] E_weak=0.015026 ESS=0.355 |dθ|=2.58e-03
[seg 3/5] step=335 E_raw=0.01378 (-0.079%) var=6.458e-08 kappa(S)=9.99e+11 rank=298 cos_sr=1.000 cos_plain=0.159
[colloc-sr 00000] E_weak=0.015167 ESS=0.335 |dθ|=2.46e-03
[colloc-sr 00187] E_weak=0.015316 ESS=0.350 |dθ|=3.22e-03
[colloc-sr 00373] E_weak=0.015102 ESS=0.347 |dθ|=2.41e-03
[seg 4/5] step=709 E_raw=0.01382 (+0.010%) var=9.135e-08 kappa(S)=9.76e+11 rank=302 cos_sr=1.000 cos_plain=0.473
[colloc-sr 00000] E_weak=0.015256 ESS=0.351 |dθ|=2.79e-03
[colloc-sr 00395] E_weak=0.015112 ESS=0.334 |dθ|=2.36e-03
[colloc-sr 00790] E_weak=0.015055 ESS=0.348 |dθ|=2.28e-03
[seg 5/5] step=1500 E_raw=0.01384 (+0.172%) var=2.230e-07 kappa(S)=9.57e+11 rank=327 cos_sr=1.000 cos_plain=0.323
[phase] training done in 128.7 min
[phase] summary:
{
  "N": 2,
  "omega": 0.001,
  "arch": "pinn",
  "n_params": 236336,
  "final": {
    "E_mean": 0.013814475442738002,
    "E_mean_raw": 0.013853284214214764,
    "E_stderr": 5.011787386994117e-06,
    "var_EL": 2.2754379423733697e-07,
    "n_samples": 8192,
    "frac_clipped": 0.013916015625,
    "ref_energy": 0.013778,
    "error_pct": 0.2647368466976474,
    "error_sigma": 7.277930989781766
  },
  "energy_raw": 0.013853284214214764,
  "error_pct_raw": 0.5464088707705335,
  "energy_zv": 0.013814319425940762,
  "error_pct_zv": 0.2636044849815776,
  "zv_n_points": 5,
  "spectrum": {
    "lam_max": 51.106620376376725,
    "lam_min_supported": 5.1203555638451774e-11,
    "effective_rank": 1.3160914086527766,
    "numerical_rank": 379,
    "condition_number": 998106864633.3956,
    "n_params": 236336,
    "n_samples": 2048
  },
  "alignment": {
    "cos_sr": 0.9999992467785275,
    "cos_plain": 0.30868758272320684,
    "rep_fraction": 0.9999992467785275,
    "ntk_condition": 9709454242.975487,
    "ntk_eff_rank": 1.3160914022586212,
    "ntk_numerical_rank": 235
  },
  "n_align_samples": 2048,
  "exact": {
    "energy": 0.013767837349343108,
    "cusp_slope": 0.992862092756613,
    "overlap_sq": 0.9863328195753044
  }
}
