0
[phase] N=2 omega=0.5 arch=pinn  ->  results/analysis/2026-08-28_n2_colloc_extra/N2_s0_w0p5_colloc_sr
0
/itf-fi-ml/home/aleksns/Thesis/scripts/run_phase_analysis.py:178: FutureWarning: You are using `torch.load` with `weights_only=False` (the current default value), which uses the default pickle module implicitly. It is possible to construct malicious pickle data which will execute arbitrary code during unpickling (See https://github.com/pytorch/pytorch/blob/main/SECURITY.md#untrusted-models for more details). In a future release, the default value for `weights_only` will be flipped to `True`. This limits the functions that could be executed during unpickling. Arbitrary objects will no longer be allowed to be loaded via this mode unless they are explicitly allowlisted by the user via `torch.serialization.add_safe_globals`. We recommend you start setting `weights_only=True` for any use case where you don't have full control of the loaded file. Please open an issue on GitHub for any issues related to this experimental feature.
  ck = torch.load(a.init, map_location=sysm.device)
[phase] warm-started from results/analysis/2026-08-28_n2_colloc_extra/base_N2_s0_w0p5/checkpoint.pt (omega 0.5 -> 0.5)
[phase] params=236,336 device=cuda:0 ref_energy=1.65977
[colloc-sr 00000] E_weak=1.612375 ESS=0.371 |dθ|=5.00e-03
[colloc-sr 00037] E_weak=1.645321 ESS=0.390 |dθ|=5.00e-03
[colloc-sr 00074] E_weak=1.643503 ESS=0.389 |dθ|=5.00e-03
[seg 1/5] step=75 E_raw=1.65945 (-0.049%) var=1.953e-05 kappa(S)=9.90e+11 rank=815 cos_sr=1.000 cos_plain=0.304
[colloc-sr 00000] E_weak=1.685312 ESS=0.363 |dθ|=5.00e-03
[colloc-sr 00042] E_weak=1.630292 ESS=0.358 |dθ|=5.00e-03
[colloc-sr 00083] E_weak=1.662444 ESS=0.369 |dθ|=5.00e-03
[seg 2/5] step=159 E_raw=1.66125 (-0.149%) var=1.164e-04 kappa(S)=9.75e+11 rank=822 cos_sr=1.000 cos_plain=0.237
[colloc-sr 00000] E_weak=1.656010 ESS=0.381 |dθ|=5.00e-03
[colloc-sr 00088] E_weak=1.645294 ESS=0.374 |dθ|=5.00e-03
[colloc-sr 00175] E_weak=1.727789 ESS=0.380 |dθ|=5.00e-03
[seg 3/5] step=335 E_raw=1.66364 (-0.160%) var=2.539e-04 kappa(S)=9.78e+11 rank=824 cos_sr=1.000 cos_plain=0.247
[colloc-sr 00000] E_weak=1.595613 ESS=0.375 |dθ|=5.00e-03
[colloc-sr 00187] E_weak=1.697247 ESS=0.368 |dθ|=5.00e-03
[colloc-sr 00373] E_weak=1.668287 ESS=0.388 |dθ|=5.00e-03
[seg 4/5] step=709 E_raw=1.65940 (-0.286%) var=4.314e-04 kappa(S)=9.96e+11 rank=796 cos_sr=1.000 cos_plain=0.396
[colloc-sr 00000] E_weak=1.667945 ESS=0.382 |dθ|=5.00e-03
[colloc-sr 00395] E_weak=1.640324 ESS=0.368 |dθ|=5.00e-03
