0
[phase] N=6 omega=0.01 arch=pinn  ->  results/analysis/2026-07-04_pinn_ansatz/pinn_ctnnbf_s1_w0p01
0
[phase] warm-started from results/analysis/2026-07-04_pinn_ansatz/pinn_ctnnbf_s1_w0p1/checkpoint.pt (omega 0.1 -> 0.01)
[phase] params=100,080 device=cuda:0 ref_energy=0.69036
[adam 00000] E=1.791771 var=8.2719e-02 sig=1.137 acc~0.5 n=2048
[adam 00031] E=0.726730 var=1.4285e-03 sig=2.000 acc~0.5 n=2048
[adam 00061] E=0.699936 var=2.1551e-04 sig=2.000 acc~0.5 n=2048
[seg 1/4] step=62 E_raw=0.69925 (+1.295%) var=2.645e-04 kappa(S)=9.88e+11 rank=510 cos_sr=0.850 cos_plain=0.116
[adam 00000] E=0.700196 var=2.5890e-04 sig=2.000 acc~0.5 n=2048
[adam 00047] E=0.695282 var=1.0644e-04 sig=2.000 acc~0.5 n=2048
[adam 00094] E=0.694212 var=9.9798e-05 sig=2.000 acc~0.5 n=2048
[seg 2/4] step=157 E_raw=0.69448 (+0.623%) var=1.373e-04 kappa(S)=9.93e+11 rank=492 cos_sr=0.667 cos_plain=0.036
[adam 00000] E=0.696194 var=1.2626e-04 sig=2.000 acc~0.5 n=2048
[adam 00119] E=0.694725 var=1.0630e-04 sig=2.000 acc~0.5 n=2048
[adam 00238] E=0.694962 var=9.2026e-05 sig=2.000 acc~0.5 n=2048
[seg 3/4] step=396 E_raw=0.69509 (+0.694%) var=1.083e-04 kappa(S)=9.80e+11 rank=459 cos_sr=0.674 cos_plain=0.098
[adam 00000] E=0.695710 var=1.2097e-04 sig=2.000 acc~0.5 n=2048
[adam 00302] E=0.694842 var=1.0543e-04 sig=2.000 acc~0.5 n=2048
[adam 00603] E=0.694352 var=1.1109e-04 sig=2.000 acc~0.5 n=2048
[seg 4/4] step=1000 E_raw=0.69411 (+0.564%) var=1.123e-04 kappa(S)=9.97e+11 rank=498 cos_sr=0.660 cos_plain=0.043
[phase] training done in 26.2 min
[adam 00000] E=0.695677 var=1.2466e-04 sig=2.000 acc~0.5 n=4096
[adam 00050] E=0.694729 var=9.5451e-05 sig=2.000 acc~0.5 n=4096
[adam 00100] E=0.694480 var=1.0044e-04 sig=2.000 acc~0.5 n=4096
[adam 00150] E=0.694864 var=8.9218e-05 sig=2.000 acc~0.5 n=4096
[adam 00199] E=0.694950 var=8.7724e-05 sig=2.000 acc~0.5 n=4096
[sr 0000] E=0.695072 (+0.683%) var=1.210e-04 |dθ|=1.00e-02 |g|=2.36e-03 damp=1.0e-03 lr=2.00e-01
[sr 0040] E=0.694143 (+0.548%) var=1.061e-04 |dθ|=5.88e-03 |g|=2.77e-03 damp=7.9e-04 lr=1.48e-01
[sr 0080] E=0.694246 (+0.563%) var=1.170e-04 |dθ|=3.46e-03 |g|=3.53e-03 damp=6.3e-04 lr=1.10e-01
[sr 0120] E=0.694708 (+0.630%) var=1.072e-04 |dθ|=2.03e-03 |g|=1.97e-03 damp=5.0e-04 lr=8.12e-02
[sr 0160] E=0.694642 (+0.620%) var=1.103e-04 |dθ|=1.19e-03 |g|=6.59e-03 damp=4.0e-04 lr=6.02e-02
[sr 0200] E=0.694301 (+0.571%) var=1.004e-04 |dθ|=7.02e-04 |g|=4.25e-03 damp=3.2e-04 lr=4.46e-02
[sr 0240] E=0.694188 (+0.555%) var=1.016e-04 |dθ|=4.13e-04 |g|=9.24e-04 damp=2.5e-04 lr=3.30e-02
[sr 0280] E=0.694521 (+0.603%) var=1.056e-04 |dθ|=2.43e-04 |g|=1.13e-03 damp=2.0e-04 lr=2.44e-02
[sr 0320] E=0.694478 (+0.597%) var=1.054e-04 |dθ|=1.43e-04 |g|=2.61e-03 damp=1.6e-04 lr=1.81e-02
[sr 0360] E=0.694584 (+0.612%) var=1.103e-04 |dθ|=8.39e-05 |g|=5.69e-03 damp=1.3e-04 lr=1.34e-02
[sr 0399] E=0.694028 (+0.531%) var=1.127e-04 |dθ|=5.00e-05 |g|=4.41e-03 damp=1.0e-04 lr=1.00e-02
[phase] summary:
{
  "N": 6,
  "omega": 0.01,
  "arch": "pinn",
  "n_params": 100080,
  "final": {
    "E_mean": 0.6945087584225239,
    "E_mean_raw": 0.6944139438455377,
    "E_stderr": 0.00014647798561305311,
    "var_EL": 0.00010418413398835426,
    "n_samples": 8192,
    "frac_clipped": 0.0069580078125,
    "ref_energy": 0.69036,
    "error_pct": 0.6009557944440488,
    "error_sigma": 28.323426248389275
  },
  "energy_raw": 0.6944139438455377,
  "error_pct_raw": 0.587221717008184,
  "energy_zv": 0.6910450757560351,
  "error_pct_zv": 0.0992345668977285,
  "zv_n_points": 5,
  "spectrum": {
    "lam_max": 155.8423440845956,
    "lam_min_supported": 1.5762495291482002e-10,
    "effective_rank": 1.2334516759163314,
    "numerical_rank": 611,
    "condition_number": 988690820855.0728,
    "n_params": 100080,
    "n_samples": 2048
  },
  "alignment": {
    "cos_sr": 0.6051504395693593,
    "cos_plain": 0.03928005263924764,
    "rep_fraction": 0.6051504395693593,
    "ntk_condition": 9906036191.62206,
    "ntk_eff_rank": 1.2334516646199105,
    "ntk_numerical_rank": 361
  },
  "n_align_samples": 2048
}
