0
[phase] N=12 omega=1.0 arch=pinn  ->  /itf-fi-ml/home/aleksns/Thesis/results/analysis/2026-07-16_scaling/N12_convbf_s1_w1
0
[phase] params=105,136 device=cuda:0 ref_energy=65.7001

=== stage 1/4: Jastrow alone (backflow detached) ===
[adam 00000] E=80.964878 var=5.2081e+01 sig=0.125 acc~0.5 n=1024
[adam 00100] E=80.958089 var=4.6348e+01 sig=0.123 acc~0.5 n=1024
[adam 00200] E=78.609145 var=3.7803e+01 sig=0.126 acc~0.5 n=1024
[adam 00300] E=74.969358 var=2.4875e+01 sig=0.134 acc~0.5 n=1024
[adam 00400] E=71.311772 var=1.4825e+01 sig=0.143 acc~0.5 n=1024
[adam 00500] E=67.225422 var=4.3585e+00 sig=0.160 acc~0.5 n=1024
[adam 00600] E=65.864744 var=1.2178e+00 sig=0.175 acc~0.5 n=1024
[adam 00700] E=65.918271 var=9.7028e-01 sig=0.174 acc~0.5 n=1024
[adam 00800] E=65.912541 var=8.7409e-01 sig=0.173 acc~0.5 n=1024
[adam 00899] E=65.852753 var=8.9133e-01 sig=0.174 acc~0.5 n=1024

=== stage 2/4: cusp pre-train SKIPPED (thesis 'bf_then_joint' variant) ===

=== stage 3/4: backflow only (Jastrow frozen) ===
[adam 00000] E=67.596206 var=4.5412e+00 sig=0.179 acc~0.5 n=1024 |dx|/ell=0.5063
[adam 00100] E=65.819996 var=8.8216e-01 sig=0.173 acc~0.5 n=1024 |dx|/ell=0.2054
[adam 00200] E=65.769571 var=8.3361e-01 sig=0.174 acc~0.5 n=1024 |dx|/ell=0.1604
[adam 00300] E=65.766492 var=7.4156e-01 sig=0.175 acc~0.5 n=1024 |dx|/ell=0.1416
[adam 00400] E=65.802493 var=6.3558e-01 sig=0.175 acc~0.5 n=1024 |dx|/ell=0.1161
[adam 00500] E=65.748550 var=6.3774e-01 sig=0.175 acc~0.5 n=1024 |dx|/ell=0.0838
[adam 00600] E=65.792943 var=5.6412e-01 sig=0.175 acc~0.5 n=1024 |dx|/ell=0.0624
[adam 00700] E=65.768007 var=4.8965e-01 sig=0.175 acc~0.5 n=1024 |dx|/ell=0.0660
[adam 00800] E=65.762600 var=4.2101e-01 sig=0.175 acc~0.5 n=1024 |dx|/ell=0.0563
[adam 00899] E=65.746654 var=4.4654e-01 sig=0.176 acc~0.5 n=1024 |dx|/ell=0.0563

=== stage 4/4: joint (Jastrow released at lr*0.1) ===
[adam 00000] E=65.776981 var=4.0586e-01 sig=0.178 acc~0.5 n=1024 |dx|/ell=0.1517
[adam 00100] E=65.724577 var=4.4675e-01 sig=0.175 acc~0.5 n=1024 |dx|/ell=0.0541
[adam 00200] E=65.742502 var=4.3978e-01 sig=0.175 acc~0.5 n=1024 |dx|/ell=0.0554
[adam 00300] E=65.766043 var=4.1125e-01 sig=0.174 acc~0.5 n=1024 |dx|/ell=0.0469
[adam 00400] E=65.761482 var=3.9165e-01 sig=0.174 acc~0.5 n=1024 |dx|/ell=0.0487
[adam 00500] E=65.776835 var=4.3239e-01 sig=0.174 acc~0.5 n=1024 |dx|/ell=0.0575
[adam 00600] E=65.758075 var=3.7747e-01 sig=0.175 acc~0.5 n=1024 |dx|/ell=0.0542
[adam 00700] E=65.760729 var=3.5829e-01 sig=0.175 acc~0.5 n=1024 |dx|/ell=0.0506
[adam 00800] E=65.741364 var=3.6477e-01 sig=0.175 acc~0.5 n=1024 |dx|/ell=0.0538
[adam 00900] E=65.767840 var=4.0440e-01 sig=0.175 acc~0.5 n=1024 |dx|/ell=0.0577
[adam 01000] E=65.784774 var=3.9809e-01 sig=0.175 acc~0.5 n=1024 |dx|/ell=0.0573
[adam 01100] E=65.699116 var=3.3171e-01 sig=0.174 acc~0.5 n=1024 |dx|/ell=0.0556
[adam 01199] E=65.717318 var=4.1831e-01 sig=0.175 acc~0.5 n=1024 |dx|/ell=0.0601
[phase] training done in 129.5 min
[adam 00000] E=65.738248 var=3.6811e-01 sig=0.176 acc~0.5 n=4096 |dx|/ell=0.0555
[adam 00125] E=65.730525 var=3.6812e-01 sig=0.175 acc~0.5 n=4096 |dx|/ell=0.0612
[adam 00250] E=65.742640 var=3.6259e-01 sig=0.175 acc~0.5 n=4096 |dx|/ell=0.0649
[adam 00375] E=65.734641 var=3.6794e-01 sig=0.175 acc~0.5 n=4096 |dx|/ell=0.0709
[adam 00499] E=65.749465 var=3.6199e-01 sig=0.175 acc~0.5 n=4096 |dx|/ell=0.0720
[sr 0000] E=65.709465 (+0.014%) var=3.916e-01 |dθ|=1.00e-02 |g|=2.98e-01 damp=1.0e-03 lr=2.00e-01 |dx|/ell=0.0713
[sr 0050] E=65.724376 (+0.037%) var=3.699e-01 |dθ|=5.88e-03 |g|=3.28e-01 damp=7.9e-04 lr=1.48e-01 |dx|/ell=0.0794
[sr 0100] E=65.744975 (+0.068%) var=3.953e-01 |dθ|=3.46e-03 |g|=3.41e-01 damp=6.3e-04 lr=1.10e-01 |dx|/ell=0.0839
[sr 0150] E=65.764234 (+0.098%) var=3.794e-01 |dθ|=2.03e-03 |g|=3.57e-01 damp=5.0e-04 lr=8.13e-02 |dx|/ell=0.0866
[sr 0200] E=65.760325 (+0.092%) var=3.777e-01 |dθ|=1.20e-03 |g|=4.39e-01 damp=4.0e-04 lr=6.02e-02 |dx|/ell=0.0878
[sr 0250] E=65.734748 (+0.053%) var=3.586e-01 |dθ|=7.03e-04 |g|=4.51e-01 damp=3.2e-04 lr=4.46e-02 |dx|/ell=0.0886
[sr 0300] E=65.745737 (+0.069%) var=3.808e-01 |dθ|=4.14e-04 |g|=4.16e-01 damp=2.5e-04 lr=3.30e-02 |dx|/ell=0.0886
[sr 0350] E=65.725903 (+0.039%) var=4.117e-01 |dθ|=2.43e-04 |g|=3.36e-01 damp=2.0e-04 lr=2.45e-02 |dx|/ell=0.0882
[sr 0400] E=65.719583 (+0.030%) var=3.708e-01 |dθ|=1.43e-04 |g|=6.93e-01 damp=1.6e-04 lr=1.81e-02 |dx|/ell=0.0885
[sr 0450] E=65.717875 (+0.027%) var=3.832e-01 |dθ|=8.41e-05 |g|=4.26e-01 damp=1.3e-04 lr=1.34e-02 |dx|/ell=0.0876
[sr 0499] E=65.743210 (+0.066%) var=3.269e-01 |dθ|=5.00e-05 |g|=4.80e-01 damp=1.0e-04 lr=1.00e-02 |dx|/ell=0.0879
[phase] summary:
{
  "N": 12,
  "omega": 1.0,
  "arch": "pinn",
  "n_params": 105136,
  "final": {
    "E_mean": 65.7525085994126,
    "E_mean_raw": 65.75074457172059,
    "E_stderr": 0.00798097746895279,
    "var_EL": 0.35911461341329753,
    "n_samples": 4096,
    "frac_clipped": 0.001220703125,
    "ref_energy": 65.7001,
    "error_pct": 0.07976943629094461,
    "error_sigma": 6.566689307978163
  },
  "energy_raw": 65.75074457172059,
  "error_pct_raw": 0.07708446672163682,
  "energy_zv": 65.75074457172059,
  "error_pct_zv": 0.07708446672163682,
  "zv_n_points": 1,
  "spectrum": {
    "lam_max": 174.44584020896772,
    "lam_min_supported": 1.0153435399966276e-06,
    "effective_rank": 4.4755300204127675,
    "numerical_rank": 1023,
    "condition_number": 171809671.64034662,
    "n_params": 105136,
    "n_samples": 1024
  },
  "alignment": {
    "cos_sr": 1.0000000000000002,
    "cos_plain": 0.09523347714848686,
    "rep_fraction": 1.0000000000000002,
    "ntk_condition": 171809671.51039702,
    "ntk_eff_rank": 4.475530020412757,
    "ntk_numerical_rank": 1023
  },
  "n_align_samples": 1024
}
