0
[phase] N=6 omega=1.0 arch=pinn  ->  /itf-fi-ml/home/aleksns/Thesis/results/analysis/2026-08-05_paradigm_optimizer/N6_s0_w1_vmc_adam
0
[phase] warm-started from /itf-fi-ml/home/aleksns/Thesis/results/analysis/2026-08-05_paradigm_optimizer/base_N6_s0_w1/checkpoint.pt (omega 1.0 -> 1.0)
[phase] params=236,336 device=cuda:0 ref_energy=20.15932
[adam 00000] E=20.156220 var=2.0658e-02 sig=0.280 acc~0.5 n=2048 |dx|/ell=0.0905 sat=0.00 com_kill=0.78
[adam 00037] E=20.149941 var=2.2709e-02 sig=0.279 acc~0.5 n=2048 |dx|/ell=0.0786 sat=0.00 com_kill=0.84
[adam 00074] E=20.154563 var=2.3644e-02 sig=0.278 acc~0.5 n=2048 |dx|/ell=0.0830 sat=0.00 com_kill=0.82
[seg 1/5] step=75 E_raw=20.14549 (-0.049%) var=2.885e-02 kappa(S)=4.26e+06 rank=1023 cos_sr=1.000 cos_plain=0.067
[adam 00000] E=20.156106 var=2.2096e-02 sig=0.280 acc~0.5 n=2048 |dx|/ell=0.0902 sat=0.00 com_kill=0.81
[adam 00042] E=20.164228 var=2.1670e-02 sig=0.280 acc~0.5 n=2048 |dx|/ell=0.0780 sat=0.00 com_kill=0.84
[adam 00083] E=20.158774 var=2.4257e-02 sig=0.279 acc~0.5 n=2048 |dx|/ell=0.0779 sat=0.00 com_kill=0.84
[seg 2/5] step=159 E_raw=20.15847 (+0.002%) var=2.410e-02 kappa(S)=8.39e+06 rank=1023 cos_sr=1.000 cos_plain=0.081
[adam 00000] E=20.154301 var=2.3469e-02 sig=0.281 acc~0.5 n=2048 |dx|/ell=0.0862 sat=0.00 com_kill=0.82
[adam 00088] E=20.154927 var=2.0394e-02 sig=0.279 acc~0.5 n=2048 |dx|/ell=0.0778 sat=0.00 com_kill=0.85
[adam 00175] E=20.150850 var=2.0614e-02 sig=0.279 acc~0.5 n=2048 |dx|/ell=0.0767 sat=0.00 com_kill=0.85
[seg 3/5] step=335 E_raw=20.14644 (-0.049%) var=2.848e-02 kappa(S)=4.12e+06 rank=1023 cos_sr=1.000 cos_plain=0.087
[adam 00000] E=20.154546 var=2.0602e-02 sig=0.282 acc~0.5 n=2048 |dx|/ell=0.0864 sat=0.00 com_kill=0.82
[adam 00187] E=20.157024 var=1.9764e-02 sig=0.279 acc~0.5 n=2048 |dx|/ell=0.0766 sat=0.00 com_kill=0.85
[adam 00373] E=20.154612 var=2.0513e-02 sig=0.279 acc~0.5 n=2048 |dx|/ell=0.0770 sat=0.00 com_kill=0.85
[seg 4/5] step=709 E_raw=20.15916 (+0.005%) var=2.247e-02 kappa(S)=3.30e+06 rank=1023 cos_sr=1.000 cos_plain=0.081
[adam 00000] E=20.153634 var=1.9576e-02 sig=0.281 acc~0.5 n=2048 |dx|/ell=0.0859 sat=0.00 com_kill=0.83
[adam 00395] E=20.155326 var=1.8264e-02 sig=0.279 acc~0.5 n=2048 |dx|/ell=0.0801 sat=0.00 com_kill=0.85
[adam 00790] E=20.155394 var=1.7996e-02 sig=0.278 acc~0.5 n=2048 |dx|/ell=0.0806 sat=0.00 com_kill=0.85
[seg 5/5] step=1500 E_raw=20.15622 (-0.018%) var=1.939e-02 kappa(S)=2.48e+06 rank=1023 cos_sr=1.000 cos_plain=0.081
[phase] training done in 131.3 min
[phase] summary:
{
  "N": 6,
  "omega": 1.0,
  "arch": "pinn",
  "n_params": 236336,
  "final": {
    "E_mean": 20.15886399651174,
    "E_mean_raw": 20.15811086307883,
    "E_stderr": 0.0017339812111774495,
    "var_EL": 0.023125639890080128,
    "n_samples": 8192,
    "frac_clipped": 0.013916015625,
    "ref_energy": 20.15932,
    "error_pct": -0.0022619983623462354,
    "error_sigma": -0.26298063976742325
  },
  "energy_raw": 20.15811086307883,
  "error_pct_raw": -0.005997905292303588,
  "energy_zv": 20.187326078577318,
  "error_pct_zv": 0.13892372648143203,
  "zv_n_points": 5,
  "spectrum": {
    "lam_max": 31.603420763370625,
    "lam_min_supported": 1.4467394451547543e-06,
    "effective_rank": 4.090102855534626,
    "numerical_rank": 2047,
    "condition_number": 21844583.60433387,
    "n_params": 236336,
    "n_samples": 2048
  },
  "alignment": {
    "cos_sr": 1.0,
    "cos_plain": 0.08761665443528396,
    "rep_fraction": 1.0,
    "ntk_condition": 21844583.603514913,
    "ntk_eff_rank": 4.0901028555346235,
    "ntk_numerical_rank": 2047
  },
  "n_align_samples": 2048
}
