0
[phase] N=6 omega=0.01 arch=pinn  ->  /itf-fi-ml/home/aleksns/Thesis/results/analysis/2026-08-05_paradigm_optimizer/base_N6_s0_w0p01
0
[phase] params=236,336 device=cuda:0 ref_energy=0.69036
[adam 00000] E=1.747898 var=4.9754e-02 sig=1.122 acc~0.5 n=2048 |dx|/ell=0.0187 sat=0.00 com_kill=0.49
[adam 00031] E=1.713252 var=4.8990e-02 sig=1.114 acc~0.5 n=2048 |dx|/ell=0.0904 sat=0.67 com_kill=0.03
[adam 00061] E=1.709386 var=4.5328e-02 sig=1.115 acc~0.5 n=2048 |dx|/ell=0.0899 sat=0.61 com_kill=0.03
[seg 1/12] step=62 E_raw=1.70462 (+146.918%) var=4.816e-02 kappa(S)=5.42e+11 rank=1023 cos_sr=0.991 cos_plain=0.263
[adam 00000] E=1.696265 var=4.8980e-02 sig=1.135 acc~0.5 n=2048 |dx|/ell=0.0914 sat=0.61 com_kill=0.01
[adam 00013] E=1.698885 var=4.5560e-02 sig=1.121 acc~0.5 n=2048 |dx|/ell=0.0895 sat=0.58 com_kill=0.03
[adam 00025] E=1.707039 var=4.8048e-02 sig=1.117 acc~0.5 n=2048 |dx|/ell=0.0906 sat=0.57 com_kill=0.03
[seg 2/12] step=88 E_raw=1.70224 (+146.573%) var=4.962e-02 kappa(S)=4.62e+11 rank=1023 cos_sr=0.994 cos_plain=0.238
[adam 00000] E=1.701064 var=4.4881e-02 sig=1.139 acc~0.5 n=2048 |dx|/ell=0.0910 sat=0.59 com_kill=0.02
[adam 00019] E=1.696412 var=4.5866e-02 sig=1.123 acc~0.5 n=2048 |dx|/ell=0.0912 sat=0.58 com_kill=0.02
[adam 00037] E=1.695173 var=4.5484e-02 sig=1.124 acc~0.5 n=2048 |dx|/ell=0.0867 sat=0.51 com_kill=0.05
[seg 3/12] step=126 E_raw=1.69126 (+144.983%) var=4.817e-02 kappa(S)=6.11e+10 rank=1023 cos_sr=0.999 cos_plain=0.229
[adam 00000] E=1.692886 var=4.3672e-02 sig=1.141 acc~0.5 n=2048 |dx|/ell=0.0921 sat=0.58 com_kill=0.03
[adam 00026] E=1.689855 var=4.6225e-02 sig=1.130 acc~0.5 n=2048 |dx|/ell=0.0850 sat=0.50 com_kill=0.07
[adam 00052] E=1.685160 var=4.4684e-02 sig=1.132 acc~0.5 n=2048 |dx|/ell=0.0883 sat=0.58 com_kill=0.07
[seg 4/12] step=179 E_raw=1.68031 (+143.397%) var=4.723e-02 kappa(S)=5.18e+10 rank=1023 cos_sr=1.000 cos_plain=0.225
[adam 00000] E=1.680494 var=4.5635e-02 sig=1.149 acc~0.5 n=2048 |dx|/ell=0.0915 sat=0.60 com_kill=0.05
[adam 00037] E=1.677325 var=4.3628e-02 sig=1.135 acc~0.5 n=2048 |dx|/ell=0.0901 sat=0.57 com_kill=0.06
[adam 00074] E=1.661461 var=4.5838e-02 sig=1.140 acc~0.5 n=2048 |dx|/ell=0.0931 sat=0.57 com_kill=0.04
[seg 5/12] step=254 E_raw=1.66196 (+140.738%) var=4.598e-02 kappa(S)=5.73e+09 rank=1023 cos_sr=1.000 cos_plain=0.411
[adam 00000] E=1.665384 var=4.9560e-02 sig=1.161 acc~0.5 n=2048 |dx|/ell=0.0699 sat=0.48 com_kill=0.26
[adam 00054] E=1.643405 var=4.2082e-02 sig=1.153 acc~0.5 n=2048 |dx|/ell=0.0887 sat=0.53 com_kill=0.09
[adam 00107] E=1.623689 var=4.2340e-02 sig=1.168 acc~0.5 n=2048 |dx|/ell=0.0895 sat=0.54 com_kill=0.11
[seg 6/12] step=362 E_raw=1.62370 (+135.196%) var=4.142e-02 kappa(S)=2.18e+09 rank=1023 cos_sr=1.000 cos_plain=0.522
[adam 00000] E=1.621931 var=4.1392e-02 sig=1.192 acc~0.5 n=2048 |dx|/ell=0.1000 sat=0.62 com_kill=0.03
[adam 00076] E=1.581891 var=4.0933e-02 sig=1.202 acc~0.5 n=2048 |dx|/ell=0.0919 sat=0.48 com_kill=0.09
[adam 00151] E=1.442552 var=3.8906e-02 sig=1.303 acc~0.5 n=2048 |dx|/ell=0.0884 sat=0.40 com_kill=0.11
[seg 7/12] step=514 E_raw=1.44375 (+109.130%) var=3.808e-02 kappa(S)=9.11e+07 rank=1023 cos_sr=1.000 cos_plain=0.749
[adam 00000] E=1.443450 var=4.1214e-02 sig=1.338 acc~0.5 n=2048 |dx|/ell=0.0899 sat=0.48 com_kill=0.13
[adam 00109] E=1.071738 var=2.9850e-02 sig=1.863 acc~0.5 n=2048 |dx|/ell=0.0955 sat=0.45 com_kill=0.10
[adam 00217] E=0.758606 var=4.4321e-03 sig=2.000 acc~0.5 n=2048 |dx|/ell=0.0965 sat=0.36 com_kill=0.11
[seg 8/12] step=732 E_raw=0.75718 (+9.678%) var=3.663e-03 kappa(S)=2.06e+08 rank=1023 cos_sr=1.000 cos_plain=0.228
[adam 00000] E=0.767750 var=5.0118e-03 sig=2.000 acc~0.5 n=2048 |dx|/ell=0.0865 sat=0.27 com_kill=0.14
[adam 00154] E=0.722811 var=1.9383e-03 sig=2.000 acc~0.5 n=2048 |dx|/ell=0.0898 sat=0.18 com_kill=0.12
[adam 00308] E=0.708348 var=1.0795e-03 sig=2.000 acc~0.5 n=2048 |dx|/ell=0.0891 sat=0.12 com_kill=0.12
[seg 9/12] step=1041 E_raw=0.70989 (+2.813%) var=1.345e-03 kappa(S)=1.31e+07 rank=1023 cos_sr=1.000 cos_plain=0.192
[adam 00000] E=0.708961 var=1.2323e-03 sig=2.000 acc~0.5 n=2048 |dx|/ell=0.0970 sat=0.25 com_kill=0.12
[adam 00220] E=0.697103 var=4.1566e-04 sig=2.000 acc~0.5 n=2048 |dx|/ell=0.0873 sat=0.07 com_kill=0.10
[adam 00440] E=0.695165 var=2.0130e-04 sig=2.000 acc~0.5 n=2048 |dx|/ell=0.0816 sat=0.02 com_kill=0.13
[seg 10/12] step=1482 E_raw=0.69523 (+0.685%) var=2.283e-04 kappa(S)=2.04e+06 rank=1023 cos_sr=1.000 cos_plain=0.170
[adam 00000] E=0.695730 var=2.4158e-04 sig=2.000 acc~0.5 n=2048 |dx|/ell=0.0921 sat=0.09 com_kill=0.12
[adam 00313] E=0.693486 var=8.6288e-05 sig=2.000 acc~0.5 n=2048 |dx|/ell=0.0768 sat=0.00 com_kill=0.13
[adam 00625] E=0.693236 var=7.2119e-05 sig=2.000 acc~0.5 n=2048 |dx|/ell=0.0772 sat=0.00 com_kill=0.12
[seg 11/12] step=2108 E_raw=0.69375 (+0.498%) var=9.252e-05 kappa(S)=1.24e+06 rank=1023 cos_sr=1.000 cos_plain=0.108
[adam 00000] E=0.694274 var=1.0003e-04 sig=2.000 acc~0.5 n=2048 |dx|/ell=0.0753 sat=0.02 com_kill=0.12
[adam 00446] E=0.692750 var=6.3212e-05 sig=2.000 acc~0.5 n=2048 |dx|/ell=0.0758 sat=0.00 com_kill=0.10
[adam 00891] E=0.692825 var=5.3145e-05 sig=2.000 acc~0.5 n=2048 |dx|/ell=0.0803 sat=0.00 com_kill=0.08
[seg 12/12] step=3000 E_raw=0.69271 (+0.350%) var=7.324e-05 kappa(S)=9.10e+05 rank=1023 cos_sr=1.000 cos_plain=0.137
[phase] training done in 254.2 min
[adam 00000] E=0.693851 var=7.6454e-05 sig=2.000 acc~0.5 n=4096 |dx|/ell=0.0793 sat=0.00 com_kill=0.09
[adam 00125] E=0.692781 var=4.9975e-05 sig=2.000 acc~0.5 n=4096 |dx|/ell=0.0797 sat=0.00 com_kill=0.09
[adam 00250] E=0.692715 var=4.9814e-05 sig=2.000 acc~0.5 n=4096 |dx|/ell=0.0822 sat=0.00 com_kill=0.08
[adam 00375] E=0.692565 var=4.7025e-05 sig=2.000 acc~0.5 n=4096 |dx|/ell=0.0800 sat=0.00 com_kill=0.08
[adam 00499] E=0.692545 var=4.9081e-05 sig=2.000 acc~0.5 n=4096 |dx|/ell=0.0798 sat=0.00 com_kill=0.09
[phase] summary:
{
  "N": 6,
  "omega": 0.01,
  "arch": "pinn",
  "n_params": 236336,
  "final": {
    "E_mean": 0.6924334072624037,
    "E_mean_raw": 0.6923292736064564,
    "E_stderr": 7.34619610469057e-05,
    "var_EL": 6.121559858763026e-05,
    "n_samples": 8192,
    "frac_clipped": 0.0125732421875,
    "ref_energy": 0.69036,
    "error_pct": 0.30033710852362266,
    "error_sigma": 28.224229694600776
  },
  "energy_raw": 0.6923292736064564,
  "error_pct_raw": 0.28525314422277925,
  "energy_zv": 0.6907322414018491,
  "error_pct_zv": 0.05391989713325004,
  "zv_n_points": 6,
  "spectrum": {
    "lam_max": 117.2198303482787,
    "lam_min_supported": 2.167168030503258e-05,
    "effective_rank": 4.70014974875445,
    "numerical_rank": 2047,
    "condition_number": 5408894.404974127,
    "n_params": 236336,
    "n_samples": 2048
  },
  "alignment": {
    "cos_sr": 1.0,
    "cos_plain": 0.0738313307166476,
    "rep_fraction": 1.0,
    "ntk_condition": 5408894.404857321,
    "ntk_eff_rank": 4.700149748754463,
    "ntk_numerical_rank": 2047
  },
  "n_align_samples": 2048
}
