0
[phase] N=12 omega=1.0 arch=deepset_big  ->  results/analysis/2026-08-28_N12_deepset_cascade/N12_deepset_w1_s0
0
[phase] params=216,757 device=cuda:0 ref_energy=65.7001
[adam 00000] E=87.933130 var=7.3970e+01 sig=0.114 acc~0.5 n=1024 |dx|/ell=0.2106 sat=0.00 com_kill=0.35
[adam 00052] E=66.117227 var=1.6680e+00 sig=0.174 acc~0.5 n=1024 |dx|/ell=0.5457 sat=0.00 com_kill=0.00
[adam 00103] E=65.915071 var=8.7055e-01 sig=0.176 acc~0.5 n=1024 |dx|/ell=0.4777 sat=0.00 com_kill=0.00
[seg 1/12] step=104 E_raw=65.91997 (+0.335%) var=8.896e-01 kappa(S)=2.70e+07 rank=511 cos_sr=1.000 cos_plain=0.214
[adam 00000] E=65.899578 var=8.6311e-01 sig=0.177 acc~0.5 n=1024 |dx|/ell=0.5245 sat=0.00 com_kill=0.00
[adam 00022] E=65.860781 var=7.7964e-01 sig=0.177 acc~0.5 n=1024 |dx|/ell=0.4681 sat=0.00 com_kill=0.00
[adam 00043] E=65.878745 var=6.8337e-01 sig=0.176 acc~0.5 n=1024 |dx|/ell=0.4302 sat=0.00 com_kill=0.01
[seg 2/12] step=148 E_raw=65.86157 (+0.246%) var=7.490e-01 kappa(S)=4.32e+07 rank=511 cos_sr=1.000 cos_plain=0.141
[adam 00000] E=65.861870 var=7.2253e-01 sig=0.178 acc~0.5 n=1024 |dx|/ell=0.3987 sat=0.00 com_kill=0.01
[adam 00031] E=65.851708 var=7.5919e-01 sig=0.175 acc~0.5 n=1024 |dx|/ell=0.4020 sat=0.00 com_kill=0.01
[adam 00061] E=65.819908 var=6.5752e-01 sig=0.175 acc~0.5 n=1024 |dx|/ell=0.3745 sat=0.00 com_kill=0.03
[seg 3/12] step=210 E_raw=65.81279 (+0.172%) var=8.032e-01 kappa(S)=4.66e+07 rank=511 cos_sr=1.000 cos_plain=0.244
[adam 00000] E=65.862119 var=7.0790e-01 sig=0.175 acc~0.5 n=1024 |dx|/ell=0.4355 sat=0.00 com_kill=0.01
[adam 00044] E=65.777654 var=6.2406e-01 sig=0.174 acc~0.5 n=1024 |dx|/ell=0.3630 sat=0.00 com_kill=0.02
[adam 00088] E=65.806954 var=5.8392e-01 sig=0.174 acc~0.5 n=1024 |dx|/ell=0.3424 sat=0.00 com_kill=0.02
[seg 4/12] step=299 E_raw=65.80583 (+0.161%) var=7.084e-01 kappa(S)=5.17e+07 rank=511 cos_sr=1.000 cos_plain=0.164
[adam 00000] E=65.754353 var=6.4755e-01 sig=0.177 acc~0.5 n=1024 |dx|/ell=0.3407 sat=0.00 com_kill=0.02
[adam 00063] E=65.785557 var=5.6125e-01 sig=0.174 acc~0.5 n=1024 |dx|/ell=0.3032 sat=0.00 com_kill=0.03
[adam 00125] E=65.774877 var=5.8241e-01 sig=0.175 acc~0.5 n=1024 |dx|/ell=0.2529 sat=0.00 com_kill=0.04
[seg 5/12] step=425 E_raw=65.79366 (+0.142%) var=5.229e-01 kappa(S)=5.72e+07 rank=511 cos_sr=1.000 cos_plain=0.127
[adam 00000] E=65.773203 var=4.7880e-01 sig=0.177 acc~0.5 n=1024 |dx|/ell=0.2516 sat=0.00 com_kill=0.03
[adam 00090] E=65.751524 var=5.2089e-01 sig=0.175 acc~0.5 n=1024 |dx|/ell=0.2047 sat=0.00 com_kill=0.15
[adam 00179] E=65.778129 var=4.0913e-01 sig=0.175 acc~0.5 n=1024 |dx|/ell=0.1650 sat=0.00 com_kill=0.28
[seg 6/12] step=605 E_raw=65.72743 (+0.042%) var=4.929e-01 kappa(S)=5.13e+07 rank=511 cos_sr=1.000 cos_plain=0.089
[adam 00000] E=65.755027 var=4.7108e-01 sig=0.176 acc~0.5 n=1024 |dx|/ell=0.2009 sat=0.00 com_kill=0.23
[adam 00127] E=65.748711 var=4.7873e-01 sig=0.174 acc~0.5 n=1024 |dx|/ell=0.1328 sat=0.00 com_kill=0.48
[adam 00254] E=65.745359 var=4.1795e-01 sig=0.175 acc~0.5 n=1024 |dx|/ell=0.1036 sat=0.00 com_kill=0.66
[seg 7/12] step=860 E_raw=65.73998 (+0.063%) var=5.305e-01 kappa(S)=4.12e+07 rank=511 cos_sr=1.000 cos_plain=0.071
[adam 00000] E=65.724757 var=4.7512e-01 sig=0.177 acc~0.5 n=1024 |dx|/ell=0.1085 sat=0.00 com_kill=0.65
[adam 00181] E=65.731732 var=4.1200e-01 sig=0.175 acc~0.5 n=1024 |dx|/ell=0.0739 sat=0.00 com_kill=0.82
[adam 00362] E=65.687627 var=3.3562e-01 sig=0.175 acc~0.5 n=1024 |dx|/ell=0.0705 sat=0.00 com_kill=0.86
[seg 8/12] step=1223 E_raw=65.69755 (-0.013%) var=3.301e-01 kappa(S)=9.98e+06 rank=511 cos_sr=1.000 cos_plain=0.186
[adam 00000] E=65.674545 var=2.9530e-01 sig=0.177 acc~0.5 n=1024 |dx|/ell=0.0662 sat=0.00 com_kill=0.87
[adam 00258] E=65.719827 var=2.2745e-01 sig=0.176 acc~0.5 n=1024 |dx|/ell=0.0716 sat=0.00 com_kill=0.87
[adam 00515] E=65.696651 var=2.1763e-01 sig=0.175 acc~0.5 n=1024 |dx|/ell=0.0786 sat=0.00 com_kill=0.87
[seg 9/12] step=1739 E_raw=65.74636 (+0.071%) var=2.426e-01 kappa(S)=7.37e+06 rank=511 cos_sr=1.000 cos_plain=0.124
[adam 00000] E=65.710975 var=1.9773e-01 sig=0.179 acc~0.5 n=1024 |dx|/ell=0.0882 sat=0.00 com_kill=0.85
[adam 00367] E=65.692890 var=1.8041e-01 sig=0.175 acc~0.5 n=1024 |dx|/ell=0.0792 sat=0.00 com_kill=0.87
[adam 00733] E=65.707675 var=1.5324e-01 sig=0.176 acc~0.5 n=1024 |dx|/ell=0.0782 sat=0.00 com_kill=0.87
[seg 10/12] step=2473 E_raw=65.68230 (-0.026%) var=1.646e-01 kappa(S)=4.84e+06 rank=511 cos_sr=1.000 cos_plain=0.181
[adam 00000] E=65.702831 var=1.5600e-01 sig=0.178 acc~0.5 n=1024 |dx|/ell=0.0863 sat=0.00 com_kill=0.86
[adam 00521] E=65.703714 var=1.4084e-01 sig=0.176 acc~0.5 n=1024 |dx|/ell=0.0865 sat=0.00 com_kill=0.86
[adam 01042] E=65.683184 var=1.2038e-01 sig=0.175 acc~0.5 n=1024 |dx|/ell=0.0986 sat=0.00 com_kill=0.83
[seg 11/12] step=3516 E_raw=65.70490 (-0.012%) var=1.606e-01 kappa(S)=2.45e+06 rank=511 cos_sr=1.000 cos_plain=0.171
[adam 00000] E=65.693973 var=1.1596e-01 sig=0.177 acc~0.5 n=1024 |dx|/ell=0.0850 sat=0.00 com_kill=0.86
[adam 00742] E=65.703503 var=1.1481e-01 sig=0.175 acc~0.5 n=1024 |dx|/ell=0.0878 sat=0.00 com_kill=0.85
[adam 01483] E=65.701905 var=1.0402e-01 sig=0.176 acc~0.5 n=1024 |dx|/ell=0.0953 sat=0.00 com_kill=0.83
[seg 12/12] step=5000 E_raw=65.69400 (-0.008%) var=1.196e-01 kappa(S)=1.84e+06 rank=511 cos_sr=1.000 cos_plain=0.132
[phase] training done in 826.6 min
[adam 00000] E=65.703535 var=1.0566e-01 sig=0.177 acc~0.5 n=4096 |dx|/ell=0.0936 sat=0.00 com_kill=0.84
[adam 00125] E=65.685562 var=8.5966e-02 sig=0.175 acc~0.5 n=4096 |dx|/ell=0.1038 sat=0.00 com_kill=0.81
[adam 00250] E=65.694368 var=8.7561e-02 sig=0.175 acc~0.5 n=4096 |dx|/ell=0.1115 sat=0.00 com_kill=0.78
[adam 00375] E=65.689697 var=8.8838e-02 sig=0.175 acc~0.5 n=4096 |dx|/ell=0.1170 sat=0.00 com_kill=0.77
[adam 00499] E=65.696032 var=8.8682e-02 sig=0.175 acc~0.5 n=4096 |dx|/ell=0.1214 sat=0.00 com_kill=0.75
Traceback (most recent call last):
  File "/itf-fi-ml/home/aleksns/Thesis/scripts/run_phase_analysis.py", line 552, in <module>
    main()
  File "/itf-fi-ml/home/aleksns/Thesis/scripts/run_phase_analysis.py", line 315, in main
    xf = sysm.sample(a.final_samples, steps=400, burn_in=800)
         ^^^^^^^^^^^^^^^^^^^^^^^^^^^^^^^^^^^^^^^^^^^^^^^^^^^^
  File "/itf-fi-ml/home/aleksns/.local/lib/python3.11/site-packages/torch/utils/_contextlib.py", line 116, in decorate_context
    return func(*args, **kwargs)
           ^^^^^^^^^^^^^^^^^^^^^
  File "/itf-fi-ml/home/aleksns/Thesis/src/analysis/system.py", line 177, in sample
    x, _, _, _ = _persistent_rw(
                 ^^^^^^^^^^^^^^^
  File "/itf-fi-ml/home/aleksns/.local/lib/python3.11/site-packages/torch/utils/_contextlib.py", line 116, in decorate_context
    return func(*args, **kwargs)
           ^^^^^^^^^^^^^^^^^^^^^
  File "/itf-fi-ml/home/aleksns/Thesis/src/functions/Stochastic_Reconfiguration.py", line 41, in _persistent_rw
    lp = psi_log_fn(x) * 2.0  # log |ψ|^2
         ^^^^^^^^^^^^^
  File "/itf-fi-ml/home/aleksns/Thesis/src/analysis/system.py", line 126, in log_psi
    logpsi, _ = psi_fn(
                ^^^^^^^
  File "/itf-fi-ml/home/aleksns/Thesis/src/utils.py", line 57, in wrapper
    return fn(*args, **kwargs)
           ^^^^^^^^^^^^^^^^^^^
  File "/itf-fi-ml/home/aleksns/Thesis/src/functions/Neural_Networks.py", line 1635, in psi_fn
    x_eff = x_batch + (backflow_net(x_batch, spin=spin_bn) if backflow_net is not None else 0.0)
                       ^^^^^^^^^^^^^^^^^^^^^^^^^^^^^^^^^^^
  File "/itf-fi-ml/home/aleksns/.local/lib/python3.11/site-packages/torch/nn/modules/module.py", line 1736, in _wrapped_call_impl
    return self._call_impl(*args, **kwargs)
           ^^^^^^^^^^^^^^^^^^^^^^^^^^^^^^^^
  File "/itf-fi-ml/home/aleksns/.local/lib/python3.11/site-packages/torch/nn/modules/module.py", line 1747, in _call_impl
    return forward_call(*args, **kwargs)
           ^^^^^^^^^^^^^^^^^^^^^^^^^^^^^
  File "/itf-fi-ml/home/aleksns/Thesis/src/PINN.py", line 631, in forward
    h_e_new = self.edge_update(edge_update_in)  # (B,N,N,edge_hidden)
              ^^^^^^^^^^^^^^^^^^^^^^^^^^^^^^^^
  File "/itf-fi-ml/home/aleksns/.local/lib/python3.11/site-packages/torch/nn/modules/module.py", line 1736, in _wrapped_call_impl
    return self._call_impl(*args, **kwargs)
           ^^^^^^^^^^^^^^^^^^^^^^^^^^^^^^^^
  File "/itf-fi-ml/home/aleksns/.local/lib/python3.11/site-packages/torch/nn/modules/module.py", line 1747, in _call_impl
    return forward_call(*args, **kwargs)
           ^^^^^^^^^^^^^^^^^^^^^^^^^^^^^
  File "/itf-fi-ml/home/aleksns/.local/lib/python3.11/site-packages/torch/nn/modules/container.py", line 250, in forward
    input = module(input)
            ^^^^^^^^^^^^^
  File "/itf-fi-ml/home/aleksns/.local/lib/python3.11/site-packages/torch/nn/modules/module.py", line 1736, in _wrapped_call_impl
    return self._call_impl(*args, **kwargs)
           ^^^^^^^^^^^^^^^^^^^^^^^^^^^^^^^^
  File "/itf-fi-ml/home/aleksns/.local/lib/python3.11/site-packages/torch/nn/modules/module.py", line 1747, in _call_impl
    return forward_call(*args, **kwargs)
           ^^^^^^^^^^^^^^^^^^^^^^^^^^^^^
  File "/itf-fi-ml/home/aleksns/.local/lib/python3.11/site-packages/torch/nn/modules/linear.py", line 125, in forward
    return F.linear(input, self.weight, self.bias)
           ^^^^^^^^^^^^^^^^^^^^^^^^^^^^^^^^^^^^^^^
torch.OutOfMemoryError: CUDA out of memory. Tried to allocate 1.12 GiB. GPU 0 has a total capacity of 10.57 GiB of which 899.06 MiB is free. Including non-PyTorch memory, this process has 9.69 GiB memory in use. Of the allocated memory 7.79 GiB is allocated by PyTorch, and 1.67 GiB is reserved by PyTorch but unallocated. If reserved but unallocated memory is large try setting PYTORCH_CUDA_ALLOC_CONF=expandable_segments:True to avoid fragmentation.  See documentation for Memory Management  (https://pytorch.org/docs/stable/notes/cuda.html#environment-variables)
