0
[phase] N=20 omega=0.1 arch=pinn  ->  /itf-fi-ml/home/aleksns/Thesis/results/analysis/2026-07-16_scaling/N20_convbf_s0_w0p1
0
[phase] warm-started from /itf-fi-ml/home/aleksns/Thesis/results/analysis/2026-07-16_scaling/N20_convbf_s0_w0p28/checkpoint.pt (omega 0.28 -> 0.1)
[phase] params=105,136 device=cuda:0 ref_energy=29.9779
[adam 00000] E=32.924629 var=9.9386e-01 sig=0.364 acc~0.5 n=256 |dx|/ell=0.1436
[adam 00078] E=30.124463 var=8.3625e-02 sig=0.435 acc~0.5 n=256 |dx|/ell=0.0950
[adam 00155] E=30.083444 var=6.3052e-02 sig=0.430 acc~0.5 n=256 |dx|/ell=0.0812
[seg 1/4] step=156 E_raw=30.10629 (+0.428%) var=6.505e-02 kappa(S)=2.92e+07 rank=255 cos_sr=1.000 cos_plain=0.054
[adam 00000] E=30.114812 var=6.5465e-02 sig=0.443 acc~0.5 n=256 |dx|/ell=0.1612
[adam 00118] E=30.066581 var=4.1540e-02 sig=0.431 acc~0.5 n=256 |dx|/ell=0.1009
[adam 00236] E=30.046900 var=4.8330e-02 sig=0.419 acc~0.5 n=256 |dx|/ell=0.0987
[seg 2/4] step=393 E_raw=30.07187 (+0.313%) var=3.906e-02 kappa(S)=1.04e+07 rank=255 cos_sr=1.000 cos_plain=0.317
[adam 00000] E=30.051464 var=4.5944e-02 sig=0.440 acc~0.5 n=256 |dx|/ell=0.1371
[adam 00299] E=30.042669 var=4.4659e-02 sig=0.413 acc~0.5 n=256 |dx|/ell=0.0988
[adam 00598] E=30.040165 var=4.1588e-02 sig=0.419 acc~0.5 n=256 |dx|/ell=0.0701
[seg 3/4] step=992 E_raw=30.05372 (+0.253%) var=3.701e-02 kappa(S)=1.10e+07 rank=255 cos_sr=1.000 cos_plain=0.164
[adam 00000] E=30.059776 var=4.0990e-02 sig=0.429 acc~0.5 n=256 |dx|/ell=0.1231
[adam 00754] E=30.049775 var=3.8587e-02 sig=0.416 acc~0.5 n=256 |dx|/ell=0.0896
[adam 01507] E=30.012772 var=3.9366e-02 sig=0.412 acc~0.5 n=256 |dx|/ell=0.1222
[seg 4/4] step=2500 E_raw=30.07340 (+0.319%) var=4.321e-02 kappa(S)=1.67e+06 rank=255 cos_sr=1.000 cos_plain=0.349
[phase] training done in 138.9 min
[adam 00000] E=30.067694 var=4.5681e-02 sig=0.426 acc~0.5 n=256 |dx|/ell=0.1057
[adam 00125] E=30.038114 var=3.2349e-02 sig=0.414 acc~0.5 n=256 |dx|/ell=0.0972
[adam 00250] E=30.030511 var=4.0958e-02 sig=0.417 acc~0.5 n=256 |dx|/ell=0.0981
[adam 00375] E=30.022312 var=3.0984e-02 sig=0.414 acc~0.5 n=256 |dx|/ell=0.0974
[adam 00499] E=30.021494 var=4.0975e-02 sig=0.415 acc~0.5 n=256 |dx|/ell=0.0986
[sr 0000] E=30.026986 (+0.164%) var=3.382e-02 |dθ|=1.00e-02 |g|=6.63e-01 damp=1.0e-03 lr=2.00e-01 |dx|/ell=0.0991
[sr 0050] E=30.037776 (+0.200%) var=4.141e-02 |dθ|=5.88e-03 |g|=8.28e-01 damp=7.9e-04 lr=1.48e-01 |dx|/ell=0.1016
[sr 0100] E=30.050053 (+0.241%) var=3.925e-02 |dθ|=3.46e-03 |g|=9.04e-01 damp=6.3e-04 lr=1.10e-01 |dx|/ell=0.1025
[sr 0150] E=30.015100 (+0.124%) var=4.660e-02 |dθ|=2.03e-03 |g|=3.96e-01 damp=5.0e-04 lr=8.13e-02 |dx|/ell=0.1026
[sr 0200] E=30.028583 (+0.169%) var=3.773e-02 |dθ|=1.20e-03 |g|=7.14e-01 damp=4.0e-04 lr=6.02e-02 |dx|/ell=0.1023
[sr 0250] E=30.020857 (+0.143%) var=4.115e-02 |dθ|=7.03e-04 |g|=6.30e-01 damp=3.2e-04 lr=4.46e-02 |dx|/ell=0.1042
[sr 0300] E=30.019182 (+0.138%) var=3.415e-02 |dθ|=4.14e-04 |g|=8.99e-01 damp=2.5e-04 lr=3.30e-02 |dx|/ell=0.1042
[sr 0350] E=30.044432 (+0.222%) var=4.772e-02 |dθ|=2.43e-04 |g|=1.14e+00 damp=2.0e-04 lr=2.45e-02 |dx|/ell=0.1056
[sr 0400] E=30.020443 (+0.142%) var=4.188e-02 |dθ|=1.43e-04 |g|=5.77e-01 damp=1.6e-04 lr=1.81e-02 |dx|/ell=0.1043
[sr 0450] E=30.040829 (+0.210%) var=3.596e-02 |dθ|=8.41e-05 |g|=7.29e-01 damp=1.3e-04 lr=1.34e-02 |dx|/ell=0.1034
[sr 0499] E=30.028926 (+0.170%) var=4.256e-02 |dθ|=5.00e-05 |g|=5.55e-01 damp=1.0e-04 lr=1.00e-02 |dx|/ell=0.1043
[phase] summary:
{
  "N": 20,
  "omega": 0.1,
  "arch": "pinn",
  "n_params": 105136,
  "final": {
    "E_mean": 30.027133148727284,
    "E_mean_raw": 30.024921271389708,
    "E_stderr": 0.005353279274034104,
    "var_EL": 0.04086981930459128,
    "n_samples": 2048,
    "frac_clipped": 0.00048828125,
    "ref_energy": 29.9779,
    "error_pct": 0.16423147961425624,
    "error_sigma": 9.196820529443665
  },
  "energy_raw": 30.024921271389708,
  "error_pct_raw": 0.15685311976391356,
  "energy_zv": 29.977287118032894,
  "error_pct_zv": -0.002044445965553377,
  "zv_n_points": 5,
  "spectrum": {
    "lam_max": 972.9447946763631,
    "lam_min_supported": 1.642996734585317e-05,
    "effective_rank": 4.048557214931742,
    "numerical_rank": 511,
    "condition_number": 59217694.971373685,
    "n_params": 105136,
    "n_samples": 512
  },
  "alignment": {
    "cos_sr": 0.9999999999999999,
    "cos_plain": 0.17236516113249742,
    "rep_fraction": 0.9999999999999999,
    "ntk_condition": 59217694.979548074,
    "ntk_eff_rank": 4.048557214931736,
    "ntk_numerical_rank": 511
  },
  "n_align_samples": 512
}
