0
[phase] N=6 omega=0.1 arch=pinn  ->  results/analysis/2026-07-11_pinn_ansatz_v3/pinn_ctnnbf_s0_w0p1
0
[phase] warm-started from results/analysis/2026-07-11_pinn_ansatz_v3/pinn_ctnnbf_s0_w1p0/checkpoint.pt (omega 1.0 -> 0.1)
[phase] params=236,336 device=cuda:0 ref_energy=3.55385
[adam 00000] E=5.373011 var=7.2487e-01 sig=0.603 acc~0.5 n=2048 |dx|/ell=0.0254 sat=0.00 com_kill=0.84
[adam 00093] E=3.780520 var=8.9286e-02 sig=0.844 acc~0.5 n=2048 |dx|/ell=0.2732 sat=0.49 com_kill=0.02
[adam 00186] E=3.578093 var=1.0700e-02 sig=0.929 acc~0.5 n=2048 |dx|/ell=0.1548 sat=0.00 com_kill=0.05
[seg 1/4] step=187 E_raw=3.57738 (+0.657%) var=1.227e-02 kappa(S)=2.36e+06 rank=1023 cos_sr=1.000 cos_plain=0.165
[adam 00000] E=3.577895 var=1.0524e-02 sig=0.925 acc~0.5 n=2048 |dx|/ell=0.1391 sat=0.00 com_kill=0.05
[adam 00142] E=3.556489 var=2.4126e-03 sig=0.904 acc~0.5 n=2048 |dx|/ell=0.1023 sat=0.00 com_kill=0.04
[adam 00284] E=3.555782 var=1.8115e-03 sig=0.900 acc~0.5 n=2048 |dx|/ell=0.1072 sat=0.00 com_kill=0.03
[seg 2/4] step=472 E_raw=3.55582 (+0.054%) var=2.065e-03 kappa(S)=8.95e+05 rank=1023 cos_sr=1.000 cos_plain=0.127
[adam 00000] E=3.556663 var=1.7512e-03 sig=0.904 acc~0.5 n=2048 |dx|/ell=0.1226 sat=0.00 com_kill=0.05
[adam 00358] E=3.553902 var=1.0738e-03 sig=0.894 acc~0.5 n=2048 |dx|/ell=0.1162 sat=0.00 com_kill=0.03
[adam 00716] E=3.553585 var=8.6882e-04 sig=0.897 acc~0.5 n=2048 |dx|/ell=0.1281 sat=0.00 com_kill=0.02
[seg 3/4] step=1189 E_raw=3.55441 (+0.004%) var=1.139e-03 kappa(S)=6.51e+05 rank=1023 cos_sr=1.000 cos_plain=0.135
[adam 00000] E=3.554547 var=8.3953e-04 sig=0.906 acc~0.5 n=2048 |dx|/ell=0.1339 sat=0.00 com_kill=0.02
[adam 00905] E=3.553424 var=6.5487e-04 sig=0.895 acc~0.5 n=2048 |dx|/ell=0.1323 sat=0.00 com_kill=0.02
[adam 01810] E=3.552325 var=5.5817e-04 sig=0.896 acc~0.5 n=2048 |dx|/ell=0.1422 sat=0.00 com_kill=0.02
[seg 4/4] step=3000 E_raw=3.55328 (-0.023%) var=6.188e-04 kappa(S)=4.55e+05 rank=1023 cos_sr=1.000 cos_plain=0.146
[phase] training done in 172.3 min
[adam 00000] E=3.553367 var=6.2473e-04 sig=0.902 acc~0.5 n=4096 |dx|/ell=0.1384 sat=0.00 com_kill=0.02
[adam 00125] E=3.552447 var=4.6796e-04 sig=0.894 acc~0.5 n=4096 |dx|/ell=0.1402 sat=0.00 com_kill=0.02
[adam 00250] E=3.552996 var=4.7831e-04 sig=0.894 acc~0.5 n=4096 |dx|/ell=0.1362 sat=0.00 com_kill=0.01
[adam 00375] E=3.552860 var=4.6745e-04 sig=0.897 acc~0.5 n=4096 |dx|/ell=0.1440 sat=0.00 com_kill=0.02
[adam 00499] E=3.553076 var=4.8418e-04 sig=0.894 acc~0.5 n=4096 |dx|/ell=0.1398 sat=0.00 com_kill=0.02
[sr 0000] E=3.553212 (-0.018%) var=6.014e-04 |dθ|=1.00e-02 |g|=1.38e-02 damp=1.0e-03 lr=2.00e-01 |dx|/ell=0.1410 sat=0.00 com_kill=0.02
[sr 0050] E=3.553225 (-0.018%) var=5.434e-04 |dθ|=5.88e-03 |g|=9.67e-03 damp=7.9e-04 lr=1.48e-01 |dx|/ell=0.1399 sat=0.00 com_kill=0.02
[sr 0100] E=3.553462 (-0.011%) var=5.303e-04 |dθ|=3.46e-03 |g|=1.63e-02 damp=6.3e-04 lr=1.10e-01 |dx|/ell=0.1395 sat=0.00 com_kill=0.02
[sr 0150] E=3.552352 (-0.042%) var=5.414e-04 |dθ|=2.03e-03 |g|=1.06e-02 damp=5.0e-04 lr=8.13e-02 |dx|/ell=0.1392 sat=0.00 com_kill=0.02
[sr 0200] E=3.552151 (-0.048%) var=5.614e-04 |dθ|=1.20e-03 |g|=7.57e-03 damp=4.0e-04 lr=6.02e-02 |dx|/ell=0.1440 sat=0.00 com_kill=0.02
[sr 0250] E=3.552719 (-0.032%) var=5.303e-04 |dθ|=7.03e-04 |g|=1.29e-02 damp=3.2e-04 lr=4.46e-02 |dx|/ell=0.1427 sat=0.00 com_kill=0.01
[sr 0300] E=3.553125 (-0.020%) var=5.314e-04 |dθ|=4.14e-04 |g|=1.04e-02 damp=2.5e-04 lr=3.30e-02 |dx|/ell=0.1405 sat=0.00 com_kill=0.02
[sr 0350] E=3.552985 (-0.024%) var=5.783e-04 |dθ|=2.43e-04 |g|=1.58e-02 damp=2.0e-04 lr=2.45e-02 |dx|/ell=0.1447 sat=0.00 com_kill=0.02
[sr 0400] E=3.553293 (-0.016%) var=4.540e-04 |dθ|=1.43e-04 |g|=9.56e-03 damp=1.6e-04 lr=1.81e-02 |dx|/ell=0.1401 sat=0.00 com_kill=0.01
[sr 0450] E=3.552797 (-0.030%) var=5.402e-04 |dθ|=8.41e-05 |g|=9.86e-03 damp=1.3e-04 lr=1.34e-02 |dx|/ell=0.1397 sat=0.00 com_kill=0.02
[sr 0499] E=3.553118 (-0.021%) var=5.650e-04 |dθ|=5.00e-05 |g|=8.28e-03 damp=1.0e-04 lr=1.00e-02 |dx|/ell=0.1434 sat=0.00 com_kill=0.02
Traceback (most recent call last):
  File "/itf-fi-ml/home/aleksns/Thesis/scripts/run_phase_analysis.py", line 532, in <module>
    main()
  File "/itf-fi-ml/home/aleksns/Thesis/scripts/run_phase_analysis.py", line 303, in main
    spf = dg.kernel_spectrum(Of)
          ^^^^^^^^^^^^^^^^^^^^^^
  File "/itf-fi-ml/home/aleksns/Thesis/src/analysis/diagnostics.py", line 54, in kernel_spectrum
    s = torch.linalg.svdvals(O.double())  # singular values of O
        ^^^^^^^^^^^^^^^^^^^^^^^^^^^^^^^^
torch.cuda.OutOfMemoryError: CUDA out of memory. Tried to allocate 3.61 GiB. GPU 0 has a total capacty of 10.57 GiB of which 1.19 GiB is free. Including non-PyTorch memory, this process has 9.37 GiB memory in use. Of the allocated memory 9.07 GiB is allocated by PyTorch, and 73.52 MiB is reserved by PyTorch but unallocated. If reserved but unallocated memory is large try setting max_split_size_mb to avoid fragmentation.  See documentation for Memory Management and PYTORCH_CUDA_ALLOC_CONF
