0
[phase] N=20 omega=0.5 arch=pinn  ->  /itf-fi-ml/home/aleksns/Thesis/results/analysis/2026-07-16_scaling/N20_ctnnbf_s1_w0p5
0
[phase] params=236,336 device=cuda:0 ref_energy=93.8752

=== stage 1/4: Jastrow alone (backflow detached) ===
[adam 00000] E=141.261043 var=1.1332e+02 sig=0.104 acc~0.5 n=128
[adam 00100] E=145.711216 var=1.1001e+02 sig=0.098 acc~0.5 n=128
[adam 00200] E=143.680017 var=8.6614e+01 sig=0.101 acc~0.5 n=128
[adam 00300] E=138.965370 var=8.5528e+01 sig=0.103 acc~0.5 n=128
[adam 00400] E=134.518411 var=6.8259e+01 sig=0.107 acc~0.5 n=128
[adam 00500] E=125.458507 var=5.4731e+01 sig=0.114 acc~0.5 n=128
[adam 00600] E=116.639152 var=4.9225e+01 sig=0.123 acc~0.5 n=128
[adam 00700] E=103.847333 var=1.7361e+01 sig=0.144 acc~0.5 n=128
[adam 00749] E=98.017202 var=5.8502e+00 sig=0.160 acc~0.5 n=128

=== stage 2/4: cusp pre-train SKIPPED (thesis 'bf_then_joint' variant) ===

=== stage 3/4: backflow only (Jastrow frozen) ===
[adam 00000] E=99.083150 var=6.7785e+00 sig=0.161 acc~0.5 n=128 |dx|/ell=0.2723 sat=0.00 com_kill=0.24
[adam 00100] E=94.518606 var=1.0316e+00 sig=0.188 acc~0.5 n=128 |dx|/ell=0.3313 sat=0.00 com_kill=0.12
[adam 00200] E=94.280803 var=8.6087e-01 sig=0.184 acc~0.5 n=128 |dx|/ell=0.3362 sat=0.00 com_kill=0.03
[adam 00300] E=94.072933 var=6.9173e-01 sig=0.186 acc~0.5 n=128 |dx|/ell=0.4049 sat=0.00 com_kill=0.01
[adam 00400] E=94.174827 var=8.1593e-01 sig=0.185 acc~0.5 n=128 |dx|/ell=0.3707 sat=0.00 com_kill=0.02
[adam 00500] E=94.071635 var=5.6171e-01 sig=0.183 acc~0.5 n=128 |dx|/ell=0.3756 sat=0.00 com_kill=0.05
[adam 00600] E=94.128947 var=7.1180e-01 sig=0.183 acc~0.5 n=128 |dx|/ell=0.3666 sat=0.00 com_kill=0.06
[adam 00700] E=94.182868 var=7.3678e-01 sig=0.183 acc~0.5 n=128 |dx|/ell=0.3678 sat=0.00 com_kill=0.07
[adam 00749] E=94.132160 var=8.2674e-01 sig=0.184 acc~0.5 n=128 |dx|/ell=0.4220 sat=0.00 com_kill=0.02

=== stage 4/4: joint (Jastrow released at lr*0.1) ===
[adam 00000] E=94.152090 var=6.7978e-01 sig=0.188 acc~0.5 n=128 |dx|/ell=0.3974 sat=0.00 com_kill=0.02
[adam 00100] E=94.095793 var=5.2462e-01 sig=0.181 acc~0.5 n=128 |dx|/ell=0.3507 sat=0.00 com_kill=0.03
[adam 00200] E=94.080990 var=5.4664e-01 sig=0.181 acc~0.5 n=128 |dx|/ell=0.3610 sat=0.00 com_kill=0.05
[adam 00300] E=94.047741 var=4.8205e-01 sig=0.185 acc~0.5 n=128 |dx|/ell=0.3630 sat=0.00 com_kill=0.03
[adam 00400] E=94.017382 var=5.4106e-01 sig=0.181 acc~0.5 n=128 |dx|/ell=0.3306 sat=0.00 com_kill=0.02
[adam 00500] E=94.130464 var=3.7298e-01 sig=0.183 acc~0.5 n=128 |dx|/ell=0.3070 sat=0.00 com_kill=0.00
[adam 00600] E=94.041582 var=4.7120e-01 sig=0.182 acc~0.5 n=128 |dx|/ell=0.3159 sat=0.00 com_kill=0.00
[adam 00700] E=94.015954 var=4.1595e-01 sig=0.183 acc~0.5 n=128 |dx|/ell=0.2727 sat=0.00 com_kill=0.01
[adam 00800] E=94.000355 var=3.3960e-01 sig=0.180 acc~0.5 n=128 |dx|/ell=0.3144 sat=0.00 com_kill=0.02
[adam 00900] E=93.994801 var=4.1578e-01 sig=0.179 acc~0.5 n=128 |dx|/ell=0.2769 sat=0.00 com_kill=0.03
[adam 00999] E=93.934258 var=2.8454e-01 sig=0.181 acc~0.5 n=128 |dx|/ell=0.2709 sat=0.00 com_kill=0.01
[phase] training done in 164.7 min
Traceback (most recent call last):
  File "/itf-fi-ml/home/aleksns/Thesis/scripts/run_phase_analysis.py", line 532, in <module>
    main()
  File "/itf-fi-ml/home/aleksns/Thesis/scripts/run_phase_analysis.py", line 266, in main
    train_vmc_adam(
  File "/itf-fi-ml/home/aleksns/Thesis/src/analysis/train.py", line 200, in train_vmc_adam
    x, sig, _, _ = _persistent_rw(system.log_psi, x, steps=200, sigma=sig,
                   ^^^^^^^^^^^^^^^^^^^^^^^^^^^^^^^^^^^^^^^^^^^^^^^^^^^^^^^
  File "/storage/software/PyTorch/2.1.2-foss-2023a-CUDA-12.1.1/lib/python3.11/site-packages/torch/utils/_contextlib.py", line 115, in decorate_context
    return func(*args, **kwargs)
           ^^^^^^^^^^^^^^^^^^^^^
  File "/itf-fi-ml/home/aleksns/Thesis/src/functions/Stochastic_Reconfiguration.py", line 41, in _persistent_rw
    lp = psi_log_fn(x) * 2.0  # log |ψ|^2
         ^^^^^^^^^^^^^
  File "/itf-fi-ml/home/aleksns/Thesis/src/analysis/system.py", line 126, in log_psi
    logpsi, _ = psi_fn(
                ^^^^^^^
  File "/itf-fi-ml/home/aleksns/Thesis/src/utils.py", line 57, in wrapper
    return fn(*args, **kwargs)
           ^^^^^^^^^^^^^^^^^^^
  File "/itf-fi-ml/home/aleksns/Thesis/src/functions/Neural_Networks.py", line 1635, in psi_fn
    x_eff = x_batch + (backflow_net(x_batch, spin=spin_bn) if backflow_net is not None else 0.0)
                       ^^^^^^^^^^^^^^^^^^^^^^^^^^^^^^^^^^^
  File "/storage/software/PyTorch/2.1.2-foss-2023a-CUDA-12.1.1/lib/python3.11/site-packages/torch/nn/modules/module.py", line 1518, in _wrapped_call_impl
    return self._call_impl(*args, **kwargs)
           ^^^^^^^^^^^^^^^^^^^^^^^^^^^^^^^^
  File "/storage/software/PyTorch/2.1.2-foss-2023a-CUDA-12.1.1/lib/python3.11/site-packages/torch/nn/modules/module.py", line 1527, in _call_impl
    return forward_call(*args, **kwargs)
           ^^^^^^^^^^^^^^^^^^^^^^^^^^^^^
  File "/itf-fi-ml/home/aleksns/Thesis/src/PINN.py", line 631, in forward
    h_e_new = self.edge_update(edge_update_in)  # (B,N,N,edge_hidden)
              ^^^^^^^^^^^^^^^^^^^^^^^^^^^^^^^^
  File "/storage/software/PyTorch/2.1.2-foss-2023a-CUDA-12.1.1/lib/python3.11/site-packages/torch/nn/modules/module.py", line 1518, in _wrapped_call_impl
    return self._call_impl(*args, **kwargs)
           ^^^^^^^^^^^^^^^^^^^^^^^^^^^^^^^^
  File "/storage/software/PyTorch/2.1.2-foss-2023a-CUDA-12.1.1/lib/python3.11/site-packages/torch/nn/modules/module.py", line 1527, in _call_impl
    return forward_call(*args, **kwargs)
           ^^^^^^^^^^^^^^^^^^^^^^^^^^^^^
  File "/storage/software/PyTorch/2.1.2-foss-2023a-CUDA-12.1.1/lib/python3.11/site-packages/torch/nn/modules/container.py", line 215, in forward
    input = module(input)
            ^^^^^^^^^^^^^
  File "/storage/software/PyTorch/2.1.2-foss-2023a-CUDA-12.1.1/lib/python3.11/site-packages/torch/nn/modules/module.py", line 1518, in _wrapped_call_impl
    return self._call_impl(*args, **kwargs)
           ^^^^^^^^^^^^^^^^^^^^^^^^^^^^^^^^
  File "/storage/software/PyTorch/2.1.2-foss-2023a-CUDA-12.1.1/lib/python3.11/site-packages/torch/nn/modules/module.py", line 1527, in _call_impl
    return forward_call(*args, **kwargs)
           ^^^^^^^^^^^^^^^^^^^^^^^^^^^^^
  File "/storage/software/PyTorch/2.1.2-foss-2023a-CUDA-12.1.1/lib/python3.11/site-packages/torch/nn/modules/linear.py", line 114, in forward
    return F.linear(input, self.weight, self.bias)
           ^^^^^^^^^^^^^^^^^^^^^^^^^^^^^^^^^^^^^^^
torch.cuda.OutOfMemoryError: CUDA out of memory. Tried to allocate 1.56 GiB. GPU 0 has a total capacty of 10.57 GiB of which 727.06 MiB is free. Including non-PyTorch memory, this process has 9.85 GiB memory in use. Of the allocated memory 9.60 GiB is allocated by PyTorch, and 58.87 MiB is reserved by PyTorch but unallocated. If reserved but unallocated memory is large try setting max_split_size_mb to avoid fragmentation.  See documentation for Memory Management and PYTORCH_CUDA_ALLOC_CONF
