0
[phase] N=6 omega=0.01 arch=deepset_big  ->  results/analysis/2026-07-02_N6_w001_deepset_s1
0
[phase] warm-started from results/analysis/2026-06-15_N6_w01_deepset_big_bf_casc/checkpoint.pt (omega 0.1 -> 0.01)
[phase] params=47,669 device=cuda:0 ref_energy=0.69036
[adam 00000] E=1.150768 var=2.4234e-02 sig=1.682 acc~0.5 n=2048
[adam 00012] E=0.703951 var=6.9101e-04 sig=2.000 acc~0.5 n=2048
[adam 00024] E=0.694519 var=2.3228e-04 sig=2.000 acc~0.5 n=2048
[seg 1/4] step=25 E_raw=0.69630 (+0.863%) var=2.532e-04 kappa(S)=3.85e+11 rank=1023 cos_sr=0.978 cos_plain=0.192
[adam 00000] E=0.696695 var=2.2307e-04 sig=2.000 acc~0.5 n=2048
[adam 00019] E=0.696625 var=1.8530e-04 sig=2.000 acc~0.5 n=2048
[adam 00037] E=0.692757 var=9.9971e-05 sig=2.000 acc~0.5 n=2048
[seg 2/4] step=63 E_raw=0.69262 (+0.331%) var=9.868e-05 kappa(S)=3.98e+11 rank=1023 cos_sr=0.974 cos_plain=0.121
[adam 00000] E=0.692652 var=9.4662e-05 sig=2.000 acc~0.5 n=2048
[adam 00048] E=0.691354 var=4.5538e-05 sig=2.000 acc~0.5 n=2048
[adam 00095] E=0.690972 var=3.3782e-05 sig=2.000 acc~0.5 n=2048
[seg 3/4] step=159 E_raw=0.69107 (+0.102%) var=3.990e-05 kappa(S)=4.31e+11 rank=1023 cos_sr=0.932 cos_plain=0.115
[adam 00000] E=0.690959 var=3.3434e-05 sig=2.000 acc~0.5 n=2048
[adam 00120] E=0.690854 var=3.2341e-05 sig=2.000 acc~0.5 n=2048
[adam 00240] E=0.690750 var=2.7938e-05 sig=2.000 acc~0.5 n=2048
[seg 4/4] step=400 E_raw=0.69062 (+0.046%) var=3.394e-05 kappa(S)=2.71e+11 rank=1023 cos_sr=0.931 cos_plain=0.141
[phase] training done in 5.4 min
[adam 00000] E=0.690809 var=3.0275e-05 sig=2.000 acc~0.5 n=4096
[adam 00030] E=0.690725 var=3.0324e-05 sig=2.000 acc~0.5 n=4096
[adam 00060] E=0.690984 var=3.2415e-05 sig=2.000 acc~0.5 n=4096
[adam 00090] E=0.690734 var=3.2107e-05 sig=2.000 acc~0.5 n=4096
[adam 00119] E=0.690843 var=2.9322e-05 sig=2.000 acc~0.5 n=4096
[sr 0000] E=0.690740 (+0.055%) var=3.459e-05 |dθ|=6.88e-03 |g|=4.70e-03 damp=1.0e-03 lr=2.00e-01
[sr 0020] E=0.690903 (+0.079%) var=3.315e-05 |dθ|=5.87e-03 |g|=3.89e-03 damp=7.9e-04 lr=1.48e-01
[sr 0040] E=0.690873 (+0.074%) var=3.571e-05 |dθ|=3.45e-03 |g|=5.47e-03 damp=6.3e-04 lr=1.10e-01
[sr 0060] E=0.690663 (+0.044%) var=3.504e-05 |dθ|=2.02e-03 |g|=7.06e-03 damp=5.0e-04 lr=8.11e-02
[sr 0080] E=0.690871 (+0.074%) var=3.348e-05 |dθ|=1.19e-03 |g|=5.92e-03 damp=4.0e-04 lr=6.00e-02
[sr 0100] E=0.690669 (+0.045%) var=3.212e-05 |dθ|=6.98e-04 |g|=6.88e-03 damp=3.1e-04 lr=4.44e-02
[sr 0120] E=0.690823 (+0.067%) var=3.448e-05 |dθ|=4.10e-04 |g|=5.70e-03 damp=2.5e-04 lr=3.28e-02
[sr 0140] E=0.690780 (+0.061%) var=3.056e-05 |dθ|=2.41e-04 |g|=5.49e-03 damp=2.0e-04 lr=2.43e-02
[sr 0160] E=0.690687 (+0.047%) var=3.182e-05 |dθ|=1.41e-04 |g|=6.11e-03 damp=1.6e-04 lr=1.80e-02
[sr 0180] E=0.690749 (+0.056%) var=3.211e-05 |dθ|=8.29e-05 |g|=6.96e-03 damp=1.2e-04 lr=1.33e-02
[sr 0199] E=0.690741 (+0.055%) var=3.231e-05 |dθ|=5.00e-05 |g|=4.73e-03 damp=1.0e-04 lr=1.00e-02
[phase] summary:
{
  "N": 6,
  "omega": 0.01,
  "arch": "deepset_big",
  "n_params": 47669,
  "final": {
    "E_mean": 0.6907808398426152,
    "E_mean_raw": 0.690768709390433,
    "E_stderr": 5.882498208276271e-05,
    "var_EL": 3.234531164307699e-05,
    "n_samples": 8192,
    "frac_clipped": 0.00341796875,
    "ref_energy": 0.69036,
    "error_pct": 0.06095947659412568,
    "error_sigma": 7.154100651031449
  },
  "energy_raw": 0.690768709390433,
  "error_pct_raw": 0.059202356804135,
  "energy_zv": 0.6899640309800563,
  "error_pct_zv": -0.05735688915111737,
  "zv_n_points": 5,
  "spectrum": {
    "lam_max": 286.35599812278764,
    "lam_min_supported": 2.882584761207952e-10,
    "effective_rank": 3.9063574418156555,
    "numerical_rank": 1652,
    "condition_number": 993400096942.1266,
    "n_params": 47669,
    "n_samples": 2048
  },
  "alignment": {
    "cos_sr": 0.8376341415633212,
    "cos_plain": 0.06771042791896063,
    "rep_fraction": 0.8376341415633212,
    "ntk_condition": 9920608881.368246,
    "ntk_eff_rank": 3.906357402193339,
    "ntk_numerical_rank": 891
  },
  "n_align_samples": 2048
}
