0
  N12 conv-bf s0 w0.01  err=+0.582% | bf buys dE=+0.0008 (dT=-0.0005 dVc=+0.0004, +0.08w) | msg dE=+nan (dT=+nan dVc=+nan) | d_eff=1.07 BFrank=1.0 |dx|=0.138
  N12 conv-bf s0 w0.1   err=+0.144% | bf buys dE=+0.0846 (dT=+0.1242 dVc=+0.2446, +0.85w) | msg dE=+nan (dT=+nan dVc=+nan) | d_eff=5.64 BFrank=21.7 |dx|=0.154
  N12 conv-bf s0 w0.28  err=+0.096% | bf buys dE=+0.1571 (dT=+0.5585 dVc=+0.4238, +0.56w) | msg dE=+nan (dT=+nan dVc=+nan) | d_eff=6.44 BFrank=21.8 |dx|=0.124
  N12 conv-bf s0 w0.5   err=+0.051% | bf buys dE=+0.2144 (dT=+0.3373 dVc=+0.4441, +0.43w) | msg dE=+nan (dT=+nan dVc=+nan) | d_eff=4.86 BFrank=21.8 |dx|=0.101
  N12 conv-bf s0 w1.0   err=+0.082% | bf buys dE=+0.1432 (dT=+0.5427 dVc=-0.2479, +0.14w) | msg dE=+nan (dT=+nan dVc=+nan) | d_eff=3.94 BFrank=22.1 |dx|=0.085
  N12 conv-bf s1 w0.01  err=+0.499% | bf buys dE=+0.0011 (dT=-0.0014 dVc=-0.0005, +0.11w) | msg dE=+nan (dT=+nan dVc=+nan) | d_eff=1.06 BFrank=1.0 |dx|=0.122
  N12 conv-bf s1 w0.1   err=+0.166% | bf buys dE=+0.0813 (dT=+0.1236 dVc=+0.2129, +0.81w) | msg dE=+nan (dT=+nan dVc=+nan) | d_eff=6.20 BFrank=21.7 |dx|=0.157
  N12 conv-bf s1 w0.28  err=+0.070% | bf buys dE=+0.1688 (dT=+0.4771 dVc=+0.2861, +0.60w) | msg dE=+nan (dT=+nan dVc=+nan) | d_eff=6.87 BFrank=21.7 |dx|=0.129
  N12 conv-bf s1 w0.5   err=+0.055% | bf buys dE=+0.1353 (dT=-0.7173 dVc=+0.2091, +0.27w) | msg dE=+nan (dT=+nan dVc=+nan) | d_eff=5.51 BFrank=21.8 |dx|=0.108
  N12 conv-bf s1 w1.0   err=+0.005% | bf buys dE=+0.1766 (dT=-0.1493 dVc=-0.5096, +0.18w) | msg dE=+nan (dT=+nan dVc=+nan) | d_eff=4.22 BFrank=22.3 |dx|=0.089
  N12 ctnn-bf s0 w0.01  err=-0.006% | bf buys dE=+0.0625 (dT=-0.0114 dVc=+0.0770, +6.25w) | msg dE=+0.0632 (dT=-0.0045 dVc=+0.1031) | d_eff=9.30 BFrank=20.6 |dx|=0.088
  N12 ctnn-bf s0 w0.1   err=+0.004% | bf buys dE=+0.1192 (dT=+0.1372 dVc=+0.3644, +1.19w) | msg dE=+0.0838 (dT=+0.0944 dVc=+0.1850) | d_eff=5.39 BFrank=18.6 |dx|=0.147
  N12 ctnn-bf s0 w0.28  err=-0.027% | bf buys dE=+0.2027 (dT=+0.2110 dVc=+0.6046, +0.72w) | msg dE=+0.1542 (dT=+0.1933 dVc=+0.2378) | d_eff=4.42 BFrank=20.7 |dx|=0.140
  N12 ctnn-bf s0 w0.5   err=+0.006% | bf buys dE=+0.2277 (dT=+0.5608 dVc=+0.0935, +0.46w) | msg dE=+0.2159 (dT=+0.4413 dVc=+0.2314) | d_eff=3.99 BFrank=21.4 |dx|=0.161
  N12 ctnn-bf s0 w1.0   err=-0.008% | bf buys dE=+0.1599 (dT=-0.0766 dVc=-0.7755, +0.16w) | msg dE=+0.2306 (dT=-0.6334 dVc=-0.3419) | d_eff=3.90 BFrank=20.9 |dx|=0.125
  N12 ctnn-bf s1 w0.01  err=-0.001% | bf buys dE=+0.0658 (dT=-0.0136 dVc=+0.0767, +6.58w) | msg dE=+0.0673 (dT=-0.0125 dVc=+0.0962) | d_eff=9.20 BFrank=21.0 |dx|=0.086
  N12 ctnn-bf s1 w0.1   err=+0.019% | bf buys dE=+0.1003 (dT=+0.1564 dVc=+0.3848, +1.00w) | msg dE=+0.0916 (dT=+0.0641 dVc=+0.1880) | d_eff=5.12 BFrank=17.7 |dx|=0.145
  N12 ctnn-bf s1 w0.28  err=-0.022% | bf buys dE=+0.1879 (dT=+0.2638 dVc=+0.4403, +0.67w) | msg dE=+0.1347 (dT=+0.2500 dVc=+0.2495) | d_eff=4.36 BFrank=20.3 |dx|=0.135
  N12 ctnn-bf s1 w0.5   err=-0.023% | bf buys dE=+0.1709 (dT=+0.4219 dVc=-0.0248, +0.34w) | msg dE=+0.1672 (dT=+0.3645 dVc=+0.1318) | d_eff=4.07 BFrank=21.5 |dx|=0.150
  N12 ctnn-bf s1 w1.0   err=+0.000% | bf buys dE=+0.2007 (dT=+0.2176 dVc=-0.8029, +0.20w) | msg dE=+0.3014 (dT=+0.5502 dVc=-0.2280) | d_eff=3.91 BFrank=20.7 |dx|=0.135
