0
[phase] N=6 omega=0.28 arch=pinn  ->  /itf-fi-ml/home/aleksns/Thesis/results/analysis/2026-07-16_scaling/N6_ctnnbf_s1_w0p28
0
[phase] warm-started from /itf-fi-ml/home/aleksns/Thesis/results/analysis/2026-07-16_scaling/N6_ctnnbf_s1_w0p5/checkpoint.pt (omega 0.5 -> 0.28)
[phase] params=236,336 device=cuda:0 ref_energy=7.60019
[adam 00000] E=7.772222 var=1.3400e-01 sig=0.517 acc~0.5 n=2048 |dx|/ell=0.0826 sat=0.00 com_kill=0.02
[adam 00093] E=7.599820 var=4.8522e-03 sig=0.540 acc~0.5 n=2048 |dx|/ell=0.1414 sat=0.00 com_kill=0.01
[adam 00186] E=7.596312 var=3.4640e-03 sig=0.538 acc~0.5 n=2048 |dx|/ell=0.1211 sat=0.00 com_kill=0.01
[seg 1/4] step=187 E_raw=7.60144 (-0.001%) var=4.027e-03 kappa(S)=5.01e+05 rank=1023 cos_sr=1.000 cos_plain=0.105
[adam 00000] E=7.597313 var=3.7571e-03 sig=0.541 acc~0.5 n=2048 |dx|/ell=0.1225 sat=0.00 com_kill=0.03
[adam 00142] E=7.598146 var=3.0676e-03 sig=0.535 acc~0.5 n=2048 |dx|/ell=0.1158 sat=0.00 com_kill=0.02
[adam 00284] E=7.598716 var=2.5784e-03 sig=0.535 acc~0.5 n=2048 |dx|/ell=0.1174 sat=0.00 com_kill=0.01
[seg 2/4] step=472 E_raw=7.59937 (-0.024%) var=3.636e-03 kappa(S)=8.42e+05 rank=1023 cos_sr=1.000 cos_plain=0.122
[adam 00000] E=7.599579 var=2.8904e-03 sig=0.539 acc~0.5 n=2048 |dx|/ell=0.1136 sat=0.00 com_kill=0.03
[adam 00358] E=7.597604 var=2.4340e-03 sig=0.537 acc~0.5 n=2048 |dx|/ell=0.1148 sat=0.00 com_kill=0.02
[adam 00716] E=7.597681 var=2.4749e-03 sig=0.535 acc~0.5 n=2048 |dx|/ell=0.1133 sat=0.00 com_kill=0.02
[seg 3/4] step=1189 E_raw=7.59972 (-0.007%) var=3.148e-03 kappa(S)=7.13e+05 rank=1023 cos_sr=1.000 cos_plain=0.139
[adam 00000] E=7.598079 var=2.5237e-03 sig=0.537 acc~0.5 n=2048 |dx|/ell=0.1157 sat=0.00 com_kill=0.02
[adam 00905] E=7.599033 var=2.2999e-03 sig=0.537 acc~0.5 n=2048 |dx|/ell=0.1147 sat=0.00 com_kill=0.01
[adam 01810] E=7.599150 var=2.3266e-03 sig=0.537 acc~0.5 n=2048 |dx|/ell=0.1198 sat=0.00 com_kill=0.02
[seg 4/4] step=3000 E_raw=7.59659 (-0.060%) var=2.805e-03 kappa(S)=4.13e+05 rank=1023 cos_sr=1.000 cos_plain=0.088
[phase] training done in 171.7 min
[adam 00000] E=7.598799 var=2.2749e-03 sig=0.541 acc~0.5 n=4096 |dx|/ell=0.1207 sat=0.00 com_kill=0.02
[adam 00125] E=7.598486 var=1.8179e-03 sig=0.536 acc~0.5 n=4096 |dx|/ell=0.1206 sat=0.00 com_kill=0.01
[adam 00250] E=7.597268 var=1.9052e-03 sig=0.536 acc~0.5 n=4096 |dx|/ell=0.1150 sat=0.00 com_kill=0.02
[adam 00375] E=7.597082 var=1.8453e-03 sig=0.536 acc~0.5 n=4096 |dx|/ell=0.1181 sat=0.00 com_kill=0.01
[adam 00499] E=7.597956 var=1.9489e-03 sig=0.537 acc~0.5 n=4096 |dx|/ell=0.1201 sat=0.00 com_kill=0.02
[sr 0000] E=7.596644 (-0.047%) var=2.286e-03 |dθ|=1.00e-02 |g|=2.40e-02 damp=1.0e-03 lr=2.00e-01 |dx|/ell=0.1199 sat=0.00 com_kill=0.02
[sr 0050] E=7.597497 (-0.035%) var=2.044e-03 |dθ|=5.88e-03 |g|=8.99e-03 damp=7.9e-04 lr=1.48e-01 |dx|/ell=0.1162 sat=0.00 com_kill=0.02
[sr 0100] E=7.596800 (-0.045%) var=2.225e-03 |dθ|=3.46e-03 |g|=1.24e-02 damp=6.3e-04 lr=1.10e-01 |dx|/ell=0.1147 sat=0.00 com_kill=0.02
[sr 0150] E=7.598753 (-0.019%) var=1.963e-03 |dθ|=2.03e-03 |g|=1.25e-02 damp=5.0e-04 lr=8.13e-02 |dx|/ell=0.1211 sat=0.00 com_kill=0.02
[sr 0200] E=7.596357 (-0.050%) var=1.923e-03 |dθ|=1.20e-03 |g|=2.68e-02 damp=4.0e-04 lr=6.02e-02 |dx|/ell=0.1171 sat=0.00 com_kill=0.02
[sr 0250] E=7.598152 (-0.027%) var=2.073e-03 |dθ|=7.03e-04 |g|=8.66e-03 damp=3.2e-04 lr=4.46e-02 |dx|/ell=0.1166 sat=0.00 com_kill=0.02
[sr 0300] E=7.596525 (-0.048%) var=2.113e-03 |dθ|=4.14e-04 |g|=1.20e-02 damp=2.5e-04 lr=3.30e-02 |dx|/ell=0.1183 sat=0.00 com_kill=0.01
[sr 0350] E=7.598830 (-0.018%) var=1.938e-03 |dθ|=2.43e-04 |g|=1.96e-02 damp=2.0e-04 lr=2.45e-02 |dx|/ell=0.1140 sat=0.00 com_kill=0.02
[sr 0400] E=7.598132 (-0.027%) var=1.923e-03 |dθ|=1.43e-04 |g|=1.52e-02 damp=1.6e-04 lr=1.81e-02 |dx|/ell=0.1196 sat=0.00 com_kill=0.02
[sr 0450] E=7.598192 (-0.026%) var=2.097e-03 |dθ|=8.41e-05 |g|=1.66e-02 damp=1.3e-04 lr=1.34e-02 |dx|/ell=0.1174 sat=0.00 com_kill=0.02
[sr 0499] E=7.598248 (-0.026%) var=2.087e-03 |dθ|=5.00e-05 |g|=1.89e-02 damp=1.0e-04 lr=1.00e-02 |dx|/ell=0.1175 sat=0.00 com_kill=0.02
[phase] summary:
{
  "N": 6,
  "omega": 0.28,
  "arch": "pinn",
  "n_params": 236336,
  "final": {
    "E_mean": 7.597555514576463,
    "E_mean_raw": 7.598100871237243,
    "E_stderr": 0.0004766512152746837,
    "var_EL": 0.0020713787148459607,
    "n_samples": 8192,
    "frac_clipped": 0.011962890625,
    "ref_energy": 7.60019,
    "error_pct": -0.03466341530325562,
    "error_sigma": -5.527071659763433
  },
  "energy_raw": 7.598100871237243,
  "error_pct_raw": -0.027487849155832772,
  "energy_zv": 7.593384967861915,
  "error_pct_zv": -0.08953765811228592,
  "zv_n_points": 5,
  "spectrum": {
    "lam_max": 29.06434143140514,
    "lam_min_supported": 7.949283777336446e-06,
    "effective_rank": 5.3010382052335565,
    "numerical_rank": 2047,
    "condition_number": 3656221.3962304518,
    "n_params": 236336,
    "n_samples": 2048
  },
  "alignment": {
    "cos_sr": 1.0,
    "cos_plain": 0.07278498908574697,
    "rep_fraction": 1.0,
    "ntk_condition": 3656221.3962899833,
    "ntk_eff_rank": 5.301038205233558,
    "ntk_numerical_rank": 2047
  },
  "n_align_samples": 2048
}
