0
[phase] N=6 omega=0.1 arch=pinn  ->  /itf-fi-ml/home/aleksns/Thesis/results/analysis/2026-07-16_scaling/N6_convbf_s0_w0p1
0
[phase] warm-started from /itf-fi-ml/home/aleksns/Thesis/results/analysis/2026-07-16_scaling/N6_convbf_s0_w0p28/checkpoint.pt (omega 0.28 -> 0.1)
[phase] params=105,136 device=cuda:0 ref_energy=3.55385
[adam 00000] E=4.095729 var=2.1935e-01 sig=0.787 acc~0.5 n=2048 |dx|/ell=0.1346
[adam 00093] E=3.573102 var=9.6385e-03 sig=0.898 acc~0.5 n=2048 |dx|/ell=0.1682
[adam 00186] E=3.572099 var=7.7859e-03 sig=0.892 acc~0.5 n=2048 |dx|/ell=0.1647
[seg 1/4] step=187 E_raw=3.56560 (+0.329%) var=7.376e-03 kappa(S)=1.13e+07 rank=1023 cos_sr=1.000 cos_plain=0.135
[adam 00000] E=3.566733 var=7.7135e-03 sig=0.897 acc~0.5 n=2048 |dx|/ell=0.2430
[adam 00142] E=3.565120 var=5.9864e-03 sig=0.885 acc~0.5 n=2048 |dx|/ell=0.1279
[adam 00284] E=3.561465 var=5.6006e-03 sig=0.886 acc~0.5 n=2048 |dx|/ell=0.1293
[seg 2/4] step=472 E_raw=3.55634 (+0.061%) var=5.972e-03 kappa(S)=9.54e+06 rank=1023 cos_sr=1.000 cos_plain=0.142
[adam 00000] E=3.564883 var=5.3328e-03 sig=0.889 acc~0.5 n=2048 |dx|/ell=0.2151
[adam 00358] E=3.560414 var=4.8689e-03 sig=0.882 acc~0.5 n=2048 |dx|/ell=0.1358
[adam 00716] E=3.562507 var=4.3132e-03 sig=0.887 acc~0.5 n=2048 |dx|/ell=0.1300
[seg 3/4] step=1189 E_raw=3.56112 (+0.201%) var=4.625e-03 kappa(S)=1.79e+06 rank=1023 cos_sr=1.000 cos_plain=0.224
[adam 00000] E=3.560814 var=4.3692e-03 sig=0.888 acc~0.5 n=2048 |dx|/ell=0.2025
[adam 00905] E=3.560909 var=3.7402e-03 sig=0.880 acc~0.5 n=2048 |dx|/ell=0.1555
[adam 01810] E=3.559257 var=3.2763e-03 sig=0.885 acc~0.5 n=2048 |dx|/ell=0.1660
[seg 4/4] step=3000 E_raw=3.56175 (+0.216%) var=3.573e-03 kappa(S)=1.29e+06 rank=1023 cos_sr=1.000 cos_plain=0.195
[phase] training done in 63.5 min
[adam 00000] E=3.559751 var=3.3846e-03 sig=0.886 acc~0.5 n=4096 |dx|/ell=0.1662
[adam 00125] E=3.558684 var=3.1469e-03 sig=0.882 acc~0.5 n=4096 |dx|/ell=0.1601
[adam 00250] E=3.558907 var=3.3222e-03 sig=0.883 acc~0.5 n=4096 |dx|/ell=0.1623
[adam 00375] E=3.557676 var=2.9929e-03 sig=0.883 acc~0.5 n=4096 |dx|/ell=0.1570
[adam 00499] E=3.560603 var=3.2983e-03 sig=0.882 acc~0.5 n=4096 |dx|/ell=0.1637
[sr 0000] E=3.558214 (+0.123%) var=3.804e-03 |dθ|=1.00e-02 |g|=8.72e-02 damp=1.0e-03 lr=2.00e-01 |dx|/ell=0.1674
[sr 0050] E=3.562077 (+0.231%) var=3.463e-03 |dθ|=5.88e-03 |g|=6.02e-02 damp=7.9e-04 lr=1.48e-01 |dx|/ell=0.1624
[sr 0100] E=3.558468 (+0.130%) var=3.181e-03 |dθ|=3.46e-03 |g|=7.20e-02 damp=6.3e-04 lr=1.10e-01 |dx|/ell=0.1595
[sr 0150] E=3.560456 (+0.186%) var=3.736e-03 |dθ|=2.03e-03 |g|=7.65e-02 damp=5.0e-04 lr=8.13e-02 |dx|/ell=0.1588
[sr 0200] E=3.559391 (+0.156%) var=3.204e-03 |dθ|=1.20e-03 |g|=6.44e-02 damp=4.0e-04 lr=6.02e-02 |dx|/ell=0.1685
[sr 0250] E=3.558407 (+0.128%) var=3.371e-03 |dθ|=7.03e-04 |g|=8.61e-02 damp=3.2e-04 lr=4.46e-02 |dx|/ell=0.1670
[sr 0300] E=3.557655 (+0.107%) var=3.325e-03 |dθ|=4.14e-04 |g|=6.73e-02 damp=2.5e-04 lr=3.30e-02 |dx|/ell=0.1593
[sr 0350] E=3.559368 (+0.155%) var=3.642e-03 |dθ|=2.43e-04 |g|=5.09e-02 damp=2.0e-04 lr=2.45e-02 |dx|/ell=0.1630
[sr 0400] E=3.557803 (+0.111%) var=3.288e-03 |dθ|=1.43e-04 |g|=5.11e-02 damp=1.6e-04 lr=1.81e-02 |dx|/ell=0.1614
[sr 0450] E=3.557963 (+0.116%) var=3.654e-03 |dθ|=8.41e-05 |g|=9.18e-02 damp=1.3e-04 lr=1.34e-02 |dx|/ell=0.1636
[sr 0499] E=3.556638 (+0.078%) var=3.205e-03 |dθ|=5.00e-05 |g|=6.49e-02 damp=1.0e-04 lr=1.00e-02 |dx|/ell=0.1628
[phase] summary:
{
  "N": 6,
  "omega": 0.1,
  "arch": "pinn",
  "n_params": 105136,
  "final": {
    "E_mean": 3.5595786921644477,
    "E_mean_raw": 3.559939377273955,
    "E_stderr": 0.0006786438455808802,
    "var_EL": 0.003487513415078075,
    "n_samples": 8192,
    "frac_clipped": 0.004150390625,
    "ref_energy": 3.55385,
    "error_pct": 0.16119679121086966,
    "error_sigma": 8.441382327049704
  },
  "energy_raw": 3.559939377273955,
  "error_pct_raw": 0.1713459283299795,
  "energy_zv": 3.557829490065538,
  "error_pct_zv": 0.11197687199903375,
  "zv_n_points": 5,
  "spectrum": {
    "lam_max": 125.61834294556661,
    "lam_min_supported": 1.9633770592779873e-05,
    "effective_rank": 17.198009497286716,
    "numerical_rank": 2047,
    "condition_number": 6398075.313753616,
    "n_params": 105136,
    "n_samples": 2048
  },
  "alignment": {
    "cos_sr": 1.0,
    "cos_plain": 0.14111267692912038,
    "rep_fraction": 1.0,
    "ntk_condition": 6398075.3140985705,
    "ntk_eff_rank": 17.19800949728671,
    "ntk_numerical_rank": 2047
  },
  "n_align_samples": 2048
}
