0
[phase] N=6 omega=0.01 arch=ctnn_vcycle_big  ->  /itf-fi-ml/home/aleksns/Thesis/results/analysis/2026-07-02_overnight/A_ctnn_nobf_s1_w0p01
0
[phase] warm-started from /itf-fi-ml/home/aleksns/Thesis/results/analysis/2026-07-02_overnight/A_ctnn_nobf_s1_w0p1/checkpoint.pt (omega 0.1 -> 0.01)
[phase] params=66,498 device=cuda:0 ref_energy=0.69036
[adam 00000] E=1.115832 var=1.8827e-02 sig=1.650 acc~0.5 n=2048
[adam 00015] E=-599889.256416 var=8.4344e+09 sig=2.000 acc~0.5 n=2048
[adam 00030] E=-544919618428917593931776.000000 var=3.6773e+45 sig=1.996 acc~0.5 n=2000
[seg 1/4] step=31 E_raw=-13144024077205805570457600.00000 (-1903937666899270712764137472.000%) var=2.775e+48 kappa(S)=8.77e+11 rank=52 cos_sr=1.000 cos_plain=1.000
[adam 00000] E=-1620760530781754103955456.000000 var=6.3653e+46 sig=2.000 acc~0.5 n=2048
[adam 00023] E=-872671505472993627662223941349088860045312.000000 var=8.1678e+81 sig=1.628 acc~0.5 n=1230
[adam 00046] E=-223091097147497542354476597588863059002767423968378880.000000 var=4.2523e+104 sig=0.142 acc~0.5 n=145
[seg 2/4] step=78 E_raw=-501837651807558299102229094860618116340069117110255616.00000 (-72692168116281119539892941959464918289556805545531277312.000%) var=5.244e+105 kappa(S)=9.76e+11 rank=38 cos_sr=1.000 cos_plain=1.000
[adam 00000] E=-62172195932611505058811101649626197043870532668227584.000000 var=9.2800e+103 sig=2.000 acc~0.5 n=2048
[adam 00060] E=-419927747096068650780763326018756315784213406876505780280690302118789120.000000 var=9.6821e+140 sig=0.025 acc~0.5 n=107
[adam 00119] E=-50945841328005627068485601433577747660257397932185941357142375718145407669684404224.000000 var=1.3569e+163 sig=0.000 acc~0.5 n=103
[seg 3/4] step=198 E_raw=-62133316442436187999696944402321680669173929921460696414267484281233068394285105152.00000 (-9000132748484297071023500100152144254186420499852510824389830229486740553283043065856.000%) var=7.054e+163 kappa(S)=8.70e+11 rank=48 cos_sr=1.000 cos_plain=0.000
[adam 00000] E=-7783617291873591001463954650779994956591757645160887154788087376509756786023071744.000000 var=1.4445e+162 sig=2.000 acc~0.5 n=2048
[adam 00151] E=-32461034198191669280720080976437073015477050279953382797610142001194183492564667014282104951669784576.000000 var=6.6111e+198 sig=0.000 acc~0.5 n=106
[adam 00301] E=-21094028982648329569967517339114302058843910304544346572209601209175540685139445644906787431699684786176.000000 var=2.7924e+204 sig=0.000 acc~0.5 n=105
[seg 4/4] step=500 E_raw=-17788731015542954351536174150108025980766985627436216701169535088035970977215960404770519188335562326016.00000 (-2576732576560483818722946200883816265327423864230127932673569309412206847482956479642473678950364161769472.000%) var=5.952e+204 kappa(S)=9.46e+11 rank=31 cos_sr=1.000 cos_plain=nan
[phase] training done in 17.7 min
[adam 00000] E=-2229977221478110164287681863836043949048132310825338790794251427763541094536888330392929707127849615360.000000 var=1.1613e+203 sig=2.000 acc~0.5 n=4096
[adam 00030] E=-23626723883090889935030356326233946267461926471217998650129012715695829075826133514294915017394071011328.000000 var=5.5959e+204 sig=0.934 acc~0.5 n=1147
[adam 00060] E=-28713405127579082239977970284256268486318513095318969394975429046223077174100021494336868724061390241792.000000 var=4.4567e+204 sig=0.025 acc~0.5 n=248
[adam 00090] E=-28851801904261908994523915089608664735009467551731375432497988909017624973331913612192807395276170985472.000000 var=4.4849e+204 sig=0.001 acc~0.5 n=241
[adam 00119] E=-28856253992097574308951699721392602918860509298820027521207699519841531025284013165710426917157050777600.000000 var=4.4857e+204 sig=0.000 acc~0.5 n=241
[sr 0000] E=-5927555828671686971251590635451890546237963692844173206937334947802683345511042725839715957206270607360.000000 (-858618087471998197408791433519690931502837298613983263752159087760491803649628622990679555196865440907264.000%) var=6.456e+203 |dθ|=1.00e-02 |g|=inf damp=1.0e-03 lr=2.00e-01
[sr 0020] E=-26242913818342664318813378962342607369393628597871869414275081741474625165017406635662542254051917037568.000000 (-3801337536697182415133661617354811842644947781157446369343792290198999567594203985063364708387996850716672.000%) var=8.290e+204 |dθ|=5.87e-03 |g|=inf damp=7.9e-04 lr=1.48e-01
[sr 0040] E=-29070796459804919451767559954008530280196671297458622942300725001500783747864265750286261760936640512000.000000 (-4210961883626647314845972097220314228103776139103443189573077842792308598148072196932700503445802674290688.000%) var=6.380e+204 |dθ|=3.45e-03 |g|=inf damp=6.3e-04 lr=1.10e-01
[sr 0060] E=-29110285200620198316510253277318189264606682002729386381275067039517852846328892555856761058931626737664.000000 (-4216681905182831822671072891671420036200956985731779774565709371310638641574030972065798856004122026442752.000%) var=6.448e+204 |dθ|=2.02e-03 |g|=inf damp=5.0e-04 lr=8.11e-02
[sr 0080] E=-29113386481025232695444170286133208496053365066016693308953981000644688495326994157303489770544099753984.000000 (-4217131131732028570003311460935065611173398403796813421543922147540813743266816935848173800365160201715712.000%) var=6.449e+204 |dθ|=1.19e-03 |g|=inf damp=4.0e-04 lr=6.00e-02
[sr 0100] E=-29115663900452158761418770334633342585300102629201015961312102359046311434946042239155040526669661077504.000000 (-4217461020402711433724907408333692165004659928325199759226283558358664667906284621537126701889663797297152.000%) var=6.450e+204 |dθ|=6.98e-04 |g|=inf damp=3.1e-04 lr=4.44e-02
[sr 0120] E=-29117920234332278522133336141929184459623862008685819078048414490136139138600023100578166400946102337536.000000 (-4217787854790584550482578545967672553029854752122114745089375469476244537425710051066612285549902844395520.000%) var=6.450e+204 |dθ|=4.10e-04 |g|=inf damp=2.5e-04 lr=3.28e-02
[sr 0140] E=-29120041844604287246820899665279085981741439898798482991473603833181451338448083538485153603382065233920.000000 (-4218095174199589936541500811092978564379587249695133154117497587437039634251924318740142905472004026007552.000%) var=6.451e+204 |dθ|=2.41e-04 |g|=inf damp=2.0e-04 lr=2.43e-02
[sr 0160] E=-29122069939591022827545934485981263142406468912827954748188679563101791420071328358401837620601762611200.000000 (-4218388947736111925702198233930204225201911842351014654798060538517745135116357384724458225856322260172800.000%) var=6.451e+204 |dθ|=1.41e-04 |g|=inf damp=1.6e-04 lr=1.80e-02
[sr 0180] E=-29124045847681378620139307796453954552203573907846325811285591841230263157467506377754166913413230362624.000000 (-4218675161898340101254776068421157593035049712477205504192407053192233486213163531710389100121646035894272.000%) var=6.452e+204 |dθ|=8.29e-05 |g|=inf damp=1.2e-04 lr=1.33e-02
[sr 0199] E=-29125891558747335138153234435531848897666990487831620579429916055253028359125487932891829420614781763584.000000 (-4218942516766228199481630728852199194583192531507974921882010581455632804372287620764690425903162322845696.000%) var=6.452e+204 |dθ|=5.00e-05 |g|=inf damp=1.0e-04 lr=1.00e-02
[phase] summary:
{
  "N": 6,
  "omega": 0.01,
  "arch": "ctnn_vcycle_big",
  "n_params": 66498,
  "final": {
    "E_mean": -3.1041466977512872e+103,
    "E_mean_raw": -3.1041466977512872e+103,
    "E_stderr": 6.306012819798429e+101,
    "var_EL": 2.2515622142842624e+205,
    "n_samples": 77,
    "frac_clipped": 0.0,
    "ref_energy": 0.69036,
    "error_pct": -4.496417373183973e+105,
    "error_sigma": -49.225188505888745
  },
  "energy_raw": -3.1041466977512872e+103,
  "error_pct_raw": -4.496417373183973e+105,
  "energy_zv": -7.788041995030808e-308,
  "error_pct_zv": -100.0,
  "zv_n_points": 5,
  "spectrum": {
    "lam_max": 2.809673549080093e+106,
    "lam_min_supported": 3.3041869725134905e+94,
    "effective_rank": 1.0016010222783012,
    "numerical_rank": 26,
    "condition_number": 850337336371.3671,
    "n_params": 66498,
    "n_samples": 77
  },
  "alignment": {
    "cos_sr": 0.9999999999646175,
    "cos_plain": NaN,
    "rep_fraction": 0.9999999999646175,
    "ntk_condition": 7395489786.067769,
    "ntk_eff_rank": 1.001601021746228,
    "ntk_numerical_rank": 15
  },
  "n_align_samples": 77
}
