0
[phase] N=6 omega=0.01 arch=pinn  ->  /itf-fi-ml/home/aleksns/Thesis/results/analysis/2026-08-05_paradigm_optimizer/N6_s0_w0p01_vmc_sr
0
[phase] warm-started from /itf-fi-ml/home/aleksns/Thesis/results/analysis/2026-08-05_paradigm_optimizer/base_N6_s0_w0p01/checkpoint.pt (omega 0.01 -> 0.01)
[phase] params=236,336 device=cuda:0 ref_energy=0.69036
[sr 0000] E=0.693042 var=8.499e-05 |dθ|=6.00e-03 |g|=4.31e-03 damp=1.0e-03 lr=2.00e-01 |dx|/ell=0.0821 sat=0.00 com_kill=0.08
[sr 0037] E=0.692331 var=5.937e-05 |dθ|=6.00e-03 |g|=4.77e-03 damp=1.0e-03 lr=2.00e-01 |dx|/ell=0.0798 sat=0.00 com_kill=0.09
[sr 0074] E=0.693060 var=5.537e-05 |dθ|=6.00e-03 |g|=3.17e-03 damp=1.0e-03 lr=2.00e-01 |dx|/ell=0.0810 sat=0.00 com_kill=0.08
[seg 1/5] step=75 E_raw=0.69282 (+0.368%) var=5.364e-05 kappa(S)=1.52e+05 rank=511 cos_sr=1.000 cos_plain=0.195
[sr 0000] E=0.692831 var=7.687e-05 |dθ|=6.00e-03 |g|=6.38e-03 damp=1.0e-03 lr=2.00e-01 |dx|/ell=0.0829 sat=0.00 com_kill=0.08
[sr 0042] E=0.692511 var=5.494e-05 |dθ|=6.00e-03 |g|=4.61e-03 damp=1.0e-03 lr=2.00e-01 |dx|/ell=0.0824 sat=0.00 com_kill=0.08
[sr 0083] E=0.692643 var=5.616e-05 |dθ|=6.00e-03 |g|=5.12e-03 damp=1.0e-03 lr=2.00e-01 |dx|/ell=0.0795 sat=0.00 com_kill=0.08
[seg 2/5] step=159 E_raw=0.69178 (+0.220%) var=6.638e-05 kappa(S)=1.37e+05 rank=511 cos_sr=1.000 cos_plain=0.264
[sr 0000] E=0.693140 var=8.526e-05 |dθ|=6.00e-03 |g|=4.07e-03 damp=1.0e-03 lr=2.00e-01 |dx|/ell=0.0811 sat=0.00 com_kill=0.09
[sr 0088] E=0.692453 var=5.146e-05 |dθ|=6.00e-03 |g|=3.17e-03 damp=1.0e-03 lr=2.00e-01 |dx|/ell=0.0811 sat=0.00 com_kill=0.09
[sr 0175] E=0.692785 var=5.241e-05 |dθ|=6.00e-03 |g|=5.24e-03 damp=1.0e-03 lr=2.00e-01 |dx|/ell=0.0847 sat=0.00 com_kill=0.08
[seg 3/5] step=335 E_raw=0.69265 (+0.376%) var=5.498e-05 kappa(S)=1.23e+05 rank=511 cos_sr=1.000 cos_plain=0.244
[sr 0000] E=0.693087 var=8.036e-05 |dθ|=6.00e-03 |g|=7.63e-03 damp=1.0e-03 lr=2.00e-01 |dx|/ell=0.0850 sat=0.00 com_kill=0.08
[sr 0187] E=0.692029 var=5.982e-05 |dθ|=6.00e-03 |g|=8.37e-03 damp=1.0e-03 lr=2.00e-01 |dx|/ell=0.0900 sat=0.00 com_kill=0.07
[sr 0373] E=0.692486 var=5.403e-05 |dθ|=6.00e-03 |g|=3.76e-03 damp=1.0e-03 lr=2.00e-01 |dx|/ell=0.0924 sat=0.00 com_kill=0.07
[seg 4/5] step=709 E_raw=0.69207 (+0.285%) var=5.292e-05 kappa(S)=1.20e+05 rank=511 cos_sr=1.000 cos_plain=0.141
[sr 0000] E=0.692799 var=7.215e-05 |dθ|=6.00e-03 |g|=5.52e-03 damp=1.0e-03 lr=2.00e-01 |dx|/ell=0.0937 sat=0.00 com_kill=0.08
