0
[phase] N=6 omega=0.01 arch=pinn  ->  /itf-fi-ml/home/aleksns/Thesis/results/analysis/2026-08-05_paradigm_optimizer/base_N6_s1_w0p01
0
[phase] params=236,336 device=cuda:0 ref_energy=0.69036
[adam 00000] E=1.740159 var=4.9506e-02 sig=1.117 acc~0.5 n=2048 |dx|/ell=0.0193 sat=0.00 com_kill=0.42
[adam 00031] E=1.718055 var=5.0233e-02 sig=1.111 acc~0.5 n=2048 |dx|/ell=0.0915 sat=0.70 com_kill=0.02
[adam 00061] E=1.711743 var=4.4843e-02 sig=1.119 acc~0.5 n=2048 |dx|/ell=0.0919 sat=0.64 com_kill=0.02
[seg 1/12] step=62 E_raw=1.70279 (+146.652%) var=4.929e-02 kappa(S)=9.61e+11 rank=1019 cos_sr=0.990 cos_plain=0.223
[adam 00000] E=1.701387 var=4.7478e-02 sig=1.133 acc~0.5 n=2048 |dx|/ell=0.0910 sat=0.61 com_kill=0.02
[adam 00013] E=1.698490 var=4.6088e-02 sig=1.125 acc~0.5 n=2048 |dx|/ell=0.0908 sat=0.60 com_kill=0.02
[adam 00025] E=1.698622 var=4.7862e-02 sig=1.124 acc~0.5 n=2048 |dx|/ell=0.0917 sat=0.61 com_kill=0.02
[seg 2/12] step=88 E_raw=1.69652 (+145.745%) var=4.567e-02 kappa(S)=3.44e+11 rank=1023 cos_sr=0.989 cos_plain=0.280
[adam 00000] E=1.703921 var=4.6640e-02 sig=1.133 acc~0.5 n=2048 |dx|/ell=0.0910 sat=0.61 com_kill=0.03
[adam 00019] E=1.683621 var=4.6152e-02 sig=1.125 acc~0.5 n=2048 |dx|/ell=0.0889 sat=0.59 com_kill=0.04
[adam 00037] E=1.697150 var=4.7483e-02 sig=1.129 acc~0.5 n=2048 |dx|/ell=0.0887 sat=0.55 com_kill=0.04
[seg 3/12] step=126 E_raw=1.68682 (+144.339%) var=4.654e-02 kappa(S)=7.58e+10 rank=1023 cos_sr=0.999 cos_plain=0.236
[adam 00000] E=1.694675 var=4.6238e-02 sig=1.147 acc~0.5 n=2048 |dx|/ell=0.0890 sat=0.56 com_kill=0.04
[adam 00026] E=1.684518 var=4.3389e-02 sig=1.129 acc~0.5 n=2048 |dx|/ell=0.0875 sat=0.49 com_kill=0.05
[adam 00052] E=1.671022 var=4.5755e-02 sig=1.129 acc~0.5 n=2048 |dx|/ell=0.0900 sat=0.53 com_kill=0.04
[seg 4/12] step=179 E_raw=1.67985 (+143.330%) var=4.653e-02 kappa(S)=3.00e+10 rank=1023 cos_sr=0.999 cos_plain=0.242
[adam 00000] E=1.677907 var=4.9329e-02 sig=1.149 acc~0.5 n=2048 |dx|/ell=0.0687 sat=0.44 com_kill=0.23
[adam 00037] E=1.669354 var=4.4038e-02 sig=1.138 acc~0.5 n=2048 |dx|/ell=0.0887 sat=0.50 com_kill=0.06
[adam 00074] E=1.648888 var=4.6406e-02 sig=1.145 acc~0.5 n=2048 |dx|/ell=0.0888 sat=0.52 com_kill=0.07
[seg 5/12] step=254 E_raw=1.66616 (+141.347%) var=4.486e-02 kappa(S)=5.62e+09 rank=1023 cos_sr=1.000 cos_plain=0.250
[adam 00000] E=1.661342 var=4.6324e-02 sig=1.163 acc~0.5 n=2048 |dx|/ell=0.0612 sat=0.50 com_kill=0.35
[adam 00054] E=1.649016 var=4.8973e-02 sig=1.157 acc~0.5 n=2048 |dx|/ell=0.0934 sat=0.56 com_kill=0.06
[adam 00107] E=1.629243 var=4.3135e-02 sig=1.167 acc~0.5 n=2048 |dx|/ell=0.0911 sat=0.55 com_kill=0.09
[seg 6/12] step=362 E_raw=1.62702 (+135.678%) var=4.545e-02 kappa(S)=2.32e+09 rank=1023 cos_sr=1.000 cos_plain=0.450
[adam 00000] E=1.625813 var=4.3807e-02 sig=1.184 acc~0.5 n=2048 |dx|/ell=0.0734 sat=0.54 com_kill=0.26
[adam 00076] E=1.587596 var=4.0702e-02 sig=1.197 acc~0.5 n=2048 |dx|/ell=0.0894 sat=0.49 com_kill=0.12
[adam 00151] E=1.510500 var=4.0432e-02 sig=1.255 acc~0.5 n=2048 |dx|/ell=0.0867 sat=0.42 com_kill=0.13
[seg 7/12] step=514 E_raw=1.50990 (+118.712%) var=4.138e-02 kappa(S)=9.76e+07 rank=1023 cos_sr=1.000 cos_plain=0.762
[adam 00000] E=1.509252 var=4.0876e-02 sig=1.273 acc~0.5 n=2048 |dx|/ell=0.0959 sat=0.48 com_kill=0.05
[adam 00109] E=1.311857 var=3.6963e-02 sig=1.457 acc~0.5 n=2048 |dx|/ell=0.0883 sat=0.31 com_kill=0.10
[adam 00217] E=0.818692 var=8.4643e-03 sig=2.000 acc~0.5 n=2048 |dx|/ell=0.0992 sat=0.58 com_kill=0.14
[seg 8/12] step=732 E_raw=0.81712 (+18.317%) var=8.192e-03 kappa(S)=3.36e+10 rank=1023 cos_sr=1.000 cos_plain=0.170
[adam 00000] E=0.826279 var=1.0072e-02 sig=2.000 acc~0.5 n=2048 |dx|/ell=0.0946 sat=0.66 com_kill=0.20
[adam 00154] E=0.724618 var=2.3614e-03 sig=2.000 acc~0.5 n=2048 |dx|/ell=0.0895 sat=0.15 com_kill=0.11
[adam 00308] E=0.710709 var=1.3545e-03 sig=2.000 acc~0.5 n=2048 |dx|/ell=0.0949 sat=0.16 com_kill=0.11
[seg 9/12] step=1041 E_raw=0.70934 (+2.738%) var=1.472e-03 kappa(S)=1.43e+07 rank=1023 cos_sr=1.000 cos_plain=0.181
[adam 00000] E=0.711791 var=1.4371e-03 sig=2.000 acc~0.5 n=2048 |dx|/ell=0.1000 sat=0.32 com_kill=0.11
[adam 00220] E=0.700670 var=6.5467e-04 sig=2.000 acc~0.5 n=2048 |dx|/ell=0.0951 sat=0.09 com_kill=0.11
[adam 00440] E=0.696131 var=3.1522e-04 sig=2.000 acc~0.5 n=2048 |dx|/ell=0.0884 sat=0.06 com_kill=0.15
[seg 10/12] step=1482 E_raw=0.69709 (+0.947%) var=4.155e-04 kappa(S)=1.34e+06 rank=1023 cos_sr=1.000 cos_plain=0.210
[adam 00000] E=0.698073 var=3.8707e-04 sig=2.000 acc~0.5 n=2048 |dx|/ell=0.1288 sat=0.43 com_kill=0.05
[adam 00313] E=0.694372 var=1.4610e-04 sig=2.000 acc~0.5 n=2048 |dx|/ell=0.0861 sat=0.03 com_kill=0.19
[adam 00625] E=0.693763 var=8.4443e-05 sig=2.000 acc~0.5 n=2048 |dx|/ell=0.0780 sat=0.01 com_kill=0.21
[seg 11/12] step=2108 E_raw=0.69371 (+0.474%) var=1.075e-04 kappa(S)=8.40e+05 rank=1023 cos_sr=1.000 cos_plain=0.147
[adam 00000] E=0.694442 var=1.1728e-04 sig=2.000 acc~0.5 n=2048 |dx|/ell=0.1116 sat=0.07 com_kill=0.09
[adam 00446] E=0.693015 var=7.2335e-05 sig=2.000 acc~0.5 n=2048 |dx|/ell=0.0815 sat=0.00 com_kill=0.12
[adam 00891] E=0.692662 var=6.2305e-05 sig=2.000 acc~0.5 n=2048 |dx|/ell=0.0744 sat=0.00 com_kill=0.11
[seg 12/12] step=3000 E_raw=0.69296 (+0.384%) var=8.089e-05 kappa(S)=5.77e+05 rank=1023 cos_sr=1.000 cos_plain=0.161
[phase] training done in 227.3 min
[adam 00000] E=0.694019 var=8.7990e-05 sig=2.000 acc~0.5 n=4096 |dx|/ell=0.0808 sat=0.00 com_kill=0.11
[adam 00125] E=0.692906 var=5.4818e-05 sig=2.000 acc~0.5 n=4096 |dx|/ell=0.0821 sat=0.00 com_kill=0.09
[adam 00250] E=0.692903 var=5.3927e-05 sig=2.000 acc~0.5 n=4096 |dx|/ell=0.0806 sat=0.00 com_kill=0.10
[adam 00375] E=0.692880 var=5.0735e-05 sig=2.000 acc~0.5 n=4096 |dx|/ell=0.0800 sat=0.00 com_kill=0.10
[adam 00499] E=0.692701 var=5.6196e-05 sig=2.000 acc~0.5 n=4096 |dx|/ell=0.0825 sat=0.00 com_kill=0.10
[phase] summary:
{
  "N": 6,
  "omega": 0.01,
  "arch": "pinn",
  "n_params": 236336,
  "final": {
    "E_mean": 0.692627557228028,
    "E_mean_raw": 0.6925907929305085,
    "E_stderr": 8.303490983518793e-05,
    "var_EL": 6.544918168645793e-05,
    "n_samples": 8192,
    "frac_clipped": 0.01123046875,
    "ref_energy": 0.69036,
    "error_pct": 0.3284601118297804,
    "error_sigma": 27.308480644211443
  },
  "energy_raw": 0.6925907929305085,
  "error_pct_raw": 0.32313473122842296,
  "energy_zv": 0.6906971626919339,
  "error_pct_zv": 0.048838677202322926,
  "zv_n_points": 6,
  "spectrum": {
    "lam_max": 107.69639051338864,
    "lam_min_supported": 2.060426189191022e-05,
    "effective_rank": 6.705884834309489,
    "numerical_rank": 2047,
    "condition_number": 5226898.739608484,
    "n_params": 236336,
    "n_samples": 2048
  },
  "alignment": {
    "cos_sr": 0.9999999999999998,
    "cos_plain": 0.14111781284946184,
    "rep_fraction": 0.9999999999999998,
    "ntk_condition": 5226898.739423537,
    "ntk_eff_rank": 6.705884834309481,
    "ntk_numerical_rank": 2047
  },
  "n_align_samples": 2048
}
