0
[phase] N=20 omega=1.0 arch=pinn  ->  /itf-fi-ml/home/aleksns/Thesis/results/analysis/2026-07-16_scaling/N20_ctnnbf_s0_w1
0
[phase] params=236,336 device=cuda:0 ref_energy=155.8822

=== stage 1/4: Jastrow alone (backflow detached) ===
[adam 00000] E=206.023645 var=1.9852e+02 sig=0.079 acc~0.5 n=128
[adam 00100] E=209.692946 var=1.9637e+02 sig=0.078 acc~0.5 n=128
[adam 00200] E=203.703990 var=1.8624e+02 sig=0.080 acc~0.5 n=128
[adam 00300] E=195.281162 var=1.1497e+02 sig=0.083 acc~0.5 n=128
[adam 00400] E=182.993769 var=8.3330e+01 sig=0.089 acc~0.5 n=128
[adam 00500] E=170.234239 var=3.8408e+01 sig=0.099 acc~0.5 n=128
[adam 00600] E=158.608032 var=7.9582e+00 sig=0.115 acc~0.5 n=128
[adam 00700] E=156.228490 var=3.1099e+00 sig=0.125 acc~0.5 n=128
[adam 00749] E=156.047651 var=3.1743e+00 sig=0.123 acc~0.5 n=128

=== stage 2/4: cusp pre-train SKIPPED (thesis 'bf_then_joint' variant) ===

=== stage 3/4: backflow only (Jastrow frozen) ===
[adam 00000] E=161.816804 var=1.5059e+01 sig=0.140 acc~0.5 n=128 |dx|/ell=0.4763 sat=0.00 com_kill=0.12
[adam 00100] E=156.224348 var=2.1623e+00 sig=0.125 acc~0.5 n=128 |dx|/ell=0.0764 sat=0.00 com_kill=0.90
[adam 00200] E=156.340096 var=2.2142e+00 sig=0.123 acc~0.5 n=128 |dx|/ell=0.0164 sat=0.27 com_kill=0.98
[adam 00300] E=156.040846 var=2.1824e+00 sig=0.124 acc~0.5 n=128 |dx|/ell=0.0217 sat=0.35 com_kill=0.98
[adam 00400] E=156.039460 var=2.1796e+00 sig=0.124 acc~0.5 n=128 |dx|/ell=0.0397 sat=0.05 com_kill=0.96
[adam 00500] E=156.194696 var=2.5550e+00 sig=0.125 acc~0.5 n=128 |dx|/ell=0.0612 sat=0.07 com_kill=0.93
[adam 00600] E=156.275532 var=1.2802e+00 sig=0.124 acc~0.5 n=128 |dx|/ell=0.0423 sat=0.02 com_kill=0.95
[adam 00700] E=156.362300 var=2.5029e+00 sig=0.124 acc~0.5 n=128 |dx|/ell=0.0549 sat=0.03 com_kill=0.94
[adam 00749] E=156.224658 var=2.0789e+00 sig=0.124 acc~0.5 n=128 |dx|/ell=0.0445 sat=0.01 com_kill=0.95

=== stage 4/4: joint (Jastrow released at lr*0.1) ===
[adam 00000] E=156.113236 var=1.9500e+00 sig=0.125 acc~0.5 n=128 |dx|/ell=0.0415 sat=0.00 com_kill=0.95
[adam 00100] E=156.161878 var=1.3958e+00 sig=0.124 acc~0.5 n=128 |dx|/ell=0.0434 sat=0.00 com_kill=0.95
[adam 00200] E=155.975423 var=1.4727e+00 sig=0.124 acc~0.5 n=128 |dx|/ell=0.0401 sat=0.00 com_kill=0.95
[adam 00300] E=155.901824 var=1.5099e+00 sig=0.124 acc~0.5 n=128 |dx|/ell=0.0477 sat=0.00 com_kill=0.94
[adam 00400] E=155.993991 var=1.2618e+00 sig=0.124 acc~0.5 n=128 |dx|/ell=0.0483 sat=0.00 com_kill=0.94
[adam 00500] E=156.161348 var=8.9397e-01 sig=0.125 acc~0.5 n=128 |dx|/ell=0.0472 sat=0.00 com_kill=0.94
[adam 00600] E=156.013774 var=1.2980e+00 sig=0.124 acc~0.5 n=128 |dx|/ell=0.0395 sat=0.00 com_kill=0.95
[adam 00700] E=156.102141 var=1.0191e+00 sig=0.124 acc~0.5 n=128 |dx|/ell=0.0471 sat=0.00 com_kill=0.94
[adam 00800] E=155.994230 var=7.2386e-01 sig=0.126 acc~0.5 n=128 |dx|/ell=0.0418 sat=0.00 com_kill=0.95
[adam 00900] E=156.035704 var=1.1102e+00 sig=0.124 acc~0.5 n=128 |dx|/ell=0.0506 sat=0.00 com_kill=0.93
[adam 00999] E=155.950748 var=1.0662e+00 sig=0.124 acc~0.5 n=128 |dx|/ell=0.0367 sat=0.00 com_kill=0.95
[phase] training done in 150.5 min
Traceback (most recent call last):
  File "/itf-fi-ml/home/aleksns/Thesis/scripts/run_phase_analysis.py", line 553, in <module>
    main()
  File "/itf-fi-ml/home/aleksns/Thesis/scripts/run_phase_analysis.py", line 287, in main
    train_vmc_adam(
  File "/itf-fi-ml/home/aleksns/Thesis/src/analysis/train.py", line 208, in train_vmc_adam
    E_L = local_energy(system.log_psi, x, system.omega, system.params, lap_mode=lap_mode)
          ^^^^^^^^^^^^^^^^^^^^^^^^^^^^^^^^^^^^^^^^^^^^^^^^^^^^^^^^^^^^^^^^^^^^^^^^^^^^^^^
  File "/itf-fi-ml/home/aleksns/Thesis/src/analysis/diagnostics.py", line 170, in local_energy
    E_L, _ = _local_energy_multi(
             ^^^^^^^^^^^^^^^^^^^^
  File "/itf-fi-ml/home/aleksns/Thesis/src/functions/Stochastic_Reconfiguration.py", line 262, in _local_energy_multi
    g = torch.autograd.grad(
        ^^^^^^^^^^^^^^^^^^^^
  File "/storage/software/PyTorch/2.1.2-foss-2023a-CUDA-12.1.1/lib/python3.11/site-packages/torch/autograd/__init__.py", line 394, in grad
    result = Variable._execution_engine.run_backward(  # Calls into the C++ engine to run the backward pass
             ^^^^^^^^^^^^^^^^^^^^^^^^^^^^^^^^^^^^^^^^^^^^^^^^^^^^^^^^^^^^^^^^^^^^^^^^^^^^^^^^^^^^^^^^^^^^^^
torch.cuda.OutOfMemoryError: CUDA out of memory. Tried to allocate 1.17 GiB. GPU 0 has a total capacty of 10.57 GiB of which 1017.06 MiB is free. Including non-PyTorch memory, this process has 9.57 GiB memory in use. Of the allocated memory 9.31 GiB is allocated by PyTorch, and 71.38 MiB is reserved by PyTorch but unallocated. If reserved but unallocated memory is large try setting max_split_size_mb to avoid fragmentation.  See documentation for Memory Management and PYTORCH_CUDA_ALLOC_CONF
