0
[phase] N=20 omega=1.0 arch=pinn  ->  /itf-fi-ml/home/aleksns/Thesis/results/analysis/2026-07-16_scaling/N20_ctnnbf_s0_w1
0
[phase] params=236,336 device=cuda:0 ref_energy=155.8822

=== stage 1/4: Jastrow alone (backflow detached) ===
[adam 00000] E=206.135571 var=1.9414e+02 sig=0.080 acc~0.5 n=256
[adam 00100] E=210.133473 var=1.9291e+02 sig=0.077 acc~0.5 n=256
[adam 00200] E=203.925882 var=1.8537e+02 sig=0.080 acc~0.5 n=256
[adam 00300] E=193.779779 var=1.2283e+02 sig=0.084 acc~0.5 n=256
[adam 00400] E=184.511904 var=9.3668e+01 sig=0.088 acc~0.5 n=256
[adam 00500] E=169.523207 var=4.4703e+01 sig=0.099 acc~0.5 n=256
[adam 00600] E=157.984423 var=6.3300e+00 sig=0.115 acc~0.5 n=256
[adam 00700] E=156.509121 var=2.8487e+00 sig=0.125 acc~0.5 n=256
[adam 00749] E=156.267760 var=2.2082e+00 sig=0.124 acc~0.5 n=256

=== stage 2/4: cusp pre-train SKIPPED (thesis 'bf_then_joint' variant) ===

=== stage 3/4: backflow only (Jastrow frozen) ===
[adam 00000] E=162.097657 var=1.4368e+01 sig=0.142 acc~0.5 n=256 |dx|/ell=0.4743 sat=0.00 com_kill=0.12
[adam 00100] E=156.320567 var=2.6039e+00 sig=0.125 acc~0.5 n=256 |dx|/ell=0.0081 sat=0.74 com_kill=0.99
[adam 00200] E=156.321025 var=2.4906e+00 sig=0.123 acc~0.5 n=256 |dx|/ell=0.0023 sat=0.97 com_kill=1.00
[adam 00300] E=156.261592 var=2.8158e+00 sig=0.124 acc~0.5 n=256 |dx|/ell=0.0005 sat=1.00 com_kill=1.00
[adam 00400] E=156.323622 var=2.0215e+00 sig=0.124 acc~0.5 n=256 |dx|/ell=0.0001 sat=1.00 com_kill=1.00
[adam 00500] E=156.373038 var=2.5784e+00 sig=0.123 acc~0.5 n=256 |dx|/ell=0.0000 sat=1.00 com_kill=1.00
[adam 00600] E=156.285587 var=2.3406e+00 sig=0.124 acc~0.5 n=256 |dx|/ell=0.0070 sat=0.88 com_kill=0.99
[adam 00700] E=156.302874 var=2.4361e+00 sig=0.125 acc~0.5 n=256 |dx|/ell=0.0281 sat=0.23 com_kill=0.97
[adam 00749] E=156.113986 var=2.2679e+00 sig=0.123 acc~0.5 n=256 |dx|/ell=0.0396 sat=0.34 com_kill=0.96

=== stage 4/4: joint (Jastrow released at lr*0.1) ===
[adam 00000] E=156.198468 var=1.8321e+00 sig=0.126 acc~0.5 n=256 |dx|/ell=0.0363 sat=0.42 com_kill=0.96
[adam 00100] E=156.233198 var=1.5819e+00 sig=0.124 acc~0.5 n=256 |dx|/ell=0.0404 sat=0.10 com_kill=0.95
[adam 00200] E=156.141234 var=1.4187e+00 sig=0.124 acc~0.5 n=256 |dx|/ell=0.0403 sat=0.03 com_kill=0.95
[adam 00300] E=156.086792 var=1.5065e+00 sig=0.123 acc~0.5 n=256 |dx|/ell=0.0377 sat=0.12 com_kill=0.96
[adam 00400] E=156.033377 var=1.4678e+00 sig=0.124 acc~0.5 n=256 |dx|/ell=0.0413 sat=0.08 com_kill=0.95
[adam 00500] E=155.968944 var=1.1716e+00 sig=0.123 acc~0.5 n=256 |dx|/ell=0.0341 sat=0.00 com_kill=0.96
[adam 00600] E=156.056970 var=1.0892e+00 sig=0.125 acc~0.5 n=256 |dx|/ell=0.0406 sat=0.00 com_kill=0.95
[adam 00700] E=155.953012 var=1.0260e+00 sig=0.124 acc~0.5 n=256 |dx|/ell=0.0443 sat=0.00 com_kill=0.94
[adam 00800] E=156.029533 var=8.7473e-01 sig=0.125 acc~0.5 n=256 |dx|/ell=0.0383 sat=0.00 com_kill=0.95
[adam 00900] E=155.984748 var=1.0647e+00 sig=0.124 acc~0.5 n=256 |dx|/ell=0.0414 sat=0.00 com_kill=0.95
[adam 00999] E=155.979071 var=8.6173e-01 sig=0.124 acc~0.5 n=256 |dx|/ell=0.0439 sat=0.00 com_kill=0.94
[phase] training done in 296.6 min
[adam 00000] E=155.885054 var=9.9854e-01 sig=0.127 acc~0.5 n=256 |dx|/ell=0.0433 sat=0.00 com_kill=0.94
[adam 00125] E=155.984366 var=8.1405e-01 sig=0.124 acc~0.5 n=256 |dx|/ell=0.0501 sat=0.00 com_kill=0.93
[adam 00250] E=155.982295 var=9.7915e-01 sig=0.124 acc~0.5 n=256 |dx|/ell=0.0471 sat=0.00 com_kill=0.94
[adam 00375] E=155.897953 var=8.7748e-01 sig=0.123 acc~0.5 n=256 |dx|/ell=0.0502 sat=0.00 com_kill=0.93
[adam 00499] E=155.906481 var=9.7001e-01 sig=0.124 acc~0.5 n=256 |dx|/ell=0.0499 sat=0.00 com_kill=0.93
[sr 0000] E=156.022663 (+0.090%) var=8.206e-01 |dθ|=1.00e-02 |g|=1.07e+00 damp=1.0e-03 lr=2.00e-01 |dx|/ell=0.0502 sat=0.00 com_kill=0.93
[sr 0050] E=155.855819 (-0.017%) var=8.557e-01 |dθ|=5.88e-03 |g|=9.74e-01 damp=7.9e-04 lr=1.48e-01 |dx|/ell=0.0507 sat=0.00 com_kill=0.93
[sr 0100] E=155.865815 (-0.011%) var=8.697e-01 |dθ|=3.46e-03 |g|=4.45e-01 damp=6.3e-04 lr=1.10e-01 |dx|/ell=0.0513 sat=0.00 com_kill=0.93
[sr 0150] E=155.968973 (+0.056%) var=8.622e-01 |dθ|=2.03e-03 |g|=5.79e-01 damp=5.0e-04 lr=8.13e-02 |dx|/ell=0.0528 sat=0.00 com_kill=0.93
[sr 0200] E=155.870952 (-0.007%) var=8.783e-01 |dθ|=1.20e-03 |g|=9.04e-01 damp=4.0e-04 lr=6.02e-02 |dx|/ell=0.0512 sat=0.00 com_kill=0.93
[sr 0250] E=155.963700 (+0.052%) var=8.545e-01 |dθ|=7.03e-04 |g|=1.36e+00 damp=3.2e-04 lr=4.46e-02 |dx|/ell=0.0512 sat=0.00 com_kill=0.93
[sr 0300] E=155.960750 (+0.050%) var=7.582e-01 |dθ|=4.14e-04 |g|=4.63e-01 damp=2.5e-04 lr=3.30e-02 |dx|/ell=0.0514 sat=0.00 com_kill=0.93
[sr 0350] E=155.918615 (+0.023%) var=1.004e+00 |dθ|=2.43e-04 |g|=1.65e+00 damp=2.0e-04 lr=2.45e-02 |dx|/ell=0.0515 sat=0.00 com_kill=0.93
[sr 0400] E=155.813107 (-0.044%) var=8.018e-01 |dθ|=1.43e-04 |g|=1.29e+00 damp=1.6e-04 lr=1.81e-02 |dx|/ell=0.0517 sat=0.00 com_kill=0.93
[sr 0450] E=155.970489 (+0.057%) var=1.027e+00 |dθ|=8.41e-05 |g|=6.36e-01 damp=1.3e-04 lr=1.34e-02 |dx|/ell=0.0511 sat=0.00 com_kill=0.93
[sr 0499] E=155.878780 (-0.002%) var=7.402e-01 |dθ|=5.00e-05 |g|=5.66e-01 damp=1.0e-04 lr=1.00e-02 |dx|/ell=0.0515 sat=0.00 com_kill=0.93
[phase] summary:
{
  "N": 20,
  "omega": 1.0,
  "arch": "pinn",
  "n_params": 236336,
  "final": {
    "E_mean": 155.93968874233624,
    "E_mean_raw": 155.9396227614942,
    "E_stderr": 0.024580443368580986,
    "var_EL": 0.8307082140731075,
    "n_samples": 2048,
    "frac_clipped": 0.00146484375,
    "ref_energy": 155.8822,
    "error_pct": 0.036879606739084185,
    "error_sigma": 2.3388000563779694
  },
  "energy_raw": 155.9396227614942,
  "error_pct_raw": 0.036837279364927276,
  "energy_zv": 155.9396227614942,
  "error_pct_zv": 0.036837279364927276,
  "zv_n_points": 1,
  "spectrum": {
    "lam_max": 106.76944937418253,
    "lam_min_supported": 9.268095544694986e-06,
    "effective_rank": 3.53524699971277,
    "numerical_rank": 511,
    "condition_number": 11520106.677719444,
    "n_params": 236336,
    "n_samples": 512
  },
  "alignment": {
    "cos_sr": 1.0000000000000002,
    "cos_plain": 0.09776817411401703,
    "rep_fraction": 1.0000000000000002,
    "ntk_condition": 11520106.677269045,
    "ntk_eff_rank": 3.5352469997127742,
    "ntk_numerical_rank": 511
  },
  "n_align_samples": 512
}
