0
[phase] N=6 omega=0.01 arch=pinn  ->  /itf-fi-ml/home/aleksns/Thesis/results/analysis/2026-08-05_paradigm_optimizer/N6_s1_w0p01_vmc_sr
0
[phase] warm-started from /itf-fi-ml/home/aleksns/Thesis/results/analysis/2026-08-05_paradigm_optimizer/base_N6_s1_w0p01/checkpoint.pt (omega 0.01 -> 0.01)
[phase] params=236,336 device=cuda:0 ref_energy=0.69036
[sr 0000] E=0.692738 var=8.126e-05 |dθ|=6.00e-03 |g|=6.62e-03 damp=1.0e-03 lr=2.00e-01 |dx|/ell=0.0817 sat=0.00 com_kill=0.10
[sr 0037] E=0.692164 var=5.979e-05 |dθ|=6.00e-03 |g|=6.91e-03 damp=1.0e-03 lr=2.00e-01 |dx|/ell=0.0820 sat=0.00 com_kill=0.09
[sr 0074] E=0.692807 var=6.279e-05 |dθ|=6.00e-03 |g|=5.14e-03 damp=1.0e-03 lr=2.00e-01 |dx|/ell=0.0814 sat=0.00 com_kill=0.10
[seg 1/5] step=75 E_raw=0.69295 (+0.391%) var=5.408e-05 kappa(S)=7.99e+04 rank=511 cos_sr=1.000 cos_plain=0.150
[sr 0000] E=0.693453 var=7.464e-05 |dθ|=6.00e-03 |g|=5.18e-03 damp=1.0e-03 lr=2.00e-01 |dx|/ell=0.0812 sat=0.00 com_kill=0.10
[sr 0042] E=0.692321 var=6.122e-05 |dθ|=6.00e-03 |g|=9.23e-03 damp=1.0e-03 lr=2.00e-01 |dx|/ell=0.0821 sat=0.00 com_kill=0.10
[sr 0083] E=0.692382 var=6.364e-05 |dθ|=6.00e-03 |g|=4.33e-03 damp=1.0e-03 lr=2.00e-01 |dx|/ell=0.0821 sat=0.00 com_kill=0.09
[seg 2/5] step=159 E_raw=0.69249 (+0.310%) var=6.534e-05 kappa(S)=8.36e+04 rank=511 cos_sr=1.000 cos_plain=0.116
[sr 0000] E=0.693290 var=8.146e-05 |dθ|=6.00e-03 |g|=6.51e-03 damp=1.0e-03 lr=2.00e-01 |dx|/ell=0.0835 sat=0.00 com_kill=0.09
[sr 0088] E=0.692751 var=5.003e-05 |dθ|=6.00e-03 |g|=4.29e-03 damp=1.0e-03 lr=2.00e-01 |dx|/ell=0.0818 sat=0.00 com_kill=0.10
[sr 0175] E=0.692686 var=5.949e-05 |dθ|=6.00e-03 |g|=6.83e-03 damp=1.0e-03 lr=2.00e-01 |dx|/ell=0.0819 sat=0.00 com_kill=0.09
[seg 3/5] step=335 E_raw=0.69207 (+0.262%) var=6.538e-05 kappa(S)=6.96e+04 rank=511 cos_sr=1.000 cos_plain=0.153
[sr 0000] E=0.693111 var=7.341e-05 |dθ|=6.00e-03 |g|=5.93e-03 damp=1.0e-03 lr=2.00e-01 |dx|/ell=0.0851 sat=0.00 com_kill=0.10
[sr 0187] E=0.692063 var=6.651e-05 |dθ|=6.00e-03 |g|=4.90e-03 damp=1.0e-03 lr=2.00e-01 |dx|/ell=0.0842 sat=0.00 com_kill=0.09
[sr 0373] E=0.692553 var=5.389e-05 |dθ|=6.00e-03 |g|=5.34e-03 damp=1.0e-03 lr=2.00e-01 |dx|/ell=0.0883 sat=0.00 com_kill=0.08
[seg 4/5] step=709 E_raw=0.69254 (+0.338%) var=5.733e-05 kappa(S)=6.80e+04 rank=511 cos_sr=1.000 cos_plain=0.153
[sr 0000] E=0.693354 var=7.358e-05 |dθ|=6.00e-03 |g|=5.68e-03 damp=1.0e-03 lr=2.00e-01 |dx|/ell=0.0899 sat=0.00 com_kill=0.08
