0
[phase] N=6 omega=1.0 arch=deepset_big  ->  /itf-fi-ml/home/aleksns/Thesis/results/analysis/2026-07-02_overnight/A_deepset_bf_s0_w1p0
0
[phase] params=47,669 device=cuda:0 ref_energy=20.15932
[adam 00000] E=23.043053 var=7.7521e+00 sig=0.224 acc~0.5 n=2048
[adam 00015] E=20.193154 var=3.5433e-01 sig=0.269 acc~0.5 n=2048
[adam 00030] E=20.237007 var=2.7900e-01 sig=0.276 acc~0.5 n=2048
[seg 1/4] step=31 E_raw=20.21350 (+0.272%) var=3.182e-01 kappa(S)=1.74e+11 rank=1023 cos_sr=0.971 cos_plain=0.251
[adam 00000] E=20.220060 var=2.7725e-01 sig=0.282 acc~0.5 n=2048
[adam 00023] E=20.239379 var=2.5986e-01 sig=0.277 acc~0.5 n=2048
[adam 00046] E=20.193729 var=1.9934e-01 sig=0.279 acc~0.5 n=2048
[seg 2/4] step=78 E_raw=20.20168 (+0.211%) var=1.924e-01 kappa(S)=1.60e+11 rank=1023 cos_sr=0.980 cos_plain=0.194
[adam 00000] E=20.201778 var=1.9881e-01 sig=0.279 acc~0.5 n=2048
[adam 00060] E=20.183524 var=1.3404e-01 sig=0.281 acc~0.5 n=2048
[adam 00119] E=20.179025 var=9.9154e-02 sig=0.279 acc~0.5 n=2048
[seg 3/4] step=198 E_raw=20.18874 (+0.159%) var=1.195e-01 kappa(S)=8.04e+11 rank=1023 cos_sr=0.927 cos_plain=0.103
[adam 00000] E=20.180127 var=1.0465e-01 sig=0.283 acc~0.5 n=2048
[adam 00151] E=20.182475 var=9.4164e-02 sig=0.279 acc~0.5 n=2048
[adam 00301] E=20.175431 var=9.6882e-02 sig=0.280 acc~0.5 n=2048
[seg 4/4] step=500 E_raw=20.18297 (+0.124%) var=1.023e-01 kappa(S)=9.15e+11 rank=1023 cos_sr=0.892 cos_plain=0.058
[phase] training done in 6.5 min
[adam 00000] E=20.173272 var=9.5455e-02 sig=0.281 acc~0.5 n=4096
[adam 00030] E=20.180110 var=9.7315e-02 sig=0.280 acc~0.5 n=4096
[adam 00060] E=20.175460 var=9.6072e-02 sig=0.280 acc~0.5 n=4096
[adam 00090] E=20.180504 var=9.3538e-02 sig=0.280 acc~0.5 n=4096
[adam 00119] E=20.176937 var=9.4934e-02 sig=0.280 acc~0.5 n=4096
[sr 0000] E=20.179737 (+0.101%) var=1.162e-01 |dθ|=1.00e-02 |g|=5.91e-02 damp=1.0e-03 lr=2.00e-01
[sr 0020] E=20.193627 (+0.170%) var=1.078e-01 |dθ|=5.87e-03 |g|=7.95e-02 damp=7.9e-04 lr=1.48e-01
[sr 0040] E=20.164998 (+0.028%) var=1.088e-01 |dθ|=3.45e-03 |g|=1.39e-01 damp=6.3e-04 lr=1.10e-01
[sr 0060] E=20.173773 (+0.072%) var=1.128e-01 |dθ|=2.02e-03 |g|=9.89e-02 damp=5.0e-04 lr=8.11e-02
[sr 0080] E=20.176896 (+0.087%) var=1.039e-01 |dθ|=1.19e-03 |g|=1.08e-01 damp=4.0e-04 lr=6.00e-02
[sr 0100] E=20.175205 (+0.079%) var=9.967e-02 |dθ|=6.98e-04 |g|=1.02e-01 damp=3.1e-04 lr=4.44e-02
[sr 0120] E=20.171202 (+0.059%) var=1.000e-01 |dθ|=4.10e-04 |g|=1.26e-01 damp=2.5e-04 lr=3.28e-02
[sr 0140] E=20.194954 (+0.177%) var=1.056e-01 |dθ|=2.41e-04 |g|=7.41e-02 damp=2.0e-04 lr=2.43e-02
[sr 0160] E=20.190223 (+0.153%) var=1.009e-01 |dθ|=1.41e-04 |g|=4.05e-02 damp=1.6e-04 lr=1.80e-02
[sr 0180] E=20.177033 (+0.088%) var=1.021e-01 |dθ|=8.29e-05 |g|=7.20e-02 damp=1.2e-04 lr=1.33e-02
[sr 0199] E=20.174881 (+0.077%) var=1.102e-01 |dθ|=5.00e-05 |g|=3.35e-02 damp=1.0e-04 lr=1.00e-02
[phase] summary:
{
  "N": 6,
  "omega": 1.0,
  "arch": "deepset_big",
  "n_params": 47669,
  "final": {
    "E_mean": 20.179816975269713,
    "E_mean_raw": 20.180073970976032,
    "E_stderr": 0.00383852524332504,
    "var_EL": 0.10222269951381784,
    "n_samples": 8192,
    "frac_clipped": 0.0062255859375,
    "ref_energy": 20.15932,
    "error_pct": 0.10167493382570306,
    "error_sigma": 5.3398047349967825
  },
  "energy_raw": 20.180073970976032,
  "error_pct_raw": 0.10294975711497786,
  "energy_zv": 20.16891291117533,
  "error_pct_zv": 0.04758548986438316,
  "zv_n_points": 5,
  "spectrum": {
    "lam_max": 35.93934942427697,
    "lam_min_supported": 3.5981680142987825e-11,
    "effective_rank": 3.1633064458086126,
    "numerical_rank": 1708,
    "condition_number": 998823548023.8099,
    "n_params": 47669,
    "n_samples": 2048
  },
  "alignment": {
    "cos_sr": 0.8414687432844862,
    "cos_plain": 0.03482162504757265,
    "rep_fraction": 0.8414687432844862,
    "ntk_condition": 9982638407.18319,
    "ntk_eff_rank": 3.1633063958191525,
    "ntk_numerical_rank": 858
  },
  "n_align_samples": 2048
}
