0
[phase] N=6 omega=0.1 arch=pinn  ->  /itf-fi-ml/home/aleksns/Thesis/results/analysis/2026-08-05_paradigm_optimizer/N6_s1_w0p1_vmc_sr
0
[phase] warm-started from /itf-fi-ml/home/aleksns/Thesis/results/analysis/2026-08-05_paradigm_optimizer/base_N6_s1_w0p1/checkpoint.pt (omega 0.1 -> 0.1)
[phase] params=236,336 device=cuda:0 ref_energy=3.55385
[sr 0000] E=3.553714 var=8.468e-04 |dθ|=6.00e-03 |g|=2.17e-02 damp=1.0e-03 lr=2.00e-01 |dx|/ell=0.1612 sat=0.00 com_kill=0.02
[sr 0037] E=3.555079 var=7.822e-04 |dθ|=6.00e-03 |g|=9.84e-03 damp=1.0e-03 lr=2.00e-01 |dx|/ell=0.1622 sat=0.00 com_kill=0.02
[sr 0074] E=3.553516 var=8.127e-04 |dθ|=6.00e-03 |g|=1.05e-02 damp=1.0e-03 lr=2.00e-01 |dx|/ell=0.1687 sat=0.00 com_kill=0.02
[seg 1/5] step=75 E_raw=3.55254 (-0.029%) var=7.223e-04 kappa(S)=9.10e+04 rank=511 cos_sr=1.000 cos_plain=0.290
[sr 0000] E=3.553596 var=7.263e-04 |dθ|=6.00e-03 |g|=1.86e-02 damp=1.0e-03 lr=2.00e-01 |dx|/ell=0.1664 sat=0.00 com_kill=0.02
[sr 0042] E=3.553973 var=6.580e-04 |dθ|=6.00e-03 |g|=2.06e-02 damp=1.0e-03 lr=2.00e-01 |dx|/ell=0.1652 sat=0.00 com_kill=0.02
[sr 0083] E=3.554063 var=7.136e-04 |dθ|=6.00e-03 |g|=1.86e-02 damp=1.0e-03 lr=2.00e-01 |dx|/ell=0.1651 sat=0.00 com_kill=0.02
[seg 2/5] step=159 E_raw=3.55103 (-0.041%) var=6.824e-04 kappa(S)=1.26e+05 rank=511 cos_sr=1.000 cos_plain=0.175
[sr 0000] E=3.552745 var=6.986e-04 |dθ|=6.00e-03 |g|=1.16e-02 damp=1.0e-03 lr=2.00e-01 |dx|/ell=0.1702 sat=0.00 com_kill=0.02
[sr 0088] E=3.555287 var=6.537e-04 |dθ|=6.00e-03 |g|=1.56e-02 damp=1.0e-03 lr=2.00e-01 |dx|/ell=0.1603 sat=0.00 com_kill=0.02
[sr 0175] E=3.552543 var=7.128e-04 |dθ|=6.00e-03 |g|=1.95e-02 damp=1.0e-03 lr=2.00e-01 |dx|/ell=0.1712 sat=0.00 com_kill=0.02
[seg 3/5] step=335 E_raw=3.55613 (+0.046%) var=7.509e-04 kappa(S)=1.37e+05 rank=511 cos_sr=1.000 cos_plain=0.202
[sr 0000] E=3.552164 var=5.998e-04 |dθ|=6.00e-03 |g|=1.22e-02 damp=1.0e-03 lr=2.00e-01 |dx|/ell=0.1700 sat=0.00 com_kill=0.02
[sr 0187] E=3.553510 var=6.396e-04 |dθ|=6.00e-03 |g|=1.30e-02 damp=1.0e-03 lr=2.00e-01 |dx|/ell=0.1689 sat=0.00 com_kill=0.02
[sr 0373] E=3.554220 var=5.791e-04 |dθ|=6.00e-03 |g|=1.17e-02 damp=1.0e-03 lr=2.00e-01 |dx|/ell=0.1715 sat=0.00 com_kill=0.02
[seg 4/5] step=709 E_raw=3.55461 (+0.003%) var=7.032e-04 kappa(S)=1.15e+05 rank=511 cos_sr=1.000 cos_plain=0.142
[sr 0000] E=3.551015 var=6.429e-04 |dθ|=6.00e-03 |g|=1.71e-02 damp=1.0e-03 lr=2.00e-01 |dx|/ell=0.1798 sat=0.00 com_kill=0.02
