0
[phase] N=2 omega=1.0 arch=pinn  ->  /itf-fi-ml/home/aleksns/Thesis/results/analysis/2026-08-05_paradigm_optimizer/base_N2_s0_w1
0
[phase] params=236,336 device=cuda:0 ref_energy=3.0
[adam 00000] E=3.111158 var=5.3956e-01 sig=0.523 acc~0.5 n=2048 |dx|/ell=0.1626 sat=0.00 com_kill=0.58
[adam 00031] E=2.993200 var=6.5127e-02 sig=0.574 acc~0.5 n=2048 |dx|/ell=0.4319 sat=0.00 com_kill=0.07
[adam 00061] E=2.995419 var=9.5823e-03 sig=0.575 acc~0.5 n=2048 |dx|/ell=0.4160 sat=0.00 com_kill=0.05
[seg 1/12] step=62 E_raw=3.00139 (-0.051%) var=1.239e-02 kappa(S)=9.53e+11 rank=636 cos_sr=1.000 cos_plain=0.280
[adam 00000] E=2.992624 var=8.6956e-03 sig=0.576 acc~0.5 n=2048 |dx|/ell=0.3808 sat=0.00 com_kill=0.06
[adam 00013] E=3.004233 var=7.8353e-03 sig=0.577 acc~0.5 n=2048 |dx|/ell=0.4126 sat=0.00 com_kill=0.05
[adam 00025] E=2.999678 var=2.2471e-03 sig=0.577 acc~0.5 n=2048 |dx|/ell=0.3907 sat=0.00 com_kill=0.07
[seg 2/12] step=88 E_raw=3.00050 (+0.024%) var=2.462e-03 kappa(S)=9.79e+11 rank=621 cos_sr=1.000 cos_plain=0.217
[adam 00000] E=3.003600 var=2.2538e-03 sig=0.574 acc~0.5 n=2048 |dx|/ell=0.3954 sat=0.00 com_kill=0.07
[adam 00019] E=3.005098 var=1.4220e-03 sig=0.577 acc~0.5 n=2048 |dx|/ell=0.3756 sat=0.00 com_kill=0.06
[adam 00037] E=3.004634 var=6.0435e-04 sig=0.578 acc~0.5 n=2048 |dx|/ell=0.3683 sat=0.00 com_kill=0.07
[seg 3/12] step=126 E_raw=2.99983 (+0.174%) var=9.403e-04 kappa(S)=9.73e+11 rank=627 cos_sr=1.000 cos_plain=0.244
[adam 00000] E=3.004025 var=6.4386e-04 sig=0.573 acc~0.5 n=2048 |dx|/ell=0.3932 sat=0.00 com_kill=0.05
[adam 00026] E=3.002516 var=1.0746e-03 sig=0.578 acc~0.5 n=2048 |dx|/ell=0.3577 sat=0.00 com_kill=0.04
[adam 00052] E=3.002050 var=4.3509e-04 sig=0.578 acc~0.5 n=2048 |dx|/ell=0.3508 sat=0.00 com_kill=0.04
[seg 4/12] step=179 E_raw=2.99956 (+0.074%) var=4.738e-04 kappa(S)=9.85e+11 rank=642 cos_sr=1.000 cos_plain=0.222
[adam 00000] E=3.002688 var=4.4576e-04 sig=0.572 acc~0.5 n=2048 |dx|/ell=0.3125 sat=0.00 com_kill=0.06
[adam 00037] E=3.002319 var=5.4347e-04 sig=0.577 acc~0.5 n=2048 |dx|/ell=0.3549 sat=0.00 com_kill=0.04
[adam 00074] E=3.000960 var=2.3175e-04 sig=0.577 acc~0.5 n=2048 |dx|/ell=0.3545 sat=0.00 com_kill=0.04
[seg 5/12] step=254 E_raw=3.00050 (+0.050%) var=2.790e-04 kappa(S)=9.72e+11 rank=647 cos_sr=1.000 cos_plain=0.165
[adam 00000] E=3.001901 var=2.2711e-04 sig=0.576 acc~0.5 n=2048 |dx|/ell=0.3419 sat=0.00 com_kill=0.05
[adam 00054] E=3.000244 var=1.4732e-04 sig=0.577 acc~0.5 n=2048 |dx|/ell=0.3312 sat=0.00 com_kill=0.05
[adam 00107] E=2.999283 var=7.5006e-05 sig=0.577 acc~0.5 n=2048 |dx|/ell=0.3359 sat=0.00 com_kill=0.05
[seg 6/12] step=362 E_raw=2.99973 (-0.017%) var=9.063e-05 kappa(S)=9.67e+11 rank=651 cos_sr=1.000 cos_plain=0.138
[adam 00000] E=2.999420 var=7.6094e-05 sig=0.574 acc~0.5 n=2048 |dx|/ell=0.3744 sat=0.00 com_kill=0.05
[adam 00076] E=2.999838 var=7.9394e-05 sig=0.579 acc~0.5 n=2048 |dx|/ell=0.3251 sat=0.00 com_kill=0.04
[adam 00151] E=2.999467 var=5.6477e-05 sig=0.577 acc~0.5 n=2048 |dx|/ell=0.3277 sat=0.00 com_kill=0.04
[seg 7/12] step=514 E_raw=2.99996 (-0.030%) var=7.934e-05 kappa(S)=9.88e+11 rank=665 cos_sr=1.000 cos_plain=0.087
[adam 00000] E=2.999387 var=5.8148e-05 sig=0.576 acc~0.5 n=2048 |dx|/ell=0.2933 sat=0.00 com_kill=0.05
[adam 00109] E=2.999569 var=5.8105e-05 sig=0.580 acc~0.5 n=2048 |dx|/ell=0.3189 sat=0.00 com_kill=0.04
[adam 00217] E=2.999335 var=4.2803e-05 sig=0.577 acc~0.5 n=2048 |dx|/ell=0.3237 sat=0.00 com_kill=0.04
[seg 8/12] step=732 E_raw=3.00056 (-0.020%) var=5.516e-05 kappa(S)=9.72e+11 rank=666 cos_sr=1.000 cos_plain=0.115
[adam 00000] E=2.999382 var=4.2182e-05 sig=0.577 acc~0.5 n=2048 |dx|/ell=0.2942 sat=0.00 com_kill=0.05
[adam 00154] E=2.999387 var=4.3705e-05 sig=0.580 acc~0.5 n=2048 |dx|/ell=0.3125 sat=0.00 com_kill=0.04
[adam 00308] E=2.999184 var=3.8233e-05 sig=0.577 acc~0.5 n=2048 |dx|/ell=0.3105 sat=0.00 com_kill=0.04
[seg 9/12] step=1041 E_raw=2.99932 (-0.039%) var=5.114e-05 kappa(S)=9.93e+11 rank=657 cos_sr=1.000 cos_plain=0.043
[adam 00000] E=2.999165 var=3.1609e-05 sig=0.577 acc~0.5 n=2048 |dx|/ell=0.3294 sat=0.00 com_kill=0.03
[adam 00220] E=2.999392 var=2.8809e-05 sig=0.577 acc~0.5 n=2048 |dx|/ell=0.3024 sat=0.00 com_kill=0.03
[adam 00440] E=2.999644 var=2.6816e-05 sig=0.579 acc~0.5 n=2048 |dx|/ell=0.3083 sat=0.00 com_kill=0.03
[seg 10/12] step=1482 E_raw=2.99990 (-0.020%) var=3.789e-05 kappa(S)=9.70e+11 rank=649 cos_sr=1.000 cos_plain=0.137
[adam 00000] E=2.999495 var=2.7573e-05 sig=0.575 acc~0.5 n=2048 |dx|/ell=0.2982 sat=0.00 com_kill=0.03
[adam 00313] E=2.999960 var=1.8180e-05 sig=0.577 acc~0.5 n=2048 |dx|/ell=0.3073 sat=0.00 com_kill=0.04
[adam 00625] E=2.999847 var=1.3536e-05 sig=0.578 acc~0.5 n=2048 |dx|/ell=0.3046 sat=0.00 com_kill=0.03
[seg 11/12] step=2108 E_raw=3.00038 (+0.011%) var=2.218e-05 kappa(S)=9.92e+11 rank=642 cos_sr=0.999 cos_plain=0.284
[adam 00000] E=3.000009 var=1.5704e-05 sig=0.577 acc~0.5 n=2048 |dx|/ell=0.3464 sat=0.00 com_kill=0.03
[adam 00446] E=2.999844 var=1.5781e-05 sig=0.580 acc~0.5 n=2048 |dx|/ell=0.3091 sat=0.00 com_kill=0.03
[adam 00891] E=2.999976 var=8.4250e-06 sig=0.579 acc~0.5 n=2048 |dx|/ell=0.3019 sat=0.00 com_kill=0.03
[seg 12/12] step=3000 E_raw=2.99978 (-0.002%) var=1.311e-05 kappa(S)=9.90e+11 rank=646 cos_sr=0.999 cos_plain=0.054
[phase] training done in 50.8 min
[adam 00000] E=3.000016 var=8.6582e-06 sig=0.575 acc~0.5 n=4096 |dx|/ell=0.2977 sat=0.00 com_kill=0.03
[adam 00125] E=3.000060 var=7.1976e-06 sig=0.578 acc~0.5 n=4096 |dx|/ell=0.2936 sat=0.00 com_kill=0.03
[adam 00250] E=3.000083 var=7.2252e-06 sig=0.578 acc~0.5 n=4096 |dx|/ell=0.2955 sat=0.00 com_kill=0.03
[adam 00375] E=3.000100 var=6.1844e-06 sig=0.579 acc~0.5 n=4096 |dx|/ell=0.2993 sat=0.00 com_kill=0.03
[adam 00499] E=3.000058 var=5.9127e-06 sig=0.578 acc~0.5 n=4096 |dx|/ell=0.3050 sat=0.00 com_kill=0.03
[phase] summary:
{
  "N": 2,
  "omega": 1.0,
  "arch": "pinn",
  "n_params": 236336,
  "final": {
    "E_mean": 3.0000853804494367,
    "E_mean_raw": 2.999996512988586,
    "E_stderr": 3.7553955978455154e-05,
    "var_EL": 7.70343140282273e-06,
    "n_samples": 8192,
    "frac_clipped": 0.0242919921875,
    "ref_energy": 3.0,
    "error_pct": 0.002846014981224461,
    "error_sigma": 2.2735407552194213
  },
  "energy_raw": 2.999996512988586,
  "error_pct_raw": -0.00011623371379461862,
  "energy_zv": 2.9999908369834776,
  "error_pct_zv": -0.0003054338840809597,
  "zv_n_points": 6,
  "spectrum": {
    "lam_max": 3.782028125349288,
    "lam_min_supported": 3.797133096600574e-12,
    "effective_rank": 4.285190740743779,
    "numerical_rank": 832,
    "condition_number": 996022006375.0704,
    "n_params": 236336,
    "n_samples": 2048
  },
  "alignment": {
    "cos_sr": 0.9957152748212024,
    "cos_plain": 0.050330430331793144,
    "rep_fraction": 0.9957152748212024,
    "ntk_condition": 9957847798.436388,
    "ntk_eff_rank": 4.285190721979381,
    "ntk_numerical_rank": 503
  },
  "n_align_samples": 2048,
  "exact": {
    "energy": 2.999999983284695,
    "cusp_slope": 0.9990630204195662,
    "overlap_sq": 0.9999999053665669
  }
}
