0
[phase] N=6 omega=1.0 arch=pinn  ->  results/analysis/2026-07-11_pinn_ansatz_v3/pinn_ctnnbf_s0_w1p0
0
[phase] params=236,336 device=cuda:0 ref_energy=20.15932

=== stage 1/4: Jastrow alone (backflow detached) ===
[adam 00000] E=23.211328 var=9.1547e+00 sig=0.223 acc~0.5 n=2048
[adam 00100] E=22.329196 var=6.0388e+00 sig=0.228 acc~0.5 n=2048
[adam 00200] E=20.763740 var=1.7999e+00 sig=0.252 acc~0.5 n=2048
[adam 00300] E=20.292247 var=5.7648e-01 sig=0.279 acc~0.5 n=2048
[adam 00400] E=20.271888 var=5.1265e-01 sig=0.278 acc~0.5 n=2048
[adam 00500] E=20.252430 var=4.0861e-01 sig=0.277 acc~0.5 n=2048
[adam 00600] E=20.229955 var=3.6932e-01 sig=0.278 acc~0.5 n=2048
[adam 00700] E=20.229942 var=2.9848e-01 sig=0.278 acc~0.5 n=2048
[adam 00800] E=20.236033 var=2.6531e-01 sig=0.278 acc~0.5 n=2048
[adam 00899] E=20.226623 var=2.6419e-01 sig=0.278 acc~0.5 n=2048

=== stage 2/4: cusp pre-train (prime the Pauli hole) ===
[cusp 0000] mse=0.061647 |pred|=0.2427 |tgt|=0.0197
[cusp 0100] mse=0.000794 |pred|=0.0040 |tgt|=0.0194
[cusp 0200] mse=0.000734 |pred|=0.0077 |tgt|=0.0190
[cusp 0299] mse=0.000697 |pred|=0.0116 |tgt|=0.0197

=== stage 3/4: backflow only (Jastrow frozen) ===
[adam 00000] E=20.226587 var=3.4825e-01 sig=0.279 acc~0.5 n=2048 |dx|/ell=0.0325 sat=0.00 com_kill=0.96
[adam 00100] E=20.203153 var=2.1438e-01 sig=0.279 acc~0.5 n=2048 |dx|/ell=0.0273 sat=0.00 com_kill=0.97
[adam 00200] E=20.163977 var=1.2431e-01 sig=0.279 acc~0.5 n=2048 |dx|/ell=0.0469 sat=0.00 com_kill=0.93
[adam 00300] E=20.162748 var=1.0492e-01 sig=0.279 acc~0.5 n=2048 |dx|/ell=0.0537 sat=0.00 com_kill=0.92
[adam 00400] E=20.158670 var=6.9987e-02 sig=0.280 acc~0.5 n=2048 |dx|/ell=0.0528 sat=0.00 com_kill=0.91
[adam 00500] E=20.141638 var=4.9688e-02 sig=0.280 acc~0.5 n=2048 |dx|/ell=0.0574 sat=0.00 com_kill=0.90
[adam 00600] E=20.154442 var=4.4358e-02 sig=0.280 acc~0.5 n=2048 |dx|/ell=0.0562 sat=0.00 com_kill=0.91
[adam 00700] E=20.135970 var=3.9168e-02 sig=0.280 acc~0.5 n=2048 |dx|/ell=0.0620 sat=0.00 com_kill=0.89
[adam 00800] E=20.150007 var=4.2435e-02 sig=0.279 acc~0.5 n=2048 |dx|/ell=0.0590 sat=0.00 com_kill=0.90
[adam 00899] E=20.145993 var=3.4679e-02 sig=0.279 acc~0.5 n=2048 |dx|/ell=0.0602 sat=0.00 com_kill=0.90

=== stage 4/4: joint (Jastrow released at lr*0.1) ===
[adam 00000] E=20.142375 var=3.6232e-02 sig=0.280 acc~0.5 n=2048 |dx|/ell=0.0664 sat=0.00 com_kill=0.89
[adam 00100] E=20.154399 var=3.2083e-02 sig=0.279 acc~0.5 n=2048 |dx|/ell=0.0712 sat=0.00 com_kill=0.88
[adam 00200] E=20.157442 var=3.0180e-02 sig=0.279 acc~0.5 n=2048 |dx|/ell=0.0812 sat=0.00 com_kill=0.86
[adam 00300] E=20.155075 var=3.2379e-02 sig=0.279 acc~0.5 n=2048 |dx|/ell=0.0849 sat=0.00 com_kill=0.86
[adam 00400] E=20.159289 var=2.8624e-02 sig=0.278 acc~0.5 n=2048 |dx|/ell=0.0910 sat=0.00 com_kill=0.85
[adam 00500] E=20.155527 var=3.1954e-02 sig=0.278 acc~0.5 n=2048 |dx|/ell=0.0934 sat=0.00 com_kill=0.84
[adam 00600] E=20.155438 var=2.6437e-02 sig=0.280 acc~0.5 n=2048 |dx|/ell=0.0989 sat=0.00 com_kill=0.83
[adam 00700] E=20.149401 var=2.5341e-02 sig=0.280 acc~0.5 n=2048 |dx|/ell=0.0928 sat=0.00 com_kill=0.84
[adam 00800] E=20.165630 var=2.7306e-02 sig=0.279 acc~0.5 n=2048 |dx|/ell=0.0949 sat=0.00 com_kill=0.84
[adam 00900] E=20.158393 var=2.3817e-02 sig=0.279 acc~0.5 n=2048 |dx|/ell=0.0973 sat=0.00 com_kill=0.83
[adam 01000] E=20.157127 var=2.4381e-02 sig=0.279 acc~0.5 n=2048 |dx|/ell=0.1010 sat=0.00 com_kill=0.82
[adam 01100] E=20.153987 var=2.0673e-02 sig=0.280 acc~0.5 n=2048 |dx|/ell=0.0964 sat=0.00 com_kill=0.83
[adam 01199] E=20.154888 var=2.4615e-02 sig=0.278 acc~0.5 n=2048 |dx|/ell=0.0975 sat=0.00 com_kill=0.83
[phase] training done in 271.6 min
[adam 00000] E=20.158383 var=2.2302e-02 sig=0.279 acc~0.5 n=4096 |dx|/ell=0.1006 sat=0.00 com_kill=0.82
[adam 00125] E=20.154668 var=1.9621e-02 sig=0.279 acc~0.5 n=4096 |dx|/ell=0.1053 sat=0.00 com_kill=0.81
[adam 00250] E=20.156740 var=2.0484e-02 sig=0.279 acc~0.5 n=4096 |dx|/ell=0.1101 sat=0.00 com_kill=0.79
[adam 00375] E=20.152272 var=1.9239e-02 sig=0.279 acc~0.5 n=4096 |dx|/ell=0.1118 sat=0.00 com_kill=0.79
[adam 00499] E=20.156013 var=2.0120e-02 sig=0.279 acc~0.5 n=4096 |dx|/ell=0.1157 sat=0.00 com_kill=0.77
[sr 0000] E=20.151851 (-0.037%) var=2.393e-02 |dθ|=1.00e-02 |g|=7.28e-02 damp=1.0e-03 lr=2.00e-01 |dx|/ell=0.1156 sat=0.00 com_kill=0.77
[sr 0050] E=20.159711 (+0.002%) var=2.291e-02 |dθ|=5.88e-03 |g|=1.21e-01 damp=7.9e-04 lr=1.48e-01 |dx|/ell=0.1182 sat=0.00 com_kill=0.76
[sr 0100] E=20.156140 (-0.016%) var=2.138e-02 |dθ|=3.46e-03 |g|=1.11e-01 damp=6.3e-04 lr=1.10e-01 |dx|/ell=0.1190 sat=0.00 com_kill=0.76
[sr 0150] E=20.157783 (-0.008%) var=2.254e-02 |dθ|=2.03e-03 |g|=3.88e-02 damp=5.0e-04 lr=8.13e-02 |dx|/ell=0.1200 sat=0.00 com_kill=0.76
[sr 0200] E=20.157696 (-0.008%) var=2.222e-02 |dθ|=1.20e-03 |g|=7.00e-02 damp=4.0e-04 lr=6.02e-02 |dx|/ell=0.1204 sat=0.00 com_kill=0.75
[sr 0250] E=20.149478 (-0.049%) var=2.095e-02 |dθ|=7.03e-04 |g|=4.82e-02 damp=3.2e-04 lr=4.46e-02 |dx|/ell=0.1194 sat=0.00 com_kill=0.76
[sr 0300] E=20.156456 (-0.014%) var=2.553e-02 |dθ|=4.14e-04 |g|=5.06e-02 damp=2.5e-04 lr=3.30e-02 |dx|/ell=0.1198 sat=0.00 com_kill=0.75
[sr 0350] E=20.156493 (-0.014%) var=2.179e-02 |dθ|=2.43e-04 |g|=7.05e-02 damp=2.0e-04 lr=2.45e-02 |dx|/ell=0.1197 sat=0.00 com_kill=0.75
[sr 0400] E=20.155213 (-0.020%) var=2.308e-02 |dθ|=1.43e-04 |g|=5.73e-02 damp=1.6e-04 lr=1.81e-02 |dx|/ell=0.1210 sat=0.00 com_kill=0.75
[sr 0450] E=20.159181 (-0.001%) var=2.388e-02 |dθ|=8.41e-05 |g|=4.95e-02 damp=1.3e-04 lr=1.34e-02 |dx|/ell=0.1209 sat=0.00 com_kill=0.75
[sr 0499] E=20.161750 (+0.012%) var=2.235e-02 |dθ|=5.00e-05 |g|=6.83e-02 damp=1.0e-04 lr=1.00e-02 |dx|/ell=0.1193 sat=0.00 com_kill=0.75
Traceback (most recent call last):
  File "/itf-fi-ml/home/aleksns/Thesis/scripts/run_phase_analysis.py", line 528, in <module>
    (out / "REPORT.md").write_text("\n".join(lines) + "\n")
    ^^^^^^
  File "/itf-fi-ml/home/aleksns/Thesis/scripts/run_phase_analysis.py", line 298, in main
    xf, E_Lf = xf[finite], E_Lf[finite]
         ^^^^^^^^^^^^^^^^^^^^^^^^^^^^^^^
  File "/itf-fi-ml/home/aleksns/Thesis/src/analysis/diagnostics.py", line 43, in build_O
    O = O - O.mean(dim=0, keepdim=True)
        ~~^~~~~~~~~~~~~~~~~~~~~~~~~~~~~
torch.cuda.OutOfMemoryError: CUDA out of memory. Tried to allocate 3.61 GiB. GPU 0 has a total capacty of 10.75 GiB of which 1.57 GiB is free. Including non-PyTorch memory, this process has 3.88 GiB memory in use. Process 1963545 has 5.29 GiB memory in use. Of the allocated memory 3.63 GiB is allocated by PyTorch, and 30.77 MiB is reserved by PyTorch but unallocated. If reserved but unallocated memory is large try setting max_split_size_mb to avoid fragmentation.  See documentation for Memory Management and PYTORCH_CUDA_ALLOC_CONF
