0
[phase] N=6 omega=0.01 arch=pinn  ->  /itf-fi-ml/home/aleksns/Thesis/results/analysis/2026-07-16_scaling/N6_convbf_s0_w0p01
0
[phase] warm-started from /itf-fi-ml/home/aleksns/Thesis/results/analysis/2026-07-16_scaling/N6_convbf_s0_w0p1/checkpoint.pt (omega 0.1 -> 0.01)
[phase] params=105,136 device=cuda:0 ref_energy=0.69036
[adam 00000] E=1.717508 var=5.6348e-02 sig=1.160 acc~0.5 n=2048 |dx|/ell=0.0826
[adam 00093] E=1.491818 var=4.2353e-02 sig=1.249 acc~0.5 n=2048 |dx|/ell=0.1505
[adam 00186] E=0.779452 var=4.2081e-03 sig=2.000 acc~0.5 n=2048 |dx|/ell=0.1726
[seg 1/4] step=187 E_raw=0.78103 (+13.134%) var=4.817e-03 kappa(S)=9.84e+11 rank=250 cos_sr=0.979 cos_plain=0.150
[adam 00000] E=0.777232 var=4.1525e-03 sig=2.000 acc~0.5 n=2048 |dx|/ell=0.1726
[adam 00142] E=0.752846 var=2.8086e-03 sig=2.000 acc~0.5 n=2048 |dx|/ell=0.1669
[adam 00284] E=0.731679 var=1.9778e-03 sig=2.000 acc~0.5 n=2048 |dx|/ell=0.1629
[seg 2/4] step=472 E_raw=0.73484 (+6.444%) var=2.139e-03 kappa(S)=9.82e+11 rank=237 cos_sr=0.972 cos_plain=0.103
[adam 00000] E=0.731956 var=1.8929e-03 sig=2.000 acc~0.5 n=2048 |dx|/ell=0.1629
[adam 00358] E=0.703710 var=3.6749e-04 sig=2.000 acc~0.5 n=2048 |dx|/ell=0.1609
[adam 00716] E=0.696733 var=1.6400e-04 sig=2.000 acc~0.5 n=2048 |dx|/ell=0.1621
[seg 3/4] step=1189 E_raw=0.69730 (+1.008%) var=1.564e-04 kappa(S)=9.60e+11 rank=313 cos_sr=0.766 cos_plain=0.063
[adam 00000] E=0.698404 var=1.9101e-04 sig=2.000 acc~0.5 n=2048 |dx|/ell=0.1621
[adam 00905] E=0.695072 var=9.8958e-05 sig=2.000 acc~0.5 n=2048 |dx|/ell=0.1656
[adam 01810] E=0.695139 var=9.4466e-05 sig=2.000 acc~0.5 n=2048 |dx|/ell=0.1662
[seg 4/4] step=3000 E_raw=0.69458 (+0.623%) var=1.251e-04 kappa(S)=9.89e+11 rank=321 cos_sr=0.612 cos_plain=0.018
[phase] training done in 63.3 min
[adam 00000] E=0.695948 var=1.2129e-04 sig=2.000 acc~0.5 n=4096 |dx|/ell=0.1662
[adam 00125] E=0.694705 var=9.3985e-05 sig=2.000 acc~0.5 n=4096 |dx|/ell=0.1661
[adam 00250] E=0.694689 var=9.5460e-05 sig=2.000 acc~0.5 n=4096 |dx|/ell=0.1663
[adam 00375] E=0.694623 var=9.8429e-05 sig=2.000 acc~0.5 n=4096 |dx|/ell=0.1662
[adam 00499] E=0.694610 var=9.4320e-05 sig=2.000 acc~0.5 n=4096 |dx|/ell=0.1662
[sr 0000] E=0.695239 (+0.707%) var=1.194e-04 |dθ|=7.12e-03 |g|=1.20e-03 damp=1.0e-03 lr=2.00e-01 |dx|/ell=0.1662
[sr 0050] E=0.694941 (+0.664%) var=1.076e-04 |dθ|=5.66e-03 |g|=9.45e-03 damp=7.9e-04 lr=1.48e-01 |dx|/ell=0.1663
[sr 0100] E=0.694610 (+0.616%) var=1.145e-04 |dθ|=3.46e-03 |g|=8.97e-03 damp=6.3e-04 lr=1.10e-01 |dx|/ell=0.1664
[sr 0150] E=0.694431 (+0.590%) var=1.198e-04 |dθ|=2.03e-03 |g|=1.82e-03 damp=5.0e-04 lr=8.13e-02 |dx|/ell=0.1664
[sr 0200] E=0.694626 (+0.618%) var=1.094e-04 |dθ|=1.20e-03 |g|=1.54e-03 damp=4.0e-04 lr=6.02e-02 |dx|/ell=0.1664
[sr 0250] E=0.694452 (+0.593%) var=1.112e-04 |dθ|=7.03e-04 |g|=5.18e-03 damp=3.2e-04 lr=4.46e-02 |dx|/ell=0.1664
[sr 0300] E=0.694360 (+0.579%) var=1.206e-04 |dθ|=4.14e-04 |g|=5.65e-03 damp=2.5e-04 lr=3.30e-02 |dx|/ell=0.1664
[sr 0350] E=0.694296 (+0.570%) var=1.159e-04 |dθ|=2.43e-04 |g|=2.95e-03 damp=2.0e-04 lr=2.45e-02 |dx|/ell=0.1664
[sr 0400] E=0.694354 (+0.578%) var=1.153e-04 |dθ|=1.43e-04 |g|=6.18e-03 damp=1.6e-04 lr=1.81e-02 |dx|/ell=0.1664
[sr 0450] E=0.694640 (+0.620%) var=1.103e-04 |dθ|=8.41e-05 |g|=4.02e-03 damp=1.3e-04 lr=1.34e-02 |dx|/ell=0.1664
[sr 0499] E=0.694694 (+0.628%) var=1.063e-04 |dθ|=5.00e-05 |g|=1.96e-03 damp=1.0e-04 lr=1.00e-02 |dx|/ell=0.1664
[phase] summary:
{
  "N": 6,
  "omega": 0.01,
  "arch": "pinn",
  "n_params": 105136,
  "final": {
    "E_mean": 0.6943584350970332,
    "E_mean_raw": 0.6943045229226191,
    "E_stderr": 9.799432913388865e-05,
    "var_EL": 0.00011352597272507512,
    "n_samples": 8192,
    "frac_clipped": 0.0057373046875,
    "ref_energy": 0.69036,
    "error_pct": 0.579181165918251,
    "error_sigma": 40.80271922235639
  },
  "energy_raw": 0.6943045229226191,
  "error_pct_raw": 0.5713718817166629,
  "energy_zv": 0.6933768058971662,
  "error_pct_zv": 0.4369902510525293,
  "zv_n_points": 5,
  "spectrum": {
    "lam_max": 252.28671351904785,
    "lam_min_supported": 2.545422600467331e-10,
    "effective_rank": 1.105578347367793,
    "numerical_rank": 358,
    "condition_number": 991138813149.2542,
    "n_params": 105136,
    "n_samples": 2048
  },
  "alignment": {
    "cos_sr": 0.49204383107491756,
    "cos_plain": 0.03465876985692528,
    "rep_fraction": 0.49204383107491756,
    "ntk_condition": 9980214116.065926,
    "ntk_eff_rank": 1.105578341315247,
    "ntk_numerical_rank": 203
  },
  "n_align_samples": 2048
}
