0
[phase] N=6 omega=0.1 arch=pinn  ->  /itf-fi-ml/home/aleksns/Thesis/results/analysis/2026-08-05_paradigm_optimizer/N6_s0_w0p1_vmc_sr
0
[phase] warm-started from /itf-fi-ml/home/aleksns/Thesis/results/analysis/2026-08-05_paradigm_optimizer/base_N6_s0_w0p1/checkpoint.pt (omega 0.1 -> 0.1)
[phase] params=236,336 device=cuda:0 ref_energy=3.55385
[sr 0000] E=3.553885 var=7.648e-04 |dθ|=6.00e-03 |g|=1.95e-02 damp=1.0e-03 lr=2.00e-01 |dx|/ell=0.1589 sat=0.00 com_kill=0.02
[sr 0037] E=3.553872 var=8.079e-04 |dθ|=6.00e-03 |g|=1.24e-02 damp=1.0e-03 lr=2.00e-01 |dx|/ell=0.1654 sat=0.00 com_kill=0.02
[sr 0074] E=3.553870 var=7.623e-04 |dθ|=6.00e-03 |g|=8.18e-03 damp=1.0e-03 lr=2.00e-01 |dx|/ell=0.1651 sat=0.00 com_kill=0.02
[seg 1/5] step=75 E_raw=3.55442 (+0.008%) var=7.852e-04 kappa(S)=8.66e+04 rank=511 cos_sr=1.000 cos_plain=0.212
[sr 0000] E=3.552885 var=6.763e-04 |dθ|=6.00e-03 |g|=1.11e-02 damp=1.0e-03 lr=2.00e-01 |dx|/ell=0.1722 sat=0.00 com_kill=0.02
[sr 0042] E=3.552528 var=8.112e-04 |dθ|=6.00e-03 |g|=1.52e-02 damp=1.0e-03 lr=2.00e-01 |dx|/ell=0.1642 sat=0.00 com_kill=0.02
[sr 0083] E=3.553733 var=7.331e-04 |dθ|=6.00e-03 |g|=1.37e-02 damp=1.0e-03 lr=2.00e-01 |dx|/ell=0.1654 sat=0.00 com_kill=0.02
[seg 2/5] step=159 E_raw=3.55318 (-0.016%) var=6.527e-04 kappa(S)=1.25e+05 rank=511 cos_sr=1.000 cos_plain=0.103
[sr 0000] E=3.552284 var=7.499e-04 |dθ|=6.00e-03 |g|=1.34e-02 damp=1.0e-03 lr=2.00e-01 |dx|/ell=0.1629 sat=0.00 com_kill=0.02
[sr 0088] E=3.552527 var=6.716e-04 |dθ|=6.00e-03 |g|=1.26e-02 damp=1.0e-03 lr=2.00e-01 |dx|/ell=0.1656 sat=0.00 com_kill=0.02
[sr 0175] E=3.552895 var=7.848e-04 |dθ|=6.00e-03 |g|=1.49e-02 damp=1.0e-03 lr=2.00e-01 |dx|/ell=0.1708 sat=0.00 com_kill=0.02
[seg 3/5] step=335 E_raw=3.55196 (-0.052%) var=7.303e-04 kappa(S)=9.11e+04 rank=511 cos_sr=1.000 cos_plain=0.139
[sr 0000] E=3.553064 var=6.812e-04 |dθ|=6.00e-03 |g|=1.37e-02 damp=1.0e-03 lr=2.00e-01 |dx|/ell=0.1706 sat=0.00 com_kill=0.02
[sr 0187] E=3.551344 var=7.550e-04 |dθ|=6.00e-03 |g|=3.11e-02 damp=1.0e-03 lr=2.00e-01 |dx|/ell=0.1740 sat=0.00 com_kill=0.02
[sr 0373] E=3.552577 var=6.705e-04 |dθ|=6.00e-03 |g|=1.16e-02 damp=1.0e-03 lr=2.00e-01 |dx|/ell=0.1725 sat=0.00 com_kill=0.02
[seg 4/5] step=709 E_raw=3.55169 (-0.058%) var=5.030e-04 kappa(S)=1.23e+05 rank=511 cos_sr=1.000 cos_plain=0.177
[sr 0000] E=3.552674 var=5.868e-04 |dθ|=6.00e-03 |g|=1.49e-02 damp=1.0e-03 lr=2.00e-01 |dx|/ell=0.1711 sat=0.00 com_kill=0.02
