0
[phase] N=6 omega=0.1 arch=pinn  ->  /itf-fi-ml/home/aleksns/Thesis/results/analysis/2026-08-05_paradigm_optimizer/base_N6_s1_w0p1
0
[phase] params=236,336 device=cuda:0 ref_energy=3.55385
[adam 00000] E=5.553078 var=7.4293e-01 sig=0.567 acc~0.5 n=2048 |dx|/ell=0.0687 sat=0.00 com_kill=0.38
[adam 00031] E=4.982116 var=4.9522e-01 sig=0.605 acc~0.5 n=2048 |dx|/ell=0.2641 sat=0.34 com_kill=0.02
[adam 00061] E=4.946003 var=4.6352e-01 sig=0.614 acc~0.5 n=2048 |dx|/ell=0.2695 sat=0.36 com_kill=0.02
[seg 1/12] step=62 E_raw=4.93989 (+39.001%) var=4.689e-01 kappa(S)=5.49e+10 rank=1023 cos_sr=1.000 cos_plain=0.430
[adam 00000] E=4.910018 var=4.9552e-01 sig=0.625 acc~0.5 n=2048 |dx|/ell=0.2694 sat=0.38 com_kill=0.02
[adam 00013] E=4.910090 var=4.9043e-01 sig=0.618 acc~0.5 n=2048 |dx|/ell=0.2734 sat=0.43 com_kill=0.02
[adam 00025] E=4.870628 var=4.8118e-01 sig=0.622 acc~0.5 n=2048 |dx|/ell=0.2729 sat=0.42 com_kill=0.02
[seg 2/12] step=88 E_raw=4.90111 (+37.910%) var=5.010e-01 kappa(S)=2.47e+10 rank=1023 cos_sr=1.000 cos_plain=0.426
[adam 00000] E=4.911292 var=4.5202e-01 sig=0.628 acc~0.5 n=2048 |dx|/ell=0.2664 sat=0.40 com_kill=0.03
[adam 00019] E=4.833343 var=4.5446e-01 sig=0.628 acc~0.5 n=2048 |dx|/ell=0.2675 sat=0.39 com_kill=0.02
[adam 00037] E=4.795689 var=4.0791e-01 sig=0.627 acc~0.5 n=2048 |dx|/ell=0.2707 sat=0.45 com_kill=0.02
[seg 3/12] step=126 E_raw=4.84259 (+36.066%) var=4.609e-01 kappa(S)=2.26e+09 rank=1023 cos_sr=1.000 cos_plain=0.416
[adam 00000] E=4.803535 var=4.5480e-01 sig=0.641 acc~0.5 n=2048 |dx|/ell=0.2623 sat=0.38 com_kill=0.02
[adam 00026] E=4.756024 var=4.3958e-01 sig=0.635 acc~0.5 n=2048 |dx|/ell=0.2701 sat=0.43 com_kill=0.01
[adam 00052] E=4.688189 var=3.6407e-01 sig=0.636 acc~0.5 n=2048 |dx|/ell=0.2638 sat=0.41 com_kill=0.01
[seg 4/12] step=179 E_raw=4.70449 (+32.327%) var=3.895e-01 kappa(S)=3.04e+08 rank=1023 cos_sr=1.000 cos_plain=0.536
[adam 00000] E=4.713091 var=3.9371e-01 sig=0.648 acc~0.5 n=2048 |dx|/ell=0.2735 sat=0.48 com_kill=0.01
[adam 00037] E=4.619715 var=3.7443e-01 sig=0.647 acc~0.5 n=2048 |dx|/ell=0.2717 sat=0.43 com_kill=0.01
[adam 00074] E=4.554161 var=3.5680e-01 sig=0.659 acc~0.5 n=2048 |dx|/ell=0.2728 sat=0.42 com_kill=0.02
[seg 5/12] step=254 E_raw=4.53053 (+27.409%) var=3.390e-01 kappa(S)=3.44e+08 rank=1023 cos_sr=1.000 cos_plain=0.545
[adam 00000] E=4.564085 var=3.2570e-01 sig=0.670 acc~0.5 n=2048 |dx|/ell=0.2763 sat=0.44 com_kill=0.02
[adam 00054] E=4.380592 var=2.8915e-01 sig=0.684 acc~0.5 n=2048 |dx|/ell=0.2764 sat=0.40 com_kill=0.03
[adam 00107] E=4.134237 var=2.2790e-01 sig=0.722 acc~0.5 n=2048 |dx|/ell=0.2759 sat=0.32 com_kill=0.03
[seg 6/12] step=362 E_raw=4.14048 (+16.441%) var=2.508e-01 kappa(S)=1.67e+07 rank=1023 cos_sr=1.000 cos_plain=0.734
[adam 00000] E=4.123181 var=2.6115e-01 sig=0.733 acc~0.5 n=2048 |dx|/ell=0.2695 sat=0.28 com_kill=0.04
[adam 00076] E=3.718583 var=7.4195e-02 sig=0.844 acc~0.5 n=2048 |dx|/ell=0.2073 sat=0.04 com_kill=0.09
[adam 00151] E=3.619992 var=3.1218e-02 sig=0.881 acc~0.5 n=2048 |dx|/ell=0.2261 sat=0.04 com_kill=0.07
[seg 7/12] step=514 E_raw=3.62667 (+1.862%) var=3.374e-02 kappa(S)=8.73e+06 rank=1023 cos_sr=1.000 cos_plain=0.291
[adam 00000] E=3.623862 var=2.7843e-02 sig=0.888 acc~0.5 n=2048 |dx|/ell=0.1906 sat=0.02 com_kill=0.11
[adam 00109] E=3.572702 var=9.2733e-03 sig=0.893 acc~0.5 n=2048 |dx|/ell=0.1478 sat=0.00 com_kill=0.11
[adam 00217] E=3.570207 var=5.9227e-03 sig=0.892 acc~0.5 n=2048 |dx|/ell=0.1338 sat=0.00 com_kill=0.06
[seg 8/12] step=732 E_raw=3.56837 (+0.396%) var=6.969e-03 kappa(S)=1.71e+06 rank=1023 cos_sr=1.000 cos_plain=0.177
[adam 00000] E=3.570670 var=6.1358e-03 sig=0.906 acc~0.5 n=2048 |dx|/ell=0.1248 sat=0.00 com_kill=0.21
[adam 00154] E=3.565148 var=4.3603e-03 sig=0.887 acc~0.5 n=2048 |dx|/ell=0.1265 sat=0.00 com_kill=0.05
[adam 00308] E=3.564237 var=3.7449e-03 sig=0.882 acc~0.5 n=2048 |dx|/ell=0.1272 sat=0.00 com_kill=0.04
[seg 9/12] step=1041 E_raw=3.56293 (+0.253%) var=3.817e-03 kappa(S)=1.76e+06 rank=1023 cos_sr=1.000 cos_plain=0.104
[adam 00000] E=3.564371 var=3.7275e-03 sig=0.895 acc~0.5 n=2048 |dx|/ell=0.1057 sat=0.00 com_kill=0.05
[adam 00220] E=3.561540 var=3.3611e-03 sig=0.884 acc~0.5 n=2048 |dx|/ell=0.1237 sat=0.00 com_kill=0.02
[adam 00440] E=3.560617 var=2.9970e-03 sig=0.887 acc~0.5 n=2048 |dx|/ell=0.1292 sat=0.00 com_kill=0.03
[seg 10/12] step=1482 E_raw=3.56187 (+0.191%) var=3.627e-03 kappa(S)=1.06e+06 rank=1023 cos_sr=1.000 cos_plain=0.106
[adam 00000] E=3.561737 var=3.1196e-03 sig=0.891 acc~0.5 n=2048 |dx|/ell=0.1492 sat=0.00 com_kill=0.04
[adam 00313] E=3.559314 var=3.0044e-03 sig=0.880 acc~0.5 n=2048 |dx|/ell=0.1405 sat=0.00 com_kill=0.02
[adam 00625] E=3.558328 var=2.3718e-03 sig=0.887 acc~0.5 n=2048 |dx|/ell=0.1451 sat=0.00 com_kill=0.02
[seg 11/12] step=2108 E_raw=3.55918 (+0.146%) var=2.760e-03 kappa(S)=6.37e+05 rank=1023 cos_sr=1.000 cos_plain=0.112
[adam 00000] E=3.558476 var=2.3966e-03 sig=0.893 acc~0.5 n=2048 |dx|/ell=0.1438 sat=0.00 com_kill=0.02
[adam 00446] E=3.553985 var=9.8331e-04 sig=0.900 acc~0.5 n=2048 |dx|/ell=0.1449 sat=0.00 com_kill=0.02
[adam 00891] E=3.553639 var=7.5843e-04 sig=0.896 acc~0.5 n=2048 |dx|/ell=0.1653 sat=0.00 com_kill=0.02
[seg 12/12] step=3000 E_raw=3.55127 (-0.078%) var=8.914e-04 kappa(S)=9.70e+05 rank=1023 cos_sr=1.000 cos_plain=0.108
[phase] training done in 227.1 min
[adam 00000] E=3.553843 var=7.7246e-04 sig=0.902 acc~0.5 n=4096 |dx|/ell=0.1617 sat=0.00 com_kill=0.02
[adam 00125] E=3.553366 var=6.9477e-04 sig=0.893 acc~0.5 n=4096 |dx|/ell=0.1624 sat=0.00 com_kill=0.02
[adam 00250] E=3.552933 var=6.8961e-04 sig=0.896 acc~0.5 n=4096 |dx|/ell=0.1608 sat=0.00 com_kill=0.02
[adam 00375] E=3.553069 var=6.7943e-04 sig=0.895 acc~0.5 n=4096 |dx|/ell=0.1672 sat=0.00 com_kill=0.02
[adam 00499] E=3.553119 var=6.7904e-04 sig=0.896 acc~0.5 n=4096 |dx|/ell=0.1693 sat=0.00 com_kill=0.02
[phase] summary:
{
  "N": 6,
  "omega": 0.1,
  "arch": "pinn",
  "n_params": 236336,
  "final": {
    "E_mean": 3.5537845145012765,
    "E_mean_raw": 3.553990893127108,
    "E_stderr": 0.0002922629089878291,
    "var_EL": 0.0008059863746555829,
    "n_samples": 8192,
    "frac_clipped": 0.013916015625,
    "ref_energy": 3.55385,
    "error_pct": -0.0018426635542763406,
    "error_sigma": -0.22406366565788471
  },
  "energy_raw": 3.553990893127108,
  "error_pct_raw": 0.003964520931042533,
  "energy_zv": 3.551263867597052,
  "error_pct_zv": -0.0727698806350335,
  "zv_n_points": 6,
  "spectrum": {
    "lam_max": 51.70169510772919,
    "lam_min_supported": 1.0129821302310065e-05,
    "effective_rank": 7.560560048534779,
    "numerical_rank": 2047,
    "condition_number": 5103909.8879206125,
    "n_params": 236336,
    "n_samples": 2048
  },
  "alignment": {
    "cos_sr": 1.0,
    "cos_plain": 0.08487621031200976,
    "rep_fraction": 1.0,
    "ntk_condition": 5103909.887975669,
    "ntk_eff_rank": 7.56056004853478,
    "ntk_numerical_rank": 2047
  },
  "n_align_samples": 2048
}
