0
[phase] N=20 omega=0.28 arch=pinn  ->  /itf-fi-ml/home/aleksns/Thesis/results/analysis/2026-07-16_scaling/N20_convbf_s1_w0p28
0
[phase] params=105,136 device=cuda:0 ref_energy=61.9268

=== stage 1/4: Jastrow alone (backflow detached) ===
[adam 00000] E=104.643266 var=6.9239e+01 sig=0.129 acc~0.5 n=256
[adam 00100] E=110.627761 var=6.5047e+01 sig=0.119 acc~0.5 n=256
[adam 00200] E=109.584662 var=5.5628e+01 sig=0.120 acc~0.5 n=256
[adam 00300] E=105.941493 var=5.9068e+01 sig=0.124 acc~0.5 n=256
[adam 00400] E=102.071830 var=4.7112e+01 sig=0.130 acc~0.5 n=256
[adam 00500] E=95.629803 var=3.8793e+01 sig=0.137 acc~0.5 n=256
[adam 00600] E=87.135614 var=2.5462e+01 sig=0.148 acc~0.5 n=256
[adam 00700] E=76.478632 var=1.6500e+01 sig=0.171 acc~0.5 n=256
[adam 00749] E=70.327831 var=8.9489e+00 sig=0.190 acc~0.5 n=256

=== stage 2/4: cusp pre-train SKIPPED (thesis 'bf_then_joint' variant) ===

=== stage 3/4: backflow only (Jastrow frozen) ===
[adam 00000] E=70.452208 var=6.9115e+00 sig=0.198 acc~0.5 n=256 |dx|/ell=0.4522
[adam 00100] E=70.943899 var=7.8498e+00 sig=0.194 acc~0.5 n=256 |dx|/ell=0.5061
[adam 00200] E=70.351097 var=1.2152e+01 sig=0.191 acc~0.5 n=256 |dx|/ell=0.4871
[adam 00300] E=72.107725 var=1.0445e+01 sig=0.191 acc~0.5 n=256 |dx|/ell=0.4692
[adam 00400] E=72.011713 var=1.0360e+01 sig=0.191 acc~0.5 n=256 |dx|/ell=0.4517
[adam 00500] E=71.949878 var=1.0044e+01 sig=0.191 acc~0.5 n=256 |dx|/ell=0.4347
[adam 00600] E=71.796851 var=9.4049e+00 sig=0.191 acc~0.5 n=256 |dx|/ell=0.4182
[adam 00700] E=71.712689 var=7.3371e+00 sig=0.193 acc~0.5 n=256 |dx|/ell=0.4024
[adam 00749] E=71.188503 var=9.7286e+00 sig=0.194 acc~0.5 n=256 |dx|/ell=0.3948

=== stage 4/4: joint (Jastrow released at lr*0.1) ===
[adam 00000] E=70.592224 var=8.0674e+00 sig=0.199 acc~0.5 n=256 |dx|/ell=0.3947
[adam 00100] E=64.515240 var=1.7274e+00 sig=0.233 acc~0.5 n=256 |dx|/ell=0.3780
[adam 00200] E=62.420938 var=4.1831e-01 sig=0.251 acc~0.5 n=256 |dx|/ell=0.3556
[adam 00300] E=62.179347 var=2.8709e-01 sig=0.249 acc~0.5 n=256 |dx|/ell=0.3407
[adam 00400] E=62.127988 var=2.6815e-01 sig=0.245 acc~0.5 n=256 |dx|/ell=0.3363
[adam 00500] E=62.128583 var=2.8744e-01 sig=0.248 acc~0.5 n=256 |dx|/ell=0.3336
[adam 00600] E=62.101019 var=2.3852e-01 sig=0.246 acc~0.5 n=256 |dx|/ell=0.3317
[adam 00700] E=62.069149 var=3.4672e-01 sig=0.246 acc~0.5 n=256 |dx|/ell=0.3283
[adam 00800] E=62.089215 var=3.1882e-01 sig=0.245 acc~0.5 n=256 |dx|/ell=0.3267
[adam 00900] E=62.090577 var=2.6538e-01 sig=0.244 acc~0.5 n=256 |dx|/ell=0.3245
[adam 00999] E=62.142922 var=3.0379e-01 sig=0.245 acc~0.5 n=256 |dx|/ell=0.3223
[phase] training done in 135.7 min
[adam 00000] E=62.101110 var=2.9000e-01 sig=0.251 acc~0.5 n=4096 |dx|/ell=0.3223
