0
[phase] N=2 omega=1.0 arch=pinn  ->  /itf-fi-ml/home/aleksns/Thesis/results/analysis/2026-08-05_paradigm_optimizer/N2_s0_w1_vmc_adam
0
[phase] warm-started from /itf-fi-ml/home/aleksns/Thesis/results/analysis/2026-08-05_paradigm_optimizer/base_N2_s0_w1/checkpoint.pt (omega 1.0 -> 1.0)
[phase] params=236,336 device=cuda:0 ref_energy=3.0
[adam 00000] E=3.000082 var=5.7637e-06 sig=0.575 acc~0.5 n=2048 |dx|/ell=0.3012 sat=0.00 com_kill=0.03
[adam 00037] E=2.999856 var=5.5109e-05 sig=0.577 acc~0.5 n=2048 |dx|/ell=0.2871 sat=0.00 com_kill=0.04
[adam 00074] E=3.000078 var=1.0022e-05 sig=0.579 acc~0.5 n=2048 |dx|/ell=0.2998 sat=0.00 com_kill=0.04
[seg 1/5] step=75 E_raw=2.99988 (-0.002%) var=1.249e-05 kappa(S)=9.82e+11 rank=666 cos_sr=0.999 cos_plain=0.071
[adam 00000] E=3.000070 var=8.8249e-06 sig=0.574 acc~0.5 n=2048 |dx|/ell=0.3175 sat=0.00 com_kill=0.03
[adam 00042] E=3.000717 var=1.3987e-04 sig=0.577 acc~0.5 n=2048 |dx|/ell=0.2922 sat=0.00 com_kill=0.04
[adam 00083] E=2.999872 var=1.7132e-05 sig=0.578 acc~0.5 n=2048 |dx|/ell=0.2828 sat=0.00 com_kill=0.04
[seg 2/5] step=159 E_raw=3.00019 (-0.002%) var=2.624e-05 kappa(S)=9.79e+11 rank=661 cos_sr=1.000 cos_plain=0.202
[adam 00000] E=2.999864 var=1.7025e-05 sig=0.576 acc~0.5 n=2048 |dx|/ell=0.2787 sat=0.00 com_kill=0.03
[adam 00088] E=3.000161 var=1.8450e-05 sig=0.578 acc~0.5 n=2048 |dx|/ell=0.2819 sat=0.00 com_kill=0.04
[adam 00175] E=2.999931 var=1.1001e-05 sig=0.580 acc~0.5 n=2048 |dx|/ell=0.2805 sat=0.00 com_kill=0.04
[seg 3/5] step=335 E_raw=3.00022 (-0.005%) var=1.451e-05 kappa(S)=9.88e+11 rank=672 cos_sr=0.999 cos_plain=0.118
[adam 00000] E=2.999706 var=1.1856e-05 sig=0.574 acc~0.5 n=2048 |dx|/ell=0.2955 sat=0.00 com_kill=0.05
[adam 00187] E=2.999823 var=1.1196e-05 sig=0.579 acc~0.5 n=2048 |dx|/ell=0.2679 sat=0.00 com_kill=0.05
[adam 00373] E=3.000271 var=8.3516e-06 sig=0.578 acc~0.5 n=2048 |dx|/ell=0.2738 sat=0.00 com_kill=0.04
[seg 4/5] step=709 E_raw=2.99972 (+0.001%) var=1.281e-05 kappa(S)=9.85e+11 rank=683 cos_sr=0.999 cos_plain=0.205
[adam 00000] E=3.000225 var=8.2945e-06 sig=0.574 acc~0.5 n=2048 |dx|/ell=0.2976 sat=0.00 com_kill=0.04
[adam 00395] E=3.000231 var=6.0681e-06 sig=0.579 acc~0.5 n=2048 |dx|/ell=0.2827 sat=0.00 com_kill=0.04
[adam 00790] E=3.000078 var=5.1812e-06 sig=0.577 acc~0.5 n=2048 |dx|/ell=0.2722 sat=0.00 com_kill=0.04
[seg 5/5] step=1500 E_raw=2.99983 (+0.002%) var=5.850e-06 kappa(S)=9.74e+11 rank=654 cos_sr=0.982 cos_plain=0.096
[phase] training done in 25.4 min
[phase] summary:
{
  "N": 2,
  "omega": 1.0,
  "arch": "pinn",
  "n_params": 236336,
  "final": {
    "E_mean": 3.000098552346418,
    "E_mean_raw": 3.00000545394923,
    "E_stderr": 2.6782330134716624e-05,
    "var_EL": 5.453673072044689e-06,
    "n_samples": 8192,
    "frac_clipped": 0.016357421875,
    "ref_energy": 3.0,
    "error_pct": 0.0032850782139289456,
    "error_sigma": 3.679752505556631
  },
  "energy_raw": 3.00000545394923,
  "error_pct_raw": 0.00018179830766721733,
  "energy_zv": 2.9996773602121474,
  "error_pct_zv": -0.010754659595087663,
  "zv_n_points": 5,
  "spectrum": {
    "lam_max": 4.1297248409560625,
    "lam_min_supported": 4.168989115063538e-12,
    "effective_rank": 4.233158857935978,
    "numerical_rank": 822,
    "condition_number": 990581823788.9841,
    "n_params": 236336,
    "n_samples": 2048
  },
  "alignment": {
    "cos_sr": 0.9763452879575178,
    "cos_plain": 0.07156094674591097,
    "rep_fraction": 0.9763452879575178,
    "ntk_condition": 9941357699.553957,
    "ntk_eff_rank": 4.233158838484205,
    "ntk_numerical_rank": 493
  },
  "n_align_samples": 2048,
  "exact": {
    "energy": 2.999999983284695,
    "cusp_slope": 0.9990630204195662,
    "overlap_sq": 0.9999999277040204
  }
}
