0
[phase] N=6 omega=0.01 arch=ctnn_vcycle_big  ->  results/analysis/2026-07-02_N6_w001_ctnn_s0
0
[phase] warm-started from results/analysis/2026-06-15_N6_w01_ctnn_big_bf_casc/checkpoint.pt (omega 0.1 -> 0.01)
[phase] params=79,813 device=cuda:0 ref_energy=0.69036
[adam 00000] E=1.115014 var=1.5885e-02 sig=1.603 acc~0.5 n=2048
[adam 00012] E=0.692781 var=1.3499e-04 sig=2.000 acc~0.5 n=2048
[adam 00024] E=0.691869 var=6.7820e-05 sig=2.000 acc~0.5 n=2048
[seg 1/4] step=25 E_raw=5.70383 (+965.045%) var=3.073e+01 kappa(S)=9.51e+11 rank=1017 cos_sr=1.000 cos_plain=0.144
[adam 00000] E=7.442899 var=3.0098e+01 sig=0.588 acc~0.5 n=2048
[adam 00019] E=0.695492 var=2.1461e-04 sig=2.000 acc~0.5 n=2048
[adam 00037] E=0.692101 var=1.0232e-04 sig=2.000 acc~0.5 n=2048
[seg 2/4] step=63 E_raw=0.69213 (+0.257%) var=1.083e-04 kappa(S)=1.69e+09 rank=1023 cos_sr=1.000 cos_plain=0.157
[adam 00000] E=0.692668 var=1.0797e-04 sig=2.000 acc~0.5 n=2048
[adam 00048] E=0.691470 var=4.1746e-05 sig=2.000 acc~0.5 n=2048
[adam 00095] E=0.690767 var=3.1705e-05 sig=2.000 acc~0.5 n=2048
[seg 3/4] step=159 E_raw=0.69112 (+0.111%) var=3.789e-05 kappa(S)=5.57e+09 rank=1023 cos_sr=1.000 cos_plain=0.060
[adam 00000] E=0.691343 var=3.4058e-05 sig=2.000 acc~0.5 n=2048
[adam 00120] E=0.690746 var=3.3441e-05 sig=2.000 acc~0.5 n=2048
[adam 00240] E=0.690553 var=2.6013e-05 sig=2.000 acc~0.5 n=2048
[seg 4/4] step=400 E_raw=0.69058 (+0.033%) var=2.899e-05 kappa(S)=4.67e+08 rank=1023 cos_sr=1.000 cos_plain=0.121
[phase] training done in 17.5 min
[adam 00000] E=0.690530 var=2.7287e-05 sig=2.000 acc~0.5 n=4096
[adam 00030] E=0.690440 var=2.2640e-05 sig=2.000 acc~0.5 n=4096
[adam 00060] E=0.690310 var=1.9405e-05 sig=2.000 acc~0.5 n=4096
[adam 00090] E=0.690107 var=1.9721e-05 sig=2.000 acc~0.5 n=4096
[adam 00119] E=0.690174 var=1.9445e-05 sig=2.000 acc~0.5 n=4096
[sr 0000] E=0.689974 (-0.056%) var=2.197e-05 |dθ|=1.00e-02 |g|=3.00e-03 damp=1.0e-03 lr=2.00e-01
[sr 0020] E=0.690169 (-0.028%) var=2.222e-05 |dθ|=5.87e-03 |g|=5.44e-03 damp=7.9e-04 lr=1.48e-01
[sr 0040] E=0.690194 (-0.024%) var=2.230e-05 |dθ|=3.45e-03 |g|=8.27e-03 damp=6.3e-04 lr=1.10e-01
[sr 0060] E=0.690241 (-0.017%) var=1.990e-05 |dθ|=2.02e-03 |g|=6.78e-03 damp=5.0e-04 lr=8.11e-02
[sr 0080] E=0.690275 (-0.012%) var=1.729e-05 |dθ|=1.19e-03 |g|=1.01e-02 damp=4.0e-04 lr=6.00e-02
[sr 0100] E=0.690279 (-0.012%) var=2.037e-05 |dθ|=6.98e-04 |g|=6.34e-03 damp=3.1e-04 lr=4.44e-02
[sr 0120] E=0.690091 (-0.039%) var=2.003e-05 |dθ|=4.10e-04 |g|=8.07e-03 damp=2.5e-04 lr=3.28e-02
[sr 0140] E=0.689944 (-0.060%) var=2.081e-05 |dθ|=2.41e-04 |g|=8.25e-03 damp=2.0e-04 lr=2.43e-02
[sr 0160] E=0.690273 (-0.013%) var=1.880e-05 |dθ|=1.41e-04 |g|=1.07e-02 damp=1.6e-04 lr=1.80e-02
[sr 0180] E=0.690164 (-0.028%) var=2.030e-05 |dθ|=8.29e-05 |g|=6.18e-03 damp=1.2e-04 lr=1.33e-02
[sr 0199] E=0.690120 (-0.035%) var=1.981e-05 |dθ|=5.00e-05 |g|=4.12e-03 damp=1.0e-04 lr=1.00e-02
[phase] summary:
{
  "N": 6,
  "omega": 0.01,
  "arch": "ctnn_vcycle_big",
  "n_params": 79813,
  "final": {
    "E_mean": 0.6902083546689843,
    "E_mean_raw": 0.6901996771345627,
    "E_stderr": 4.5312501172014895e-05,
    "var_EL": 1.9454045818514466e-05,
    "n_samples": 8192,
    "frac_clipped": 0.009521484375,
    "ref_energy": 0.69036,
    "error_pct": -0.021966123618928877,
    "error_sigma": -3.3466554944729885
  },
  "energy_raw": 0.6901996771345627,
  "error_pct_raw": -0.0232230814991198,
  "energy_zv": 0.6909992618942138,
  "error_pct_zv": 0.09259833915838347,
  "zv_n_points": 5,
  "spectrum": {
    "lam_max": 649.1101716113058,
    "lam_min_supported": 8.143221890846116e-08,
    "effective_rank": 3.7614593244372436,
    "numerical_rank": 2047,
    "condition_number": 7971171365.733968,
    "n_params": 79813,
    "n_samples": 2048
  },
  "alignment": {
    "cos_sr": 1.0,
    "cos_plain": 0.10341164539073329,
    "rep_fraction": 1.0,
    "ntk_condition": 7971171492.986917,
    "ntk_eff_rank": 3.7614593244365175,
    "ntk_numerical_rank": 2047
  },
  "n_align_samples": 2048
}
