0
[phase] N=6 omega=1.0 arch=pinn  ->  /itf-fi-ml/home/aleksns/Thesis/results/analysis/2026-08-05_paradigm_optimizer/N6_s1_w1_vmc_sr
0
[phase] warm-started from /itf-fi-ml/home/aleksns/Thesis/results/analysis/2026-08-05_paradigm_optimizer/base_N6_s1_w1/checkpoint.pt (omega 1.0 -> 1.0)
[phase] params=236,336 device=cuda:0 ref_energy=20.15932
[sr 0000] E=20.158084 var=3.060e-02 |dθ|=6.00e-03 |g|=1.29e-01 damp=1.0e-03 lr=2.00e-01 |dx|/ell=0.0756 sat=0.00 com_kill=0.77
[sr 0037] E=20.159897 var=2.712e-02 |dθ|=6.00e-03 |g|=1.31e-01 damp=1.0e-03 lr=2.00e-01 |dx|/ell=0.0763 sat=0.00 com_kill=0.76
[sr 0074] E=20.159777 var=2.482e-02 |dθ|=6.00e-03 |g|=1.01e-01 damp=1.0e-03 lr=2.00e-01 |dx|/ell=0.0770 sat=0.00 com_kill=0.76
[seg 1/5] step=75 E_raw=20.15864 (-0.023%) var=3.013e-02 kappa(S)=6.23e+06 rank=1023 cos_sr=1.000 cos_plain=0.087
[sr 0000] E=20.163124 var=3.226e-02 |dθ|=6.00e-03 |g|=1.41e-01 damp=1.0e-03 lr=2.00e-01 |dx|/ell=0.0766 sat=0.00 com_kill=0.76
[sr 0042] E=20.162260 var=2.918e-02 |dθ|=6.00e-03 |g|=8.89e-02 damp=1.0e-03 lr=2.00e-01 |dx|/ell=0.0772 sat=0.00 com_kill=0.75
[sr 0083] E=20.154937 var=2.867e-02 |dθ|=6.00e-03 |g|=7.02e-02 damp=1.0e-03 lr=2.00e-01 |dx|/ell=0.0777 sat=0.00 com_kill=0.75
[seg 2/5] step=159 E_raw=20.16653 (+0.020%) var=3.114e-02 kappa(S)=6.39e+06 rank=1023 cos_sr=1.000 cos_plain=0.129
[sr 0000] E=20.151588 var=2.480e-02 |dθ|=6.00e-03 |g|=9.47e-02 damp=1.0e-03 lr=2.00e-01 |dx|/ell=0.0781 sat=0.00 com_kill=0.75
[sr 0088] E=20.152823 var=3.081e-02 |dθ|=6.00e-03 |g|=5.78e-02 damp=1.0e-03 lr=2.00e-01 |dx|/ell=0.0777 sat=0.00 com_kill=0.74
[sr 0175] E=20.151015 var=2.687e-02 |dθ|=6.00e-03 |g|=8.40e-02 damp=1.0e-03 lr=2.00e-01 |dx|/ell=0.0807 sat=0.00 com_kill=0.73
[seg 3/5] step=335 E_raw=20.14807 (-0.041%) var=2.663e-02 kappa(S)=5.50e+06 rank=1023 cos_sr=1.000 cos_plain=0.069
[sr 0000] E=20.146399 var=2.648e-02 |dθ|=6.00e-03 |g|=5.43e-02 damp=1.0e-03 lr=2.00e-01 |dx|/ell=0.0793 sat=0.00 com_kill=0.73
[sr 0187] E=20.156583 var=2.560e-02 |dθ|=6.00e-03 |g|=4.69e-02 damp=1.0e-03 lr=2.00e-01 |dx|/ell=0.0820 sat=0.00 com_kill=0.71
[sr 0373] E=20.154176 var=2.647e-02 |dθ|=6.00e-03 |g|=6.54e-02 damp=1.0e-03 lr=2.00e-01 |dx|/ell=0.0789 sat=0.00 com_kill=0.72
[seg 4/5] step=709 E_raw=20.15626 (-0.006%) var=2.668e-02 kappa(S)=5.60e+06 rank=1023 cos_sr=1.000 cos_plain=0.081
[sr 0000] E=20.159716 var=2.174e-02 |dθ|=6.00e-03 |g|=6.76e-02 damp=1.0e-03 lr=2.00e-01 |dx|/ell=0.0840 sat=0.00 com_kill=0.70
