0
[phase] N=6 omega=1.0 arch=pinn  ->  /itf-fi-ml/home/aleksns/Thesis/results/analysis/2026-07-16_scaling/N6_convbf_s0_w1
0
[phase] params=105,136 device=cuda:0 ref_energy=20.15932

=== stage 1/4: Jastrow alone (backflow detached) ===
[adam 00000] E=23.211328 var=9.1547e+00 sig=0.223 acc~0.5 n=2048
[adam 00100] E=22.329196 var=6.0388e+00 sig=0.228 acc~0.5 n=2048
[adam 00200] E=20.763740 var=1.7999e+00 sig=0.252 acc~0.5 n=2048
[adam 00300] E=20.292247 var=5.7648e-01 sig=0.279 acc~0.5 n=2048
[adam 00400] E=20.271888 var=5.1265e-01 sig=0.278 acc~0.5 n=2048
[adam 00500] E=20.252430 var=4.0861e-01 sig=0.277 acc~0.5 n=2048
[adam 00600] E=20.229955 var=3.6932e-01 sig=0.278 acc~0.5 n=2048
[adam 00700] E=20.229942 var=2.9848e-01 sig=0.278 acc~0.5 n=2048
[adam 00800] E=20.236033 var=2.6531e-01 sig=0.278 acc~0.5 n=2048
[adam 00899] E=20.226623 var=2.6419e-01 sig=0.278 acc~0.5 n=2048

=== stage 2/4: cusp pre-train SKIPPED (thesis 'bf_then_joint' variant) ===

=== stage 3/4: backflow only (Jastrow frozen) ===
[adam 00000] E=20.514352 var=9.1932e-01 sig=0.273 acc~0.5 n=2048 |dx|/ell=0.1072
[adam 00100] E=20.197728 var=2.0556e-01 sig=0.277 acc~0.5 n=2048 |dx|/ell=0.0466
[adam 00200] E=20.196657 var=1.8532e-01 sig=0.277 acc~0.5 n=2048 |dx|/ell=0.0502
[adam 00300] E=20.179084 var=1.5342e-01 sig=0.278 acc~0.5 n=2048 |dx|/ell=0.0509
[adam 00400] E=20.179542 var=1.4833e-01 sig=0.279 acc~0.5 n=2048 |dx|/ell=0.0477
[adam 00500] E=20.183472 var=1.4739e-01 sig=0.278 acc~0.5 n=2048 |dx|/ell=0.0506
[adam 00600] E=20.171689 var=1.1805e-01 sig=0.278 acc~0.5 n=2048 |dx|/ell=0.0506
[adam 00700] E=20.174259 var=1.3358e-01 sig=0.278 acc~0.5 n=2048 |dx|/ell=0.0509
[adam 00800] E=20.166211 var=1.3198e-01 sig=0.278 acc~0.5 n=2048 |dx|/ell=0.0567
[adam 00899] E=20.168030 var=1.3645e-01 sig=0.278 acc~0.5 n=2048 |dx|/ell=0.0500

=== stage 4/4: joint (Jastrow released at lr*0.1) ===
[adam 00000] E=20.179794 var=1.2356e-01 sig=0.280 acc~0.5 n=2048 |dx|/ell=0.1672
[adam 00100] E=20.164331 var=1.2212e-01 sig=0.279 acc~0.5 n=2048 |dx|/ell=0.0521
[adam 00200] E=20.181032 var=1.1138e-01 sig=0.277 acc~0.5 n=2048 |dx|/ell=0.0535
[adam 00300] E=20.171229 var=1.2382e-01 sig=0.279 acc~0.5 n=2048 |dx|/ell=0.0543
[adam 00400] E=20.166390 var=1.0810e-01 sig=0.278 acc~0.5 n=2048 |dx|/ell=0.0570
[adam 00500] E=20.171901 var=1.0592e-01 sig=0.279 acc~0.5 n=2048 |dx|/ell=0.0599
[adam 00600] E=20.175767 var=9.8790e-02 sig=0.278 acc~0.5 n=2048 |dx|/ell=0.0556
[adam 00700] E=20.182995 var=1.0888e-01 sig=0.278 acc~0.5 n=2048 |dx|/ell=0.0589
[adam 00800] E=20.173598 var=1.0569e-01 sig=0.276 acc~0.5 n=2048 |dx|/ell=0.0615
[adam 00900] E=20.175587 var=1.1275e-01 sig=0.277 acc~0.5 n=2048 |dx|/ell=0.0586
[adam 01000] E=20.173093 var=1.0468e-01 sig=0.278 acc~0.5 n=2048 |dx|/ell=0.0605
[adam 01100] E=20.180357 var=9.3358e-02 sig=0.278 acc~0.5 n=2048 |dx|/ell=0.0609
[adam 01199] E=20.175516 var=1.0655e-01 sig=0.277 acc~0.5 n=2048 |dx|/ell=0.0611
[phase] training done in 53.0 min
[adam 00000] E=20.172461 var=9.9674e-02 sig=0.279 acc~0.5 n=4096 |dx|/ell=0.0623
[adam 00125] E=20.166897 var=1.0145e-01 sig=0.278 acc~0.5 n=4096 |dx|/ell=0.0617
[adam 00250] E=20.167990 var=9.7605e-02 sig=0.278 acc~0.5 n=4096 |dx|/ell=0.0648
[adam 00375] E=20.173754 var=9.6452e-02 sig=0.278 acc~0.5 n=4096 |dx|/ell=0.0627
[adam 00499] E=20.167949 var=9.9044e-02 sig=0.278 acc~0.5 n=4096 |dx|/ell=0.0657
[sr 0000] E=20.167347 (+0.040%) var=1.016e-01 |dθ|=1.00e-02 |g|=1.75e-01 damp=1.0e-03 lr=2.00e-01 |dx|/ell=0.0647
[sr 0050] E=20.152511 (-0.034%) var=1.119e-01 |dθ|=5.88e-03 |g|=1.12e-01 damp=7.9e-04 lr=1.48e-01 |dx|/ell=0.0669
[sr 0100] E=20.163865 (+0.023%) var=1.114e-01 |dθ|=3.46e-03 |g|=1.57e-01 damp=6.3e-04 lr=1.10e-01 |dx|/ell=0.0662
[sr 0150] E=20.174082 (+0.073%) var=1.052e-01 |dθ|=2.03e-03 |g|=1.01e-01 damp=5.0e-04 lr=8.13e-02 |dx|/ell=0.0634
[sr 0200] E=20.164636 (+0.026%) var=1.056e-01 |dθ|=1.20e-03 |g|=2.15e-01 damp=4.0e-04 lr=6.02e-02 |dx|/ell=0.0668
[sr 0250] E=20.161495 (+0.011%) var=1.120e-01 |dθ|=7.03e-04 |g|=2.89e-01 damp=3.2e-04 lr=4.46e-02 |dx|/ell=0.0655
[sr 0300] E=20.169673 (+0.051%) var=1.032e-01 |dθ|=4.14e-04 |g|=1.50e-01 damp=2.5e-04 lr=3.30e-02 |dx|/ell=0.0646
[sr 0350] E=20.179382 (+0.100%) var=1.021e-01 |dθ|=2.43e-04 |g|=1.50e-01 damp=2.0e-04 lr=2.45e-02 |dx|/ell=0.0676
[sr 0400] E=20.174103 (+0.073%) var=9.715e-02 |dθ|=1.43e-04 |g|=2.35e-01 damp=1.6e-04 lr=1.81e-02 |dx|/ell=0.0662
[sr 0450] E=20.183551 (+0.120%) var=1.047e-01 |dθ|=8.41e-05 |g|=1.46e-01 damp=1.3e-04 lr=1.34e-02 |dx|/ell=0.0682
[sr 0499] E=20.158754 (-0.003%) var=9.944e-02 |dθ|=5.00e-05 |g|=1.90e-01 damp=1.0e-04 lr=1.00e-02 |dx|/ell=0.0668
[phase] summary:
{
  "N": 6,
  "omega": 1.0,
  "arch": "pinn",
  "n_params": 105136,
  "final": {
    "E_mean": 20.169736383321705,
    "E_mean_raw": 20.170182749207633,
    "E_stderr": 0.0038533951283846336,
    "var_EL": 0.10413426200457321,
    "n_samples": 8192,
    "frac_clipped": 0.0045166015625,
    "ref_energy": 20.15932,
    "error_pct": 0.051670310911798405,
    "error_sigma": 2.7031703146598853
  },
  "energy_raw": 20.170182749207633,
  "error_pct_raw": 0.05388450209447692,
  "energy_zv": 20.170182749207633,
  "error_pct_zv": 0.05388450209447692,
  "zv_n_points": 1,
  "spectrum": {
    "lam_max": 55.76467509964206,
    "lam_min_supported": 2.970692479162074e-08,
    "effective_rank": 6.198312910143475,
    "numerical_rank": 2047,
    "condition_number": 1877160813.2044444,
    "n_params": 105136,
    "n_samples": 2048
  },
  "alignment": {
    "cos_sr": 0.9999999999999999,
    "cos_plain": 0.06323524931060538,
    "rep_fraction": 0.9999999999999999,
    "ntk_condition": 1877160815.945419,
    "ntk_eff_rank": 6.1983129101434775,
    "ntk_numerical_rank": 2047
  },
  "n_align_samples": 2048
}
