0
[phase] N=6 omega=0.01 arch=deepset_big  ->  /itf-fi-ml/home/aleksns/Thesis/results/analysis/2026-07-02_overnight/A_deepset_nobf_s0_w0p01
0
[phase] warm-started from /itf-fi-ml/home/aleksns/Thesis/results/analysis/2026-07-02_overnight/A_deepset_nobf_s0_w0p1/checkpoint.pt (omega 0.1 -> 0.01)
[phase] params=34,354 device=cuda:0 ref_energy=0.69036
[adam 00000] E=1.570628 var=5.3571e-02 sig=1.256 acc~0.5 n=2048
[adam 00015] E=0.733921 var=1.5640e-03 sig=2.000 acc~0.5 n=2048
[adam 00030] E=0.704761 var=3.2414e-04 sig=2.000 acc~0.5 n=2048
[seg 1/4] step=31 E_raw=0.70374 (+1.939%) var=3.100e-04 kappa(S)=1.97e+11 rank=1023 cos_sr=0.996 cos_plain=0.262
[adam 00000] E=0.705282 var=3.2122e-04 sig=2.000 acc~0.5 n=2048
[adam 00023] E=0.691457 var=4.7113e-05 sig=2.000 acc~0.5 n=2048
[adam 00046] E=0.691054 var=4.2858e-05 sig=2.000 acc~0.5 n=2048
[seg 2/4] step=78 E_raw=0.69106 (+0.102%) var=4.986e-05 kappa(S)=9.88e+11 rank=1017 cos_sr=0.908 cos_plain=0.088
[adam 00000] E=0.690889 var=4.0982e-05 sig=2.000 acc~0.5 n=2048
[adam 00060] E=0.691390 var=4.0941e-05 sig=2.000 acc~0.5 n=2048
[adam 00119] E=0.690823 var=3.5068e-05 sig=2.000 acc~0.5 n=2048
[seg 3/4] step=198 E_raw=0.69115 (+0.113%) var=3.631e-05 kappa(S)=8.92e+11 rank=1023 cos_sr=0.916 cos_plain=0.095
[adam 00000] E=0.691060 var=3.5444e-05 sig=2.000 acc~0.5 n=2048
[adam 00151] E=0.690770 var=3.6514e-05 sig=2.000 acc~0.5 n=2048
[adam 00301] E=0.690667 var=3.4413e-05 sig=2.000 acc~0.5 n=2048
[seg 4/4] step=500 E_raw=0.69081 (+0.066%) var=3.524e-05 kappa(S)=1.35e+11 rank=1023 cos_sr=0.953 cos_plain=0.061
[phase] training done in 4.5 min
[adam 00000] E=0.691049 var=3.4412e-05 sig=2.000 acc~0.5 n=4096
[adam 00030] E=0.690871 var=3.0863e-05 sig=2.000 acc~0.5 n=4096
[adam 00060] E=0.690708 var=3.0493e-05 sig=2.000 acc~0.5 n=4096
[adam 00090] E=0.690733 var=3.2448e-05 sig=2.000 acc~0.5 n=4096
[adam 00119] E=0.690814 var=2.9196e-05 sig=2.000 acc~0.5 n=4096
[sr 0000] E=0.690865 (+0.073%) var=3.403e-05 |dθ|=7.68e-03 |g|=8.18e-03 damp=1.0e-03 lr=2.00e-01
[sr 0020] E=0.690762 (+0.058%) var=3.728e-05 |dθ|=5.87e-03 |g|=6.63e-03 damp=7.9e-04 lr=1.48e-01
[sr 0040] E=0.690656 (+0.043%) var=3.492e-05 |dθ|=3.45e-03 |g|=4.93e-03 damp=6.3e-04 lr=1.10e-01
[sr 0060] E=0.690894 (+0.077%) var=3.400e-05 |dθ|=2.02e-03 |g|=3.23e-03 damp=5.0e-04 lr=8.11e-02
[sr 0080] E=0.690925 (+0.082%) var=3.252e-05 |dθ|=1.19e-03 |g|=6.38e-03 damp=4.0e-04 lr=6.00e-02
[sr 0100] E=0.690950 (+0.085%) var=3.482e-05 |dθ|=6.98e-04 |g|=3.42e-03 damp=3.1e-04 lr=4.44e-02
[sr 0120] E=0.690810 (+0.065%) var=3.371e-05 |dθ|=4.10e-04 |g|=3.81e-03 damp=2.5e-04 lr=3.28e-02
[sr 0140] E=0.690720 (+0.052%) var=3.241e-05 |dθ|=2.41e-04 |g|=6.68e-03 damp=2.0e-04 lr=2.43e-02
[sr 0160] E=0.690862 (+0.073%) var=3.307e-05 |dθ|=1.41e-04 |g|=7.53e-03 damp=1.6e-04 lr=1.80e-02
[sr 0180] E=0.690832 (+0.068%) var=3.499e-05 |dθ|=8.29e-05 |g|=4.49e-03 damp=1.2e-04 lr=1.33e-02
[sr 0199] E=0.690682 (+0.047%) var=3.481e-05 |dθ|=5.00e-05 |g|=7.07e-03 damp=1.0e-04 lr=1.00e-02
[phase] summary:
{
  "N": 6,
  "omega": 0.01,
  "arch": "deepset_big",
  "n_params": 34354,
  "final": {
    "E_mean": 0.6907710709817295,
    "E_mean_raw": 0.690766927798464,
    "E_stderr": 7.683002313721703e-05,
    "var_EL": 3.4921038652571086e-05,
    "n_samples": 8192,
    "frac_clipped": 0.0025634765625,
    "ref_energy": 0.69036,
    "error_pct": 0.05954443793521415,
    "error_sigma": 5.350395131280632
  },
  "energy_raw": 0.690766927798464,
  "error_pct_raw": 0.05894428971320384,
  "energy_zv": 0.689110778365025,
  "error_pct_zv": -0.18095220391896752,
  "zv_n_points": 5,
  "spectrum": {
    "lam_max": 171.96577598263087,
    "lam_min_supported": 1.728977434960333e-10,
    "effective_rank": 4.134854917670875,
    "numerical_rank": 1834,
    "condition_number": 994609718469.6699,
    "n_params": 34354,
    "n_samples": 2048
  },
  "alignment": {
    "cos_sr": 0.8433219073327192,
    "cos_plain": 0.07793278058587844,
    "rep_fraction": 0.8433219073327192,
    "ntk_condition": 9963517306.440723,
    "ntk_eff_rank": 4.134854875934064,
    "ntk_numerical_rank": 1078
  },
  "n_align_samples": 2048
}
