0
[phase] N=6 omega=0.1 arch=pinn  ->  results/analysis/2026-07-11_pinn_ansatz_v3/pinn_convbf_s0_w0p1
0
[phase] warm-started from results/analysis/2026-07-11_pinn_ansatz_v3/pinn_convbf_s0_w1p0/checkpoint.pt (omega 1.0 -> 0.1)
[phase] params=105,136 device=cuda:0 ref_energy=3.55385
[adam 00000] E=5.347543 var=7.1879e-01 sig=0.601 acc~0.5 n=2048 |dx|/ell=0.0791
[adam 00093] E=3.800430 var=9.5406e-02 sig=0.829 acc~0.5 n=2048 |dx|/ell=0.2697
[adam 00186] E=3.610944 var=2.4053e-02 sig=0.922 acc~0.5 n=2048 |dx|/ell=0.2093
[seg 1/4] step=187 E_raw=3.62966 (+2.126%) var=2.498e-02 kappa(S)=5.80e+09 rank=1023 cos_sr=1.000 cos_plain=0.294
[adam 00000] E=3.631015 var=2.7711e-02 sig=0.920 acc~0.5 n=2048 |dx|/ell=0.3184
[adam 00142] E=3.585601 var=1.0579e-02 sig=0.911 acc~0.5 n=2048 |dx|/ell=0.1670
[adam 00284] E=3.573544 var=7.0457e-03 sig=0.887 acc~0.5 n=2048 |dx|/ell=0.0810
[seg 2/4] step=472 E_raw=3.57308 (+0.541%) var=7.453e-03 kappa(S)=1.98e+09 rank=1023 cos_sr=1.000 cos_plain=0.133
[adam 00000] E=3.575953 var=6.8981e-03 sig=0.891 acc~0.5 n=2048 |dx|/ell=0.2992
[adam 00358] E=3.567893 var=6.3949e-03 sig=0.880 acc~0.5 n=2048 |dx|/ell=0.0784
[adam 00716] E=3.565925 var=5.3464e-03 sig=0.888 acc~0.5 n=2048 |dx|/ell=0.0916
[seg 3/4] step=1189 E_raw=3.56341 (+0.269%) var=5.821e-03 kappa(S)=9.94e+07 rank=1023 cos_sr=1.000 cos_plain=0.108
[adam 00000] E=3.564829 var=5.8494e-03 sig=0.887 acc~0.5 n=2048 |dx|/ell=0.2385
[adam 00905] E=3.562921 var=4.6508e-03 sig=0.881 acc~0.5 n=2048 |dx|/ell=0.1176
[adam 01810] E=3.562230 var=4.1654e-03 sig=0.882 acc~0.5 n=2048 |dx|/ell=0.1331
[seg 4/4] step=3000 E_raw=3.56072 (+0.185%) var=4.495e-03 kappa(S)=1.13e+07 rank=1023 cos_sr=1.000 cos_plain=0.191
[phase] training done in 153.6 min
[adam 00000] E=3.562938 var=3.9750e-03 sig=0.890 acc~0.5 n=4096 |dx|/ell=0.1373
[adam 00125] E=3.561944 var=4.0693e-03 sig=0.883 acc~0.5 n=4096 |dx|/ell=0.1344
[adam 00250] E=3.562943 var=3.8582e-03 sig=0.882 acc~0.5 n=4096 |dx|/ell=0.1390
[adam 00375] E=3.562013 var=3.9903e-03 sig=0.882 acc~0.5 n=4096 |dx|/ell=0.1328
[adam 00499] E=3.560920 var=4.0960e-03 sig=0.885 acc~0.5 n=4096 |dx|/ell=0.1345
[sr 0000] E=3.560479 (+0.187%) var=4.202e-03 |dθ|=1.00e-02 |g|=9.56e-02 damp=1.0e-03 lr=2.00e-01 |dx|/ell=0.1388
[sr 0050] E=3.563656 (+0.276%) var=4.186e-03 |dθ|=5.88e-03 |g|=1.04e-01 damp=7.9e-04 lr=1.48e-01 |dx|/ell=0.1381
[sr 0100] E=3.562656 (+0.248%) var=4.207e-03 |dθ|=3.46e-03 |g|=9.26e-02 damp=6.3e-04 lr=1.10e-01 |dx|/ell=0.1374
[sr 0150] E=3.562389 (+0.240%) var=4.149e-03 |dθ|=2.03e-03 |g|=8.68e-02 damp=5.0e-04 lr=8.13e-02 |dx|/ell=0.1366
[sr 0200] E=3.560760 (+0.194%) var=4.180e-03 |dθ|=1.20e-03 |g|=9.25e-02 damp=4.0e-04 lr=6.02e-02 |dx|/ell=0.1374
[sr 0250] E=3.561584 (+0.218%) var=4.182e-03 |dθ|=7.03e-04 |g|=8.75e-02 damp=3.2e-04 lr=4.46e-02 |dx|/ell=0.1382
[sr 0300] E=3.563096 (+0.260%) var=4.450e-03 |dθ|=4.14e-04 |g|=1.17e-01 damp=2.5e-04 lr=3.30e-02 |dx|/ell=0.1353
[sr 0350] E=3.559962 (+0.172%) var=4.604e-03 |dθ|=2.43e-04 |g|=1.28e-01 damp=2.0e-04 lr=2.45e-02 |dx|/ell=0.1430
[sr 0400] E=3.560137 (+0.177%) var=4.337e-03 |dθ|=1.43e-04 |g|=9.16e-02 damp=1.6e-04 lr=1.81e-02 |dx|/ell=0.1393
[sr 0450] E=3.559905 (+0.170%) var=4.375e-03 |dθ|=8.41e-05 |g|=7.90e-02 damp=1.3e-04 lr=1.34e-02 |dx|/ell=0.1385
[sr 0499] E=3.562887 (+0.254%) var=4.169e-03 |dθ|=5.00e-05 |g|=1.27e-01 damp=1.0e-04 lr=1.00e-02 |dx|/ell=0.1371
Traceback (most recent call last):
  File "/itf-fi-ml/home/aleksns/Thesis/scripts/run_phase_analysis.py", line 532, in <module>
    main()
  File "/itf-fi-ml/home/aleksns/Thesis/scripts/run_phase_analysis.py", line 303, in main
    spf = dg.kernel_spectrum(Of)
          ^^^^^^^^^^^^^^^^^^^^^^
  File "/itf-fi-ml/home/aleksns/Thesis/src/analysis/diagnostics.py", line 54, in kernel_spectrum
    s = torch.linalg.svdvals(O.double())  # singular values of O
        ^^^^^^^^^^^^^^^^^^^^^^^^^^^^^^^^
torch.cuda.OutOfMemoryError: CUDA out of memory. Tried to allocate 1.64 GiB. GPU 0 has a total capacty of 10.75 GiB of which 889.56 MiB is free. Process 1599621 has 3.94 GiB memory in use. Including non-PyTorch memory, this process has 5.94 GiB memory in use. Of the allocated memory 5.67 GiB is allocated by PyTorch, and 51.37 MiB is reserved by PyTorch but unallocated. If reserved but unallocated memory is large try setting max_split_size_mb to avoid fragmentation.  See documentation for Memory Management and PYTORCH_CUDA_ALLOC_CONF
