0
[phase] N=6 omega=1.0 arch=pinn  ->  results/analysis/2026-07-11_cusp_ablation/nocusp_ctnn_s0_w1p0
0
[phase] params=236,336 device=cuda:0 ref_energy=20.15932

=== stage 1/4: Jastrow alone (backflow detached) ===
[adam 00000] E=23.211328 var=9.1547e+00 sig=0.223 acc~0.5 n=2048
[adam 00100] E=22.329196 var=6.0388e+00 sig=0.228 acc~0.5 n=2048
[adam 00200] E=20.763740 var=1.7999e+00 sig=0.252 acc~0.5 n=2048
[adam 00300] E=20.292247 var=5.7648e-01 sig=0.279 acc~0.5 n=2048
[adam 00400] E=20.271888 var=5.1265e-01 sig=0.278 acc~0.5 n=2048
[adam 00500] E=20.252430 var=4.0861e-01 sig=0.277 acc~0.5 n=2048
[adam 00600] E=20.229955 var=3.6932e-01 sig=0.278 acc~0.5 n=2048
[adam 00700] E=20.229942 var=2.9848e-01 sig=0.278 acc~0.5 n=2048
[adam 00800] E=20.236033 var=2.6531e-01 sig=0.278 acc~0.5 n=2048
[adam 00899] E=20.226623 var=2.6419e-01 sig=0.278 acc~0.5 n=2048

=== stage 2/4: cusp pre-train SKIPPED (thesis 'bf_then_joint' variant) ===

=== stage 3/4: backflow only (Jastrow frozen) ===
[adam 00000] E=21.017446 var=1.6444e+00 sig=0.307 acc~0.5 n=2048 |dx|/ell=0.3442 sat=0.00 com_kill=0.26
[adam 00100] E=20.186892 var=1.8409e-01 sig=0.279 acc~0.5 n=2048 |dx|/ell=0.0849 sat=0.00 com_kill=0.79
[adam 00200] E=20.159588 var=1.2407e-01 sig=0.278 acc~0.5 n=2048 |dx|/ell=0.0789 sat=0.00 com_kill=0.77
[adam 00300] E=20.164161 var=1.1199e-01 sig=0.279 acc~0.5 n=2048 |dx|/ell=0.0716 sat=0.00 com_kill=0.79
[adam 00400] E=20.163379 var=9.9877e-02 sig=0.279 acc~0.5 n=2048 |dx|/ell=0.0774 sat=0.00 com_kill=0.77
[adam 00500] E=20.161826 var=6.5246e-02 sig=0.280 acc~0.5 n=2048 |dx|/ell=0.0681 sat=0.00 com_kill=0.81
[adam 00600] E=20.153386 var=5.7866e-02 sig=0.280 acc~0.5 n=2048 |dx|/ell=0.0630 sat=0.00 com_kill=0.81
[adam 00700] E=20.147169 var=4.6042e-02 sig=0.279 acc~0.5 n=2048 |dx|/ell=0.0642 sat=0.00 com_kill=0.81
[adam 00800] E=20.155845 var=4.6033e-02 sig=0.280 acc~0.5 n=2048 |dx|/ell=0.0638 sat=0.00 com_kill=0.81
[adam 00899] E=20.145470 var=4.1077e-02 sig=0.279 acc~0.5 n=2048 |dx|/ell=0.0633 sat=0.00 com_kill=0.81

=== stage 4/4: joint (Jastrow released at lr*0.1) ===
[adam 00000] E=20.148741 var=4.2339e-02 sig=0.281 acc~0.5 n=2048 |dx|/ell=0.0860 sat=0.00 com_kill=0.75
[adam 00100] E=20.152891 var=4.5096e-02 sig=0.278 acc~0.5 n=2048 |dx|/ell=0.0820 sat=0.00 com_kill=0.78
[adam 00200] E=20.163162 var=3.5694e-02 sig=0.279 acc~0.5 n=2048 |dx|/ell=0.0961 sat=0.00 com_kill=0.73
[adam 00300] E=20.163052 var=3.5687e-02 sig=0.279 acc~0.5 n=2048 |dx|/ell=0.0971 sat=0.00 com_kill=0.73
[adam 00400] E=20.155467 var=3.3457e-02 sig=0.279 acc~0.5 n=2048 |dx|/ell=0.1077 sat=0.00 com_kill=0.70
[adam 00500] E=20.156567 var=3.2205e-02 sig=0.280 acc~0.5 n=2048 |dx|/ell=0.1138 sat=0.00 com_kill=0.70
[adam 00600] E=20.153603 var=3.2074e-02 sig=0.278 acc~0.5 n=2048 |dx|/ell=0.1125 sat=0.00 com_kill=0.71
[adam 00700] E=20.156978 var=3.3656e-02 sig=0.279 acc~0.5 n=2048 |dx|/ell=0.1206 sat=0.00 com_kill=0.68
[adam 00800] E=20.154636 var=2.7702e-02 sig=0.279 acc~0.5 n=2048 |dx|/ell=0.1192 sat=0.00 com_kill=0.69
[adam 00900] E=20.160940 var=2.8210e-02 sig=0.279 acc~0.5 n=2048 |dx|/ell=0.1235 sat=0.00 com_kill=0.68
[adam 01000] E=20.159818 var=2.6258e-02 sig=0.279 acc~0.5 n=2048 |dx|/ell=0.1235 sat=0.00 com_kill=0.68
[adam 01100] E=20.155303 var=2.4094e-02 sig=0.280 acc~0.5 n=2048 |dx|/ell=0.1283 sat=0.00 com_kill=0.68
[adam 01199] E=20.160481 var=2.5200e-02 sig=0.279 acc~0.5 n=2048 |dx|/ell=0.1251 sat=0.00 com_kill=0.69
[phase] training done in 161.3 min
[adam 00000] E=20.156806 var=2.4503e-02 sig=0.281 acc~0.5 n=4096 |dx|/ell=0.1273 sat=0.00 com_kill=0.68
[adam 00125] E=20.155330 var=2.3773e-02 sig=0.279 acc~0.5 n=4096 |dx|/ell=0.1304 sat=0.00 com_kill=0.66
[adam 00250] E=20.158179 var=2.1177e-02 sig=0.278 acc~0.5 n=4096 |dx|/ell=0.1353 sat=0.00 com_kill=0.64
[adam 00375] E=20.157486 var=2.2294e-02 sig=0.278 acc~0.5 n=4096 |dx|/ell=0.1397 sat=0.00 com_kill=0.62
[adam 00499] E=20.153173 var=2.2984e-02 sig=0.278 acc~0.5 n=4096 |dx|/ell=0.1374 sat=0.00 com_kill=0.62
[sr 0000] E=20.150996 (-0.041%) var=2.832e-02 |dθ|=1.00e-02 |g|=1.35e-01 damp=1.0e-03 lr=2.00e-01 |dx|/ell=0.1378 sat=0.00 com_kill=0.62
[sr 0050] E=20.161703 (+0.012%) var=2.440e-02 |dθ|=5.88e-03 |g|=4.07e-02 damp=7.9e-04 lr=1.48e-01 |dx|/ell=0.1434 sat=0.00 com_kill=0.59
[sr 0100] E=20.164287 (+0.025%) var=2.772e-02 |dθ|=3.46e-03 |g|=5.40e-02 damp=6.3e-04 lr=1.10e-01 |dx|/ell=0.1466 sat=0.00 com_kill=0.57
[sr 0150] E=20.152243 (-0.035%) var=2.666e-02 |dθ|=2.03e-03 |g|=7.18e-02 damp=5.0e-04 lr=8.13e-02 |dx|/ell=0.1478 sat=0.00 com_kill=0.57
[sr 0200] E=20.160439 (+0.006%) var=2.737e-02 |dθ|=1.20e-03 |g|=9.91e-02 damp=4.0e-04 lr=6.02e-02 |dx|/ell=0.1469 sat=0.00 com_kill=0.57
[sr 0250] E=20.161589 (+0.011%) var=2.503e-02 |dθ|=7.03e-04 |g|=7.92e-02 damp=3.2e-04 lr=4.46e-02 |dx|/ell=0.1498 sat=0.00 com_kill=0.56
[sr 0300] E=20.166660 (+0.036%) var=2.718e-02 |dθ|=4.14e-04 |g|=8.61e-02 damp=2.5e-04 lr=3.30e-02 |dx|/ell=0.1471 sat=0.00 com_kill=0.56
[sr 0350] E=20.154219 (-0.025%) var=2.456e-02 |dθ|=2.43e-04 |g|=1.07e-01 damp=2.0e-04 lr=2.45e-02 |dx|/ell=0.1485 sat=0.00 com_kill=0.56
[sr 0400] E=20.149673 (-0.048%) var=2.600e-02 |dθ|=1.43e-04 |g|=1.12e-01 damp=1.6e-04 lr=1.81e-02 |dx|/ell=0.1473 sat=0.00 com_kill=0.56
[sr 0450] E=20.157983 (-0.007%) var=2.182e-02 |dθ|=8.41e-05 |g|=9.41e-02 damp=1.3e-04 lr=1.34e-02 |dx|/ell=0.1485 sat=0.00 com_kill=0.56
[sr 0499] E=20.158259 (-0.005%) var=2.471e-02 |dθ|=5.00e-05 |g|=7.54e-02 damp=1.0e-04 lr=1.00e-02 |dx|/ell=0.1492 sat=0.00 com_kill=0.55
Traceback (most recent call last):
  File "/itf-fi-ml/home/aleksns/Thesis/scripts/run_phase_analysis.py", line 532, in <module>
    main()
  File "/itf-fi-ml/home/aleksns/Thesis/scripts/run_phase_analysis.py", line 303, in main
    spf = dg.kernel_spectrum(Of)
          ^^^^^^^^^^^^^^^^^^^^^^
  File "/itf-fi-ml/home/aleksns/Thesis/src/analysis/diagnostics.py", line 54, in kernel_spectrum
    s = torch.linalg.svdvals(O.double())  # singular values of O
        ^^^^^^^^^^^^^^^^^^^^^^^^^^^^^^^^
torch.cuda.OutOfMemoryError: CUDA out of memory. Tried to allocate 3.61 GiB. GPU 0 has a total capacty of 10.75 GiB of which 2.37 GiB is free. Including non-PyTorch memory, this process has 7.53 GiB memory in use. Process 1768115 has 868.00 MiB memory in use. Of the allocated memory 7.26 GiB is allocated by PyTorch, and 43.80 MiB is reserved by PyTorch but unallocated. If reserved but unallocated memory is large try setting max_split_size_mb to avoid fragmentation.  See documentation for Memory Management and PYTORCH_CUDA_ALLOC_CONF
