0
[phase] N=6 omega=1.0 arch=pinn  ->  results/analysis/2026-07-11_pinn_ansatz_v3/pinn_ctnnbf_s1_w1p0
0
[phase] params=236,336 device=cuda:0 ref_energy=20.15932

=== stage 1/4: Jastrow alone (backflow detached) ===
[adam 00000] E=23.272832 var=9.6003e+00 sig=0.220 acc~0.5 n=2048
[adam 00100] E=22.655725 var=6.8631e+00 sig=0.224 acc~0.5 n=2048
[adam 00200] E=21.566215 var=3.6148e+00 sig=0.238 acc~0.5 n=2048
[adam 00300] E=20.403724 var=8.6271e-01 sig=0.261 acc~0.5 n=2048
[adam 00400] E=20.249787 var=4.3074e-01 sig=0.279 acc~0.5 n=2048
[adam 00500] E=20.236975 var=3.7717e-01 sig=0.278 acc~0.5 n=2048
[adam 00600] E=20.215797 var=3.4850e-01 sig=0.279 acc~0.5 n=2048
[adam 00700] E=20.210703 var=3.0641e-01 sig=0.279 acc~0.5 n=2048
[adam 00800] E=20.230309 var=2.5727e-01 sig=0.279 acc~0.5 n=2048
[adam 00899] E=20.210361 var=2.9199e-01 sig=0.277 acc~0.5 n=2048

=== stage 2/4: cusp pre-train (prime the Pauli hole) ===
[cusp 0000] mse=0.061611 |pred|=0.2564 |tgt|=0.0190
[cusp 0100] mse=0.000760 |pred|=0.0042 |tgt|=0.0188
[cusp 0200] mse=0.000763 |pred|=0.0064 |tgt|=0.0192
[cusp 0299] mse=0.000520 |pred|=0.0161 |tgt|=0.0192

=== stage 3/4: backflow only (Jastrow frozen) ===
[adam 00000] E=20.185179 var=4.9447e-01 sig=0.280 acc~0.5 n=2048 |dx|/ell=0.0292 sat=0.00 com_kill=0.92
[adam 00100] E=20.175550 var=1.1881e-01 sig=0.280 acc~0.5 n=2048 |dx|/ell=0.0458 sat=0.00 com_kill=0.90
[adam 00200] E=20.161117 var=1.1774e-01 sig=0.279 acc~0.5 n=2048 |dx|/ell=0.0536 sat=0.00 com_kill=0.88
[adam 00300] E=20.159327 var=1.1930e-01 sig=0.279 acc~0.5 n=2048 |dx|/ell=0.0562 sat=0.00 com_kill=0.88
[adam 00400] E=20.162209 var=1.0155e-01 sig=0.280 acc~0.5 n=2048 |dx|/ell=0.0608 sat=0.00 com_kill=0.87
[adam 00500] E=20.166293 var=1.0183e-01 sig=0.279 acc~0.5 n=2048 |dx|/ell=0.0574 sat=0.00 com_kill=0.88
[adam 00600] E=20.160759 var=9.1129e-02 sig=0.280 acc~0.5 n=2048 |dx|/ell=0.0578 sat=0.00 com_kill=0.87
[adam 00700] E=20.147036 var=5.9693e-02 sig=0.280 acc~0.5 n=2048 |dx|/ell=0.0606 sat=0.00 com_kill=0.87
[adam 00800] E=20.145175 var=4.9645e-02 sig=0.280 acc~0.5 n=2048 |dx|/ell=0.0601 sat=0.00 com_kill=0.87
[adam 00899] E=20.150256 var=4.4630e-02 sig=0.280 acc~0.5 n=2048 |dx|/ell=0.0645 sat=0.00 com_kill=0.86

=== stage 4/4: joint (Jastrow released at lr*0.1) ===
[adam 00000] E=20.142537 var=4.5228e-02 sig=0.282 acc~0.5 n=2048 |dx|/ell=0.0760 sat=0.00 com_kill=0.84
[adam 00100] E=20.151806 var=3.9234e-02 sig=0.279 acc~0.5 n=2048 |dx|/ell=0.0877 sat=0.00 com_kill=0.82
[adam 00200] E=20.160267 var=3.8085e-02 sig=0.279 acc~0.5 n=2048 |dx|/ell=0.1009 sat=0.00 com_kill=0.79
[adam 00300] E=20.164015 var=3.5352e-02 sig=0.279 acc~0.5 n=2048 |dx|/ell=0.0962 sat=0.00 com_kill=0.81
[adam 00400] E=20.160384 var=3.5466e-02 sig=0.278 acc~0.5 n=2048 |dx|/ell=0.1086 sat=0.00 com_kill=0.78
[adam 00500] E=20.160925 var=3.3722e-02 sig=0.279 acc~0.5 n=2048 |dx|/ell=0.1057 sat=0.00 com_kill=0.79
[adam 00600] E=20.153968 var=3.4436e-02 sig=0.279 acc~0.5 n=2048 |dx|/ell=0.1006 sat=0.00 com_kill=0.81
[adam 00700] E=20.157169 var=3.0554e-02 sig=0.279 acc~0.5 n=2048 |dx|/ell=0.1057 sat=0.00 com_kill=0.79
[adam 00800] E=20.153681 var=3.0994e-02 sig=0.280 acc~0.5 n=2048 |dx|/ell=0.1056 sat=0.00 com_kill=0.79
[adam 00900] E=20.153074 var=2.9659e-02 sig=0.279 acc~0.5 n=2048 |dx|/ell=0.1158 sat=0.00 com_kill=0.77
[adam 01000] E=20.163912 var=2.7786e-02 sig=0.278 acc~0.5 n=2048 |dx|/ell=0.1050 sat=0.00 com_kill=0.79
[adam 01100] E=20.151285 var=2.7897e-02 sig=0.279 acc~0.5 n=2048 |dx|/ell=0.1049 sat=0.00 com_kill=0.79
[adam 01199] E=20.154696 var=2.4559e-02 sig=0.279 acc~0.5 n=2048 |dx|/ell=0.1056 sat=0.00 com_kill=0.79
[phase] training done in 275.4 min
[adam 00000] E=20.158739 var=2.4870e-02 sig=0.280 acc~0.5 n=4096 |dx|/ell=0.1037 sat=0.00 com_kill=0.79
[adam 00125] E=20.153812 var=2.5352e-02 sig=0.279 acc~0.5 n=4096 |dx|/ell=0.1091 sat=0.00 com_kill=0.77
[adam 00250] E=20.156401 var=2.3022e-02 sig=0.279 acc~0.5 n=4096 |dx|/ell=0.1157 sat=0.00 com_kill=0.75
[adam 00375] E=20.155666 var=2.1251e-02 sig=0.279 acc~0.5 n=4096 |dx|/ell=0.1158 sat=0.00 com_kill=0.74
[adam 00499] E=20.158834 var=2.1187e-02 sig=0.280 acc~0.5 n=4096 |dx|/ell=0.1158 sat=0.00 com_kill=0.74
[sr 0000] E=20.155511 (-0.019%) var=2.920e-02 |dθ|=1.00e-02 |g|=5.26e-02 damp=1.0e-03 lr=2.00e-01 |dx|/ell=0.1167 sat=0.00 com_kill=0.74
[sr 0050] E=20.161044 (+0.009%) var=2.782e-02 |dθ|=5.88e-03 |g|=7.98e-02 damp=7.9e-04 lr=1.48e-01 |dx|/ell=0.1172 sat=0.00 com_kill=0.73
[sr 0100] E=20.159964 (+0.003%) var=2.878e-02 |dθ|=3.46e-03 |g|=7.58e-02 damp=6.3e-04 lr=1.10e-01 |dx|/ell=0.1171 sat=0.00 com_kill=0.73
[sr 0150] E=20.159522 (+0.001%) var=2.658e-02 |dθ|=2.03e-03 |g|=4.84e-02 damp=5.0e-04 lr=8.13e-02 |dx|/ell=0.1184 sat=0.00 com_kill=0.72
[sr 0200] E=20.161200 (+0.009%) var=2.706e-02 |dθ|=1.20e-03 |g|=8.62e-02 damp=4.0e-04 lr=6.02e-02 |dx|/ell=0.1209 sat=0.00 com_kill=0.72
[sr 0250] E=20.158993 (-0.002%) var=2.753e-02 |dθ|=7.03e-04 |g|=6.89e-02 damp=3.2e-04 lr=4.46e-02 |dx|/ell=0.1230 sat=0.00 com_kill=0.71
[sr 0300] E=20.158959 (-0.002%) var=2.449e-02 |dθ|=4.14e-04 |g|=7.26e-02 damp=2.5e-04 lr=3.30e-02 |dx|/ell=0.1212 sat=0.00 com_kill=0.71
[sr 0350] E=20.159762 (+0.002%) var=2.481e-02 |dθ|=2.43e-04 |g|=5.07e-02 damp=2.0e-04 lr=2.45e-02 |dx|/ell=0.1190 sat=0.00 com_kill=0.72
[sr 0400] E=20.155231 (-0.020%) var=2.618e-02 |dθ|=1.43e-04 |g|=1.04e-01 damp=1.6e-04 lr=1.81e-02 |dx|/ell=0.1218 sat=0.00 com_kill=0.71
[sr 0450] E=20.153308 (-0.030%) var=2.709e-02 |dθ|=8.41e-05 |g|=2.75e-02 damp=1.3e-04 lr=1.34e-02 |dx|/ell=0.1192 sat=0.00 com_kill=0.72
[sr 0499] E=20.152386 (-0.034%) var=2.881e-02 |dθ|=5.00e-05 |g|=3.47e-02 damp=1.0e-04 lr=1.00e-02 |dx|/ell=0.1234 sat=0.00 com_kill=0.71
Traceback (most recent call last):
  File "/itf-fi-ml/home/aleksns/Thesis/scripts/run_phase_analysis.py", line 528, in <module>
    (out / "REPORT.md").write_text("\n".join(lines) + "\n")
    ^^^^^^
  File "/itf-fi-ml/home/aleksns/Thesis/scripts/run_phase_analysis.py", line 298, in main
    xf, E_Lf = xf[finite], E_Lf[finite]
         ^^^^^^^^^^^^^^^^^^^^^^^^^^^^^^^
  File "/itf-fi-ml/home/aleksns/Thesis/src/analysis/diagnostics.py", line 43, in build_O
    O = O - O.mean(dim=0, keepdim=True)
        ~~^~~~~~~~~~~~~~~~~~~~~~~~~~~~~
torch.cuda.OutOfMemoryError: CUDA out of memory. Tried to allocate 3.61 GiB. GPU 0 has a total capacty of 10.75 GiB of which 1.57 GiB is free. Including non-PyTorch memory, this process has 3.88 GiB memory in use. Process 1969890 has 5.29 GiB memory in use. Of the allocated memory 3.63 GiB is allocated by PyTorch, and 30.77 MiB is reserved by PyTorch but unallocated. If reserved but unallocated memory is large try setting max_split_size_mb to avoid fragmentation.  See documentation for Memory Management and PYTORCH_CUDA_ALLOC_CONF
