0
[phase] N=6 omega=1.0 arch=pinn  ->  results/analysis/2026-07-11_pinn_ansatz_v3/pinn_convbf_s1_w1p0
0
[phase] params=105,136 device=cuda:0 ref_energy=20.15932

=== stage 1/4: Jastrow alone (backflow detached) ===
[adam 00000] E=23.272832 var=9.6003e+00 sig=0.220 acc~0.5 n=2048
[adam 00100] E=22.655725 var=6.8631e+00 sig=0.224 acc~0.5 n=2048
[adam 00200] E=21.566215 var=3.6148e+00 sig=0.238 acc~0.5 n=2048
[adam 00300] E=20.403724 var=8.6271e-01 sig=0.261 acc~0.5 n=2048
[adam 00400] E=20.249787 var=4.3074e-01 sig=0.279 acc~0.5 n=2048
[adam 00500] E=20.236975 var=3.7717e-01 sig=0.278 acc~0.5 n=2048
[adam 00600] E=20.215797 var=3.4850e-01 sig=0.279 acc~0.5 n=2048
[adam 00700] E=20.210703 var=3.0641e-01 sig=0.279 acc~0.5 n=2048
[adam 00800] E=20.230309 var=2.5727e-01 sig=0.279 acc~0.5 n=2048
[adam 00899] E=20.210361 var=2.9199e-01 sig=0.277 acc~0.5 n=2048

=== stage 2/4: cusp pre-train (prime the Pauli hole) ===
[cusp 0000] mse=0.011597 |pred|=0.2667 |tgt|=0.0190
[cusp 0100] mse=0.000748 |pred|=0.0061 |tgt|=0.0188
[cusp 0200] mse=0.000755 |pred|=0.0069 |tgt|=0.0192
[cusp 0299] mse=0.000737 |pred|=0.0087 |tgt|=0.0192

=== stage 3/4: backflow only (Jastrow frozen) ===
[adam 00000] E=20.201282 var=2.3224e-01 sig=0.280 acc~0.5 n=2048 |dx|/ell=0.0637
[adam 00100] E=20.206091 var=1.8341e-01 sig=0.277 acc~0.5 n=2048 |dx|/ell=0.0376
[adam 00200] E=20.184494 var=1.8222e-01 sig=0.278 acc~0.5 n=2048 |dx|/ell=0.0459
[adam 00300] E=20.176304 var=1.6458e-01 sig=0.277 acc~0.5 n=2048 |dx|/ell=0.0398
[adam 00400] E=20.172615 var=1.4554e-01 sig=0.280 acc~0.5 n=2048 |dx|/ell=0.0443
[adam 00500] E=20.174947 var=1.3434e-01 sig=0.278 acc~0.5 n=2048 |dx|/ell=0.0506
[adam 00600] E=20.167839 var=1.2927e-01 sig=0.279 acc~0.5 n=2048 |dx|/ell=0.0439
[adam 00700] E=20.175884 var=1.2730e-01 sig=0.278 acc~0.5 n=2048 |dx|/ell=0.0513
[adam 00800] E=20.169022 var=1.2366e-01 sig=0.279 acc~0.5 n=2048 |dx|/ell=0.0569
[adam 00899] E=20.163543 var=1.1959e-01 sig=0.279 acc~0.5 n=2048 |dx|/ell=0.0535

=== stage 4/4: joint (Jastrow released at lr*0.1) ===
[adam 00000] E=20.171835 var=1.2344e-01 sig=0.280 acc~0.5 n=2048 |dx|/ell=0.0977
[adam 00100] E=20.175176 var=1.1133e-01 sig=0.278 acc~0.5 n=2048 |dx|/ell=0.0578
[adam 00200] E=20.171576 var=1.1673e-01 sig=0.278 acc~0.5 n=2048 |dx|/ell=0.0624
[adam 00300] E=20.181324 var=1.1422e-01 sig=0.277 acc~0.5 n=2048 |dx|/ell=0.0652
[adam 00400] E=20.176970 var=1.0109e-01 sig=0.278 acc~0.5 n=2048 |dx|/ell=0.0665
[adam 00500] E=20.169606 var=1.1028e-01 sig=0.277 acc~0.5 n=2048 |dx|/ell=0.0715
[adam 00600] E=20.166136 var=1.0458e-01 sig=0.278 acc~0.5 n=2048 |dx|/ell=0.0645
[adam 00700] E=20.175113 var=1.0614e-01 sig=0.278 acc~0.5 n=2048 |dx|/ell=0.0743
[adam 00800] E=20.176888 var=1.0946e-01 sig=0.278 acc~0.5 n=2048 |dx|/ell=0.0710
[adam 00900] E=20.166954 var=1.0418e-01 sig=0.278 acc~0.5 n=2048 |dx|/ell=0.0665
[adam 01000] E=20.170613 var=1.0639e-01 sig=0.278 acc~0.5 n=2048 |dx|/ell=0.0703
[adam 01100] E=20.176352 var=9.8306e-02 sig=0.278 acc~0.5 n=2048 |dx|/ell=0.0693
[adam 01199] E=20.168733 var=1.0418e-01 sig=0.279 acc~0.5 n=2048 |dx|/ell=0.0714
[phase] training done in 124.9 min
[adam 00000] E=20.174304 var=1.0852e-01 sig=0.279 acc~0.5 n=4096 |dx|/ell=0.0687
[adam 00125] E=20.164576 var=1.0041e-01 sig=0.277 acc~0.5 n=4096 |dx|/ell=0.0730
[adam 00250] E=20.162182 var=1.0411e-01 sig=0.278 acc~0.5 n=4096 |dx|/ell=0.0744
[adam 00375] E=20.169486 var=1.0308e-01 sig=0.278 acc~0.5 n=4096 |dx|/ell=0.0762
[adam 00499] E=20.162409 var=1.0338e-01 sig=0.278 acc~0.5 n=4096 |dx|/ell=0.0754
[sr 0000] E=20.162470 (+0.016%) var=1.044e-01 |dθ|=1.00e-02 |g|=2.17e-01 damp=1.0e-03 lr=2.00e-01 |dx|/ell=0.0771
[sr 0050] E=20.172310 (+0.064%) var=1.133e-01 |dθ|=5.88e-03 |g|=1.25e-01 damp=7.9e-04 lr=1.48e-01 |dx|/ell=0.0769
[sr 0100] E=20.180167 (+0.103%) var=1.151e-01 |dθ|=3.46e-03 |g|=1.73e-01 damp=6.3e-04 lr=1.10e-01 |dx|/ell=0.0767
[sr 0150] E=20.153472 (-0.029%) var=1.077e-01 |dθ|=2.03e-03 |g|=1.01e-01 damp=5.0e-04 lr=8.13e-02 |dx|/ell=0.0770
[sr 0200] E=20.160574 (+0.006%) var=1.098e-01 |dθ|=1.20e-03 |g|=1.32e-01 damp=4.0e-04 lr=6.02e-02 |dx|/ell=0.0784
[sr 0250] E=20.176264 (+0.084%) var=1.072e-01 |dθ|=7.03e-04 |g|=2.40e-01 damp=3.2e-04 lr=4.46e-02 |dx|/ell=0.0771
[sr 0300] E=20.164603 (+0.026%) var=1.089e-01 |dθ|=4.14e-04 |g|=1.42e-01 damp=2.5e-04 lr=3.30e-02 |dx|/ell=0.0775
[sr 0350] E=20.162780 (+0.017%) var=1.075e-01 |dθ|=2.43e-04 |g|=1.23e-01 damp=2.0e-04 lr=2.45e-02 |dx|/ell=0.0758
[sr 0400] E=20.167611 (+0.041%) var=1.072e-01 |dθ|=1.43e-04 |g|=1.25e-01 damp=1.6e-04 lr=1.81e-02 |dx|/ell=0.0766
[sr 0450] E=20.164440 (+0.025%) var=1.127e-01 |dθ|=8.41e-05 |g|=1.74e-01 damp=1.3e-04 lr=1.34e-02 |dx|/ell=0.0763
[sr 0499] E=20.159507 (+0.001%) var=9.992e-02 |dθ|=5.00e-05 |g|=9.07e-02 damp=1.0e-04 lr=1.00e-02 |dx|/ell=0.0755
[phase] summary:
{
  "N": 6,
  "omega": 1.0,
  "arch": "pinn",
  "n_params": 105136,
  "final": {
    "E_mean": 20.17270580613313,
    "E_mean_raw": 20.172106702704717,
    "E_stderr": 0.003166474176277456,
    "var_EL": 0.10370318783289713,
    "n_samples": 8192,
    "frac_clipped": 0.00439453125,
    "ref_energy": 20.15932,
    "error_pct": 0.06640008756808048,
    "error_sigma": 4.227353639392718
  },
  "energy_raw": 20.172106702704717,
  "error_pct_raw": 0.06342824413083345,
  "energy_zv": 20.172106702704717,
  "error_pct_zv": 0.06342824413083345,
  "zv_n_points": 1,
  "spectrum": {
    "lam_max": 49.072080256679335,
    "lam_min_supported": 2.126992369295088e-08,
    "effective_rank": 6.347479789658447,
    "numerical_rank": 2047,
    "condition_number": 2307111250.847714,
    "n_params": 105136,
    "n_samples": 2048
  },
  "alignment": {
    "cos_sr": 0.9999999999999998,
    "cos_plain": 0.07699532990014624,
    "rep_fraction": 0.9999999999999998,
    "ntk_condition": 2307111252.0842547,
    "ntk_eff_rank": 6.34747978965822,
    "ntk_numerical_rank": 2047
  },
  "n_align_samples": 2048
}
