0
[phase] N=6 omega=0.01 arch=ctnn_vcycle_big  ->  /itf-fi-ml/home/aleksns/Thesis/results/analysis/2026-07-02_overnight/A_ctnn_bf_s0_w0p01
0
[phase] warm-started from /itf-fi-ml/home/aleksns/Thesis/results/analysis/2026-07-02_overnight/A_ctnn_bf_s0_w0p1/checkpoint.pt (omega 0.1 -> 0.01)
[phase] params=79,813 device=cuda:0 ref_energy=0.69036
[adam 00000] E=1.119274 var=1.7522e-02 sig=1.653 acc~0.5 n=2048
[adam 00015] E=0.697614 var=1.4941e-04 sig=2.000 acc~0.5 n=2048
[adam 00030] E=0.691443 var=5.8378e-05 sig=2.000 acc~0.5 n=2048
[seg 1/4] step=31 E_raw=0.69198 (+0.235%) var=7.732e-05 kappa(S)=2.28e+10 rank=1023 cos_sr=0.997 cos_plain=0.104
[adam 00000] E=0.691759 var=6.5033e-05 sig=2.000 acc~0.5 n=2048
[adam 00023] E=0.691170 var=5.0914e-05 sig=2.000 acc~0.5 n=2048
[adam 00046] E=0.690897 var=4.0550e-05 sig=2.000 acc~0.5 n=2048
[seg 2/4] step=78 E_raw=0.69092 (+0.078%) var=4.695e-05 kappa(S)=5.05e+09 rank=1023 cos_sr=1.000 cos_plain=0.102
[adam 00000] E=0.690990 var=4.0379e-05 sig=2.000 acc~0.5 n=2048
[adam 00060] E=0.691102 var=3.7071e-05 sig=2.000 acc~0.5 n=2048
[adam 00119] E=0.690658 var=3.3408e-05 sig=2.000 acc~0.5 n=2048
[seg 3/4] step=198 E_raw=0.69093 (+0.083%) var=3.414e-05 kappa(S)=3.38e+10 rank=1023 cos_sr=0.987 cos_plain=0.084
[adam 00000] E=0.690945 var=3.3432e-05 sig=2.000 acc~0.5 n=2048
[adam 00151] E=0.690835 var=3.5590e-05 sig=2.000 acc~0.5 n=2048
[adam 00301] E=0.690364 var=2.1472e-05 sig=2.000 acc~0.5 n=2048
[seg 4/4] step=500 E_raw=0.69042 (+0.015%) var=2.359e-05 kappa(S)=2.00e+09 rank=1023 cos_sr=1.000 cos_plain=0.133
[phase] training done in 21.2 min
[adam 00000] E=0.690348 var=1.9995e-05 sig=2.000 acc~0.5 n=4096
[adam 00030] E=0.690284 var=2.0837e-05 sig=2.000 acc~0.5 n=4096
[adam 00060] E=0.690284 var=1.8484e-05 sig=2.000 acc~0.5 n=4096
[adam 00090] E=0.690219 var=1.8861e-05 sig=2.000 acc~0.5 n=4096
[adam 00119] E=0.690250 var=1.7261e-05 sig=2.000 acc~0.5 n=4096
[sr 0000] E=0.690230 (-0.019%) var=2.198e-05 |dθ|=9.33e-03 |g|=7.42e-03 damp=1.0e-03 lr=2.00e-01
[sr 0020] E=0.690191 (-0.025%) var=2.068e-05 |dθ|=5.87e-03 |g|=1.56e-02 damp=7.9e-04 lr=1.48e-01
[sr 0040] E=0.690190 (-0.025%) var=1.985e-05 |dθ|=3.45e-03 |g|=1.54e-02 damp=6.3e-04 lr=1.10e-01
[sr 0060] E=0.690071 (-0.042%) var=1.896e-05 |dθ|=2.02e-03 |g|=8.01e-03 damp=5.0e-04 lr=8.11e-02
[sr 0080] E=0.690266 (-0.014%) var=2.087e-05 |dθ|=1.19e-03 |g|=5.87e-03 damp=4.0e-04 lr=6.00e-02
[sr 0100] E=0.690150 (-0.030%) var=1.911e-05 |dθ|=6.98e-04 |g|=6.48e-03 damp=3.1e-04 lr=4.44e-02
[sr 0120] E=0.690220 (-0.020%) var=1.993e-05 |dθ|=4.10e-04 |g|=1.69e-02 damp=2.5e-04 lr=3.28e-02
[sr 0140] E=0.690139 (-0.032%) var=1.926e-05 |dθ|=2.41e-04 |g|=1.29e-02 damp=2.0e-04 lr=2.43e-02
[sr 0160] E=0.690171 (-0.027%) var=2.053e-05 |dθ|=1.41e-04 |g|=1.29e-02 damp=1.6e-04 lr=1.80e-02
[sr 0180] E=0.690269 (-0.013%) var=1.851e-05 |dθ|=8.29e-05 |g|=7.42e-03 damp=1.2e-04 lr=1.33e-02
[sr 0199] E=0.690141 (-0.032%) var=1.863e-05 |dθ|=5.00e-05 |g|=8.93e-03 damp=1.0e-04 lr=1.00e-02
[phase] summary:
{
  "N": 6,
  "omega": 0.01,
  "arch": "ctnn_vcycle_big",
  "n_params": 79813,
  "final": {
    "E_mean": 0.6901590544275649,
    "E_mean_raw": 0.6901319251702708,
    "E_stderr": 5.017109265073779e-05,
    "var_EL": 1.926042611148438e-05,
    "n_samples": 8192,
    "frac_clipped": 0.0081787109375,
    "ref_energy": 0.69036,
    "error_pct": -0.02910736028088349,
    "error_sigma": -4.005206221717642
  },
  "energy_raw": 0.6901319251702708,
  "error_pct_raw": -0.03303708640842413,
  "energy_zv": 0.6896909767689783,
  "error_pct_zv": -0.096909327165782,
  "zv_n_points": 5,
  "spectrum": {
    "lam_max": 621.9170371468664,
    "lam_min_supported": 1.706573306005153e-08,
    "effective_rank": 2.5667885087945574,
    "numerical_rank": 2047,
    "condition_number": 36442444925.06954,
    "n_params": 79813,
    "n_samples": 2048
  },
  "alignment": {
    "cos_sr": 0.9896824905302639,
    "cos_plain": 0.12833129167501578,
    "rep_fraction": 0.9896824905302639,
    "ntk_condition": 9906051116.729885,
    "ntk_eff_rank": 2.5667884740489018,
    "ntk_numerical_rank": 1867
  },
  "n_align_samples": 2048
}
