0
[phase] N=6 omega=1.0 arch=pinn  ->  /itf-fi-ml/home/aleksns/Thesis/results/analysis/2026-08-05_paradigm_optimizer/base_N6_s1_w1
0
[phase] params=236,336 device=cuda:0 ref_energy=20.15932
[adam 00000] E=23.427423 var=9.3887e+00 sig=0.221 acc~0.5 n=2048 |dx|/ell=0.2455 sat=0.00 com_kill=0.34
[adam 00031] E=20.415916 var=1.0592e+00 sig=0.283 acc~0.5 n=2048 |dx|/ell=0.5140 sat=0.00 com_kill=0.02
[adam 00061] E=20.307210 var=5.6695e-01 sig=0.278 acc~0.5 n=2048 |dx|/ell=0.5321 sat=0.00 com_kill=0.00
[seg 1/12] step=62 E_raw=20.28720 (+0.634%) var=5.769e-01 kappa(S)=1.00e+10 rank=1023 cos_sr=1.000 cos_plain=0.105
[adam 00000] E=20.263787 var=5.4223e-01 sig=0.281 acc~0.5 n=2048 |dx|/ell=0.4730 sat=0.00 com_kill=0.01
[adam 00013] E=20.297038 var=4.9198e-01 sig=0.280 acc~0.5 n=2048 |dx|/ell=0.5093 sat=0.00 com_kill=0.00
[adam 00025] E=20.275965 var=4.7734e-01 sig=0.281 acc~0.5 n=2048 |dx|/ell=0.5134 sat=0.00 com_kill=0.00
[seg 2/12] step=88 E_raw=20.28266 (+0.612%) var=4.512e-01 kappa(S)=1.63e+09 rank=1023 cos_sr=1.000 cos_plain=0.090
[adam 00000] E=20.244163 var=4.5902e-01 sig=0.281 acc~0.5 n=2048 |dx|/ell=0.5207 sat=0.00 com_kill=0.00
[adam 00019] E=20.244095 var=4.3344e-01 sig=0.281 acc~0.5 n=2048 |dx|/ell=0.5179 sat=0.00 com_kill=0.00
[adam 00037] E=20.240978 var=3.9848e-01 sig=0.281 acc~0.5 n=2048 |dx|/ell=0.5074 sat=0.00 com_kill=0.00
[seg 3/12] step=126 E_raw=20.24659 (+0.433%) var=3.930e-01 kappa(S)=2.22e+09 rank=1023 cos_sr=1.000 cos_plain=0.100
[adam 00000] E=20.257098 var=3.8324e-01 sig=0.284 acc~0.5 n=2048 |dx|/ell=0.4919 sat=0.00 com_kill=0.00
[adam 00026] E=20.246122 var=3.4984e-01 sig=0.281 acc~0.5 n=2048 |dx|/ell=0.4872 sat=0.00 com_kill=0.00
[adam 00052] E=20.228675 var=3.3150e-01 sig=0.281 acc~0.5 n=2048 |dx|/ell=0.4763 sat=0.00 com_kill=0.00
[seg 4/12] step=179 E_raw=20.24555 (+0.428%) var=3.089e-01 kappa(S)=1.49e+09 rank=1023 cos_sr=1.000 cos_plain=0.110
[adam 00000] E=20.228359 var=3.2101e-01 sig=0.282 acc~0.5 n=2048 |dx|/ell=0.5298 sat=0.00 com_kill=0.00
[adam 00037] E=20.228396 var=2.9535e-01 sig=0.281 acc~0.5 n=2048 |dx|/ell=0.4629 sat=0.00 com_kill=0.00
[adam 00074] E=20.208337 var=2.7324e-01 sig=0.280 acc~0.5 n=2048 |dx|/ell=0.4499 sat=0.00 com_kill=0.00
[seg 5/12] step=254 E_raw=20.24432 (+0.424%) var=2.885e-01 kappa(S)=5.33e+08 rank=1023 cos_sr=1.000 cos_plain=0.139
[adam 00000] E=20.201285 var=2.6740e-01 sig=0.282 acc~0.5 n=2048 |dx|/ell=0.3955 sat=0.00 com_kill=0.01
[adam 00054] E=20.214023 var=2.6141e-01 sig=0.279 acc~0.5 n=2048 |dx|/ell=0.4152 sat=0.00 com_kill=0.01
[adam 00107] E=20.206834 var=2.5082e-01 sig=0.279 acc~0.5 n=2048 |dx|/ell=0.3834 sat=0.00 com_kill=0.01
[seg 6/12] step=362 E_raw=20.20123 (+0.215%) var=3.098e-01 kappa(S)=2.90e+08 rank=1023 cos_sr=1.000 cos_plain=0.126
[adam 00000] E=20.208715 var=2.6385e-01 sig=0.279 acc~0.5 n=2048 |dx|/ell=0.4002 sat=0.00 com_kill=0.02
[adam 00076] E=20.193766 var=2.4686e-01 sig=0.279 acc~0.5 n=2048 |dx|/ell=0.3369 sat=0.00 com_kill=0.01
[adam 00151] E=20.185575 var=2.0416e-01 sig=0.277 acc~0.5 n=2048 |dx|/ell=0.3015 sat=0.00 com_kill=0.02
[seg 7/12] step=514 E_raw=20.16930 (+0.057%) var=2.607e-01 kappa(S)=1.47e+08 rank=1023 cos_sr=1.000 cos_plain=0.082
[adam 00000] E=20.187163 var=1.9481e-01 sig=0.278 acc~0.5 n=2048 |dx|/ell=0.3261 sat=0.00 com_kill=0.02
[adam 00109] E=20.181597 var=1.7222e-01 sig=0.278 acc~0.5 n=2048 |dx|/ell=0.2589 sat=0.00 com_kill=0.02
[adam 00217] E=20.183376 var=1.1953e-01 sig=0.279 acc~0.5 n=2048 |dx|/ell=0.2143 sat=0.00 com_kill=0.05
[seg 8/12] step=732 E_raw=20.17263 (+0.066%) var=1.353e-01 kappa(S)=7.27e+07 rank=1023 cos_sr=1.000 cos_plain=0.142
[adam 00000] E=20.188434 var=1.2575e-01 sig=0.279 acc~0.5 n=2048 |dx|/ell=0.2574 sat=0.00 com_kill=0.03
[adam 00154] E=20.161772 var=1.0919e-01 sig=0.278 acc~0.5 n=2048 |dx|/ell=0.1909 sat=0.00 com_kill=0.07
[adam 00308] E=20.158316 var=8.1243e-02 sig=0.279 acc~0.5 n=2048 |dx|/ell=0.1589 sat=0.00 com_kill=0.14
[seg 9/12] step=1041 E_raw=20.16197 (-0.005%) var=8.369e-02 kappa(S)=2.78e+07 rank=1023 cos_sr=1.000 cos_plain=0.103
[adam 00000] E=20.159541 var=8.0039e-02 sig=0.281 acc~0.5 n=2048 |dx|/ell=0.1145 sat=0.00 com_kill=0.26
[adam 00220] E=20.160283 var=5.7807e-02 sig=0.279 acc~0.5 n=2048 |dx|/ell=0.1067 sat=0.00 com_kill=0.35
[adam 00440] E=20.146337 var=4.7083e-02 sig=0.279 acc~0.5 n=2048 |dx|/ell=0.0868 sat=0.00 com_kill=0.50
[seg 10/12] step=1482 E_raw=20.15828 (+0.004%) var=6.350e-02 kappa(S)=2.19e+07 rank=1023 cos_sr=1.000 cos_plain=0.099
[adam 00000] E=20.165809 var=4.7451e-02 sig=0.279 acc~0.5 n=2048 |dx|/ell=0.1135 sat=0.00 com_kill=0.37
[adam 00313] E=20.155703 var=4.2298e-02 sig=0.278 acc~0.5 n=2048 |dx|/ell=0.0804 sat=0.00 com_kill=0.62
[adam 00625] E=20.154468 var=3.4771e-02 sig=0.279 acc~0.5 n=2048 |dx|/ell=0.0742 sat=0.00 com_kill=0.71
[seg 11/12] step=2108 E_raw=20.17161 (+0.071%) var=3.966e-02 kappa(S)=1.24e+07 rank=1023 cos_sr=1.000 cos_plain=0.084
[adam 00000] E=20.156320 var=3.5004e-02 sig=0.281 acc~0.5 n=2048 |dx|/ell=0.0774 sat=0.00 com_kill=0.69
[adam 00446] E=20.151244 var=3.2032e-02 sig=0.279 acc~0.5 n=2048 |dx|/ell=0.0729 sat=0.00 com_kill=0.77
[adam 00891] E=20.157300 var=2.9932e-02 sig=0.279 acc~0.5 n=2048 |dx|/ell=0.0723 sat=0.00 com_kill=0.80
[seg 12/12] step=3000 E_raw=20.15773 (+0.010%) var=4.205e-02 kappa(S)=6.66e+06 rank=1023 cos_sr=1.000 cos_plain=0.078
[phase] training done in 258.6 min
[adam 00000] E=20.161622 var=3.0035e-02 sig=0.281 acc~0.5 n=4096 |dx|/ell=0.0716 sat=0.00 com_kill=0.80
[adam 00125] E=20.162418 var=2.4473e-02 sig=0.278 acc~0.5 n=4096 |dx|/ell=0.0735 sat=0.00 com_kill=0.79
[adam 00250] E=20.156749 var=2.6153e-02 sig=0.279 acc~0.5 n=4096 |dx|/ell=0.0739 sat=0.00 com_kill=0.78
[adam 00375] E=20.156271 var=2.3759e-02 sig=0.278 acc~0.5 n=4096 |dx|/ell=0.0757 sat=0.00 com_kill=0.77
[adam 00499] E=20.153215 var=2.2835e-02 sig=0.279 acc~0.5 n=4096 |dx|/ell=0.0752 sat=0.00 com_kill=0.77
[phase] summary:
{
  "N": 6,
  "omega": 1.0,
  "arch": "pinn",
  "n_params": 236336,
  "final": {
    "E_mean": 20.156713476873833,
    "E_mean_raw": 20.155830738365413,
    "E_stderr": 0.0020364671479438778,
    "var_EL": 0.027861198783539258,
    "n_samples": 8192,
    "frac_clipped": 0.013671875,
    "ref_energy": 20.15932,
    "error_pct": -0.012929618291531011,
    "error_sigma": -1.2799239746145425
  },
  "energy_raw": 20.155830738365413,
  "error_pct_raw": -0.017308429225727097,
  "energy_zv": 20.156063367833553,
  "error_pct_zv": -0.01615447429004331,
  "zv_n_points": 6,
  "spectrum": {
    "lam_max": 50.65123333068378,
    "lam_min_supported": 1.2843164204400834e-06,
    "effective_rank": 3.962991616339401,
    "numerical_rank": 2047,
    "condition_number": 39438282.127801225,
    "n_params": 236336,
    "n_samples": 2048
  },
  "alignment": {
    "cos_sr": 1.0,
    "cos_plain": 0.04256150810883575,
    "rep_fraction": 1.0,
    "ntk_condition": 39438282.12840799,
    "ntk_eff_rank": 3.962991616339403,
    "ntk_numerical_rank": 2047
  },
  "n_align_samples": 2048
}
