0
[phase] N=6 omega=1.0 arch=ctnn_vcycle_big  ->  /itf-fi-ml/home/aleksns/Thesis/results/analysis/2026-07-02_overnight/A_ctnn_nobf_s1_w1p0
0
[phase] params=66,498 device=cuda:0 ref_energy=20.15932
[adam 00000] E=23.037658 var=8.1624e+00 sig=0.223 acc~0.5 n=2048
[adam 00015] E=20.392327 var=9.7130e-01 sig=0.276 acc~0.5 n=2048
[adam 00030] E=20.198542 var=2.6389e-01 sig=0.277 acc~0.5 n=2048
[seg 1/4] step=31 E_raw=20.21651 (+0.289%) var=2.869e-01 kappa(S)=9.96e+11 rank=930 cos_sr=0.894 cos_plain=0.345
[adam 00000] E=20.247686 var=2.6743e-01 sig=0.287 acc~0.5 n=2048
[adam 00023] E=20.204233 var=1.9424e-01 sig=0.277 acc~0.5 n=2048
[adam 00046] E=20.196687 var=1.1697e-01 sig=0.280 acc~0.5 n=2048
[seg 2/4] step=78 E_raw=20.14803 (+0.011%) var=1.243e-01 kappa(S)=8.85e+11 rank=1023 cos_sr=0.918 cos_plain=0.077
[adam 00000] E=20.188124 var=1.0689e-01 sig=0.282 acc~0.5 n=2048
[adam 00060] E=20.183516 var=9.3886e-02 sig=0.280 acc~0.5 n=2048
[adam 00119] E=20.172741 var=8.9848e-02 sig=0.280 acc~0.5 n=2048
[seg 3/4] step=198 E_raw=20.18814 (+0.141%) var=1.017e-01 kappa(S)=2.67e+11 rank=1023 cos_sr=0.925 cos_plain=0.079
[adam 00000] E=20.195264 var=7.9983e-02 sig=0.281 acc~0.5 n=2048
[adam 00151] E=20.178910 var=7.6597e-02 sig=0.279 acc~0.5 n=2048
[adam 00301] E=20.170512 var=5.5933e-02 sig=0.280 acc~0.5 n=2048
[seg 4/4] step=500 E_raw=20.17581 (+0.090%) var=7.702e-02 kappa(S)=1.47e+10 rank=1023 cos_sr=0.997 cos_plain=0.053
[phase] training done in 18.9 min
[adam 00000] E=20.173726 var=6.3001e-02 sig=0.282 acc~0.5 n=4096
[adam 00030] E=20.172520 var=5.4343e-02 sig=0.280 acc~0.5 n=4096
[adam 00060] E=20.166279 var=6.0076e-02 sig=0.279 acc~0.5 n=4096
[adam 00090] E=20.175900 var=5.3569e-02 sig=0.279 acc~0.5 n=4096
[adam 00119] E=20.176948 var=5.4014e-02 sig=0.280 acc~0.5 n=4096
[sr 0000] E=20.168461 (+0.045%) var=7.082e-02 |dθ|=1.00e-02 |g|=1.16e-01 damp=1.0e-03 lr=2.00e-01
[sr 0020] E=20.172424 (+0.065%) var=6.943e-02 |dθ|=5.87e-03 |g|=1.33e-01 damp=7.9e-04 lr=1.48e-01
[sr 0040] E=20.178181 (+0.094%) var=7.123e-02 |dθ|=3.45e-03 |g|=1.06e-01 damp=6.3e-04 lr=1.10e-01
[sr 0060] E=20.169777 (+0.052%) var=6.745e-02 |dθ|=2.02e-03 |g|=1.52e-01 damp=5.0e-04 lr=8.11e-02
[sr 0080] E=20.167248 (+0.039%) var=7.363e-02 |dθ|=1.19e-03 |g|=3.70e-02 damp=4.0e-04 lr=6.00e-02
[sr 0100] E=20.164641 (+0.026%) var=6.540e-02 |dθ|=6.98e-04 |g|=6.71e-02 damp=3.1e-04 lr=4.44e-02
[sr 0120] E=20.163034 (+0.018%) var=6.377e-02 |dθ|=4.10e-04 |g|=3.03e-02 damp=2.5e-04 lr=3.28e-02
[sr 0140] E=20.167486 (+0.041%) var=6.834e-02 |dθ|=2.41e-04 |g|=5.20e-02 damp=2.0e-04 lr=2.43e-02
[sr 0160] E=20.181881 (+0.112%) var=7.047e-02 |dθ|=1.41e-04 |g|=7.03e-02 damp=1.6e-04 lr=1.80e-02
[sr 0180] E=20.167590 (+0.041%) var=6.621e-02 |dθ|=8.29e-05 |g|=4.27e-02 damp=1.2e-04 lr=1.33e-02
[sr 0199] E=20.168661 (+0.046%) var=6.464e-02 |dθ|=5.00e-05 |g|=3.48e-02 damp=1.0e-04 lr=1.00e-02
[phase] summary:
{
  "N": 6,
  "omega": 1.0,
  "arch": "ctnn_vcycle_big",
  "n_params": 66498,
  "final": {
    "E_mean": 20.172286287751874,
    "E_mean_raw": 20.173979502701833,
    "E_stderr": 0.003788271814966163,
    "var_EL": 0.06698947245287669,
    "n_samples": 8192,
    "frac_clipped": 0.0135498046875,
    "ref_energy": 20.15932,
    "error_pct": 0.06431907302365647,
    "error_sigma": 3.4227448253969603
  },
  "energy_raw": 20.173979502701833,
  "error_pct_raw": 0.07271824000924702,
  "energy_zv": 20.154889584196855,
  "error_pct_zv": -0.021977010152851625,
  "zv_n_points": 5,
  "spectrum": {
    "lam_max": 58.99439364142573,
    "lam_min_supported": 2.6130467412219863e-10,
    "effective_rank": 1.2538717427834074,
    "numerical_rank": 2047,
    "condition_number": 225768612213.3319,
    "n_params": 66498,
    "n_samples": 2048
  },
  "alignment": {
    "cos_sr": 0.9322184347987075,
    "cos_plain": 0.007838674443788525,
    "rep_fraction": 0.9322184347987075,
    "ntk_condition": 9995477516.68222,
    "ntk_eff_rank": 1.2538716972995925,
    "ntk_numerical_rank": 1483
  },
  "n_align_samples": 2048
}
