0
[phase] N=20 omega=1.0 arch=pinn  ->  /itf-fi-ml/home/aleksns/Thesis/results/analysis/2026-07-16_scaling/N20_convbf_s0_w1
0
[phase] params=105,136 device=cuda:0 ref_energy=155.8822

=== stage 1/4: Jastrow alone (backflow detached) ===
[adam 00000] E=206.135571 var=1.9414e+02 sig=0.080 acc~0.5 n=256
[adam 00100] E=210.133473 var=1.9291e+02 sig=0.077 acc~0.5 n=256
[adam 00200] E=203.925882 var=1.8537e+02 sig=0.080 acc~0.5 n=256
[adam 00300] E=193.779779 var=1.2283e+02 sig=0.084 acc~0.5 n=256
[adam 00400] E=184.511904 var=9.3668e+01 sig=0.088 acc~0.5 n=256
[adam 00500] E=169.523207 var=4.4703e+01 sig=0.099 acc~0.5 n=256
[adam 00600] E=157.984423 var=6.3300e+00 sig=0.115 acc~0.5 n=256
[adam 00700] E=156.509121 var=2.8487e+00 sig=0.125 acc~0.5 n=256
[adam 00749] E=156.267760 var=2.2082e+00 sig=0.124 acc~0.5 n=256

=== stage 2/4: cusp pre-train SKIPPED (thesis 'bf_then_joint' variant) ===

=== stage 3/4: backflow only (Jastrow frozen) ===
[adam 00000] E=162.945386 var=2.5135e+01 sig=0.123 acc~0.5 n=256 |dx|/ell=0.8644
[adam 00100] E=155.285818 var=4.6377e+00 sig=0.124 acc~0.5 n=256 |dx|/ell=0.4104
[adam 00200] E=156.230544 var=2.6323e+00 sig=0.123 acc~0.5 n=256 |dx|/ell=0.3819
[adam 00300] E=156.002125 var=2.5448e+00 sig=0.124 acc~0.5 n=256 |dx|/ell=0.3327
[adam 00400] E=156.168189 var=2.5014e+00 sig=0.124 acc~0.5 n=256 |dx|/ell=0.2909
[adam 00500] E=155.993509 var=2.0627e+00 sig=0.123 acc~0.5 n=256 |dx|/ell=0.1881
[adam 00600] E=156.014909 var=2.0940e+00 sig=0.123 acc~0.5 n=256 |dx|/ell=0.1745
[adam 00700] E=156.206403 var=2.1793e+00 sig=0.123 acc~0.5 n=256 |dx|/ell=0.1030
[adam 00749] E=155.940208 var=2.5296e+00 sig=0.122 acc~0.5 n=256 |dx|/ell=0.1000

=== stage 4/4: joint (Jastrow released at lr*0.1) ===
[adam 00000] E=156.109249 var=2.0653e+00 sig=0.125 acc~0.5 n=256 |dx|/ell=0.2357
[adam 00100] E=156.082482 var=1.4620e+00 sig=0.124 acc~0.5 n=256 |dx|/ell=0.0892
[adam 00200] E=155.952843 var=1.9430e+00 sig=0.123 acc~0.5 n=256 |dx|/ell=0.0931
[adam 00300] E=155.922763 var=1.4346e+00 sig=0.123 acc~0.5 n=256 |dx|/ell=0.0865
[adam 00400] E=155.986032 var=1.4499e+00 sig=0.125 acc~0.5 n=256 |dx|/ell=0.0449
[adam 00500] E=155.901993 var=1.4558e+00 sig=0.124 acc~0.5 n=256 |dx|/ell=0.0608
[adam 00600] E=156.057626 var=1.3614e+00 sig=0.123 acc~0.5 n=256 |dx|/ell=0.0459
[adam 00700] E=156.068437 var=1.2757e+00 sig=0.123 acc~0.5 n=256 |dx|/ell=0.0473
[adam 00800] E=156.030207 var=1.2470e+00 sig=0.125 acc~0.5 n=256 |dx|/ell=0.0497
[adam 00900] E=156.035368 var=1.2423e+00 sig=0.123 acc~0.5 n=256 |dx|/ell=0.0580
[adam 00999] E=156.007009 var=1.2244e+00 sig=0.124 acc~0.5 n=256 |dx|/ell=0.0545
[phase] training done in 117.1 min
[adam 00000] E=155.959653 var=1.1203e+00 sig=0.126 acc~0.5 n=1500 |dx|/ell=0.0507
[adam 00125] E=155.979416 var=1.0292e+00 sig=0.124 acc~0.5 n=1500 |dx|/ell=0.0585
[adam 00250] E=156.000958 var=1.0826e+00 sig=0.124 acc~0.5 n=1500 |dx|/ell=0.0661
[adam 00375] E=156.013219 var=1.0035e+00 sig=0.124 acc~0.5 n=1500 |dx|/ell=0.0636
[adam 00499] E=155.980334 var=9.1166e-01 sig=0.123 acc~0.5 n=1500 |dx|/ell=0.0623
[sr 0000] E=155.910150 (+0.018%) var=9.817e-01 |dθ|=1.00e-02 |g|=1.77e+00 damp=1.0e-03 lr=2.00e-01 |dx|/ell=0.0617
[sr 0050] E=155.907337 (+0.016%) var=1.067e+00 |dθ|=5.88e-03 |g|=1.29e+00 damp=7.9e-04 lr=1.48e-01 |dx|/ell=0.0704
[sr 0100] E=155.971491 (+0.057%) var=8.053e-01 |dθ|=3.46e-03 |g|=2.24e+00 damp=6.3e-04 lr=1.10e-01 |dx|/ell=0.0732
[sr 0150] E=155.987767 (+0.068%) var=1.001e+00 |dθ|=2.03e-03 |g|=2.35e+00 damp=5.0e-04 lr=8.13e-02 |dx|/ell=0.0737
[sr 0200] E=156.080535 (+0.127%) var=7.520e-01 |dθ|=1.20e-03 |g|=2.50e+00 damp=4.0e-04 lr=6.02e-02 |dx|/ell=0.0734
[sr 0250] E=155.979806 (+0.063%) var=9.661e-01 |dθ|=7.03e-04 |g|=2.92e+00 damp=3.2e-04 lr=4.46e-02 |dx|/ell=0.0744
[sr 0300] E=156.030079 (+0.095%) var=9.430e-01 |dθ|=4.14e-04 |g|=1.66e+00 damp=2.5e-04 lr=3.30e-02 |dx|/ell=0.0747
[sr 0350] E=155.938070 (+0.036%) var=9.436e-01 |dθ|=2.43e-04 |g|=1.17e+00 damp=2.0e-04 lr=2.45e-02 |dx|/ell=0.0744
[sr 0400] E=155.962308 (+0.051%) var=1.074e+00 |dθ|=1.43e-04 |g|=1.74e+00 damp=1.6e-04 lr=1.81e-02 |dx|/ell=0.0747
[sr 0450] E=155.996864 (+0.074%) var=9.867e-01 |dθ|=8.41e-05 |g|=1.91e+00 damp=1.3e-04 lr=1.34e-02 |dx|/ell=0.0744
[sr 0499] E=155.910106 (+0.018%) var=1.149e+00 |dθ|=5.00e-05 |g|=1.54e+00 damp=1.0e-04 lr=1.00e-02 |dx|/ell=0.0743
[phase] summary:
{
  "N": 20,
  "omega": 1.0,
  "arch": "pinn",
  "n_params": 105136,
  "final": {
    "E_mean": 155.960840113359,
    "E_mean_raw": 155.95894405595806,
    "E_stderr": 0.020617557704006584,
    "var_EL": 1.0055331947875807,
    "n_samples": 2048,
    "frac_clipped": 0.00146484375,
    "ref_energy": 155.8822,
    "error_pct": 0.05044842410422771,
    "error_sigma": 3.814230302540558
  },
  "energy_raw": 155.95894405595806,
  "error_pct_raw": 0.04923208420079073,
  "energy_zv": 155.95894405595806,
  "error_pct_zv": 0.04923208420079073,
  "zv_n_points": 1,
  "spectrum": {
    "lam_max": 802.1010596718851,
    "lam_min_supported": 4.977971961328914e-06,
    "effective_rank": 2.8118079276082657,
    "numerical_rank": 511,
    "condition_number": 161130087.89582598,
    "n_params": 105136,
    "n_samples": 512
  },
  "alignment": {
    "cos_sr": 1.0,
    "cos_plain": 0.047809053527279884,
    "rep_fraction": 1.0,
    "ntk_condition": 161130088.45135984,
    "ntk_eff_rank": 2.811807927608241,
    "ntk_numerical_rank": 511
  },
  "n_align_samples": 512
}
