0
[phase] N=6 omega=0.01 arch=pinn  ->  /itf-fi-ml/home/aleksns/Thesis/results/analysis/2026-08-05_paradigm_optimizer/N6_s1_w0p01_colloc_adam
0
[phase] warm-started from /itf-fi-ml/home/aleksns/Thesis/results/analysis/2026-08-05_paradigm_optimizer/base_N6_s1_w0p01/checkpoint.pt (omega 0.01 -> 0.01)
[phase] params=236,336 device=cuda:0 ref_energy=0.69036
[colloc 00000] E_weak=1.343833 ESS=0.453 n=2048
[colloc 00037] E_weak=1.447560 ESS=0.464 n=2048
[colloc 00074] E_weak=1.433198 ESS=0.465 n=2048
[seg 1/5] step=75 E_raw=0.71656 (+3.798%) var=6.094e-04 kappa(S)=9.63e+11 rank=694 cos_sr=0.989 cos_plain=0.500
[colloc 00000] E_weak=1.453892 ESS=0.466 n=2048
[colloc 00042] E_weak=1.520214 ESS=0.461 n=2048
[colloc 00083] E_weak=1.627470 ESS=0.464 n=2048
[seg 2/5] step=159 E_raw=0.73991 (+7.985%) var=6.149e-03 kappa(S)=9.90e+11 rank=699 cos_sr=1.000 cos_plain=0.179
[colloc 00000] E_weak=1.617250 ESS=0.471 n=2048
[colloc 00088] E_weak=1.900878 ESS=0.474 n=2048
[colloc 00175] E_weak=1.952365 ESS=0.218 n=2048
[seg 3/5] step=335 E_raw=0.84366 (+22.576%) var=1.618e-02 kappa(S)=9.94e+11 rank=682 cos_sr=1.000 cos_plain=0.172
[colloc 00000] E_weak=2.053928 ESS=0.299 n=2048
[colloc 00187] E_weak=1.859824 ESS=0.114 n=2048
[colloc 00373] E_weak=2.226408 ESS=0.466 n=2048
[seg 4/5] step=709 E_raw=0.85100 (+24.078%) var=2.091e-02 kappa(S)=9.60e+11 rank=788 cos_sr=1.000 cos_plain=0.186
[colloc 00000] E_weak=2.062936 ESS=0.352 n=2048
[colloc 00395] E_weak=2.428788 ESS=0.424 n=2048
[colloc 00790] E_weak=2.103684 ESS=0.202 n=2048
[seg 5/5] step=1500 E_raw=1.01567 (+13.898%) var=1.743e-03 kappa(S)=9.74e+11 rank=246 cos_sr=1.000 cos_plain=0.943
[phase] training done in 18.7 min
[phase] summary:
{
  "N": 6,
  "omega": 0.01,
  "arch": "pinn",
  "n_params": 236336,
  "final": {
    "E_mean": 0.7848575796260409,
    "E_mean_raw": 0.8048221547166925,
    "E_stderr": 0.0004854714410344407,
    "var_EL": 0.002157880474017814,
    "n_samples": 8192,
    "frac_clipped": 0.0458984375,
    "ref_energy": 0.69036,
    "error_pct": 13.688159746514991,
    "error_sigma": 194.6511609924691
  },
  "energy_raw": 0.8048221547166925,
  "error_pct_raw": 16.580067604828283,
  "energy_zv": 0.8275253659406,
  "error_pct_zv": 19.868672278318563,
  "zv_n_points": 5,
  "spectrum": {
    "lam_max": 4713.841328494044,
    "lam_min_supported": 4.845690518322736e-09,
    "effective_rank": 1.544274441309096,
    "numerical_rank": 333,
    "condition_number": 972790422886.0391,
    "n_params": 236336,
    "n_samples": 2048
  },
  "alignment": {
    "cos_sr": 0.9999963668405686,
    "cos_plain": 0.3855154755295453,
    "rep_fraction": 0.9999963668405686,
    "ntk_condition": 9682795696.587301,
    "ntk_eff_rank": 1.5442744354653308,
    "ntk_numerical_rank": 208
  },
  "n_align_samples": 2048
}
