0
[phase] N=6 omega=0.01 arch=pinn  ->  /itf-fi-ml/home/aleksns/Thesis/results/analysis/2026-07-16_scaling/N6_ctnnbf_s0_w0p01
0
[phase] warm-started from /itf-fi-ml/home/aleksns/Thesis/results/analysis/2026-07-16_scaling/N6_ctnnbf_s0_w0p1/checkpoint.pt (omega 0.1 -> 0.01)
[phase] params=236,336 device=cuda:0 ref_energy=0.69036
[adam 00000] E=1.709307 var=4.9949e-02 sig=1.154 acc~0.5 n=2048 |dx|/ell=0.0355 sat=0.00 com_kill=0.07
[adam 00093] E=1.360847 var=4.3166e-02 sig=1.351 acc~0.5 n=2048 |dx|/ell=0.1247 sat=0.33 com_kill=0.06
[adam 00186] E=0.716698 var=2.1602e-03 sig=2.000 acc~0.5 n=2048 |dx|/ell=0.1126 sat=0.14 com_kill=0.10
[seg 1/4] step=187 E_raw=0.71596 (+3.708%) var=2.049e-03 kappa(S)=2.59e+06 rank=1023 cos_sr=1.000 cos_plain=0.239
[adam 00000] E=0.724331 var=2.6957e-03 sig=2.000 acc~0.5 n=2048 |dx|/ell=0.1409 sat=0.52 com_kill=0.05
[adam 00142] E=0.698282 var=5.6866e-04 sig=2.000 acc~0.5 n=2048 |dx|/ell=0.1100 sat=0.05 com_kill=0.09
[adam 00284] E=0.694887 var=2.6040e-04 sig=2.000 acc~0.5 n=2048 |dx|/ell=0.0989 sat=0.01 com_kill=0.12
[seg 2/4] step=472 E_raw=0.69471 (+0.595%) var=3.552e-04 kappa(S)=5.86e+05 rank=1023 cos_sr=1.000 cos_plain=0.205
[adam 00000] E=0.696800 var=3.6936e-04 sig=2.000 acc~0.5 n=2048 |dx|/ell=0.1506 sat=0.42 com_kill=0.03
[adam 00358] E=0.691828 var=8.8156e-05 sig=2.000 acc~0.5 n=2048 |dx|/ell=0.0909 sat=0.01 com_kill=0.13
[adam 00716] E=0.691078 var=6.5466e-05 sig=2.000 acc~0.5 n=2048 |dx|/ell=0.0909 sat=0.01 com_kill=0.15
[seg 3/4] step=1189 E_raw=0.69135 (+0.110%) var=6.573e-05 kappa(S)=2.33e+05 rank=1023 cos_sr=1.000 cos_plain=0.120
[adam 00000] E=0.691259 var=7.7544e-05 sig=2.000 acc~0.5 n=2048 |dx|/ell=0.1264 sat=0.04 com_kill=0.08
[adam 00905] E=0.690220 var=2.4098e-05 sig=2.000 acc~0.5 n=2048 |dx|/ell=0.0881 sat=0.00 com_kill=0.17
[adam 01810] E=0.690041 var=1.6671e-05 sig=2.000 acc~0.5 n=2048 |dx|/ell=0.0925 sat=0.00 com_kill=0.09
[seg 4/4] step=3000 E_raw=0.69046 (-0.001%) var=2.456e-05 kappa(S)=2.80e+05 rank=1023 cos_sr=1.000 cos_plain=0.134
[phase] training done in 193.5 min
[adam 00000] E=0.690160 var=2.3810e-05 sig=2.000 acc~0.5 n=4096 |dx|/ell=0.0931 sat=0.00 com_kill=0.11
[adam 00125] E=0.689930 var=1.4126e-05 sig=2.000 acc~0.5 n=4096 |dx|/ell=0.0926 sat=0.00 com_kill=0.09
[adam 00250] E=0.690104 var=1.3499e-05 sig=2.000 acc~0.5 n=4096 |dx|/ell=0.0952 sat=0.00 com_kill=0.10
[adam 00375] E=0.689903 var=1.3830e-05 sig=2.000 acc~0.5 n=4096 |dx|/ell=0.0958 sat=0.00 com_kill=0.10
[adam 00499] E=0.689908 var=1.3898e-05 sig=2.000 acc~0.5 n=4096 |dx|/ell=0.0949 sat=0.00 com_kill=0.09
[sr 0000] E=0.690138 (-0.032%) var=2.273e-05 |dθ|=6.35e-03 |g|=4.10e-03 damp=1.0e-03 lr=2.00e-01 |dx|/ell=0.0964 sat=0.00 com_kill=0.10
[sr 0050] E=0.690187 (-0.025%) var=1.678e-05 |dθ|=4.43e-03 |g|=3.13e-03 damp=7.9e-04 lr=1.48e-01 |dx|/ell=0.0932 sat=0.00 com_kill=0.10
[sr 0100] E=0.690324 (-0.005%) var=1.508e-05 |dθ|=3.02e-03 |g|=3.57e-03 damp=6.3e-04 lr=1.10e-01 |dx|/ell=0.0959 sat=0.00 com_kill=0.10
[sr 0150] E=0.690119 (-0.035%) var=1.723e-05 |dθ|=2.03e-03 |g|=3.27e-03 damp=5.0e-04 lr=8.13e-02 |dx|/ell=0.0984 sat=0.00 com_kill=0.09
[sr 0200] E=0.689949 (-0.059%) var=1.322e-05 |dθ|=1.20e-03 |g|=3.17e-03 damp=4.0e-04 lr=6.02e-02 |dx|/ell=0.0959 sat=0.00 com_kill=0.08
[sr 0250] E=0.689962 (-0.058%) var=1.613e-05 |dθ|=7.03e-04 |g|=2.85e-03 damp=3.2e-04 lr=4.46e-02 |dx|/ell=0.0969 sat=0.00 com_kill=0.10
[sr 0300] E=0.690025 (-0.049%) var=1.596e-05 |dθ|=4.14e-04 |g|=3.02e-03 damp=2.5e-04 lr=3.30e-02 |dx|/ell=0.0950 sat=0.00 com_kill=0.11
[sr 0350] E=0.690004 (-0.052%) var=1.637e-05 |dθ|=2.43e-04 |g|=4.46e-03 damp=2.0e-04 lr=2.45e-02 |dx|/ell=0.0952 sat=0.00 com_kill=0.09
[sr 0400] E=0.689892 (-0.068%) var=1.508e-05 |dθ|=1.43e-04 |g|=4.34e-03 damp=1.6e-04 lr=1.81e-02 |dx|/ell=0.0956 sat=0.00 com_kill=0.10
[sr 0450] E=0.690132 (-0.033%) var=1.489e-05 |dθ|=8.41e-05 |g|=4.15e-03 damp=1.3e-04 lr=1.34e-02 |dx|/ell=0.0945 sat=0.00 com_kill=0.10
[sr 0499] E=0.689927 (-0.063%) var=1.582e-05 |dθ|=5.00e-05 |g|=3.25e-03 damp=1.0e-04 lr=1.00e-02 |dx|/ell=0.0955 sat=0.00 com_kill=0.09
[phase] summary:
{
  "N": 6,
  "omega": 0.01,
  "arch": "pinn",
  "n_params": 236336,
  "final": {
    "E_mean": 0.6900513697948099,
    "E_mean_raw": 0.6900855181219051,
    "E_stderr": 3.6292123722215996e-05,
    "var_EL": 1.4693130344282319e-05,
    "n_samples": 8192,
    "frac_clipped": 0.0203857421875,
    "ref_energy": 0.69036,
    "error_pct": -0.04470569053683862,
    "error_sigma": -8.50405469661708
  },
  "energy_raw": 0.6900855181219051,
  "error_pct_raw": -0.039759238382129275,
  "energy_zv": 0.6901995727570769,
  "error_pct_zv": -0.02323820078264805,
  "zv_n_points": 5,
  "spectrum": {
    "lam_max": 156.05464027096147,
    "lam_min_supported": 6.259287460245253e-05,
    "effective_rank": 10.445034708721309,
    "numerical_rank": 2047,
    "condition_number": 2493169.4104499063,
    "n_params": 236336,
    "n_samples": 2048
  },
  "alignment": {
    "cos_sr": 0.9999999999999998,
    "cos_plain": 0.12159001270621661,
    "rep_fraction": 0.9999999999999998,
    "ntk_condition": 2493169.4104980463,
    "ntk_eff_rank": 10.445034708721318,
    "ntk_numerical_rank": 2047
  },
  "n_align_samples": 2048
}
