0
[phase] N=20 omega=0.5 arch=pinn  ->  /itf-fi-ml/home/aleksns/Thesis/results/analysis/2026-07-16_scaling/N20_ctnnbf_s0_w0p5
0
[phase] params=236,336 device=cuda:0 ref_energy=93.8752

=== stage 1/4: Jastrow alone (backflow detached) ===
[adam 00000] E=139.915181 var=1.1486e+02 sig=0.103 acc~0.5 n=128
[adam 00100] E=143.977137 var=8.6444e+01 sig=0.099 acc~0.5 n=128
[adam 00200] E=142.138711 var=8.5124e+01 sig=0.103 acc~0.5 n=128
[adam 00300] E=134.381977 var=7.4394e+01 sig=0.108 acc~0.5 n=128
[adam 00400] E=127.061654 var=7.0682e+01 sig=0.113 acc~0.5 n=128
[adam 00500] E=113.517546 var=3.1631e+01 sig=0.125 acc~0.5 n=128
[adam 00600] E=101.896533 var=9.0082e+00 sig=0.148 acc~0.5 n=128
[adam 00700] E=94.287038 var=1.0976e+00 sig=0.182 acc~0.5 n=128
[adam 00749] E=94.251174 var=1.0272e+00 sig=0.182 acc~0.5 n=128

=== stage 2/4: cusp pre-train SKIPPED (thesis 'bf_then_joint' variant) ===

=== stage 3/4: backflow only (Jastrow frozen) ===
[adam 00000] E=96.167359 var=3.2334e+00 sig=0.204 acc~0.5 n=128 |dx|/ell=0.3433 sat=0.00 com_kill=0.12
[adam 00100] E=94.299951 var=9.4337e-01 sig=0.180 acc~0.5 n=128 |dx|/ell=0.0947 sat=0.00 com_kill=0.76
[adam 00200] E=94.174941 var=5.5331e-01 sig=0.181 acc~0.5 n=128 |dx|/ell=0.0564 sat=0.00 com_kill=0.89
[adam 00300] E=94.047477 var=7.1442e-01 sig=0.182 acc~0.5 n=128 |dx|/ell=0.0536 sat=0.00 com_kill=0.90
[adam 00400] E=94.147459 var=6.2725e-01 sig=0.182 acc~0.5 n=128 |dx|/ell=0.0462 sat=0.02 com_kill=0.92
[adam 00500] E=94.070977 var=5.6515e-01 sig=0.181 acc~0.5 n=128 |dx|/ell=0.0704 sat=0.00 com_kill=0.86
[adam 00600] E=94.101946 var=5.1919e-01 sig=0.182 acc~0.5 n=128 |dx|/ell=0.0554 sat=0.00 com_kill=0.90
[adam 00700] E=94.120151 var=5.0516e-01 sig=0.184 acc~0.5 n=128 |dx|/ell=0.0570 sat=0.00 com_kill=0.89
[adam 00749] E=94.136934 var=4.8614e-01 sig=0.181 acc~0.5 n=128 |dx|/ell=0.0516 sat=0.00 com_kill=0.91

=== stage 4/4: joint (Jastrow released at lr*0.1) ===
[adam 00000] E=94.114604 var=7.9461e-01 sig=0.183 acc~0.5 n=128 |dx|/ell=0.0637 sat=0.00 com_kill=0.88
[adam 00100] E=93.955501 var=6.4808e-01 sig=0.182 acc~0.5 n=128 |dx|/ell=0.0538 sat=0.00 com_kill=0.90
[adam 00200] E=94.086452 var=4.8893e-01 sig=0.180 acc~0.5 n=128 |dx|/ell=0.0628 sat=0.00 com_kill=0.87
[adam 00300] E=93.979058 var=4.3032e-01 sig=0.180 acc~0.5 n=128 |dx|/ell=0.0578 sat=0.00 com_kill=0.87
[adam 00400] E=93.936097 var=4.6172e-01 sig=0.181 acc~0.5 n=128 |dx|/ell=0.0533 sat=0.00 com_kill=0.89
[adam 00500] E=94.033158 var=2.7981e-01 sig=0.181 acc~0.5 n=128 |dx|/ell=0.0608 sat=0.00 com_kill=0.87
[adam 00600] E=93.887516 var=2.5951e-01 sig=0.182 acc~0.5 n=128 |dx|/ell=0.0608 sat=0.00 com_kill=0.87
[adam 00700] E=94.023572 var=3.4418e-01 sig=0.183 acc~0.5 n=128 |dx|/ell=0.0580 sat=0.00 com_kill=0.87
[adam 00800] E=94.004329 var=3.8344e-01 sig=0.182 acc~0.5 n=128 |dx|/ell=0.0509 sat=0.00 com_kill=0.88
[adam 00900] E=93.945836 var=2.9677e-01 sig=0.180 acc~0.5 n=128 |dx|/ell=0.0675 sat=0.00 com_kill=0.84
[adam 00999] E=93.986242 var=4.3627e-01 sig=0.179 acc~0.5 n=128 |dx|/ell=0.0587 sat=0.00 com_kill=0.87
[phase] training done in 185.7 min
Traceback (most recent call last):
  File "/itf-fi-ml/home/aleksns/Thesis/scripts/run_phase_analysis.py", line 532, in <module>
    main()
  File "/itf-fi-ml/home/aleksns/Thesis/scripts/run_phase_analysis.py", line 266, in main
    train_vmc_adam(
  File "/itf-fi-ml/home/aleksns/Thesis/src/analysis/train.py", line 200, in train_vmc_adam
    x, sig, _, _ = _persistent_rw(system.log_psi, x, steps=200, sigma=sig,
                   ^^^^^^^^^^^^^^^^^^^^^^^^^^^^^^^^^^^^^^^^^^^^^^^^^^^^^^^
  File "/storage/software/PyTorch/2.1.2-foss-2023a-CUDA-12.1.1/lib/python3.11/site-packages/torch/utils/_contextlib.py", line 115, in decorate_context
    return func(*args, **kwargs)
           ^^^^^^^^^^^^^^^^^^^^^
  File "/itf-fi-ml/home/aleksns/Thesis/src/functions/Stochastic_Reconfiguration.py", line 41, in _persistent_rw
    lp = psi_log_fn(x) * 2.0  # log |ψ|^2
         ^^^^^^^^^^^^^
  File "/itf-fi-ml/home/aleksns/Thesis/src/analysis/system.py", line 126, in log_psi
    logpsi, _ = psi_fn(
                ^^^^^^^
  File "/itf-fi-ml/home/aleksns/Thesis/src/utils.py", line 57, in wrapper
    return fn(*args, **kwargs)
           ^^^^^^^^^^^^^^^^^^^
  File "/itf-fi-ml/home/aleksns/Thesis/src/functions/Neural_Networks.py", line 1635, in psi_fn
    x_eff = x_batch + (backflow_net(x_batch, spin=spin_bn) if backflow_net is not None else 0.0)
                       ^^^^^^^^^^^^^^^^^^^^^^^^^^^^^^^^^^^
  File "/storage/software/PyTorch/2.1.2-foss-2023a-CUDA-12.1.1/lib/python3.11/site-packages/torch/nn/modules/module.py", line 1518, in _wrapped_call_impl
    return self._call_impl(*args, **kwargs)
           ^^^^^^^^^^^^^^^^^^^^^^^^^^^^^^^^
  File "/storage/software/PyTorch/2.1.2-foss-2023a-CUDA-12.1.1/lib/python3.11/site-packages/torch/nn/modules/module.py", line 1527, in _call_impl
    return forward_call(*args, **kwargs)
           ^^^^^^^^^^^^^^^^^^^^^^^^^^^^^
  File "/itf-fi-ml/home/aleksns/Thesis/src/PINN.py", line 631, in forward
    h_e_new = self.edge_update(edge_update_in)  # (B,N,N,edge_hidden)
              ^^^^^^^^^^^^^^^^^^^^^^^^^^^^^^^^
  File "/storage/software/PyTorch/2.1.2-foss-2023a-CUDA-12.1.1/lib/python3.11/site-packages/torch/nn/modules/module.py", line 1518, in _wrapped_call_impl
    return self._call_impl(*args, **kwargs)
           ^^^^^^^^^^^^^^^^^^^^^^^^^^^^^^^^
  File "/storage/software/PyTorch/2.1.2-foss-2023a-CUDA-12.1.1/lib/python3.11/site-packages/torch/nn/modules/module.py", line 1527, in _call_impl
    return forward_call(*args, **kwargs)
           ^^^^^^^^^^^^^^^^^^^^^^^^^^^^^
  File "/storage/software/PyTorch/2.1.2-foss-2023a-CUDA-12.1.1/lib/python3.11/site-packages/torch/nn/modules/container.py", line 215, in forward
    input = module(input)
            ^^^^^^^^^^^^^
  File "/storage/software/PyTorch/2.1.2-foss-2023a-CUDA-12.1.1/lib/python3.11/site-packages/torch/nn/modules/module.py", line 1518, in _wrapped_call_impl
    return self._call_impl(*args, **kwargs)
           ^^^^^^^^^^^^^^^^^^^^^^^^^^^^^^^^
  File "/storage/software/PyTorch/2.1.2-foss-2023a-CUDA-12.1.1/lib/python3.11/site-packages/torch/nn/modules/module.py", line 1527, in _call_impl
    return forward_call(*args, **kwargs)
           ^^^^^^^^^^^^^^^^^^^^^^^^^^^^^
  File "/storage/software/PyTorch/2.1.2-foss-2023a-CUDA-12.1.1/lib/python3.11/site-packages/torch/nn/modules/linear.py", line 114, in forward
    return F.linear(input, self.weight, self.bias)
           ^^^^^^^^^^^^^^^^^^^^^^^^^^^^^^^^^^^^^^^
torch.cuda.OutOfMemoryError: CUDA out of memory. Tried to allocate 1.56 GiB. GPU 0 has a total capacty of 10.57 GiB of which 725.06 MiB is free. Including non-PyTorch memory, this process has 9.85 GiB memory in use. Of the allocated memory 9.60 GiB is allocated by PyTorch, and 58.87 MiB is reserved by PyTorch but unallocated. If reserved but unallocated memory is large try setting max_split_size_mb to avoid fragmentation.  See documentation for Memory Management and PYTORCH_CUDA_ALLOC_CONF
