0
[phase] N=20 omega=0.5 arch=pinn  ->  /itf-fi-ml/home/aleksns/Thesis/results/analysis/2026-07-16_scaling/N20_ctnnbf_s0_w0p5
0
[phase] params=236,336 device=cuda:0 ref_energy=93.8752

=== stage 1/4: Jastrow alone (backflow detached) ===
[adam 00000] E=140.827776 var=1.0147e+02 sig=0.105 acc~0.5 n=256
[adam 00100] E=145.322389 var=9.9290e+01 sig=0.100 acc~0.5 n=256
[adam 00200] E=141.634598 var=9.9486e+01 sig=0.102 acc~0.5 n=256
[adam 00300] E=133.480916 var=8.0515e+01 sig=0.107 acc~0.5 n=256
[adam 00400] E=125.608482 var=5.6835e+01 sig=0.113 acc~0.5 n=256
[adam 00500] E=113.804759 var=3.3253e+01 sig=0.126 acc~0.5 n=256
[adam 00600] E=101.011137 var=9.7074e+00 sig=0.148 acc~0.5 n=256
[adam 00700] E=94.282705 var=8.0416e-01 sig=0.185 acc~0.5 n=256
[adam 00749] E=94.262502 var=8.9509e-01 sig=0.184 acc~0.5 n=256

=== stage 2/4: cusp pre-train SKIPPED (thesis 'bf_then_joint' variant) ===

=== stage 3/4: backflow only (Jastrow frozen) ===
[adam 00000] E=96.059119 var=2.7057e+00 sig=0.203 acc~0.5 n=256 |dx|/ell=0.3469 sat=0.00 com_kill=0.10
[adam 00100] E=94.216912 var=7.0351e-01 sig=0.181 acc~0.5 n=256 |dx|/ell=0.1250 sat=0.00 com_kill=0.64
[adam 00200] E=94.117203 var=8.5359e-01 sig=0.179 acc~0.5 n=256 |dx|/ell=0.1214 sat=0.00 com_kill=0.68
[adam 00300] E=94.043148 var=6.3504e-01 sig=0.181 acc~0.5 n=256 |dx|/ell=0.1044 sat=0.00 com_kill=0.74
[adam 00400] E=94.059099 var=6.6604e-01 sig=0.182 acc~0.5 n=256 |dx|/ell=0.1353 sat=0.00 com_kill=0.65
[adam 00500] E=94.047401 var=5.7046e-01 sig=0.181 acc~0.5 n=256 |dx|/ell=0.1149 sat=0.00 com_kill=0.70
[adam 00600] E=94.086105 var=4.8582e-01 sig=0.180 acc~0.5 n=256 |dx|/ell=0.1264 sat=0.00 com_kill=0.67
[adam 00700] E=93.987150 var=6.2539e-01 sig=0.182 acc~0.5 n=256 |dx|/ell=0.1064 sat=0.00 com_kill=0.70
[adam 00749] E=94.005639 var=5.1694e-01 sig=0.180 acc~0.5 n=256 |dx|/ell=0.1356 sat=0.00 com_kill=0.60

=== stage 4/4: joint (Jastrow released at lr*0.1) ===
[adam 00000] E=94.058424 var=5.1963e-01 sig=0.185 acc~0.5 n=256 |dx|/ell=0.1452 sat=0.00 com_kill=0.58
[adam 00100] E=93.913124 var=3.4434e-01 sig=0.181 acc~0.5 n=256 |dx|/ell=0.0960 sat=0.00 com_kill=0.71
[adam 00200] E=93.916607 var=2.9128e-01 sig=0.180 acc~0.5 n=256 |dx|/ell=0.0902 sat=0.00 com_kill=0.72
[adam 00300] E=93.960148 var=3.4180e-01 sig=0.181 acc~0.5 n=256 |dx|/ell=0.0835 sat=0.00 com_kill=0.75
[adam 00400] E=94.017254 var=3.4968e-01 sig=0.180 acc~0.5 n=256 |dx|/ell=0.0694 sat=0.00 com_kill=0.80
[adam 00500] E=93.968642 var=3.5468e-01 sig=0.180 acc~0.5 n=256 |dx|/ell=0.0696 sat=0.00 com_kill=0.83
[adam 00600] E=93.938404 var=3.8195e-01 sig=0.182 acc~0.5 n=256 |dx|/ell=0.0744 sat=0.00 com_kill=0.79
[adam 00700] E=93.951884 var=3.5415e-01 sig=0.182 acc~0.5 n=256 |dx|/ell=0.0658 sat=0.00 com_kill=0.82
[adam 00800] E=93.885135 var=3.7470e-01 sig=0.181 acc~0.5 n=256 |dx|/ell=0.0735 sat=0.00 com_kill=0.81
[adam 00900] E=93.910634 var=3.4714e-01 sig=0.181 acc~0.5 n=256 |dx|/ell=0.0724 sat=0.00 com_kill=0.79
[adam 00999] E=93.925701 var=3.4952e-01 sig=0.181 acc~0.5 n=256 |dx|/ell=0.0646 sat=0.00 com_kill=0.82
[phase] training done in 455.1 min
Traceback (most recent call last):
  File "/itf-fi-ml/home/aleksns/Thesis/scripts/run_phase_analysis.py", line 532, in <module>
    main()
  File "/itf-fi-ml/home/aleksns/Thesis/scripts/run_phase_analysis.py", line 266, in main
    train_vmc_adam(
  File "/itf-fi-ml/home/aleksns/Thesis/src/analysis/train.py", line 200, in train_vmc_adam
    x, sig, _, _ = _persistent_rw(system.log_psi, x, steps=200, sigma=sig,
                   ^^^^^^^^^^^^^^^^^^^^^^^^^^^^^^^^^^^^^^^^^^^^^^^^^^^^^^^
  File "/storage/software/PyTorch/2.1.2-foss-2023a-CUDA-12.1.1/lib/python3.11/site-packages/torch/utils/_contextlib.py", line 115, in decorate_context
    return func(*args, **kwargs)
           ^^^^^^^^^^^^^^^^^^^^^
  File "/itf-fi-ml/home/aleksns/Thesis/src/functions/Stochastic_Reconfiguration.py", line 41, in _persistent_rw
    lp = psi_log_fn(x) * 2.0  # log |ψ|^2
         ^^^^^^^^^^^^^
  File "/itf-fi-ml/home/aleksns/Thesis/src/analysis/system.py", line 126, in log_psi
    logpsi, _ = psi_fn(
                ^^^^^^^
  File "/itf-fi-ml/home/aleksns/Thesis/src/utils.py", line 57, in wrapper
    return fn(*args, **kwargs)
           ^^^^^^^^^^^^^^^^^^^
  File "/itf-fi-ml/home/aleksns/Thesis/src/functions/Neural_Networks.py", line 1635, in psi_fn
    x_eff = x_batch + (backflow_net(x_batch, spin=spin_bn) if backflow_net is not None else 0.0)
                       ^^^^^^^^^^^^^^^^^^^^^^^^^^^^^^^^^^^
  File "/storage/software/PyTorch/2.1.2-foss-2023a-CUDA-12.1.1/lib/python3.11/site-packages/torch/nn/modules/module.py", line 1518, in _wrapped_call_impl
    return self._call_impl(*args, **kwargs)
           ^^^^^^^^^^^^^^^^^^^^^^^^^^^^^^^^
  File "/storage/software/PyTorch/2.1.2-foss-2023a-CUDA-12.1.1/lib/python3.11/site-packages/torch/nn/modules/module.py", line 1527, in _call_impl
    return forward_call(*args, **kwargs)
           ^^^^^^^^^^^^^^^^^^^^^^^^^^^^^
  File "/itf-fi-ml/home/aleksns/Thesis/src/PINN.py", line 630, in forward
    edge_update_in = torch.cat([h_e, v_i_to_e, v_j_to_e], dim=-1)  # (B,N,N,3*edge_hidden)
                     ^^^^^^^^^^^^^^^^^^^^^^^^^^^^^^^^^^^^^^^^^^^^
torch.cuda.OutOfMemoryError: CUDA out of memory. Tried to allocate 4.69 GiB. GPU 0 has a total capacty of 10.57 GiB of which 4.16 GiB is free. Process 1573042 has 456.00 MiB memory in use. Process 1651082 has 354.00 MiB memory in use. Process 1651204 has 458.00 MiB memory in use. Including non-PyTorch memory, this process has 5.16 GiB memory in use. Of the allocated memory 4.91 GiB is allocated by PyTorch, and 56.87 MiB is reserved by PyTorch but unallocated. If reserved but unallocated memory is large try setting max_split_size_mb to avoid fragmentation.  See documentation for Memory Management and PYTORCH_CUDA_ALLOC_CONF
