0
[phase] N=6 omega=1.0 arch=ctnn_vcycle_big  ->  /itf-fi-ml/home/aleksns/Thesis/results/analysis/2026-07-02_overnight/A_ctnn_bf_s1_w1p0
0
[phase] params=79,813 device=cuda:0 ref_energy=20.15932
[adam 00000] E=23.037658 var=8.1624e+00 sig=0.223 acc~0.5 n=2048
[adam 00015] E=20.375205 var=9.4858e-01 sig=0.279 acc~0.5 n=2048
[adam 00030] E=20.201637 var=2.5907e-01 sig=0.278 acc~0.5 n=2048
[seg 1/4] step=31 E_raw=20.18586 (+0.130%) var=2.936e-01 kappa(S)=9.91e+11 rank=990 cos_sr=0.922 cos_plain=0.236
[adam 00000] E=20.231978 var=2.3421e-01 sig=0.279 acc~0.5 n=2048
[adam 00023] E=20.206395 var=1.5436e-01 sig=0.279 acc~0.5 n=2048
[adam 00046] E=20.171779 var=1.0248e-01 sig=0.280 acc~0.5 n=2048
[seg 2/4] step=78 E_raw=20.17685 (+0.053%) var=1.287e-01 kappa(S)=3.80e+11 rank=1023 cos_sr=0.939 cos_plain=0.093
[adam 00000] E=20.188954 var=1.0794e-01 sig=0.282 acc~0.5 n=2048
[adam 00060] E=20.186188 var=8.4686e-02 sig=0.280 acc~0.5 n=2048
[adam 00119] E=20.179375 var=7.7252e-02 sig=0.279 acc~0.5 n=2048
[seg 3/4] step=198 E_raw=20.18544 (+0.123%) var=1.087e-01 kappa(S)=1.62e+11 rank=1023 cos_sr=0.924 cos_plain=0.131
[adam 00000] E=20.180183 var=8.9362e-02 sig=0.283 acc~0.5 n=2048
[adam 00151] E=20.180917 var=6.6300e-02 sig=0.279 acc~0.5 n=2048
[adam 00301] E=20.168876 var=5.1599e-02 sig=0.280 acc~0.5 n=2048
[seg 4/4] step=500 E_raw=20.15836 (+0.007%) var=7.088e-02 kappa(S)=1.33e+10 rank=1023 cos_sr=0.998 cos_plain=0.022
[phase] training done in 21.3 min
[adam 00000] E=20.176393 var=5.4529e-02 sig=0.280 acc~0.5 n=4096
[adam 00030] E=20.168978 var=5.1865e-02 sig=0.280 acc~0.5 n=4096
[adam 00060] E=20.173455 var=5.4695e-02 sig=0.279 acc~0.5 n=4096
[adam 00090] E=20.176225 var=5.1319e-02 sig=0.280 acc~0.5 n=4096
[adam 00119] E=20.175358 var=5.3435e-02 sig=0.279 acc~0.5 n=4096
[sr 0000] E=20.166119 (+0.034%) var=6.129e-02 |dθ|=1.00e-02 |g|=3.47e-02 damp=1.0e-03 lr=2.00e-01
[sr 0020] E=20.178846 (+0.097%) var=6.587e-02 |dθ|=5.87e-03 |g|=2.90e-02 damp=7.9e-04 lr=1.48e-01
[sr 0040] E=20.168184 (+0.044%) var=6.650e-02 |dθ|=3.45e-03 |g|=2.38e-02 damp=6.3e-04 lr=1.10e-01
[sr 0060] E=20.166249 (+0.034%) var=7.147e-02 |dθ|=2.02e-03 |g|=9.05e-02 damp=5.0e-04 lr=8.11e-02
[sr 0080] E=20.155490 (-0.019%) var=6.437e-02 |dθ|=1.19e-03 |g|=1.27e-02 damp=4.0e-04 lr=6.00e-02
[sr 0100] E=20.159533 (+0.001%) var=5.949e-02 |dθ|=6.98e-04 |g|=7.60e-02 damp=3.1e-04 lr=4.44e-02
[sr 0120] E=20.176812 (+0.087%) var=6.397e-02 |dθ|=4.10e-04 |g|=2.48e-02 damp=2.5e-04 lr=3.28e-02
[sr 0140] E=20.160998 (+0.008%) var=6.235e-02 |dθ|=2.41e-04 |g|=9.27e-02 damp=2.0e-04 lr=2.43e-02
[sr 0160] E=20.174320 (+0.074%) var=6.620e-02 |dθ|=1.41e-04 |g|=2.51e-02 damp=1.6e-04 lr=1.80e-02
[sr 0180] E=20.167996 (+0.043%) var=6.612e-02 |dθ|=8.29e-05 |g|=1.46e-01 damp=1.2e-04 lr=1.33e-02
[sr 0199] E=20.172472 (+0.065%) var=6.368e-02 |dθ|=5.00e-05 |g|=9.23e-02 damp=1.0e-04 lr=1.00e-02
[phase] summary:
{
  "N": 6,
  "omega": 1.0,
  "arch": "ctnn_vcycle_big",
  "n_params": 79813,
  "final": {
    "E_mean": 20.17431067044219,
    "E_mean_raw": 20.171871162797757,
    "E_stderr": 0.0033213223416959626,
    "var_EL": 0.06538128958242954,
    "n_samples": 8192,
    "frac_clipped": 0.0164794921875,
    "ref_energy": 20.15932,
    "error_pct": 0.07436099254433208,
    "error_sigma": 4.513464487922416
  },
  "energy_raw": 20.171871162797757,
  "error_pct_raw": 0.06225985200768638,
  "energy_zv": 20.165230636402324,
  "error_pct_zv": 0.02931962190353108,
  "zv_n_points": 5,
  "spectrum": {
    "lam_max": 52.96448183950609,
    "lam_min_supported": 3.6497170869107136e-10,
    "effective_rank": 1.2484841016570691,
    "numerical_rank": 2047,
    "condition_number": 145119417692.55774,
    "n_params": 79813,
    "n_samples": 2048
  },
  "alignment": {
    "cos_sr": 0.9638274515227728,
    "cos_plain": 0.013975831592830244,
    "rep_fraction": 0.9638274515227728,
    "ntk_condition": 9999788128.935064,
    "ntk_eff_rank": 1.2484840587723707,
    "ntk_numerical_rank": 1579
  },
  "n_align_samples": 2048
}
