0
[phase] N=6 omega=1.0 arch=ctnn_vcycle_big  ->  /itf-fi-ml/home/aleksns/Thesis/results/analysis/2026-07-02_overnight/B_ctnn_bf_colloc_s0_w1p0
0
[phase] params=79,813 device=cuda:0 ref_energy=20.15932
[colloc 00000] E_weak=35.293289 ESS=0.393 n=2048
[colloc 00043] E_weak=24.303541 ESS=0.354 n=2048
[colloc 00086] E_weak=27.747763 ESS=0.379 n=2048
[seg 1/4] step=87 E_raw=20.94174 (+3.871%) var=2.911e+00 kappa(S)=3.11e+11 rank=1023 cos_sr=0.994 cos_plain=0.272
[colloc 00000] E_weak=23.340815 ESS=0.337 n=2048
[colloc 00066] E_weak=22.762464 ESS=0.340 n=2048
[colloc 00132] E_weak=23.680456 ESS=0.338 n=2048
[seg 2/4] step=220 E_raw=20.30072 (+0.701%) var=5.440e-01 kappa(S)=9.93e+09 rank=1023 cos_sr=1.000 cos_plain=0.204
[colloc 00000] E_weak=22.707823 ESS=0.337 n=2048
[colloc 00167] E_weak=22.390952 ESS=0.331 n=2048
[colloc 00334] E_weak=22.094021 ESS=0.341 n=2048
[seg 3/4] step=555 E_raw=20.52403 (+1.844%) var=1.380e+00 kappa(S)=2.47e+09 rank=1023 cos_sr=1.000 cos_plain=0.483
[colloc 00000] E_weak=22.106900 ESS=0.330 n=2048
[colloc 00422] E_weak=22.258932 ESS=0.320 n=2048
[colloc 00844] E_weak=21.996631 ESS=0.322 n=2048
[seg 4/4] step=1400 E_raw=20.43724 (+1.125%) var=8.878e-01 kappa(S)=2.31e+09 rank=1023 cos_sr=1.000 cos_plain=0.287
[phase] training done in 12.1 min
[colloc 00000] E_weak=21.943044 ESS=0.321 n=2048
[colloc 00075] E_weak=21.691655 ESS=0.317 n=2048
[colloc 00150] E_weak=21.897670 ESS=0.317 n=2048
[colloc 00225] E_weak=21.551598 ESS=0.311 n=2048
[colloc 00299] E_weak=21.810940 ESS=0.327 n=2048
[phase] summary:
{
  "N": 6,
  "omega": 1.0,
  "arch": "ctnn_vcycle_big",
  "n_params": 79813,
  "final": {
    "E_mean": 20.420194983253424,
    "E_mean_raw": 20.50295801773519,
    "E_stderr": 0.010898527675002299,
    "var_EL": 1.0446877699852428,
    "n_samples": 8192,
    "frac_clipped": 0.0093994140625,
    "ref_energy": 20.15932,
    "error_pct": 1.2940663834565003,
    "error_sigma": 23.93671797079397
  },
  "energy_raw": 20.50295801773519,
  "error_pct_raw": 1.7046111562056054,
  "energy_zv": 20.191101954741896,
  "error_pct_zv": 0.15765390272040392,
  "zv_n_points": 5,
  "spectrum": {
    "lam_max": 80.20840614602437,
    "lam_min_supported": 1.1608739491983495e-09,
    "effective_rank": 1.2159520217886033,
    "numerical_rank": 2047,
    "condition_number": 69093122643.86061,
    "n_params": 79813,
    "n_samples": 2048
  },
  "alignment": {
    "cos_sr": 0.999407047978718,
    "cos_plain": 0.11902931272666571,
    "rep_fraction": 0.999407047978718,
    "ntk_condition": 9908058563.954155,
    "ntk_eff_rank": 1.2159519913124361,
    "ntk_numerical_rank": 1779
  },
  "n_align_samples": 2048
}
