0
[phase] N=2 omega=0.01 arch=pinn  ->  /itf-fi-ml/home/aleksns/Thesis/results/analysis/2026-08-05_paradigm_optimizer/base_N2_s0_w0p01
0
[phase] params=236,336 device=cuda:0 ref_energy=0.073839
[adam 00000] E=0.136491 var=2.2094e-03 sig=2.000 acc~0.5 n=2048 |dx|/ell=0.0137 sat=0.00 com_kill=0.63
[adam 00031] E=0.132950 var=2.0685e-03 sig=2.000 acc~0.5 n=2048 |dx|/ell=0.0685 sat=0.26 com_kill=0.17
[adam 00061] E=0.130263 var=2.3914e-03 sig=2.000 acc~0.5 n=2048 |dx|/ell=0.0406 sat=0.80 com_kill=0.58
[seg 1/12] step=62 E_raw=0.13197 (+78.727%) var=2.350e-03 kappa(S)=9.50e+11 rank=607 cos_sr=0.993 cos_plain=0.552
[adam 00000] E=0.131100 var=2.4196e-03 sig=2.000 acc~0.5 n=2048 |dx|/ell=0.0387 sat=0.80 com_kill=0.60
[adam 00013] E=0.131506 var=2.0835e-03 sig=2.000 acc~0.5 n=2048 |dx|/ell=0.0392 sat=0.77 com_kill=0.60
[adam 00025] E=0.127658 var=2.1460e-03 sig=2.000 acc~0.5 n=2048 |dx|/ell=0.0454 sat=0.73 com_kill=0.53
[seg 2/12] step=88 E_raw=0.13021 (+76.344%) var=2.059e-03 kappa(S)=9.81e+11 rank=648 cos_sr=0.992 cos_plain=0.560
[adam 00000] E=0.129940 var=2.0035e-03 sig=2.000 acc~0.5 n=2048 |dx|/ell=0.0474 sat=0.74 com_kill=0.51
[adam 00019] E=0.128012 var=2.0168e-03 sig=2.000 acc~0.5 n=2048 |dx|/ell=0.0436 sat=0.75 com_kill=0.55
[adam 00037] E=0.128044 var=1.8852e-03 sig=2.000 acc~0.5 n=2048 |dx|/ell=0.0460 sat=0.75 com_kill=0.53
[seg 3/12] step=126 E_raw=0.12785 (+73.163%) var=2.106e-03 kappa(S)=9.89e+11 rank=648 cos_sr=0.985 cos_plain=0.555
[adam 00000] E=0.126934 var=2.0419e-03 sig=2.000 acc~0.5 n=2048 |dx|/ell=0.0550 sat=0.73 com_kill=0.43
[adam 00026] E=0.126298 var=1.9369e-03 sig=2.000 acc~0.5 n=2048 |dx|/ell=0.0432 sat=0.72 com_kill=0.56
[adam 00052] E=0.124388 var=1.8383e-03 sig=2.000 acc~0.5 n=2048 |dx|/ell=0.0456 sat=0.74 com_kill=0.54
[seg 4/12] step=179 E_raw=0.12267 (+66.125%) var=1.876e-03 kappa(S)=9.92e+11 rank=664 cos_sr=0.996 cos_plain=0.575
[adam 00000] E=0.123954 var=1.9133e-03 sig=2.000 acc~0.5 n=2048 |dx|/ell=0.0586 sat=0.72 com_kill=0.41
[adam 00037] E=0.120836 var=1.7335e-03 sig=2.000 acc~0.5 n=2048 |dx|/ell=0.0588 sat=0.72 com_kill=0.41
[adam 00074] E=0.116917 var=1.7278e-03 sig=2.000 acc~0.5 n=2048 |dx|/ell=0.0554 sat=0.77 com_kill=0.46
[seg 5/12] step=254 E_raw=0.11976 (+62.188%) var=1.663e-03 kappa(S)=9.43e+11 rank=664 cos_sr=0.992 cos_plain=0.572
[adam 00000] E=0.116488 var=1.7359e-03 sig=2.000 acc~0.5 n=2048 |dx|/ell=0.0376 sat=0.73 com_kill=0.63
[adam 00054] E=0.109975 var=1.4870e-03 sig=2.000 acc~0.5 n=2048 |dx|/ell=0.0564 sat=0.77 com_kill=0.46
[adam 00107] E=0.095998 var=1.0578e-03 sig=2.000 acc~0.5 n=2048 |dx|/ell=0.0735 sat=0.80 com_kill=0.31
[seg 6/12] step=362 E_raw=0.09556 (+29.413%) var=9.786e-04 kappa(S)=9.73e+11 rank=641 cos_sr=0.996 cos_plain=0.771
[adam 00000] E=0.096747 var=9.8900e-04 sig=2.000 acc~0.5 n=2048 |dx|/ell=0.0724 sat=0.79 com_kill=0.32
[adam 00076] E=0.082449 var=3.8368e-04 sig=2.000 acc~0.5 n=2048 |dx|/ell=0.0663 sat=0.63 com_kill=0.36
[adam 00151] E=0.077097 var=1.3313e-04 sig=2.000 acc~0.5 n=2048 |dx|/ell=0.0673 sat=0.62 com_kill=0.36
[seg 7/12] step=514 E_raw=0.07826 (+5.233%) var=1.806e-04 kappa(S)=9.19e+11 rank=943 cos_sr=0.998 cos_plain=0.238
[adam 00000] E=0.076867 var=1.3602e-04 sig=2.000 acc~0.5 n=2048 |dx|/ell=0.0972 sat=0.77 com_kill=0.13
[adam 00109] E=0.073732 var=1.2077e-05 sig=2.000 acc~0.5 n=2048 |dx|/ell=0.0638 sat=0.54 com_kill=0.38
[adam 00217] E=0.073481 var=2.6918e-06 sig=2.000 acc~0.5 n=2048 |dx|/ell=0.0717 sat=0.50 com_kill=0.29
[seg 8/12] step=732 E_raw=0.07409 (-0.486%) var=3.317e-06 kappa(S)=9.01e+11 rank=1020 cos_sr=1.000 cos_plain=0.205
[adam 00000] E=0.073490 var=2.4741e-06 sig=2.000 acc~0.5 n=2048 |dx|/ell=0.0825 sat=0.55 com_kill=0.22
[adam 00154] E=0.073767 var=3.0563e-07 sig=2.000 acc~0.5 n=2048 |dx|/ell=0.0662 sat=0.46 com_kill=0.29
[adam 00308] E=0.073810 var=1.0260e-07 sig=2.000 acc~0.5 n=2048 |dx|/ell=0.0671 sat=0.45 com_kill=0.29
[seg 9/12] step=1041 E_raw=0.07382 (-0.048%) var=1.414e-07 kappa(S)=8.12e+11 rank=1022 cos_sr=1.000 cos_plain=0.062
[adam 00000] E=0.073824 var=1.0412e-07 sig=2.000 acc~0.5 n=2048 |dx|/ell=0.0772 sat=0.44 com_kill=0.20
[adam 00220] E=0.073836 var=5.1016e-08 sig=2.000 acc~0.5 n=2048 |dx|/ell=0.0665 sat=0.42 com_kill=0.30
[adam 00440] E=0.073839 var=2.9910e-08 sig=2.000 acc~0.5 n=2048 |dx|/ell=0.0639 sat=0.43 com_kill=0.32
[seg 10/12] step=1482 E_raw=0.07386 (-0.000%) var=2.927e-08 kappa(S)=9.31e+11 rank=1019 cos_sr=1.000 cos_plain=0.105
[adam 00000] E=0.073838 var=2.1075e-08 sig=2.000 acc~0.5 n=2048 |dx|/ell=0.0596 sat=0.45 com_kill=0.40
[adam 00313] E=0.073846 var=1.0146e-08 sig=2.000 acc~0.5 n=2048 |dx|/ell=0.0622 sat=0.40 com_kill=0.34
[adam 00625] E=0.073834 var=6.8062e-09 sig=2.000 acc~0.5 n=2048 |dx|/ell=0.0623 sat=0.39 com_kill=0.34
[seg 11/12] step=2108 E_raw=0.07385 (-0.000%) var=6.830e-09 kappa(S)=9.78e+11 rank=1006 cos_sr=1.000 cos_plain=0.092
[adam 00000] E=0.073834 var=5.9570e-09 sig=2.000 acc~0.5 n=2048 |dx|/ell=0.0616 sat=0.41 com_kill=0.36
[adam 00446] E=0.073835 var=4.2121e-09 sig=2.000 acc~0.5 n=2048 |dx|/ell=0.0619 sat=0.38 com_kill=0.33
[adam 00891] E=0.073837 var=3.0070e-09 sig=2.000 acc~0.5 n=2048 |dx|/ell=0.0621 sat=0.35 com_kill=0.34
[seg 12/12] step=3000 E_raw=0.07380 (-0.004%) var=3.930e-09 kappa(S)=9.53e+11 rank=1001 cos_sr=1.000 cos_plain=0.089
[phase] training done in 51.9 min
[adam 00000] E=0.073835 var=2.5702e-09 sig=2.000 acc~0.5 n=4096 |dx|/ell=0.0607 sat=0.37 com_kill=0.34
[adam 00125] E=0.073837 var=2.1687e-09 sig=2.000 acc~0.5 n=4096 |dx|/ell=0.0613 sat=0.37 com_kill=0.34
[adam 00250] E=0.073835 var=2.2776e-09 sig=2.000 acc~0.5 n=4096 |dx|/ell=0.0605 sat=0.36 com_kill=0.35
[adam 00375] E=0.073837 var=2.0449e-09 sig=2.000 acc~0.5 n=4096 |dx|/ell=0.0619 sat=0.37 com_kill=0.33
[adam 00499] E=0.073836 var=2.0207e-09 sig=2.000 acc~0.5 n=4096 |dx|/ell=0.0606 sat=0.38 com_kill=0.35
[phase] summary:
{
  "N": 2,
  "omega": 0.01,
  "arch": "pinn",
  "n_params": 236336,
  "final": {
    "E_mean": 0.07383563193203946,
    "E_mean_raw": 0.0738316033930867,
    "E_stderr": 5.857536517857416e-07,
    "var_EL": 2.9970553001781935e-09,
    "n_samples": 8192,
    "frac_clipped": 0.0299072265625,
    "ref_energy": 0.073839,
    "error_pct": -0.004561367245688002,
    "error_sigma": -5.749973474814193
  },
  "energy_raw": 0.0738316033930867,
  "error_pct_raw": -0.01001720894554927,
  "energy_zv": 0.07383036829794724,
  "error_pct_zv": -0.01168989565508499,
  "zv_n_points": 6,
  "spectrum": {
    "lam_max": 15.803849274991247,
    "lam_min_supported": 1.5922761874810735e-11,
    "effective_rank": 1.2390250253324855,
    "numerical_rank": 1575,
    "condition_number": 992531911187.6185,
    "n_params": 236336,
    "n_samples": 2048
  },
  "alignment": {
    "cos_sr": 0.9999442965343832,
    "cos_plain": 0.0673174671417016,
    "rep_fraction": 0.9999442965343832,
    "ntk_condition": 9979282686.872435,
    "ntk_eff_rank": 1.2390249973805667,
    "ntk_numerical_rank": 997
  },
  "n_align_samples": 2048,
  "exact": {
    "energy": 0.07383504069660732,
    "cusp_slope": 0.9976137418475796,
    "overlap_sq": 0.9999924551732222
  }
}
