0
[phase] N=6 omega=0.01 arch=pinn  ->  results/analysis/2026-07-11_pinn_ansatz_v3/pinn_ctnnbf_s0_w0p01
0
[phase] warm-started from results/analysis/2026-07-11_pinn_ansatz_v3/pinn_ctnnbf_s0_w0p1/checkpoint.pt (omega 0.1 -> 0.01)
[phase] params=236,336 device=cuda:0 ref_energy=0.69036
[adam 00000] E=1.687506 var=5.1542e-02 sig=1.170 acc~0.5 n=2048 |dx|/ell=0.0409 sat=0.00 com_kill=0.10
[adam 00093] E=1.304182 var=4.5278e-02 sig=1.416 acc~0.5 n=2048 |dx|/ell=0.1337 sat=0.59 com_kill=0.10
[adam 00186] E=0.721230 var=2.3190e-03 sig=2.000 acc~0.5 n=2048 |dx|/ell=0.1160 sat=0.16 com_kill=0.10
[seg 1/4] step=187 E_raw=0.72000 (+4.211%) var=2.290e-03 kappa(S)=9.60e+06 rank=1023 cos_sr=1.000 cos_plain=0.167
[adam 00000] E=0.724052 var=2.4599e-03 sig=2.000 acc~0.5 n=2048 |dx|/ell=0.1342 sat=0.46 com_kill=0.07
[adam 00142] E=0.698443 var=6.1417e-04 sig=2.000 acc~0.5 n=2048 |dx|/ell=0.1027 sat=0.05 com_kill=0.08
[adam 00284] E=0.695384 var=2.5611e-04 sig=2.000 acc~0.5 n=2048 |dx|/ell=0.1044 sat=0.03 com_kill=0.08
[seg 2/4] step=472 E_raw=0.69585 (+0.757%) var=3.532e-04 kappa(S)=2.81e+06 rank=1023 cos_sr=1.000 cos_plain=0.129
[adam 00000] E=0.696891 var=3.9268e-04 sig=2.000 acc~0.5 n=2048 |dx|/ell=0.1163 sat=0.23 com_kill=0.15
[adam 00358] E=0.692153 var=9.6711e-05 sig=2.000 acc~0.5 n=2048 |dx|/ell=0.0879 sat=0.01 com_kill=0.09
[adam 00716] E=0.691149 var=6.1121e-05 sig=2.000 acc~0.5 n=2048 |dx|/ell=0.0813 sat=0.01 com_kill=0.11
[seg 3/4] step=1189 E_raw=0.69196 (+0.178%) var=8.775e-05 kappa(S)=3.36e+05 rank=1023 cos_sr=1.000 cos_plain=0.158
[adam 00000] E=0.691548 var=8.0846e-05 sig=2.000 acc~0.5 n=2048 |dx|/ell=0.1190 sat=0.06 com_kill=0.06
[adam 00905] E=0.690519 var=2.6966e-05 sig=2.000 acc~0.5 n=2048 |dx|/ell=0.0808 sat=0.01 com_kill=0.12
[adam 01810] E=0.690408 var=1.7517e-05 sig=2.000 acc~0.5 n=2048 |dx|/ell=0.0845 sat=0.00 com_kill=0.08
[seg 4/4] step=3000 E_raw=0.69023 (-0.020%) var=2.295e-05 kappa(S)=4.67e+05 rank=1023 cos_sr=1.000 cos_plain=0.173
[phase] training done in 171.8 min
[adam 00000] E=0.690260 var=2.1797e-05 sig=2.000 acc~0.5 n=4096 |dx|/ell=0.0864 sat=0.01 com_kill=0.09
[adam 00125] E=0.690089 var=1.4051e-05 sig=2.000 acc~0.5 n=4096 |dx|/ell=0.0878 sat=0.00 com_kill=0.10
[adam 00250] E=0.689996 var=1.3766e-05 sig=2.000 acc~0.5 n=4096 |dx|/ell=0.0879 sat=0.00 com_kill=0.09
[adam 00375] E=0.690083 var=1.3133e-05 sig=2.000 acc~0.5 n=4096 |dx|/ell=0.0910 sat=0.00 com_kill=0.08
[adam 00499] E=0.690056 var=1.3689e-05 sig=2.000 acc~0.5 n=4096 |dx|/ell=0.0910 sat=0.01 com_kill=0.08
[sr 0000] E=0.690024 (-0.049%) var=2.087e-05 |dθ|=6.42e-03 |g|=4.33e-03 damp=1.0e-03 lr=2.00e-01 |dx|/ell=0.0941 sat=0.01 com_kill=0.08
[sr 0050] E=0.690094 (-0.039%) var=1.693e-05 |dθ|=4.80e-03 |g|=2.87e-03 damp=7.9e-04 lr=1.48e-01 |dx|/ell=0.0887 sat=0.00 com_kill=0.08
[sr 0100] E=0.689991 (-0.054%) var=1.563e-05 |dθ|=3.46e-03 |g|=4.18e-03 damp=6.3e-04 lr=1.10e-01 |dx|/ell=0.0930 sat=0.00 com_kill=0.08
[sr 0150] E=0.690076 (-0.041%) var=1.548e-05 |dθ|=2.03e-03 |g|=3.76e-03 damp=5.0e-04 lr=8.13e-02 |dx|/ell=0.0928 sat=0.00 com_kill=0.08
[sr 0200] E=0.690228 (-0.019%) var=1.548e-05 |dθ|=1.20e-03 |g|=3.93e-03 damp=4.0e-04 lr=6.02e-02 |dx|/ell=0.0899 sat=0.00 com_kill=0.09
[sr 0250] E=0.690222 (-0.020%) var=1.551e-05 |dθ|=7.03e-04 |g|=2.65e-03 damp=3.2e-04 lr=4.46e-02 |dx|/ell=0.0926 sat=0.00 com_kill=0.07
[sr 0300] E=0.690090 (-0.039%) var=1.578e-05 |dθ|=4.14e-04 |g|=3.85e-03 damp=2.5e-04 lr=3.30e-02 |dx|/ell=0.0891 sat=0.00 com_kill=0.08
[sr 0350] E=0.690104 (-0.037%) var=1.709e-05 |dθ|=2.43e-04 |g|=4.25e-03 damp=2.0e-04 lr=2.45e-02 |dx|/ell=0.0888 sat=0.00 com_kill=0.09
[sr 0400] E=0.689970 (-0.057%) var=1.510e-05 |dθ|=1.43e-04 |g|=3.05e-03 damp=1.6e-04 lr=1.81e-02 |dx|/ell=0.0869 sat=0.00 com_kill=0.10
[sr 0450] E=0.689989 (-0.054%) var=1.632e-05 |dθ|=8.41e-05 |g|=3.03e-03 damp=1.3e-04 lr=1.34e-02 |dx|/ell=0.0880 sat=0.00 com_kill=0.09
[sr 0499] E=0.690063 (-0.043%) var=1.680e-05 |dθ|=5.00e-05 |g|=3.27e-03 damp=1.0e-04 lr=1.00e-02 |dx|/ell=0.0930 sat=0.00 com_kill=0.08
Traceback (most recent call last):
  File "/itf-fi-ml/home/aleksns/Thesis/scripts/run_phase_analysis.py", line 532, in <module>
    main()
  File "/itf-fi-ml/home/aleksns/Thesis/scripts/run_phase_analysis.py", line 303, in main
    spf = dg.kernel_spectrum(Of)
          ^^^^^^^^^^^^^^^^^^^^^^
  File "/itf-fi-ml/home/aleksns/Thesis/src/analysis/diagnostics.py", line 54, in kernel_spectrum
    s = torch.linalg.svdvals(O.double())  # singular values of O
        ^^^^^^^^^^^^^^^^^^^^^^^^^^^^^^^^
torch.cuda.OutOfMemoryError: CUDA out of memory. Tried to allocate 3.61 GiB. GPU 0 has a total capacty of 10.57 GiB of which 1.19 GiB is free. Including non-PyTorch memory, this process has 9.37 GiB memory in use. Of the allocated memory 9.07 GiB is allocated by PyTorch, and 73.52 MiB is reserved by PyTorch but unallocated. If reserved but unallocated memory is large try setting max_split_size_mb to avoid fragmentation.  See documentation for Memory Management and PYTORCH_CUDA_ALLOC_CONF
