0
[phase] N=20 omega=0.28 arch=pinn  ->  /itf-fi-ml/home/aleksns/Thesis/results/analysis/2026-07-16_scaling/N20_ctnnbf_s0_w0p28
0
[phase] params=236,336 device=cuda:0 ref_energy=61.9268

=== stage 1/4: Jastrow alone (backflow detached) ===
[adam 00000] E=104.429771 var=6.8922e+01 sig=0.130 acc~0.5 n=128
[adam 00100] E=110.136851 var=5.0988e+01 sig=0.121 acc~0.5 n=128
[adam 00200] E=109.113611 var=5.3963e+01 sig=0.123 acc~0.5 n=128
[adam 00300] E=102.079634 var=3.1420e+01 sig=0.128 acc~0.5 n=128
[adam 00400] E=95.870193 var=3.5895e+01 sig=0.137 acc~0.5 n=128
[adam 00500] E=86.063292 var=2.6719e+01 sig=0.150 acc~0.5 n=128
[adam 00600] E=74.346441 var=1.2398e+01 sig=0.176 acc~0.5 n=128
[adam 00700] E=64.019780 var=1.5604e+00 sig=0.223 acc~0.5 n=128
[adam 00749] E=62.217828 var=3.3733e-01 sig=0.253 acc~0.5 n=128

=== stage 2/4: cusp pre-train SKIPPED (thesis 'bf_then_joint' variant) ===

=== stage 3/4: backflow only (Jastrow frozen) ===
[adam 00000] E=62.979600 var=9.1948e-01 sig=0.279 acc~0.5 n=128 |dx|/ell=0.2691 sat=0.00 com_kill=0.09
[adam 00100] E=62.274672 var=4.0502e-01 sig=0.254 acc~0.5 n=128 |dx|/ell=0.0001 sat=1.00 com_kill=1.00
[adam 00200] E=62.264148 var=3.0579e-01 sig=0.254 acc~0.5 n=128 |dx|/ell=0.0239 sat=0.66 com_kill=0.95
[adam 00300] E=62.211702 var=3.0217e-01 sig=0.251 acc~0.5 n=128 |dx|/ell=0.0817 sat=0.47 com_kill=0.82
[adam 00400] E=62.204010 var=2.6748e-01 sig=0.252 acc~0.5 n=128 |dx|/ell=0.1351 sat=0.27 com_kill=0.68
[adam 00500] E=62.090564 var=3.0669e-01 sig=0.250 acc~0.5 n=128 |dx|/ell=0.1278 sat=0.20 com_kill=0.67
[adam 00600] E=62.211919 var=3.0788e-01 sig=0.253 acc~0.5 n=128 |dx|/ell=0.0533 sat=0.31 com_kill=0.88
[adam 00700] E=62.122669 var=2.1080e-01 sig=0.253 acc~0.5 n=128 |dx|/ell=0.1312 sat=0.04 com_kill=0.65
[adam 00749] E=62.084035 var=2.4264e-01 sig=0.249 acc~0.5 n=128 |dx|/ell=0.1440 sat=0.02 com_kill=0.53

=== stage 4/4: joint (Jastrow released at lr*0.1) ===
[adam 00000] E=62.098426 var=2.7452e-01 sig=0.262 acc~0.5 n=128 |dx|/ell=0.1062 sat=0.03 com_kill=0.68
[adam 00100] E=62.109922 var=2.4334e-01 sig=0.246 acc~0.5 n=128 |dx|/ell=0.1165 sat=0.07 com_kill=0.69
[adam 00200] E=62.130619 var=2.9036e-01 sig=0.245 acc~0.5 n=128 |dx|/ell=0.0932 sat=0.01 com_kill=0.73
[adam 00300] E=62.088855 var=2.3165e-01 sig=0.244 acc~0.5 n=128 |dx|/ell=0.1207 sat=0.00 com_kill=0.58
[adam 00400] E=62.054817 var=2.1358e-01 sig=0.244 acc~0.5 n=128 |dx|/ell=0.1013 sat=0.00 com_kill=0.69
[adam 00500] E=62.092402 var=1.9129e-01 sig=0.246 acc~0.5 n=128 |dx|/ell=0.0689 sat=0.00 com_kill=0.78
[adam 00600] E=62.056687 var=2.1560e-01 sig=0.248 acc~0.5 n=128 |dx|/ell=0.0676 sat=0.00 com_kill=0.78
[adam 00700] E=62.023285 var=1.5233e-01 sig=0.245 acc~0.5 n=128 |dx|/ell=0.0816 sat=0.00 com_kill=0.72
[adam 00800] E=62.046146 var=1.5364e-01 sig=0.250 acc~0.5 n=128 |dx|/ell=0.0818 sat=0.00 com_kill=0.67
[adam 00900] E=62.035532 var=1.2828e-01 sig=0.247 acc~0.5 n=128 |dx|/ell=0.0894 sat=0.00 com_kill=0.58
[adam 00999] E=62.001310 var=1.3153e-01 sig=0.243 acc~0.5 n=128 |dx|/ell=0.0845 sat=0.00 com_kill=0.61
[phase] training done in 164.5 min
Traceback (most recent call last):
  File "/itf-fi-ml/home/aleksns/Thesis/scripts/run_phase_analysis.py", line 532, in <module>
    main()
  File "/itf-fi-ml/home/aleksns/Thesis/scripts/run_phase_analysis.py", line 266, in main
    train_vmc_adam(
  File "/itf-fi-ml/home/aleksns/Thesis/src/analysis/train.py", line 200, in train_vmc_adam
    x, sig, _, _ = _persistent_rw(system.log_psi, x, steps=200, sigma=sig,
                   ^^^^^^^^^^^^^^^^^^^^^^^^^^^^^^^^^^^^^^^^^^^^^^^^^^^^^^^
  File "/storage/software/PyTorch/2.1.2-foss-2023a-CUDA-12.1.1/lib/python3.11/site-packages/torch/utils/_contextlib.py", line 115, in decorate_context
    return func(*args, **kwargs)
           ^^^^^^^^^^^^^^^^^^^^^
  File "/itf-fi-ml/home/aleksns/Thesis/src/functions/Stochastic_Reconfiguration.py", line 41, in _persistent_rw
    lp = psi_log_fn(x) * 2.0  # log |ψ|^2
         ^^^^^^^^^^^^^
  File "/itf-fi-ml/home/aleksns/Thesis/src/analysis/system.py", line 126, in log_psi
    logpsi, _ = psi_fn(
                ^^^^^^^
  File "/itf-fi-ml/home/aleksns/Thesis/src/utils.py", line 57, in wrapper
    return fn(*args, **kwargs)
           ^^^^^^^^^^^^^^^^^^^
  File "/itf-fi-ml/home/aleksns/Thesis/src/functions/Neural_Networks.py", line 1635, in psi_fn
    x_eff = x_batch + (backflow_net(x_batch, spin=spin_bn) if backflow_net is not None else 0.0)
                       ^^^^^^^^^^^^^^^^^^^^^^^^^^^^^^^^^^^
  File "/storage/software/PyTorch/2.1.2-foss-2023a-CUDA-12.1.1/lib/python3.11/site-packages/torch/nn/modules/module.py", line 1518, in _wrapped_call_impl
    return self._call_impl(*args, **kwargs)
           ^^^^^^^^^^^^^^^^^^^^^^^^^^^^^^^^
  File "/storage/software/PyTorch/2.1.2-foss-2023a-CUDA-12.1.1/lib/python3.11/site-packages/torch/nn/modules/module.py", line 1527, in _call_impl
    return forward_call(*args, **kwargs)
           ^^^^^^^^^^^^^^^^^^^^^^^^^^^^^
  File "/itf-fi-ml/home/aleksns/Thesis/src/PINN.py", line 631, in forward
    h_e_new = self.edge_update(edge_update_in)  # (B,N,N,edge_hidden)
              ^^^^^^^^^^^^^^^^^^^^^^^^^^^^^^^^
  File "/storage/software/PyTorch/2.1.2-foss-2023a-CUDA-12.1.1/lib/python3.11/site-packages/torch/nn/modules/module.py", line 1518, in _wrapped_call_impl
    return self._call_impl(*args, **kwargs)
           ^^^^^^^^^^^^^^^^^^^^^^^^^^^^^^^^
  File "/storage/software/PyTorch/2.1.2-foss-2023a-CUDA-12.1.1/lib/python3.11/site-packages/torch/nn/modules/module.py", line 1527, in _call_impl
    return forward_call(*args, **kwargs)
           ^^^^^^^^^^^^^^^^^^^^^^^^^^^^^
  File "/storage/software/PyTorch/2.1.2-foss-2023a-CUDA-12.1.1/lib/python3.11/site-packages/torch/nn/modules/container.py", line 215, in forward
    input = module(input)
            ^^^^^^^^^^^^^
  File "/storage/software/PyTorch/2.1.2-foss-2023a-CUDA-12.1.1/lib/python3.11/site-packages/torch/nn/modules/module.py", line 1518, in _wrapped_call_impl
    return self._call_impl(*args, **kwargs)
           ^^^^^^^^^^^^^^^^^^^^^^^^^^^^^^^^
  File "/storage/software/PyTorch/2.1.2-foss-2023a-CUDA-12.1.1/lib/python3.11/site-packages/torch/nn/modules/module.py", line 1527, in _call_impl
    return forward_call(*args, **kwargs)
           ^^^^^^^^^^^^^^^^^^^^^^^^^^^^^
  File "/storage/software/PyTorch/2.1.2-foss-2023a-CUDA-12.1.1/lib/python3.11/site-packages/torch/nn/modules/linear.py", line 114, in forward
    return F.linear(input, self.weight, self.bias)
           ^^^^^^^^^^^^^^^^^^^^^^^^^^^^^^^^^^^^^^^
torch.cuda.OutOfMemoryError: CUDA out of memory. Tried to allocate 1.56 GiB. GPU 0 has a total capacty of 10.57 GiB of which 727.06 MiB is free. Including non-PyTorch memory, this process has 9.85 GiB memory in use. Of the allocated memory 9.60 GiB is allocated by PyTorch, and 58.87 MiB is reserved by PyTorch but unallocated. If reserved but unallocated memory is large try setting max_split_size_mb to avoid fragmentation.  See documentation for Memory Management and PYTORCH_CUDA_ALLOC_CONF
