0
[phase] N=2 omega=0.01 arch=pinn  ->  /itf-fi-ml/home/aleksns/Thesis/results/analysis/2026-08-05_paradigm_optimizer/base_N2_s1_w0p01
0
[phase] params=236,336 device=cuda:0 ref_energy=0.073839
[adam 00000] E=0.135546 var=2.1907e-03 sig=2.000 acc~0.5 n=2048 |dx|/ell=0.0142 sat=0.00 com_kill=0.56
[adam 00031] E=0.130468 var=2.1404e-03 sig=2.000 acc~0.5 n=2048 |dx|/ell=0.0725 sat=0.47 com_kill=0.18
[adam 00061] E=0.130093 var=2.1578e-03 sig=2.000 acc~0.5 n=2048 |dx|/ell=0.0421 sat=0.80 com_kill=0.56
[seg 1/12] step=62 E_raw=0.12973 (+75.694%) var=2.097e-03 kappa(S)=9.89e+11 rank=649 cos_sr=0.996 cos_plain=0.620
[adam 00000] E=0.130478 var=2.1451e-03 sig=2.000 acc~0.5 n=2048 |dx|/ell=0.0559 sat=0.74 com_kill=0.42
[adam 00013] E=0.128526 var=2.0922e-03 sig=2.000 acc~0.5 n=2048 |dx|/ell=0.0433 sat=0.75 com_kill=0.55
[adam 00025] E=0.127694 var=2.0669e-03 sig=2.000 acc~0.5 n=2048 |dx|/ell=0.0481 sat=0.75 com_kill=0.50
[seg 2/12] step=88 E_raw=0.12676 (+71.674%) var=2.145e-03 kappa(S)=9.78e+11 rank=652 cos_sr=0.991 cos_plain=0.610
[adam 00000] E=0.127632 var=1.9169e-03 sig=2.000 acc~0.5 n=2048 |dx|/ell=0.0359 sat=0.77 com_kill=0.63
[adam 00019] E=0.127453 var=2.0470e-03 sig=2.000 acc~0.5 n=2048 |dx|/ell=0.0422 sat=0.76 com_kill=0.57
[adam 00037] E=0.127570 var=1.8658e-03 sig=2.000 acc~0.5 n=2048 |dx|/ell=0.0452 sat=0.75 com_kill=0.54
[seg 3/12] step=126 E_raw=0.12681 (+71.744%) var=1.966e-03 kappa(S)=9.85e+11 rank=672 cos_sr=0.992 cos_plain=0.628
[adam 00000] E=0.124211 var=2.0061e-03 sig=2.000 acc~0.5 n=2048 |dx|/ell=0.0339 sat=0.79 com_kill=0.66
[adam 00026] E=0.126088 var=1.9014e-03 sig=2.000 acc~0.5 n=2048 |dx|/ell=0.0488 sat=0.73 com_kill=0.50
[adam 00052] E=0.124305 var=1.8736e-03 sig=2.000 acc~0.5 n=2048 |dx|/ell=0.0532 sat=0.73 com_kill=0.47
[seg 4/12] step=179 E_raw=0.12413 (+68.108%) var=1.903e-03 kappa(S)=9.88e+11 rank=649 cos_sr=0.995 cos_plain=0.657
[adam 00000] E=0.124433 var=1.8578e-03 sig=2.000 acc~0.5 n=2048 |dx|/ell=0.0561 sat=0.70 com_kill=0.43
[adam 00037] E=0.123831 var=1.7864e-03 sig=2.000 acc~0.5 n=2048 |dx|/ell=0.0490 sat=0.74 com_kill=0.51
[adam 00074] E=0.116501 var=1.7199e-03 sig=2.000 acc~0.5 n=2048 |dx|/ell=0.0483 sat=0.73 com_kill=0.53
[seg 5/12] step=254 E_raw=0.11696 (+58.396%) var=1.651e-03 kappa(S)=9.82e+11 rank=669 cos_sr=0.985 cos_plain=0.675
[adam 00000] E=0.118394 var=1.6635e-03 sig=2.000 acc~0.5 n=2048 |dx|/ell=0.0613 sat=0.72 com_kill=0.40
[adam 00054] E=0.110185 var=1.4809e-03 sig=2.000 acc~0.5 n=2048 |dx|/ell=0.0485 sat=0.75 com_kill=0.54
[adam 00107] E=0.103361 var=1.1937e-03 sig=2.000 acc~0.5 n=2048 |dx|/ell=0.0599 sat=0.77 com_kill=0.44
[seg 6/12] step=362 E_raw=0.09913 (+34.256%) var=1.127e-03 kappa(S)=9.87e+11 rank=696 cos_sr=0.990 cos_plain=0.585
[adam 00000] E=0.101566 var=1.2093e-03 sig=2.000 acc~0.5 n=2048 |dx|/ell=0.0685 sat=0.78 com_kill=0.36
[adam 00076] E=0.083219 var=3.7810e-04 sig=2.000 acc~0.5 n=2048 |dx|/ell=0.0768 sat=0.84 com_kill=0.31
[adam 00151] E=0.076605 var=1.2091e-04 sig=2.000 acc~0.5 n=2048 |dx|/ell=0.0725 sat=0.62 com_kill=0.31
[seg 7/12] step=514 E_raw=0.07858 (+5.816%) var=2.085e-04 kappa(S)=9.95e+11 rank=959 cos_sr=0.997 cos_plain=0.345
[adam 00000] E=0.077087 var=1.3309e-04 sig=2.000 acc~0.5 n=2048 |dx|/ell=0.0811 sat=0.72 com_kill=0.26
[adam 00109] E=0.073608 var=1.0307e-05 sig=2.000 acc~0.5 n=2048 |dx|/ell=0.0674 sat=0.55 com_kill=0.35
[adam 00217] E=0.073599 var=3.3844e-06 sig=2.000 acc~0.5 n=2048 |dx|/ell=0.0742 sat=0.54 com_kill=0.29
[seg 8/12] step=732 E_raw=0.07419 (-0.313%) var=6.294e-06 kappa(S)=7.71e+11 rank=1020 cos_sr=1.000 cos_plain=0.175
[adam 00000] E=0.073560 var=3.3437e-06 sig=2.000 acc~0.5 n=2048 |dx|/ell=0.0733 sat=0.52 com_kill=0.29
[adam 00154] E=0.073757 var=3.7411e-07 sig=2.000 acc~0.5 n=2048 |dx|/ell=0.0719 sat=0.46 com_kill=0.26
[adam 00308] E=0.073790 var=1.6732e-07 sig=2.000 acc~0.5 n=2048 |dx|/ell=0.0710 sat=0.46 com_kill=0.27
[seg 9/12] step=1041 E_raw=0.07383 (-0.079%) var=2.354e-07 kappa(S)=3.28e+11 rank=1023 cos_sr=1.000 cos_plain=0.055
[adam 00000] E=0.073793 var=1.4198e-07 sig=2.000 acc~0.5 n=2048 |dx|/ell=0.0735 sat=0.50 com_kill=0.29
[adam 00220] E=0.073800 var=5.9928e-08 sig=2.000 acc~0.5 n=2048 |dx|/ell=0.0700 sat=0.44 com_kill=0.27
[adam 00440] E=0.073813 var=4.1468e-08 sig=2.000 acc~0.5 n=2048 |dx|/ell=0.0698 sat=0.44 com_kill=0.29
[seg 10/12] step=1482 E_raw=0.07394 (-0.031%) var=6.564e-08 kappa(S)=6.81e+11 rank=1023 cos_sr=1.000 cos_plain=0.169
[adam 00000] E=0.073820 var=3.6026e-08 sig=2.000 acc~0.5 n=2048 |dx|/ell=0.0728 sat=0.41 com_kill=0.25
[adam 00313] E=0.073829 var=2.0465e-08 sig=2.000 acc~0.5 n=2048 |dx|/ell=0.0679 sat=0.41 com_kill=0.29
[adam 00625] E=0.073825 var=1.1922e-08 sig=2.000 acc~0.5 n=2048 |dx|/ell=0.0660 sat=0.41 com_kill=0.32
[seg 11/12] step=2108 E_raw=0.07386 (-0.019%) var=1.712e-08 kappa(S)=9.99e+11 rank=1012 cos_sr=1.000 cos_plain=0.100
[adam 00000] E=0.073826 var=1.1489e-08 sig=2.000 acc~0.5 n=2048 |dx|/ell=0.0754 sat=0.40 com_kill=0.23
[adam 00446] E=0.073835 var=6.3410e-09 sig=2.000 acc~0.5 n=2048 |dx|/ell=0.0667 sat=0.38 com_kill=0.31
[adam 00891] E=0.073839 var=4.9832e-09 sig=2.000 acc~0.5 n=2048 |dx|/ell=0.0637 sat=0.38 com_kill=0.34
[seg 12/12] step=3000 E_raw=0.07384 (-0.000%) var=7.815e-09 kappa(S)=9.97e+11 rank=1002 cos_sr=0.999 cos_plain=0.070
[phase] training done in 56.8 min
[adam 00000] E=0.073836 var=4.8858e-09 sig=2.000 acc~0.5 n=4096 |dx|/ell=0.0652 sat=0.38 com_kill=0.32
[adam 00125] E=0.073835 var=3.8777e-09 sig=2.000 acc~0.5 n=4096 |dx|/ell=0.0644 sat=0.39 com_kill=0.32
[adam 00250] E=0.073833 var=3.4667e-09 sig=2.000 acc~0.5 n=4096 |dx|/ell=0.0641 sat=0.39 com_kill=0.32
[adam 00375] E=0.073834 var=3.3262e-09 sig=2.000 acc~0.5 n=4096 |dx|/ell=0.0646 sat=0.38 com_kill=0.33
[adam 00499] E=0.073835 var=2.8287e-09 sig=2.000 acc~0.5 n=4096 |dx|/ell=0.0643 sat=0.37 com_kill=0.34
[phase] summary:
{
  "N": 2,
  "omega": 0.01,
  "arch": "pinn",
  "n_params": 236336,
  "final": {
    "E_mean": 0.07383493292729626,
    "E_mean_raw": 0.07384860344384409,
    "E_stderr": 6.611358870168154e-07,
    "var_EL": 4.383379202833453e-09,
    "n_samples": 8192,
    "frac_clipped": 0.029052734375,
    "ref_energy": 0.073839,
    "error_pct": -0.005508027876518224,
    "error_sigma": -6.151644137930225
  },
  "energy_raw": 0.07384860344384409,
  "error_pct_raw": 0.013005923487700815,
  "energy_zv": 0.07385841172166821,
  "error_pct_zv": 0.026289253197102153,
  "zv_n_points": 6,
  "spectrum": {
    "lam_max": 15.270582165412465,
    "lam_min_supported": 1.5441537780255783e-11,
    "effective_rank": 1.271386832150217,
    "numerical_rank": 1584,
    "condition_number": 988928847808.0266,
    "n_params": 236336,
    "n_samples": 2048
  },
  "alignment": {
    "cos_sr": 0.999818836512538,
    "cos_plain": 0.10001339169173462,
    "rep_fraction": 0.999818836512538,
    "ntk_condition": 9976108601.329245,
    "ntk_eff_rank": 1.271386803820725,
    "ntk_numerical_rank": 1001
  },
  "n_align_samples": 2048,
  "exact": {
    "energy": 0.07383504069660732,
    "cusp_slope": 0.9976137418475796,
    "overlap_sq": 0.9999839223787887
  }
}
