0
[phase] N=20 omega=0.1 arch=pinn  ->  /itf-fi-ml/home/aleksns/Thesis/results/analysis/2026-07-16_scaling/N20_ctnnbf_s1_w0p1
0
[phase] warm-started from /itf-fi-ml/home/aleksns/Thesis/results/analysis/2026-07-16_scaling/N20_ctnnbf_s1_w0p28/checkpoint.pt (omega 0.28 -> 0.1)
[phase] params=236,336 device=cuda:0 ref_energy=29.9779
[adam 00000] E=32.708162 var=9.5683e-01 sig=0.377 acc~0.5 n=256 |dx|/ell=0.0685 sat=0.00 com_kill=0.02
[adam 00078] E=30.055342 var=4.0633e-02 sig=0.425 acc~0.5 n=256 |dx|/ell=0.0952 sat=0.00 com_kill=0.01
[adam 00155] E=30.015044 var=2.9175e-02 sig=0.426 acc~0.5 n=256 |dx|/ell=0.0781 sat=0.00 com_kill=0.08
[seg 1/4] step=156 E_raw=30.02598 (+0.160%) var=3.285e-02 kappa(S)=6.21e+04 rank=255 cos_sr=1.000 cos_plain=0.118
[adam 00000] E=30.037971 var=2.6576e-02 sig=0.440 acc~0.5 n=256 |dx|/ell=0.0760 sat=0.00 com_kill=0.04
[adam 00118] E=30.015269 var=2.2495e-02 sig=0.424 acc~0.5 n=256 |dx|/ell=0.0785 sat=0.00 com_kill=0.01
[adam 00236] E=29.994233 var=1.8333e-02 sig=0.426 acc~0.5 n=256 |dx|/ell=0.0834 sat=0.00 com_kill=0.01
[seg 2/4] step=393 E_raw=30.02054 (+0.142%) var=2.101e-02 kappa(S)=5.24e+04 rank=255 cos_sr=1.000 cos_plain=0.193
[adam 00000] E=29.999999 var=2.1397e-02 sig=0.433 acc~0.5 n=256 |dx|/ell=0.0786 sat=0.00 com_kill=0.01
[adam 00299] E=30.011895 var=1.4222e-02 sig=0.425 acc~0.5 n=256 |dx|/ell=0.0860 sat=0.00 com_kill=0.02
[adam 00598] E=29.989454 var=1.1917e-02 sig=0.420 acc~0.5 n=256 |dx|/ell=0.0926 sat=0.00 com_kill=0.03
[seg 3/4] step=992 E_raw=29.99256 (+0.049%) var=1.377e-02 kappa(S)=3.59e+04 rank=255 cos_sr=1.000 cos_plain=0.231
[adam 00000] E=29.998085 var=1.6299e-02 sig=0.432 acc~0.5 n=256 |dx|/ell=0.0880 sat=0.00 com_kill=0.04
[adam 00754] E=30.001525 var=1.2135e-02 sig=0.419 acc~0.5 n=256 |dx|/ell=0.1045 sat=0.00 com_kill=0.02
[adam 01507] E=29.985588 var=1.2369e-02 sig=0.424 acc~0.5 n=256 |dx|/ell=0.1065 sat=0.00 com_kill=0.01
[seg 4/4] step=2500 E_raw=29.98918 (+0.054%) var=1.639e-02 kappa(S)=2.97e+04 rank=255 cos_sr=1.000 cos_plain=0.225
[phase] training done in 398.3 min
[adam 00000] E=29.980081 var=1.4912e-02 sig=0.428 acc~0.5 n=256 |dx|/ell=0.1063 sat=0.00 com_kill=0.01
[adam 00125] E=29.988977 var=9.2500e-03 sig=0.420 acc~0.5 n=256 |dx|/ell=0.1056 sat=0.00 com_kill=0.00
[adam 00250] E=29.984880 var=7.3922e-03 sig=0.421 acc~0.5 n=256 |dx|/ell=0.1072 sat=0.00 com_kill=0.01
[adam 00375] E=29.994474 var=8.4901e-03 sig=0.419 acc~0.5 n=256 |dx|/ell=0.1104 sat=0.00 com_kill=0.00
[adam 00499] E=29.995573 var=1.1086e-02 sig=0.420 acc~0.5 n=256 |dx|/ell=0.1139 sat=0.00 com_kill=0.01
[sr 0000] E=29.971509 (-0.021%) var=8.843e-03 |dθ|=1.00e-02 |g|=1.35e-01 damp=1.0e-03 lr=2.00e-01 |dx|/ell=0.1140 sat=0.00 com_kill=0.01
[sr 0050] E=29.981969 (+0.014%) var=8.870e-03 |dθ|=5.88e-03 |g|=7.76e-02 damp=7.9e-04 lr=1.48e-01 |dx|/ell=0.1143 sat=0.00 com_kill=0.01
[sr 0100] E=29.987290 (+0.031%) var=1.147e-02 |dθ|=3.46e-03 |g|=1.63e-01 damp=6.3e-04 lr=1.10e-01 |dx|/ell=0.1148 sat=0.00 com_kill=0.00
[sr 0150] E=29.979966 (+0.007%) var=1.078e-02 |dθ|=2.03e-03 |g|=1.46e-01 damp=5.0e-04 lr=8.13e-02 |dx|/ell=0.1118 sat=0.00 com_kill=0.01
[sr 0200] E=29.981372 (+0.012%) var=1.172e-02 |dθ|=1.20e-03 |g|=1.73e-01 damp=4.0e-04 lr=6.02e-02 |dx|/ell=0.1143 sat=0.00 com_kill=0.00
[sr 0250] E=29.988178 (+0.034%) var=1.114e-02 |dθ|=7.03e-04 |g|=1.01e-01 damp=3.2e-04 lr=4.46e-02 |dx|/ell=0.1145 sat=0.00 com_kill=0.00
[sr 0300] E=29.980437 (+0.008%) var=1.127e-02 |dθ|=4.14e-04 |g|=1.57e-01 damp=2.5e-04 lr=3.30e-02 |dx|/ell=0.1138 sat=0.00 com_kill=0.00
[sr 0350] E=29.993325 (+0.051%) var=1.023e-02 |dθ|=2.43e-04 |g|=8.47e-02 damp=2.0e-04 lr=2.45e-02 |dx|/ell=0.1148 sat=0.00 com_kill=0.00
[sr 0400] E=29.977644 (-0.001%) var=9.042e-03 |dθ|=1.43e-04 |g|=1.52e-01 damp=1.6e-04 lr=1.81e-02 |dx|/ell=0.1137 sat=0.00 com_kill=0.01
[sr 0450] E=29.975416 (-0.008%) var=1.039e-02 |dθ|=8.41e-05 |g|=2.22e-01 damp=1.3e-04 lr=1.34e-02 |dx|/ell=0.1118 sat=0.00 com_kill=0.01
[sr 0499] E=29.984167 (+0.021%) var=1.031e-02 |dθ|=5.00e-05 |g|=1.71e-01 damp=1.0e-04 lr=1.00e-02 |dx|/ell=0.1128 sat=0.00 com_kill=0.00
[phase] summary:
{
  "N": 20,
  "omega": 0.1,
  "arch": "pinn",
  "n_params": 236336,
  "final": {
    "E_mean": 29.982081958969893,
    "E_mean_raw": 29.981571328599475,
    "E_stderr": 0.0022038018552878974,
    "var_EL": 0.01019983288746789,
    "n_samples": 2048,
    "frac_clipped": 0.00439453125,
    "ref_energy": 29.9779,
    "error_pct": 0.013950139835982645,
    "error_sigma": 1.8976111485960814
  },
  "energy_raw": 29.981571328599475,
  "error_pct_raw": 0.01224678379564149,
  "energy_zv": 29.96322543816967,
  "error_pct_zv": -0.04895126686770179,
  "zv_n_points": 5,
  "spectrum": {
    "lam_max": 242.84061597176785,
    "lam_min_supported": 0.0017237642879240084,
    "effective_rank": 4.2832097474275725,
    "numerical_rank": 511,
    "condition_number": 140878.0873771492,
    "n_params": 236336,
    "n_samples": 512
  },
  "alignment": {
    "cos_sr": 1.0,
    "cos_plain": 0.07283927178142038,
    "rep_fraction": 1.0,
    "ntk_condition": 140878.08737700732,
    "ntk_eff_rank": 4.2832097474275725,
    "ntk_numerical_rank": 511
  },
  "n_align_samples": 512
}
