0
[phase] N=20 omega=0.28 arch=pinn  ->  /itf-fi-ml/home/aleksns/Thesis/results/analysis/2026-07-16_scaling/N20_ctnnbf_s1_w0p28
0
[phase] warm-started from /itf-fi-ml/home/aleksns/Thesis/results/analysis/2026-07-16_scaling/N20_ctnnbf_s1_w0p5/checkpoint.pt (omega 0.5 -> 0.28)
[phase] params=236,336 device=cuda:0 ref_energy=61.9268
[adam 00000] E=63.133291 var=9.2577e-01 sig=0.237 acc~0.5 n=256 |dx|/ell=0.0651 sat=0.00 com_kill=0.70
[adam 00078] E=61.985063 var=1.4812e-01 sig=0.247 acc~0.5 n=256 |dx|/ell=0.1251 sat=0.00 com_kill=0.08
[adam 00155] E=61.997540 var=1.3098e-01 sig=0.248 acc~0.5 n=256 |dx|/ell=0.0903 sat=0.00 com_kill=0.41
[seg 1/4] step=156 E_raw=62.01819 (+0.148%) var=1.500e-01 kappa(S)=4.86e+05 rank=255 cos_sr=1.000 cos_plain=0.089
[adam 00000] E=62.005966 var=1.5170e-01 sig=0.254 acc~0.5 n=256 |dx|/ell=0.0883 sat=0.00 com_kill=0.40
[adam 00118] E=61.928724 var=1.2898e-01 sig=0.245 acc~0.5 n=256 |dx|/ell=0.0825 sat=0.00 com_kill=0.47
[adam 00236] E=61.938684 var=1.1909e-01 sig=0.249 acc~0.5 n=256 |dx|/ell=0.0872 sat=0.00 com_kill=0.39
[seg 2/4] step=393 E_raw=61.98901 (+0.094%) var=1.243e-01 kappa(S)=3.54e+05 rank=255 cos_sr=1.000 cos_plain=0.167
[adam 00000] E=61.978422 var=1.3831e-01 sig=0.253 acc~0.5 n=256 |dx|/ell=0.0839 sat=0.00 com_kill=0.45
[adam 00299] E=61.962892 var=1.2387e-01 sig=0.247 acc~0.5 n=256 |dx|/ell=0.0951 sat=0.00 com_kill=0.35
[adam 00598] E=61.967752 var=1.1652e-01 sig=0.244 acc~0.5 n=256 |dx|/ell=0.0981 sat=0.00 com_kill=0.22
[seg 3/4] step=992 E_raw=61.99613 (+0.117%) var=1.049e-01 kappa(S)=2.92e+05 rank=255 cos_sr=1.000 cos_plain=0.203
[adam 00000] E=61.963353 var=1.2670e-01 sig=0.250 acc~0.5 n=256 |dx|/ell=0.0932 sat=0.00 com_kill=0.28
[adam 00754] E=61.997632 var=9.8021e-02 sig=0.245 acc~0.5 n=256 |dx|/ell=0.1009 sat=0.00 com_kill=0.14
[adam 01507] E=61.960458 var=9.3847e-02 sig=0.249 acc~0.5 n=256 |dx|/ell=0.1063 sat=0.00 com_kill=0.01
[seg 4/4] step=2500 E_raw=61.94527 (+0.033%) var=1.149e-01 kappa(S)=1.90e+05 rank=255 cos_sr=1.000 cos_plain=0.104
[phase] training done in 399.6 min
[adam 00000] E=61.916263 var=1.2607e-01 sig=0.249 acc~0.5 n=256 |dx|/ell=0.1065 sat=0.00 com_kill=0.02
[adam 00125] E=61.943514 var=1.1455e-01 sig=0.247 acc~0.5 n=256 |dx|/ell=0.1108 sat=0.00 com_kill=0.05
[adam 00250] E=61.949996 var=1.1195e-01 sig=0.246 acc~0.5 n=256 |dx|/ell=0.1101 sat=0.00 com_kill=0.02
[adam 00375] E=61.951260 var=9.5191e-02 sig=0.242 acc~0.5 n=256 |dx|/ell=0.1125 sat=0.00 com_kill=0.05
[adam 00499] E=61.921847 var=1.0114e-01 sig=0.246 acc~0.5 n=256 |dx|/ell=0.1048 sat=0.00 com_kill=0.04
[sr 0000] E=61.946540 (+0.032%) var=1.115e-01 |dθ|=1.00e-02 |g|=3.26e-01 damp=1.0e-03 lr=2.00e-01 |dx|/ell=0.1050 sat=0.00 com_kill=0.04
[sr 0050] E=61.953518 (+0.043%) var=9.341e-02 |dθ|=5.88e-03 |g|=2.48e-01 damp=7.9e-04 lr=1.48e-01 |dx|/ell=0.1059 sat=0.00 com_kill=0.04
[sr 0100] E=61.959465 (+0.053%) var=6.632e-02 |dθ|=3.46e-03 |g|=3.40e-01 damp=6.3e-04 lr=1.10e-01 |dx|/ell=0.1059 sat=0.00 com_kill=0.05
[sr 0150] E=61.951543 (+0.040%) var=9.504e-02 |dθ|=2.03e-03 |g|=2.36e-01 damp=5.0e-04 lr=8.13e-02 |dx|/ell=0.1062 sat=0.00 com_kill=0.04
[sr 0200] E=61.965677 (+0.063%) var=9.033e-02 |dθ|=1.20e-03 |g|=4.92e-01 damp=4.0e-04 lr=6.02e-02 |dx|/ell=0.1069 sat=0.00 com_kill=0.04
[sr 0250] E=61.905048 (-0.035%) var=9.792e-02 |dθ|=7.03e-04 |g|=3.27e-01 damp=3.2e-04 lr=4.46e-02 |dx|/ell=0.1070 sat=0.00 com_kill=0.04
[sr 0300] E=61.937156 (+0.017%) var=1.033e-01 |dθ|=4.14e-04 |g|=2.93e-01 damp=2.5e-04 lr=3.30e-02 |dx|/ell=0.1074 sat=0.00 com_kill=0.04
[sr 0350] E=61.978436 (+0.083%) var=8.202e-02 |dθ|=2.43e-04 |g|=4.51e-01 damp=2.0e-04 lr=2.45e-02 |dx|/ell=0.1073 sat=0.00 com_kill=0.04
[sr 0400] E=61.956552 (+0.048%) var=8.544e-02 |dθ|=1.43e-04 |g|=3.22e-01 damp=1.6e-04 lr=1.81e-02 |dx|/ell=0.1078 sat=0.00 com_kill=0.04
[sr 0450] E=61.964894 (+0.062%) var=8.822e-02 |dθ|=8.41e-05 |g|=2.64e-01 damp=1.3e-04 lr=1.34e-02 |dx|/ell=0.1066 sat=0.00 com_kill=0.04
[sr 0499] E=61.934733 (+0.013%) var=8.246e-02 |dθ|=5.00e-05 |g|=1.69e-01 damp=1.0e-04 lr=1.00e-02 |dx|/ell=0.1089 sat=0.00 com_kill=0.04
[phase] summary:
{
  "N": 20,
  "omega": 0.28,
  "arch": "pinn",
  "n_params": 236336,
  "final": {
    "E_mean": 61.95007357936554,
    "E_mean_raw": 61.94901601668836,
    "E_stderr": 0.006580516306897627,
    "var_EL": 0.08506330588189435,
    "n_samples": 2048,
    "frac_clipped": 0.00146484375,
    "ref_energy": 61.9268,
    "error_pct": 0.037582402716653425,
    "error_sigma": 3.53674062643708
  },
  "energy_raw": 61.94901601668836,
  "error_pct_raw": 0.035874640201594706,
  "energy_zv": 61.869671177018525,
  "error_pct_zv": -0.09225217996323963,
  "zv_n_points": 5,
  "spectrum": {
    "lam_max": 219.40247455415263,
    "lam_min_supported": 0.0005220239440294566,
    "effective_rank": 3.6099033948938226,
    "numerical_rank": 511,
    "condition_number": 420291.9752312592,
    "n_params": 236336,
    "n_samples": 512
  },
  "alignment": {
    "cos_sr": 0.9999999999999997,
    "cos_plain": 0.09989540748870156,
    "rep_fraction": 0.9999999999999997,
    "ntk_condition": 420291.9752316664,
    "ntk_eff_rank": 3.6099033948938235,
    "ntk_numerical_rank": 511
  },
  "n_align_samples": 512
}
