0
[phase] N=6 omega=1.0 arch=pinn  ->  /itf-fi-ml/home/aleksns/Thesis/results/analysis/2026-08-05_paradigm_optimizer/N6_s1_w1_vmc_adam
0
[phase] warm-started from /itf-fi-ml/home/aleksns/Thesis/results/analysis/2026-08-05_paradigm_optimizer/base_N6_s1_w1/checkpoint.pt (omega 1.0 -> 1.0)
[phase] params=236,336 device=cuda:0 ref_energy=20.15932
[adam 00000] E=20.154058 var=2.3695e-02 sig=0.280 acc~0.5 n=2048 |dx|/ell=0.0757 sat=0.00 com_kill=0.77
[adam 00037] E=20.145051 var=2.6968e-02 sig=0.278 acc~0.5 n=2048 |dx|/ell=0.0743 sat=0.00 com_kill=0.80
[adam 00074] E=20.148115 var=2.4329e-02 sig=0.279 acc~0.5 n=2048 |dx|/ell=0.0732 sat=0.00 com_kill=0.80
[seg 1/5] step=75 E_raw=20.14628 (-0.062%) var=2.784e-02 kappa(S)=6.62e+06 rank=1023 cos_sr=1.000 cos_plain=0.126
[adam 00000] E=20.151108 var=2.4386e-02 sig=0.281 acc~0.5 n=2048 |dx|/ell=0.0834 sat=0.00 com_kill=0.76
[adam 00042] E=20.154681 var=2.1883e-02 sig=0.279 acc~0.5 n=2048 |dx|/ell=0.0707 sat=0.00 com_kill=0.82
[adam 00083] E=20.159307 var=2.5029e-02 sig=0.278 acc~0.5 n=2048 |dx|/ell=0.0698 sat=0.00 com_kill=0.82
[seg 2/5] step=159 E_raw=20.15089 (-0.035%) var=2.988e-02 kappa(S)=5.92e+06 rank=1023 cos_sr=1.000 cos_plain=0.094
[adam 00000] E=20.158331 var=2.6595e-02 sig=0.279 acc~0.5 n=2048 |dx|/ell=0.0823 sat=0.00 com_kill=0.79
[adam 00088] E=20.154197 var=2.6949e-02 sig=0.278 acc~0.5 n=2048 |dx|/ell=0.0728 sat=0.00 com_kill=0.83
[adam 00175] E=20.155578 var=2.1161e-02 sig=0.278 acc~0.5 n=2048 |dx|/ell=0.0719 sat=0.00 com_kill=0.83
[seg 3/5] step=335 E_raw=20.14973 (-0.042%) var=2.729e-02 kappa(S)=8.14e+06 rank=1023 cos_sr=1.000 cos_plain=0.079
[adam 00000] E=20.154740 var=2.4817e-02 sig=0.279 acc~0.5 n=2048 |dx|/ell=0.0850 sat=0.00 com_kill=0.79
[adam 00187] E=20.159025 var=2.1179e-02 sig=0.279 acc~0.5 n=2048 |dx|/ell=0.0726 sat=0.00 com_kill=0.83
[adam 00373] E=20.150226 var=2.1382e-02 sig=0.279 acc~0.5 n=2048 |dx|/ell=0.0742 sat=0.00 com_kill=0.83
[seg 4/5] step=709 E_raw=20.15901 (-0.003%) var=2.588e-02 kappa(S)=4.42e+06 rank=1023 cos_sr=1.000 cos_plain=0.125
[adam 00000] E=20.158903 var=2.4013e-02 sig=0.280 acc~0.5 n=2048 |dx|/ell=0.0828 sat=0.00 com_kill=0.81
[adam 00395] E=20.155229 var=2.1266e-02 sig=0.279 acc~0.5 n=2048 |dx|/ell=0.0777 sat=0.00 com_kill=0.83
[adam 00790] E=20.162193 var=1.9086e-02 sig=0.278 acc~0.5 n=2048 |dx|/ell=0.0756 sat=0.00 com_kill=0.84
[seg 5/5] step=1500 E_raw=20.15784 (-0.012%) var=2.259e-02 kappa(S)=3.63e+06 rank=1023 cos_sr=1.000 cos_plain=0.084
[phase] training done in 129.5 min
[phase] summary:
{
  "N": 6,
  "omega": 1.0,
  "arch": "pinn",
  "n_params": 236336,
  "final": {
    "E_mean": 20.15765924869924,
    "E_mean_raw": 20.15710265254507,
    "E_stderr": 0.0016937078809246447,
    "var_EL": 0.021379520223527973,
    "n_samples": 8192,
    "frac_clipped": 0.012939453125,
    "ref_energy": 20.15932,
    "error_pct": -0.008238131547896339,
    "error_sigma": -0.9805417566190477
  },
  "energy_raw": 20.15710265254507,
  "error_pct_raw": -0.010999118298288426,
  "energy_zv": 20.190179661997007,
  "error_pct_zv": 0.1530788835982864,
  "zv_n_points": 5,
  "spectrum": {
    "lam_max": 33.912542296814166,
    "lam_min_supported": 1.4743670419641643e-06,
    "effective_rank": 4.015434595534987,
    "numerical_rank": 2047,
    "condition_number": 23001424.56496829,
    "n_params": 236336,
    "n_samples": 2048
  },
  "alignment": {
    "cos_sr": 1.0000000000000002,
    "cos_plain": 0.07739820488584329,
    "rep_fraction": 1.0000000000000002,
    "ntk_condition": 23001424.562685404,
    "ntk_eff_rank": 4.015434595534987,
    "ntk_numerical_rank": 2047
  },
  "n_align_samples": 2048
}
