0
[phase] N=6 omega=1.0 arch=pinn  ->  /itf-fi-ml/home/aleksns/Thesis/results/analysis/2026-08-05_paradigm_optimizer/N6_s0_w1_vmc_sr
0
[phase] warm-started from /itf-fi-ml/home/aleksns/Thesis/results/analysis/2026-08-05_paradigm_optimizer/base_N6_s0_w1/checkpoint.pt (omega 1.0 -> 1.0)
[phase] params=236,336 device=cuda:0 ref_energy=20.15932
[sr 0000] E=20.154512 var=2.376e-02 |dθ|=6.00e-03 |g|=5.24e-02 damp=1.0e-03 lr=2.00e-01 |dx|/ell=0.0855 sat=0.00 com_kill=0.80
[sr 0037] E=20.150142 var=2.776e-02 |dθ|=6.00e-03 |g|=8.82e-02 damp=1.0e-03 lr=2.00e-01 |dx|/ell=0.0852 sat=0.00 com_kill=0.80
[sr 0074] E=20.157970 var=2.788e-02 |dθ|=6.00e-03 |g|=9.19e-02 damp=1.0e-03 lr=2.00e-01 |dx|/ell=0.0867 sat=0.00 com_kill=0.80
[seg 1/5] step=75 E_raw=20.14910 (-0.053%) var=2.545e-02 kappa(S)=4.57e+06 rank=1023 cos_sr=1.000 cos_plain=0.070
[sr 0000] E=20.158448 var=2.783e-02 |dθ|=6.00e-03 |g|=9.27e-02 damp=1.0e-03 lr=2.00e-01 |dx|/ell=0.0899 sat=0.00 com_kill=0.79
[sr 0042] E=20.159414 var=2.122e-02 |dθ|=6.00e-03 |g|=4.81e-02 damp=1.0e-03 lr=2.00e-01 |dx|/ell=0.0873 sat=0.00 com_kill=0.79
[sr 0083] E=20.149882 var=2.549e-02 |dθ|=6.00e-03 |g|=2.54e-02 damp=1.0e-03 lr=2.00e-01 |dx|/ell=0.0882 sat=0.00 com_kill=0.79
[seg 2/5] step=159 E_raw=20.16378 (+0.015%) var=2.539e-02 kappa(S)=5.16e+06 rank=1023 cos_sr=1.000 cos_plain=0.066
[sr 0000] E=20.153180 var=2.736e-02 |dθ|=6.00e-03 |g|=9.71e-02 damp=1.0e-03 lr=2.00e-01 |dx|/ell=0.0864 sat=0.00 com_kill=0.79
[sr 0088] E=20.163495 var=2.565e-02 |dθ|=6.00e-03 |g|=5.46e-02 damp=1.0e-03 lr=2.00e-01 |dx|/ell=0.0865 sat=0.00 com_kill=0.79
[sr 0175] E=20.154256 var=2.519e-02 |dθ|=6.00e-03 |g|=6.76e-02 damp=1.0e-03 lr=2.00e-01 |dx|/ell=0.0883 sat=0.00 com_kill=0.78
[seg 3/5] step=335 E_raw=20.15180 (-0.034%) var=2.713e-02 kappa(S)=5.03e+06 rank=1023 cos_sr=1.000 cos_plain=0.048
[sr 0000] E=20.150573 var=2.407e-02 |dθ|=6.00e-03 |g|=8.98e-02 damp=1.0e-03 lr=2.00e-01 |dx|/ell=0.0863 sat=0.00 com_kill=0.78
[sr 0187] E=20.160404 var=2.605e-02 |dθ|=6.00e-03 |g|=5.33e-02 damp=1.0e-03 lr=2.00e-01 |dx|/ell=0.0887 sat=0.00 com_kill=0.77
[sr 0373] E=20.152446 var=2.110e-02 |dθ|=6.00e-03 |g|=6.48e-02 damp=1.0e-03 lr=2.00e-01 |dx|/ell=0.0898 sat=0.00 com_kill=0.76
[seg 4/5] step=709 E_raw=20.16143 (+0.013%) var=2.351e-02 kappa(S)=4.58e+06 rank=1023 cos_sr=1.000 cos_plain=0.073
[sr 0000] E=20.154981 var=2.652e-02 |dθ|=6.00e-03 |g|=5.68e-02 damp=1.0e-03 lr=2.00e-01 |dx|/ell=0.0903 sat=0.00 com_kill=0.76
