0
[phase] N=6 omega=1.0 arch=pinn  ->  /itf-fi-ml/home/aleksns/Thesis/results/analysis/2026-08-05_paradigm_optimizer/N6_s0_w1_vmc_sr
0
[phase] warm-started from /itf-fi-ml/home/aleksns/Thesis/results/analysis/2026-08-05_paradigm_optimizer/base_N6_s0_w1/checkpoint.pt (omega 1.0 -> 1.0)
[phase] params=236,336 device=cuda:0 ref_energy=20.15932
[sr 0000] E=20.147340 var=1.989e-02 |dθ|=6.00e-03 |g|=8.09e-02 damp=1.0e-03 lr=2.00e-01 |dx|/ell=0.0844 sat=0.00 com_kill=0.81
[sr 0037] E=20.158580 var=2.168e-02 |dθ|=6.00e-03 |g|=1.34e-01 damp=1.0e-03 lr=2.00e-01 |dx|/ell=0.0850 sat=0.00 com_kill=0.80
[sr 0074] E=20.156307 var=2.486e-02 |dθ|=6.00e-03 |g|=9.78e-02 damp=1.0e-03 lr=2.00e-01 |dx|/ell=0.0865 sat=0.00 com_kill=0.80
[seg 1/5] step=75 E_raw=20.15342 (-0.031%) var=2.215e-02 kappa(S)=1.83e+05 rank=255 cos_sr=1.000 cos_plain=0.109
[sr 0000] E=20.161318 var=2.553e-02 |dθ|=6.00e-03 |g|=6.69e-02 damp=1.0e-03 lr=2.00e-01 |dx|/ell=0.0867 sat=0.00 com_kill=0.80
[sr 0042] E=20.151536 var=2.674e-02 |dθ|=6.00e-03 |g|=6.23e-02 damp=1.0e-03 lr=2.00e-01 |dx|/ell=0.0876 sat=0.00 com_kill=0.79
[sr 0083] E=20.147054 var=2.422e-02 |dθ|=6.00e-03 |g|=1.01e-01 damp=1.0e-03 lr=2.00e-01 |dx|/ell=0.0859 sat=0.00 com_kill=0.79
[seg 2/5] step=159 E_raw=20.18164 (+0.065%) var=3.510e-02 kappa(S)=1.27e+05 rank=255 cos_sr=1.000 cos_plain=0.136
[sr 0000] E=20.144288 var=2.561e-02 |dθ|=6.00e-03 |g|=4.03e-02 damp=1.0e-03 lr=2.00e-01 |dx|/ell=0.0878 sat=0.00 com_kill=0.79
[sr 0088] E=20.171829 var=2.381e-02 |dθ|=6.00e-03 |g|=9.59e-02 damp=1.0e-03 lr=2.00e-01 |dx|/ell=0.0863 sat=0.00 com_kill=0.79
[sr 0175] E=20.159885 var=2.317e-02 |dθ|=6.00e-03 |g|=8.64e-02 damp=1.0e-03 lr=2.00e-01 |dx|/ell=0.0872 sat=0.00 com_kill=0.79
[seg 3/5] step=335 E_raw=20.17462 (+0.058%) var=2.318e-02 kappa(S)=1.46e+05 rank=255 cos_sr=1.000 cos_plain=0.074
[sr 0000] E=20.155032 var=2.794e-02 |dθ|=6.00e-03 |g|=6.93e-02 damp=1.0e-03 lr=2.00e-01 |dx|/ell=0.0879 sat=0.00 com_kill=0.79
[sr 0187] E=20.159603 var=2.136e-02 |dθ|=6.00e-03 |g|=4.00e-02 damp=1.0e-03 lr=2.00e-01 |dx|/ell=0.0856 sat=0.00 com_kill=0.79
[sr 0373] E=20.151239 var=2.421e-02 |dθ|=6.00e-03 |g|=4.70e-02 damp=1.0e-03 lr=2.00e-01 |dx|/ell=0.0880 sat=0.00 com_kill=0.78
[seg 4/5] step=709 E_raw=20.15511 (-0.019%) var=1.842e-02 kappa(S)=1.34e+05 rank=255 cos_sr=1.000 cos_plain=0.094
[sr 0000] E=20.149877 var=2.444e-02 |dθ|=6.00e-03 |g|=1.14e-01 damp=1.0e-03 lr=2.00e-01 |dx|/ell=0.0857 sat=0.00 com_kill=0.78
[sr 0395] E=20.162345 var=1.941e-02 |dθ|=6.00e-03 |g|=3.38e-02 damp=1.0e-03 lr=2.00e-01 |dx|/ell=0.0898 sat=0.00 com_kill=0.77
[sr 0790] E=20.161522 var=2.329e-02 |dθ|=6.00e-03 |g|=1.04e-01 damp=1.0e-03 lr=2.00e-01 |dx|/ell=0.0922 sat=0.00 com_kill=0.76
[seg 5/5] step=1500 E_raw=20.15816 (+0.005%) var=2.393e-02 kappa(S)=1.32e+05 rank=255 cos_sr=1.000 cos_plain=0.210
[phase] training done in 253.3 min
[phase] summary:
{
  "N": 6,
  "omega": 1.0,
  "arch": "pinn",
  "n_params": 236336,
  "final": {
    "E_mean": 20.159441891316,
    "E_mean_raw": 20.15553575714744,
    "E_stderr": 0.003525364841999677,
    "var_EL": 0.022841033522458292,
    "n_samples": 2048,
    "frac_clipped": 0.017578125,
    "ref_energy": 20.15932,
    "error_pct": 0.000604640017613805,
    "error_sigma": 0.0345755181269929
  },
  "energy_raw": 20.15553575714744,
  "error_pct_raw": -0.01877167906735315,
  "energy_zv": 20.124700128486708,
  "error_pct_zv": -0.17173134566688172,
  "zv_n_points": 5,
  "spectrum": {
    "lam_max": 52.03879233923496,
    "lam_min_supported": 5.863991482007133e-05,
    "effective_rank": 3.9448476965507058,
    "numerical_rank": 511,
    "condition_number": 887429.5349662252,
    "n_params": 236336,
    "n_samples": 512
  },
  "alignment": {
    "cos_sr": 0.9999999999999999,
    "cos_plain": 0.09238817985136809,
    "rep_fraction": 0.9999999999999999,
    "ntk_condition": 887429.5349658509,
    "ntk_eff_rank": 3.9448476965507067,
    "ntk_numerical_rank": 511
  },
  "n_align_samples": 512
}
