0
[phase] N=6 omega=1.0 arch=pinn  ->  results/analysis/2026-07-04_pinn_ansatz/pinn_ctnnbf_s0_w1p0
0
[phase] params=100,080 device=cuda:0 ref_energy=20.15932
[adam 00000] E=23.211328 var=9.1547e+00 sig=0.223 acc~0.5 n=2048
[adam 00031] E=20.349059 var=7.1241e-01 sig=0.272 acc~0.5 n=2048
[adam 00061] E=20.202040 var=2.5423e-01 sig=0.278 acc~0.5 n=2048
[seg 1/4] step=62 E_raw=20.23305 (+0.376%) var=2.724e-01 kappa(S)=9.75e+11 rank=210 cos_sr=0.684 cos_plain=0.120
[adam 00000] E=20.225763 var=2.3224e-01 sig=0.277 acc~0.5 n=2048
[adam 00047] E=20.212773 var=2.2653e-01 sig=0.276 acc~0.5 n=2048
[adam 00094] E=20.212657 var=1.8854e-01 sig=0.277 acc~0.5 n=2048
[seg 2/4] step=157 E_raw=20.22227 (+0.322%) var=2.256e-01 kappa(S)=9.78e+11 rank=214 cos_sr=0.524 cos_plain=0.107
[adam 00000] E=20.220718 var=1.8707e-01 sig=0.278 acc~0.5 n=2048
[adam 00119] E=20.207638 var=1.8759e-01 sig=0.277 acc~0.5 n=2048
[adam 00238] E=20.239041 var=1.7946e-01 sig=0.276 acc~0.5 n=2048
[seg 3/4] step=396 E_raw=20.20534 (+0.237%) var=2.001e-01 kappa(S)=9.57e+11 rank=187 cos_sr=0.540 cos_plain=0.055
[adam 00000] E=20.207650 var=2.0474e-01 sig=0.278 acc~0.5 n=2048
[adam 00302] E=20.207067 var=1.8886e-01 sig=0.276 acc~0.5 n=2048
[adam 00603] E=20.205344 var=1.7991e-01 sig=0.277 acc~0.5 n=2048
[seg 4/4] step=1000 E_raw=20.17805 (+0.093%) var=2.038e-01 kappa(S)=9.61e+11 rank=347 cos_sr=0.550 cos_plain=0.058
[phase] training done in 26.0 min
[adam 00000] E=20.205684 var=1.8716e-01 sig=0.278 acc~0.5 n=4096
[adam 00050] E=20.199913 var=1.7985e-01 sig=0.278 acc~0.5 n=4096
[adam 00100] E=20.214019 var=1.8189e-01 sig=0.277 acc~0.5 n=4096
[adam 00150] E=20.204392 var=1.7321e-01 sig=0.277 acc~0.5 n=4096
[adam 00199] E=20.222122 var=1.7982e-01 sig=0.277 acc~0.5 n=4096
[sr 0000] E=20.225972 (+0.331%) var=2.088e-01 |dθ|=1.00e-02 |g|=1.54e-01 damp=1.0e-03 lr=2.00e-01
[sr 0040] E=20.199554 (+0.200%) var=2.122e-01 |dθ|=5.88e-03 |g|=4.64e-02 damp=7.9e-04 lr=1.48e-01
[sr 0080] E=20.220307 (+0.303%) var=1.878e-01 |dθ|=3.46e-03 |g|=4.56e-02 damp=6.3e-04 lr=1.10e-01
[sr 0120] E=20.205512 (+0.229%) var=2.107e-01 |dθ|=2.03e-03 |g|=1.92e-02 damp=5.0e-04 lr=8.12e-02
[sr 0160] E=20.210916 (+0.256%) var=1.921e-01 |dθ|=1.19e-03 |g|=1.44e-02 damp=4.0e-04 lr=6.02e-02
[sr 0200] E=20.194061 (+0.172%) var=2.095e-01 |dθ|=7.02e-04 |g|=2.14e-02 damp=3.2e-04 lr=4.46e-02
[sr 0240] E=20.221130 (+0.307%) var=1.913e-01 |dθ|=4.13e-04 |g|=1.89e-02 damp=2.5e-04 lr=3.30e-02
[sr 0280] E=20.202181 (+0.213%) var=1.876e-01 |dθ|=2.43e-04 |g|=2.76e-02 damp=2.0e-04 lr=2.44e-02
[sr 0320] E=20.196019 (+0.182%) var=2.050e-01 |dθ|=1.43e-04 |g|=1.36e-02 damp=1.6e-04 lr=1.81e-02
[sr 0360] E=20.193273 (+0.168%) var=1.969e-01 |dθ|=8.39e-05 |g|=9.62e-03 damp=1.3e-04 lr=1.34e-02
[sr 0399] E=20.203014 (+0.217%) var=1.981e-01 |dθ|=5.00e-05 |g|=9.61e-03 damp=1.0e-04 lr=1.00e-02
[phase] summary:
{
  "N": 6,
  "omega": 1.0,
  "arch": "pinn",
  "n_params": 100080,
  "final": {
    "E_mean": 20.201765680649487,
    "E_mean_raw": 20.200188293910102,
    "E_stderr": 0.004429478143271071,
    "var_EL": 0.19729169990739473,
    "n_samples": 8192,
    "frac_clipped": 0.0035400390625,
    "ref_energy": 20.15932,
    "error_pct": 0.2105511527645077,
    "error_sigma": 9.582546583724818
  },
  "energy_raw": 20.200188293910102,
  "error_pct_raw": 0.20272654985436644,
  "energy_zv": 20.09045126186937,
  "error_pct_zv": -0.3416223271947284,
  "zv_n_points": 5,
  "spectrum": {
    "lam_max": 8.45669235593284,
    "lam_min_supported": 8.466274452127398e-12,
    "effective_rank": 1.1226224449357736,
    "numerical_rank": 424,
    "condition_number": 998868203925.0276,
    "n_params": 100080,
    "n_samples": 2048
  },
  "alignment": {
    "cos_sr": 0.5411436160023482,
    "cos_plain": 0.06454954890752575,
    "rep_fraction": 0.5411436160023482,
    "ntk_condition": 9944940329.405798,
    "ntk_eff_rank": 1.1226224373563456,
    "ntk_numerical_rank": 242
  },
  "n_align_samples": 2048
}
