0
[phase] N=6 omega=1.0 arch=pinn  ->  /itf-fi-ml/home/aleksns/Thesis/results/analysis/2026-08-05_paradigm_optimizer/N6_s1_w1_colloc_adam
0
[phase] warm-started from /itf-fi-ml/home/aleksns/Thesis/results/analysis/2026-08-05_paradigm_optimizer/base_N6_s1_w1/checkpoint.pt (omega 1.0 -> 1.0)
[phase] params=236,336 device=cuda:0 ref_energy=20.15932
[colloc 00000] E_weak=24.533497 ESS=0.357 n=2048
[colloc 00037] E_weak=22.472602 ESS=0.338 n=2048
[colloc 00074] E_weak=21.933657 ESS=0.330 n=2048
[seg 1/5] step=75 E_raw=20.30714 (+0.688%) var=7.475e-01 kappa(S)=2.21e+06 rank=1023 cos_sr=1.000 cos_plain=0.297
[colloc 00000] E_weak=22.276846 ESS=0.321 n=2048
[colloc 00042] E_weak=22.346632 ESS=0.327 n=2048
[colloc 00083] E_weak=22.476282 ESS=0.339 n=2048
[seg 2/5] step=159 E_raw=20.35639 (+0.956%) var=7.806e-01 kappa(S)=2.14e+06 rank=1023 cos_sr=1.000 cos_plain=0.269
[colloc 00000] E_weak=22.165630 ESS=0.329 n=2048
[colloc 00088] E_weak=21.986597 ESS=0.337 n=2048
[colloc 00175] E_weak=22.087673 ESS=0.322 n=2048
[seg 3/5] step=335 E_raw=20.41239 (+1.083%) var=1.276e+00 kappa(S)=2.69e+06 rank=1023 cos_sr=1.000 cos_plain=0.254
[colloc 00000] E_weak=21.962190 ESS=0.318 n=2048
[colloc 00187] E_weak=21.642052 ESS=0.325 n=2048
[colloc 00373] E_weak=21.262839 ESS=0.306 n=2048
[seg 4/5] step=709 E_raw=20.66265 (+1.700%) var=1.894e+00 kappa(S)=1.38e+06 rank=1023 cos_sr=1.000 cos_plain=0.225
[colloc 00000] E_weak=21.383836 ESS=0.320 n=2048
[colloc 00395] E_weak=21.421295 ESS=0.324 n=2048
[colloc 00790] E_weak=20.917363 ESS=0.320 n=2048
[seg 5/5] step=1500 E_raw=21.78428 (+1.102%) var=3.469e+00 kappa(S)=6.11e+05 rank=1023 cos_sr=1.000 cos_plain=0.320
[phase] training done in 18.8 min
[phase] summary:
{
  "N": 6,
  "omega": 1.0,
  "arch": "pinn",
  "n_params": 236336,
  "final": {
    "E_mean": 20.287043552449454,
    "E_mean_raw": 21.620731311736918,
    "E_stderr": 0.018687454200925463,
    "var_EL": 2.8374192437285055,
    "n_samples": 8192,
    "frac_clipped": 0.0479736328125,
    "ref_energy": 20.15932,
    "error_pct": 0.6335707377503451,
    "error_sigma": 6.834721898241634
  },
  "energy_raw": 21.620731311736918,
  "error_pct_raw": 7.249308566642709,
  "energy_zv": 19.82802546923024,
  "error_pct_zv": -1.6433814770029957,
  "zv_n_points": 5,
  "spectrum": {
    "lam_max": 44.40871828225968,
    "lam_min_supported": 1.2680653050672806e-05,
    "effective_rank": 8.92049347588813,
    "numerical_rank": 2047,
    "condition_number": 3502084.4829362677,
    "n_params": 236336,
    "n_samples": 2048
  },
  "alignment": {
    "cos_sr": 1.0,
    "cos_plain": 0.16787554599165164,
    "rep_fraction": 1.0,
    "ntk_condition": 3502084.482918625,
    "ntk_eff_rank": 8.920493475888135,
    "ntk_numerical_rank": 2047
  },
  "n_align_samples": 2048
}
