0
[phase] N=20 omega=1.0 arch=pinn  ->  /itf-fi-ml/home/aleksns/Thesis/results/analysis/2026-07-16_scaling/N20_ctnnbf_s1_w1
0
[phase] params=236,336 device=cuda:0 ref_energy=155.8822

=== stage 1/4: Jastrow alone (backflow detached) ===
[adam 00000] E=206.013564 var=2.2030e+02 sig=0.081 acc~0.5 n=128
[adam 00100] E=210.359702 var=1.6823e+02 sig=0.077 acc~0.5 n=128
[adam 00200] E=207.000166 var=1.6300e+02 sig=0.080 acc~0.5 n=128
[adam 00300] E=199.529989 var=1.5446e+02 sig=0.081 acc~0.5 n=128
[adam 00400] E=193.802967 var=1.1660e+02 sig=0.084 acc~0.5 n=128
[adam 00500] E=184.031903 var=9.6564e+01 sig=0.089 acc~0.5 n=128
[adam 00600] E=169.984782 var=4.7322e+01 sig=0.098 acc~0.5 n=128
[adam 00700] E=158.626923 var=8.0769e+00 sig=0.114 acc~0.5 n=128
[adam 00749] E=156.414797 var=3.2929e+00 sig=0.124 acc~0.5 n=128

=== stage 2/4: cusp pre-train SKIPPED (thesis 'bf_then_joint' variant) ===

=== stage 3/4: backflow only (Jastrow frozen) ===
[adam 00000] E=163.166563 var=1.6541e+01 sig=0.123 acc~0.5 n=128 |dx|/ell=0.3894 sat=0.00 com_kill=0.23
[adam 00100] E=156.461938 var=2.5250e+00 sig=0.124 acc~0.5 n=128 |dx|/ell=0.2088 sat=0.00 com_kill=0.34
[adam 00200] E=156.382758 var=1.5918e+00 sig=0.124 acc~0.5 n=128 |dx|/ell=0.2270 sat=0.00 com_kill=0.11
[adam 00300] E=156.063364 var=1.8824e+00 sig=0.125 acc~0.5 n=128 |dx|/ell=0.2507 sat=0.00 com_kill=0.21
[adam 00400] E=156.405419 var=2.4086e+00 sig=0.125 acc~0.5 n=128 |dx|/ell=0.2324 sat=0.00 com_kill=0.30
[adam 00500] E=156.108421 var=1.9577e+00 sig=0.125 acc~0.5 n=128 |dx|/ell=0.2367 sat=0.00 com_kill=0.26
[adam 00600] E=156.284308 var=1.8548e+00 sig=0.125 acc~0.5 n=128 |dx|/ell=0.2291 sat=0.00 com_kill=0.33
[adam 00700] E=156.212514 var=1.9111e+00 sig=0.124 acc~0.5 n=128 |dx|/ell=0.2097 sat=0.00 com_kill=0.39
[adam 00749] E=156.132538 var=1.9258e+00 sig=0.125 acc~0.5 n=128 |dx|/ell=0.2579 sat=0.00 com_kill=0.36

=== stage 4/4: joint (Jastrow released at lr*0.1) ===
[adam 00000] E=156.515294 var=1.9780e+00 sig=0.129 acc~0.5 n=128 |dx|/ell=0.2425 sat=0.00 com_kill=0.34
[adam 00100] E=156.044125 var=1.3381e+00 sig=0.124 acc~0.5 n=128 |dx|/ell=0.2912 sat=0.00 com_kill=0.10
[adam 00200] E=156.056797 var=1.7967e+00 sig=0.124 acc~0.5 n=128 |dx|/ell=0.2945 sat=0.00 com_kill=0.06
[adam 00300] E=156.102259 var=1.1891e+00 sig=0.125 acc~0.5 n=128 |dx|/ell=0.3040 sat=0.00 com_kill=0.09
[adam 00400] E=155.866324 var=1.3898e+00 sig=0.124 acc~0.5 n=128 |dx|/ell=0.2933 sat=0.00 com_kill=0.02
[adam 00500] E=156.031600 var=1.0317e+00 sig=0.126 acc~0.5 n=128 |dx|/ell=0.2560 sat=0.00 com_kill=0.09
[adam 00600] E=155.999597 var=1.2016e+00 sig=0.124 acc~0.5 n=128 |dx|/ell=0.2580 sat=0.00 com_kill=0.08
[adam 00700] E=156.031304 var=1.4627e+00 sig=0.124 acc~0.5 n=128 |dx|/ell=0.2284 sat=0.00 com_kill=0.11
[adam 00800] E=155.886588 var=1.4113e+00 sig=0.124 acc~0.5 n=128 |dx|/ell=0.2347 sat=0.00 com_kill=0.07
[adam 00900] E=155.950197 var=1.3118e+00 sig=0.124 acc~0.5 n=128 |dx|/ell=0.2088 sat=0.00 com_kill=0.12
[adam 00999] E=155.955297 var=1.0135e+00 sig=0.125 acc~0.5 n=128 |dx|/ell=0.2124 sat=0.00 com_kill=0.03
[phase] training done in 150.1 min
Traceback (most recent call last):
  File "/itf-fi-ml/home/aleksns/Thesis/scripts/run_phase_analysis.py", line 553, in <module>
    main()
  File "/itf-fi-ml/home/aleksns/Thesis/scripts/run_phase_analysis.py", line 287, in main
    train_vmc_adam(
  File "/itf-fi-ml/home/aleksns/Thesis/src/analysis/train.py", line 208, in train_vmc_adam
    E_L = local_energy(system.log_psi, x, system.omega, system.params, lap_mode=lap_mode)
          ^^^^^^^^^^^^^^^^^^^^^^^^^^^^^^^^^^^^^^^^^^^^^^^^^^^^^^^^^^^^^^^^^^^^^^^^^^^^^^^
  File "/itf-fi-ml/home/aleksns/Thesis/src/analysis/diagnostics.py", line 170, in local_energy
    E_L, _ = _local_energy_multi(
             ^^^^^^^^^^^^^^^^^^^^
  File "/itf-fi-ml/home/aleksns/Thesis/src/functions/Stochastic_Reconfiguration.py", line 262, in _local_energy_multi
    g = torch.autograd.grad(
        ^^^^^^^^^^^^^^^^^^^^
  File "/storage/software/PyTorch/2.1.2-foss-2023a-CUDA-12.1.1/lib/python3.11/site-packages/torch/autograd/__init__.py", line 394, in grad
    result = Variable._execution_engine.run_backward(  # Calls into the C++ engine to run the backward pass
             ^^^^^^^^^^^^^^^^^^^^^^^^^^^^^^^^^^^^^^^^^^^^^^^^^^^^^^^^^^^^^^^^^^^^^^^^^^^^^^^^^^^^^^^^^^^^^^
torch.cuda.OutOfMemoryError: CUDA out of memory. Tried to allocate 1.17 GiB. GPU 0 has a total capacty of 10.57 GiB of which 1017.06 MiB is free. Including non-PyTorch memory, this process has 9.57 GiB memory in use. Of the allocated memory 9.31 GiB is allocated by PyTorch, and 71.38 MiB is reserved by PyTorch but unallocated. If reserved but unallocated memory is large try setting max_split_size_mb to avoid fragmentation.  See documentation for Memory Management and PYTORCH_CUDA_ALLOC_CONF
