0
[phase] N=20 omega=1.0 arch=pinn  ->  /itf-fi-ml/home/aleksns/Thesis/results/analysis/2026-07-16_scaling/N20_ctnnbf_s1_w1
0
[phase] params=236,336 device=cuda:0 ref_energy=155.8822

=== stage 1/4: Jastrow alone (backflow detached) ===
[adam 00000] E=205.838371 var=2.0140e+02 sig=0.080 acc~0.5 n=256
[adam 00100] E=210.298608 var=2.1037e+02 sig=0.077 acc~0.5 n=256
[adam 00200] E=206.648519 var=2.0714e+02 sig=0.078 acc~0.5 n=256
[adam 00300] E=201.361581 var=1.7190e+02 sig=0.080 acc~0.5 n=256
[adam 00400] E=194.062232 var=1.2932e+02 sig=0.084 acc~0.5 n=256
[adam 00500] E=182.740132 var=7.4148e+01 sig=0.089 acc~0.5 n=256
[adam 00600] E=170.280913 var=4.2093e+01 sig=0.100 acc~0.5 n=256
[adam 00700] E=157.935796 var=5.5352e+00 sig=0.118 acc~0.5 n=256
[adam 00749] E=156.710923 var=2.8761e+00 sig=0.125 acc~0.5 n=256

=== stage 2/4: cusp pre-train SKIPPED (thesis 'bf_then_joint' variant) ===

=== stage 3/4: backflow only (Jastrow frozen) ===
[adam 00000] E=163.401617 var=1.5842e+01 sig=0.122 acc~0.5 n=256 |dx|/ell=0.3935 sat=0.00 com_kill=0.24
[adam 00100] E=156.457481 var=3.0919e+00 sig=0.126 acc~0.5 n=256 |dx|/ell=0.0549 sat=0.05 com_kill=0.94
[adam 00200] E=156.207607 var=2.1350e+00 sig=0.124 acc~0.5 n=256 |dx|/ell=0.0803 sat=0.00 com_kill=0.90
[adam 00300] E=156.285054 var=1.8649e+00 sig=0.125 acc~0.5 n=256 |dx|/ell=0.0987 sat=0.00 com_kill=0.88
[adam 00400] E=156.198251 var=1.6647e+00 sig=0.124 acc~0.5 n=256 |dx|/ell=0.0993 sat=0.00 com_kill=0.87
[adam 00500] E=156.138599 var=1.6523e+00 sig=0.124 acc~0.5 n=256 |dx|/ell=0.0779 sat=0.00 com_kill=0.90
[adam 00600] E=156.164128 var=1.3570e+00 sig=0.123 acc~0.5 n=256 |dx|/ell=0.0559 sat=0.00 com_kill=0.93
[adam 00700] E=156.008183 var=1.3445e+00 sig=0.124 acc~0.5 n=256 |dx|/ell=0.0798 sat=0.00 com_kill=0.89
[adam 00749] E=155.956194 var=1.2073e+00 sig=0.126 acc~0.5 n=256 |dx|/ell=0.0879 sat=0.00 com_kill=0.89

=== stage 4/4: joint (Jastrow released at lr*0.1) ===
[adam 00000] E=156.105765 var=1.3805e+00 sig=0.126 acc~0.5 n=256 |dx|/ell=0.0771 sat=0.00 com_kill=0.89
[adam 00100] E=156.003667 var=1.0499e+00 sig=0.123 acc~0.5 n=256 |dx|/ell=0.0989 sat=0.00 com_kill=0.86
[adam 00200] E=156.010634 var=7.6674e-01 sig=0.124 acc~0.5 n=256 |dx|/ell=0.0748 sat=0.00 com_kill=0.89
[adam 00300] E=156.063600 var=1.1962e+00 sig=0.124 acc~0.5 n=256 |dx|/ell=0.0840 sat=0.00 com_kill=0.88
[adam 00400] E=155.995980 var=1.1655e+00 sig=0.124 acc~0.5 n=256 |dx|/ell=0.0675 sat=0.00 com_kill=0.91
[adam 00500] E=156.047648 var=1.1671e+00 sig=0.123 acc~0.5 n=256 |dx|/ell=0.0494 sat=0.00 com_kill=0.93
[adam 00600] E=155.956524 var=1.1270e+00 sig=0.123 acc~0.5 n=256 |dx|/ell=0.0478 sat=0.00 com_kill=0.94
[adam 00700] E=155.983356 var=1.1592e+00 sig=0.124 acc~0.5 n=256 |dx|/ell=0.0444 sat=0.00 com_kill=0.94
[adam 00800] E=156.082599 var=1.2174e+00 sig=0.124 acc~0.5 n=256 |dx|/ell=0.0444 sat=0.00 com_kill=0.94
[adam 00900] E=155.997713 var=8.2511e-01 sig=0.124 acc~0.5 n=256 |dx|/ell=0.0430 sat=0.00 com_kill=0.94
[adam 00999] E=155.971780 var=1.0534e+00 sig=0.124 acc~0.5 n=256 |dx|/ell=0.0574 sat=0.00 com_kill=0.92
[phase] training done in 294.6 min
Traceback (most recent call last):
  File "/itf-fi-ml/home/aleksns/Thesis/scripts/run_phase_analysis.py", line 553, in <module>
    main()
  File "/itf-fi-ml/home/aleksns/Thesis/scripts/run_phase_analysis.py", line 287, in main
    train_vmc_adam(
  File "/itf-fi-ml/home/aleksns/Thesis/src/analysis/train.py", line 208, in train_vmc_adam
    E_L = local_energy(system.log_psi, x, system.omega, system.params, lap_mode=lap_mode)
          ^^^^^^^^^^^^^^^^^^^^^^^^^^^^^^^^^^^^^^^^^^^^^^^^^^^^^^^^^^^^^^^^^^^^^^^^^^^^^^^
  File "/itf-fi-ml/home/aleksns/Thesis/src/analysis/diagnostics.py", line 170, in local_energy
    E_L, _ = _local_energy_multi(
             ^^^^^^^^^^^^^^^^^^^^
  File "/itf-fi-ml/home/aleksns/Thesis/src/functions/Stochastic_Reconfiguration.py", line 262, in _local_energy_multi
    g = torch.autograd.grad(
        ^^^^^^^^^^^^^^^^^^^^
  File "/storage/software/PyTorch/2.1.2-foss-2023a-CUDA-12.1.1/lib/python3.11/site-packages/torch/autograd/__init__.py", line 394, in grad
    result = Variable._execution_engine.run_backward(  # Calls into the C++ engine to run the backward pass
             ^^^^^^^^^^^^^^^^^^^^^^^^^^^^^^^^^^^^^^^^^^^^^^^^^^^^^^^^^^^^^^^^^^^^^^^^^^^^^^^^^^^^^^^^^^^^^^
torch.cuda.OutOfMemoryError: CUDA out of memory. Tried to allocate 1.17 GiB. GPU 0 has a total capacty of 10.57 GiB of which 1017.06 MiB is free. Including non-PyTorch memory, this process has 9.57 GiB memory in use. Of the allocated memory 9.31 GiB is allocated by PyTorch, and 71.38 MiB is reserved by PyTorch but unallocated. If reserved but unallocated memory is large try setting max_split_size_mb to avoid fragmentation.  See documentation for Memory Management and PYTORCH_CUDA_ALLOC_CONF
