0
[phase] N=6 omega=1.0 arch=pinn  ->  results/analysis/2026-07-04_pinn_ansatz/pinn_convbf_s0_w1p0
0
[phase] params=67,248 device=cuda:0 ref_energy=20.15932
[adam 00000] E=23.211328 var=9.1547e+00 sig=0.223 acc~0.5 n=2048
[adam 00031] E=20.363528 var=7.1756e-01 sig=0.273 acc~0.5 n=2048
[adam 00061] E=20.236640 var=2.2612e-01 sig=0.278 acc~0.5 n=2048
[seg 1/4] step=62 E_raw=20.20690 (+0.239%) var=3.077e-01 kappa(S)=9.75e+11 rank=307 cos_sr=0.700 cos_plain=0.061
[adam 00000] E=20.237023 var=2.3915e-01 sig=0.278 acc~0.5 n=2048
[adam 00047] E=20.212964 var=2.2407e-01 sig=0.278 acc~0.5 n=2048
[adam 00094] E=20.197980 var=2.1284e-01 sig=0.277 acc~0.5 n=2048
[seg 2/4] step=157 E_raw=20.21046 (+0.263%) var=2.204e-01 kappa(S)=9.96e+11 rank=307 cos_sr=0.593 cos_plain=0.052
[adam 00000] E=20.214817 var=1.9536e-01 sig=0.277 acc~0.5 n=2048
[adam 00119] E=20.220754 var=2.1054e-01 sig=0.277 acc~0.5 n=2048
[adam 00238] E=20.217100 var=1.9308e-01 sig=0.277 acc~0.5 n=2048
[seg 3/4] step=396 E_raw=20.17242 (+0.074%) var=2.260e-01 kappa(S)=9.83e+11 rank=478 cos_sr=0.624 cos_plain=0.093
[adam 00000] E=20.213947 var=1.8291e-01 sig=0.278 acc~0.5 n=2048
[adam 00302] E=20.218441 var=1.8430e-01 sig=0.277 acc~0.5 n=2048
[adam 00603] E=20.222637 var=1.6875e-01 sig=0.276 acc~0.5 n=2048
[seg 4/4] step=1000 E_raw=20.21716 (+0.291%) var=1.767e-01 kappa(S)=9.98e+11 rank=714 cos_sr=0.734 cos_plain=0.061
[phase] training done in 14.9 min
[adam 00000] E=20.196647 var=1.8317e-01 sig=0.280 acc~0.5 n=4096
[adam 00050] E=20.214294 var=1.7082e-01 sig=0.277 acc~0.5 n=4096
[adam 00100] E=20.207843 var=1.7466e-01 sig=0.277 acc~0.5 n=4096
[adam 00150] E=20.212362 var=1.7395e-01 sig=0.277 acc~0.5 n=4096
[adam 00199] E=20.212539 var=1.8126e-01 sig=0.278 acc~0.5 n=4096
[sr 0000] E=20.214630 (+0.274%) var=1.979e-01 |dθ|=1.00e-02 |g|=1.48e-01 damp=1.0e-03 lr=2.00e-01
[sr 0040] E=20.200502 (+0.204%) var=2.003e-01 |dθ|=5.88e-03 |g|=6.55e-02 damp=7.9e-04 lr=1.48e-01
[sr 0080] E=20.206951 (+0.236%) var=2.191e-01 |dθ|=3.46e-03 |g|=1.06e-01 damp=6.3e-04 lr=1.10e-01
[sr 0120] E=20.202624 (+0.215%) var=1.969e-01 |dθ|=2.03e-03 |g|=6.60e-02 damp=5.0e-04 lr=8.12e-02
[sr 0160] E=20.218269 (+0.292%) var=1.985e-01 |dθ|=1.19e-03 |g|=2.89e-02 damp=4.0e-04 lr=6.02e-02
[sr 0200] E=20.213300 (+0.268%) var=1.950e-01 |dθ|=7.02e-04 |g|=7.73e-02 damp=3.2e-04 lr=4.46e-02
[sr 0240] E=20.206315 (+0.233%) var=2.108e-01 |dθ|=4.13e-04 |g|=8.47e-02 damp=2.5e-04 lr=3.30e-02
[sr 0280] E=20.215878 (+0.281%) var=1.909e-01 |dθ|=2.43e-04 |g|=3.33e-02 damp=2.0e-04 lr=2.44e-02
[sr 0320] E=20.207736 (+0.240%) var=2.128e-01 |dθ|=1.43e-04 |g|=7.63e-02 damp=1.6e-04 lr=1.81e-02
[sr 0360] E=20.199972 (+0.202%) var=2.016e-01 |dθ|=8.39e-05 |g|=5.68e-02 damp=1.3e-04 lr=1.34e-02
[sr 0399] E=20.192615 (+0.165%) var=1.922e-01 |dθ|=5.00e-05 |g|=9.54e-02 damp=1.0e-04 lr=1.00e-02
[phase] summary:
{
  "N": 6,
  "omega": 1.0,
  "arch": "pinn",
  "n_params": 67248,
  "final": {
    "E_mean": 20.199734153377953,
    "E_mean_raw": 20.19803596138494,
    "E_stderr": 0.004277288692990261,
    "var_EL": 0.19321531654092103,
    "n_samples": 8192,
    "frac_clipped": 0.003662109375,
    "ref_energy": 20.15932,
    "error_pct": 0.2004737926574522,
    "error_sigma": 9.448544692385182
  },
  "energy_raw": 20.19803596138494,
  "error_pct_raw": 0.19204993712554644,
  "energy_zv": 20.206954819179664,
  "error_pct_zv": 0.2362917954557156,
  "zv_n_points": 5,
  "spectrum": {
    "lam_max": 7.20497687436506,
    "lam_min_supported": 7.301282637966048e-12,
    "effective_rank": 1.882260259576872,
    "numerical_rank": 910,
    "condition_number": 986809747221.6449,
    "n_params": 67248,
    "n_samples": 2048
  },
  "alignment": {
    "cos_sr": 0.5913005433040467,
    "cos_plain": 0.038356208479281645,
    "rep_fraction": 0.5913005433040467,
    "ntk_condition": 9970168195.078611,
    "ntk_eff_rank": 1.882260240489516,
    "ntk_numerical_rank": 556
  },
  "n_align_samples": 2048
}
