0
[phase] N=12 omega=0.28 arch=pinn  ->  /itf-fi-ml/home/aleksns/Thesis/results/analysis/2026-07-16_scaling/N12_convbf_s1_w0p28
0
[phase] warm-started from /itf-fi-ml/home/aleksns/Thesis/results/analysis/2026-07-16_scaling/N12_convbf_s1_w0p5/checkpoint.pt (omega 0.5 -> 0.28)
[phase] params=105,136 device=cuda:0 ref_energy=25.63577
[adam 00000] E=26.115390 var=4.7044e-01 sig=0.325 acc~0.5 n=1024 |dx|/ell=0.0742
[adam 00093] E=25.677597 var=6.7616e-02 sig=0.341 acc~0.5 n=1024 |dx|/ell=0.1041
[adam 00186] E=25.666940 var=6.7921e-02 sig=0.341 acc~0.5 n=1024 |dx|/ell=0.0995
[seg 1/4] step=187 E_raw=25.68342 (+0.186%) var=6.581e-02 kappa(S)=5.07e+06 rank=511 cos_sr=1.000 cos_plain=0.113
[adam 00000] E=25.695283 var=6.9126e-02 sig=0.350 acc~0.5 n=1024 |dx|/ell=0.1674
[adam 00142] E=25.674272 var=5.8085e-02 sig=0.341 acc~0.5 n=1024 |dx|/ell=0.0905
[adam 00284] E=25.674102 var=5.3946e-02 sig=0.340 acc~0.5 n=1024 |dx|/ell=0.0994
[seg 2/4] step=472 E_raw=25.66769 (+0.131%) var=5.513e-02 kappa(S)=3.07e+06 rank=511 cos_sr=1.000 cos_plain=0.105
[adam 00000] E=25.655980 var=5.3060e-02 sig=0.347 acc~0.5 n=1024 |dx|/ell=0.1252
[adam 00358] E=25.671889 var=5.8320e-02 sig=0.340 acc~0.5 n=1024 |dx|/ell=0.1106
[adam 00716] E=25.678471 var=5.1121e-02 sig=0.342 acc~0.5 n=1024 |dx|/ell=0.1096
[seg 3/4] step=1189 E_raw=25.66201 (+0.104%) var=5.221e-02 kappa(S)=1.16e+06 rank=511 cos_sr=1.000 cos_plain=0.153
[adam 00000] E=25.660431 var=4.7625e-02 sig=0.348 acc~0.5 n=1024 |dx|/ell=0.1193
[adam 00905] E=25.678774 var=4.5487e-02 sig=0.339 acc~0.5 n=1024 |dx|/ell=0.1202
[adam 01810] E=25.653937 var=5.0464e-02 sig=0.340 acc~0.5 n=1024 |dx|/ell=0.1180
[seg 4/4] step=3000 E_raw=25.66595 (+0.117%) var=6.262e-02 kappa(S)=5.68e+05 rank=511 cos_sr=1.000 cos_plain=0.177
[phase] training done in 154.2 min
[adam 00000] E=25.661925 var=4.9578e-02 sig=0.345 acc~0.5 n=4096 |dx|/ell=0.1176
[adam 00125] E=25.662855 var=4.6445e-02 sig=0.341 acc~0.5 n=4096 |dx|/ell=0.1245
[adam 00250] E=25.655976 var=5.0250e-02 sig=0.341 acc~0.5 n=4096 |dx|/ell=0.1246
[adam 00375] E=25.662000 var=4.9119e-02 sig=0.340 acc~0.5 n=4096 |dx|/ell=0.1256
[adam 00499] E=25.658370 var=4.7977e-02 sig=0.341 acc~0.5 n=4096 |dx|/ell=0.1266
[sr 0000] E=25.662084 (+0.103%) var=5.357e-02 |dθ|=1.00e-02 |g|=2.57e-01 damp=1.0e-03 lr=2.00e-01 |dx|/ell=0.1263
[sr 0050] E=25.669472 (+0.131%) var=5.427e-02 |dθ|=5.88e-03 |g|=1.57e-01 damp=7.9e-04 lr=1.48e-01 |dx|/ell=0.1271
[sr 0100] E=25.657831 (+0.086%) var=5.192e-02 |dθ|=3.46e-03 |g|=1.98e-01 damp=6.3e-04 lr=1.10e-01 |dx|/ell=0.1281
[sr 0150] E=25.658751 (+0.090%) var=5.089e-02 |dθ|=2.03e-03 |g|=3.53e-01 damp=5.0e-04 lr=8.13e-02 |dx|/ell=0.1278
[sr 0200] E=25.662369 (+0.104%) var=5.090e-02 |dθ|=1.20e-03 |g|=2.58e-01 damp=4.0e-04 lr=6.02e-02 |dx|/ell=0.1280
[sr 0250] E=25.665032 (+0.114%) var=5.065e-02 |dθ|=7.03e-04 |g|=1.56e-01 damp=3.2e-04 lr=4.46e-02 |dx|/ell=0.1304
[sr 0300] E=25.651327 (+0.061%) var=5.225e-02 |dθ|=4.14e-04 |g|=2.97e-01 damp=2.5e-04 lr=3.30e-02 |dx|/ell=0.1301
[sr 0350] E=25.671614 (+0.140%) var=5.258e-02 |dθ|=2.43e-04 |g|=2.40e-01 damp=2.0e-04 lr=2.45e-02 |dx|/ell=0.1302
[sr 0400] E=25.667394 (+0.123%) var=4.624e-02 |dθ|=1.43e-04 |g|=1.47e-01 damp=1.6e-04 lr=1.81e-02 |dx|/ell=0.1290
[sr 0450] E=25.659242 (+0.092%) var=5.446e-02 |dθ|=8.41e-05 |g|=2.27e-01 damp=1.3e-04 lr=1.34e-02 |dx|/ell=0.1297
[sr 0499] E=25.667485 (+0.124%) var=4.794e-02 |dθ|=5.00e-05 |g|=2.00e-01 damp=1.0e-04 lr=1.00e-02 |dx|/ell=0.1256
[phase] summary:
{
  "N": 12,
  "omega": 0.28,
  "arch": "pinn",
  "n_params": 105136,
  "final": {
    "E_mean": 25.66171055610132,
    "E_mean_raw": 25.66181956256285,
    "E_stderr": 0.0031671574304470316,
    "var_EL": 0.04925466739962929,
    "n_samples": 4096,
    "frac_clipped": 0.003173828125,
    "ref_energy": 25.63577,
    "error_pct": 0.10118890948591823,
    "error_sigma": 8.190485212999587
  },
  "energy_raw": 25.66181956256285,
  "error_pct_raw": 0.10161412184166915,
  "energy_zv": 25.609445026184574,
  "error_pct_zv": -0.10268844593092853,
  "zv_n_points": 5,
  "spectrum": {
    "lam_max": 221.44851971651522,
    "lam_min_supported": 5.5597758387759516e-05,
    "effective_rank": 6.637301844610297,
    "numerical_rank": 1023,
    "condition_number": 3983047.6288639302,
    "n_params": 105136,
    "n_samples": 1024
  },
  "alignment": {
    "cos_sr": 0.9999999999999997,
    "cos_plain": 0.1161185727410105,
    "rep_fraction": 0.9999999999999997,
    "ntk_condition": 3983047.628490418,
    "ntk_eff_rank": 6.637301844610293,
    "ntk_numerical_rank": 1023
  },
  "n_align_samples": 1024
}
