0
[phase] N=2 omega=1.0 arch=pinn  ->  /itf-fi-ml/home/aleksns/Thesis/results/analysis/2026-08-05_paradigm_optimizer/base_N2_s1_w1
0
[phase] params=236,336 device=cuda:0 ref_energy=3.0
[adam 00000] E=3.432688 var=1.4033e+00 sig=0.483 acc~0.5 n=2048 |dx|/ell=0.1441 sat=0.00 com_kill=0.56
[adam 00031] E=3.010756 var=9.2262e-02 sig=0.571 acc~0.5 n=2048 |dx|/ell=0.5212 sat=0.05 com_kill=0.18
[adam 00061] E=2.991555 var=1.3157e-02 sig=0.577 acc~0.5 n=2048 |dx|/ell=0.5202 sat=0.03 com_kill=0.16
[seg 1/12] step=62 E_raw=3.00351 (+0.005%) var=1.939e-02 kappa(S)=9.87e+11 rank=723 cos_sr=0.999 cos_plain=0.370
[adam 00000] E=2.993517 var=1.3674e-02 sig=0.570 acc~0.5 n=2048 |dx|/ell=0.5581 sat=0.04 com_kill=0.13
[adam 00013] E=3.000319 var=8.2512e-03 sig=0.578 acc~0.5 n=2048 |dx|/ell=0.4979 sat=0.02 com_kill=0.17
[adam 00025] E=3.002606 var=3.7240e-03 sig=0.579 acc~0.5 n=2048 |dx|/ell=0.4830 sat=0.02 com_kill=0.18
[seg 2/12] step=88 E_raw=2.99721 (+0.152%) var=4.755e-03 kappa(S)=9.84e+11 rank=698 cos_sr=1.000 cos_plain=0.219
[adam 00000] E=3.004705 var=3.6742e-03 sig=0.573 acc~0.5 n=2048 |dx|/ell=0.4584 sat=0.03 com_kill=0.24
[adam 00019] E=3.011439 var=4.0164e-03 sig=0.576 acc~0.5 n=2048 |dx|/ell=0.4690 sat=0.00 com_kill=0.13
[adam 00037] E=3.010089 var=2.2718e-03 sig=0.577 acc~0.5 n=2048 |dx|/ell=0.4660 sat=0.00 com_kill=0.15
[seg 3/12] step=126 E_raw=3.00201 (+0.333%) var=3.380e-03 kappa(S)=9.99e+11 rank=698 cos_sr=1.000 cos_plain=0.194
[adam 00000] E=3.008152 var=2.1983e-03 sig=0.576 acc~0.5 n=2048 |dx|/ell=0.4506 sat=0.00 com_kill=0.19
[adam 00026] E=3.008742 var=1.5534e-03 sig=0.580 acc~0.5 n=2048 |dx|/ell=0.4492 sat=0.00 com_kill=0.14
[adam 00052] E=3.006127 var=7.7506e-04 sig=0.576 acc~0.5 n=2048 |dx|/ell=0.4401 sat=0.00 com_kill=0.15
[seg 4/12] step=179 E_raw=3.00316 (+0.272%) var=1.007e-03 kappa(S)=9.99e+11 rank=721 cos_sr=1.000 cos_plain=0.159
[adam 00000] E=3.005796 var=8.0376e-04 sig=0.573 acc~0.5 n=2048 |dx|/ell=0.4204 sat=0.00 com_kill=0.19
[adam 00037] E=3.003264 var=6.6933e-04 sig=0.578 acc~0.5 n=2048 |dx|/ell=0.4395 sat=0.00 com_kill=0.12
[adam 00074] E=3.000852 var=4.1683e-04 sig=0.578 acc~0.5 n=2048 |dx|/ell=0.4326 sat=0.00 com_kill=0.12
[seg 5/12] step=254 E_raw=2.99919 (-0.010%) var=5.372e-04 kappa(S)=9.76e+11 rank=738 cos_sr=1.000 cos_plain=0.124
[adam 00000] E=2.999930 var=3.5717e-04 sig=0.575 acc~0.5 n=2048 |dx|/ell=0.3975 sat=0.00 com_kill=0.15
[adam 00054] E=3.000192 var=3.1066e-04 sig=0.579 acc~0.5 n=2048 |dx|/ell=0.4264 sat=0.00 com_kill=0.15
[adam 00107] E=2.999960 var=1.5239e-04 sig=0.579 acc~0.5 n=2048 |dx|/ell=0.4282 sat=0.00 com_kill=0.16
[seg 6/12] step=362 E_raw=3.00220 (+0.001%) var=1.992e-04 kappa(S)=9.96e+11 rank=720 cos_sr=1.000 cos_plain=0.139
[adam 00000] E=2.999481 var=1.6173e-04 sig=0.572 acc~0.5 n=2048 |dx|/ell=0.4514 sat=0.00 com_kill=0.10
[adam 00076] E=2.999277 var=1.5894e-04 sig=0.579 acc~0.5 n=2048 |dx|/ell=0.4320 sat=0.00 com_kill=0.11
[adam 00151] E=2.999091 var=1.0430e-04 sig=0.577 acc~0.5 n=2048 |dx|/ell=0.4269 sat=0.00 com_kill=0.12
[seg 7/12] step=514 E_raw=3.00088 (-0.030%) var=1.212e-04 kappa(S)=9.98e+11 rank=724 cos_sr=1.000 cos_plain=0.130
[adam 00000] E=2.999393 var=9.9003e-05 sig=0.574 acc~0.5 n=2048 |dx|/ell=0.4150 sat=0.00 com_kill=0.13
[adam 00109] E=2.999568 var=6.0444e-05 sig=0.579 acc~0.5 n=2048 |dx|/ell=0.4400 sat=0.00 com_kill=0.13
[adam 00217] E=2.999345 var=4.1887e-05 sig=0.579 acc~0.5 n=2048 |dx|/ell=0.4276 sat=0.00 com_kill=0.14
[seg 8/12] step=732 E_raw=2.99916 (-0.020%) var=5.641e-05 kappa(S)=9.95e+11 rank=740 cos_sr=0.997 cos_plain=0.133
[adam 00000] E=2.999288 var=4.5040e-05 sig=0.578 acc~0.5 n=2048 |dx|/ell=0.4274 sat=0.00 com_kill=0.18
[adam 00154] E=2.999507 var=3.8141e-05 sig=0.579 acc~0.5 n=2048 |dx|/ell=0.4245 sat=0.00 com_kill=0.13
[adam 00308] E=2.999721 var=2.6790e-05 sig=0.577 acc~0.5 n=2048 |dx|/ell=0.4349 sat=0.00 com_kill=0.14
[seg 9/12] step=1041 E_raw=2.99978 (-0.014%) var=4.344e-05 kappa(S)=9.82e+11 rank=732 cos_sr=0.998 cos_plain=0.085
[adam 00000] E=2.999803 var=2.7447e-05 sig=0.574 acc~0.5 n=2048 |dx|/ell=0.4027 sat=0.00 com_kill=0.17
[adam 00220] E=2.999930 var=2.7358e-05 sig=0.580 acc~0.5 n=2048 |dx|/ell=0.4311 sat=0.00 com_kill=0.15
[adam 00440] E=3.000243 var=1.7298e-05 sig=0.578 acc~0.5 n=2048 |dx|/ell=0.4389 sat=0.00 com_kill=0.16
[seg 10/12] step=1482 E_raw=3.00035 (+0.008%) var=2.913e-05 kappa(S)=9.99e+11 rank=728 cos_sr=0.997 cos_plain=0.098
[adam 00000] E=2.999995 var=2.1711e-05 sig=0.574 acc~0.5 n=2048 |dx|/ell=0.4051 sat=0.00 com_kill=0.22
[adam 00313] E=3.000224 var=1.8968e-05 sig=0.577 acc~0.5 n=2048 |dx|/ell=0.4382 sat=0.00 com_kill=0.13
[adam 00625] E=3.000251 var=1.2642e-05 sig=0.578 acc~0.5 n=2048 |dx|/ell=0.4267 sat=0.00 com_kill=0.13
[seg 11/12] step=2108 E_raw=2.99973 (-0.005%) var=2.470e-05 kappa(S)=9.92e+11 rank=725 cos_sr=0.992 cos_plain=0.208
[adam 00000] E=3.000144 var=1.8004e-05 sig=0.574 acc~0.5 n=2048 |dx|/ell=0.4574 sat=0.00 com_kill=0.13
[adam 00446] E=3.000208 var=1.3501e-05 sig=0.579 acc~0.5 n=2048 |dx|/ell=0.4392 sat=0.00 com_kill=0.15
[adam 00891] E=3.000030 var=7.7890e-06 sig=0.577 acc~0.5 n=2048 |dx|/ell=0.4337 sat=0.00 com_kill=0.14
[seg 12/12] step=3000 E_raw=2.99965 (+0.002%) var=1.299e-05 kappa(S)=9.70e+11 rank=731 cos_sr=0.997 cos_plain=0.205
[phase] training done in 50.1 min
[adam 00000] E=3.000166 var=1.0614e-05 sig=0.575 acc~0.5 n=4096 |dx|/ell=0.4336 sat=0.00 com_kill=0.15
[adam 00125] E=3.000072 var=7.3301e-06 sig=0.577 acc~0.5 n=4096 |dx|/ell=0.4344 sat=0.00 com_kill=0.14
[adam 00250] E=3.000121 var=6.6517e-06 sig=0.577 acc~0.5 n=4096 |dx|/ell=0.4335 sat=0.00 com_kill=0.14
[adam 00375] E=3.000042 var=6.4487e-06 sig=0.579 acc~0.5 n=4096 |dx|/ell=0.4429 sat=0.00 com_kill=0.14
[adam 00499] E=3.000208 var=6.3763e-06 sig=0.579 acc~0.5 n=4096 |dx|/ell=0.4244 sat=0.00 com_kill=0.15
[phase] summary:
{
  "N": 2,
  "omega": 1.0,
  "arch": "pinn",
  "n_params": 236336,
  "final": {
    "E_mean": 3.0001242230665706,
    "E_mean_raw": 2.9999941201870595,
    "E_stderr": 2.962543845576431e-05,
    "var_EL": 7.864249695891369e-06,
    "n_samples": 8192,
    "frac_clipped": 0.03076171875,
    "ref_energy": 3.0,
    "error_pct": 0.004140768885685375,
    "error_sigma": 4.193121622690813
  },
  "energy_raw": 2.9999941201870595,
  "error_pct_raw": -0.00019599376468448781,
  "energy_zv": 3.000110071640571,
  "error_pct_zv": 0.0036690546857028514,
  "zv_n_points": 6,
  "spectrum": {
    "lam_max": 2.972412443381552,
    "lam_min_supported": 3.0086169791432916e-12,
    "effective_rank": 3.6575375428923143,
    "numerical_rank": 947,
    "condition_number": 987966385880.0502,
    "n_params": 236336,
    "n_samples": 2048
  },
  "alignment": {
    "cos_sr": 0.9873828225894211,
    "cos_plain": 0.08514136508330594,
    "rep_fraction": 0.9873828225894211,
    "ntk_condition": 9973113199.248579,
    "ntk_eff_rank": 3.6575375191138035,
    "ntk_numerical_rank": 573
  },
  "n_align_samples": 2048,
  "exact": {
    "energy": 2.999999983284695,
    "cusp_slope": 0.9990630204195662,
    "overlap_sq": 0.9999999084291471
  }
}
